07-23 14:25:55.719   460   460 I AconfigPackage: android.net.http is mapped to com.android.tethering
07-23 14:25:55.719   460   460 I AconfigPackage: com.android.net.thread.flags is mapped to com.android.tethering
07-23 14:25:55.719   460   460 I AconfigPackage: com.android.system.virtualmachine.flags is mapped to com.android.virt
07-23 14:25:55.720   460   460 E FeatureFlagsImplExport: android.os.flagging.AconfigStorageReadException: ERROR_PACKAGE_NOT_FOUND: package android.xr cannot be found on the device
07-23 14:25:55.795   460   460 D nativeloader: Load libjavacrypto.so using APEX ns com_android_conscrypt for caller /apex/com.android.conscrypt/javalib/conscrypt.jar: ok
07-23 14:25:55.822   460   460 I Typeface: Preloading /system/fonts/Roboto-Regular.ttf
07-23 14:25:55.832   460   460 I Typeface: Preloading /system/fonts/RobotoStatic-Regular.ttf
07-23 14:25:55.832   460   460 I SystemFonts: Loading font config from /system/etc/fonts.xml
07-23 14:25:55.848   600   600 I bootstat: Service started: /system/bin/bootstat --set_system_boot_reason 
07-23 14:25:55.849   600   600 I bootstat: Canonical boot reason: reboot
07-23 14:25:55.849   600   600 I bootstat: Canonical boot reason: reboot
07-23 14:25:55.857   600   600 E bootstat: Failed to read /metadata/bootstat/persist.sys.boot.reason: No such file or directory
07-23 14:25:55.859   600   600 I bootstat: Value of persist.sys.boot.reason : 
07-23 14:25:55.859   600   600 I bootstat: Normalized last reboot reason : reboot
07-23 14:25:55.861   600   600 E bootstat: Failed to unlink /metadata/bootstat/persist.sys.boot.reason: No such file or directory
07-23 14:25:55.879   602   602 W drmserver: Thread Pool max thread count is 0. Cannot cache binder as linkToDeath cannot be implemented. serviceName: drm.drmManager
07-23 14:25:55.896   605   605 I perfetto:           probes.cc:103 Starting /system/bin/traced_probes service
07-23 14:25:55.897   460   460 E ActivityRecognitionHardware: activity_recognition HAL is deprecated. class_init is effectively a no-op
07-23 14:25:55.899   605   605 I perfetto:  probes_producer.cc:386 Disconnected from tracing service
07-23 14:25:55.913   607   607 W perfetto:          service.cc:249 Started traced, listening on /dev/socket/traced_producer /dev/socket/traced_consumer
07-23 14:25:55.916     1     1 W init    : type=1400 audit(0.0:5): avc:  denied  { getattr } for  path="/system/bin/logcat" dev="dm-5" ino=8057349 scontext=u:r:init:s0 tcontext=u:object_r:logcat_exec:s0 tclass=file permissive=0
07-23 14:25:55.936   609   609 E bt_vhci_forwarder: setTerminalRaw failed /dev/bluetooth0: Inappropriate ioctl for device
07-23 14:25:55.980   611   611 I idmap2d : Starting
07-23 14:25:55.982   611   611 W idmap2d : Thread Pool max thread count is 0. Cannot cache binder as linkToDeath cannot be implemented. serviceName: idmap
07-23 14:25:56.007   613   613 I installd: installd firing up
07-23 14:25:56.013   613   613 W installd: Thread Pool max thread count is 0. Cannot cache binder as linkToDeath cannot be implemented. serviceName: installd
07-23 14:25:56.058   614   614 I main_extractorservice: enable media.extractor memory limits
07-23 14:25:56.060   614   614 V MediaUtils: physMem: 3121074176
07-23 14:25:56.060   614   614 V MediaUtils: requested limit: 624214820
07-23 14:25:56.060   621   621 I wificond: wificond is starting up...
07-23 14:25:56.061   614   614 I libc    : malloc_limit: Allocation limit enabled, max size 624214820 bytes
07-23 14:25:56.068   614   614 W mediaextractor: Could not read additional policy file '/vendor/etc/seccomp_policy/mediaextractor.policy'
07-23 14:25:56.068   614   614 W mediaextractor: libminijail[614]: failed to get path of fd 4: No such file or directory
07-23 14:25:56.068   614   614 W mediaextractor: libminijail[614]: allowing syscall: socket
07-23 14:25:56.068   614   614 W mediaextractor: libminijail[614]: allowing syscall: connect
07-23 14:25:56.068   614   614 W mediaextractor: libminijail[614]: allowing syscall: fcntl
07-23 14:25:56.068   614   614 W mediaextractor: libminijail[614]: allowing syscall: writev
07-23 14:25:56.068   614   614 W mediaextractor: libminijail[614]: compile_file: <fd>(48): syscall readlinkat redefined here
07-23 14:25:56.069   614   614 W mediaextractor: libminijail[614]: compile_file: <fd>(43): previous definition here
07-23 14:25:56.069   614   614 W mediaextractor: libminijail[614]: compile_file: <fd>(54): syscall gettid redefined here
07-23 14:25:56.069   614   614 W mediaextractor: libminijail[614]: compile_file: <fd>(51): previous definition here
07-23 14:25:56.070   614   614 W mediaextractor: libminijail[614]: compile_file: /apex/com.android.media/etc/seccomp_policy/crash_dump.x86_64.policy(1): syscall read redefined here
07-23 14:25:56.070   614   614 W mediaextractor: libminijail[614]: compile_file: <fd>(19): previous definition here
07-23 14:25:56.070   614   614 W mediaextractor: libminijail[614]: compile_file: /apex/com.android.media/etc/seccomp_policy/crash_dump.x86_64.policy(2): syscall write redefined here
07-23 14:25:56.070   614   614 W mediaextractor: libminijail[614]: compile_file: <fd>(6): previous definition here
07-23 14:25:56.070   614   614 W mediaextractor: libminijail[614]: compile_file: /apex/com.android.media/etc/seccomp_policy/crash_dump.x86_64.policy(3): syscall exit redefined here
07-23 14:25:56.070   614   614 W mediaextractor: libminijail[614]: compile_file: <fd>(29): previous definition here
07-23 14:25:56.070   614   614 W mediaextractor: libminijail[614]: compile_file: /apex/com.android.media/etc/seccomp_policy/crash_dump.x86_64.policy(4): syscall rt_sigreturn redefined here
07-23 14:25:56.070   614   614 W mediaextractor: libminijail[614]: compile_file: <fd>(31): previous definition here
07-23 14:25:56.070   614   614 W mediaextractor: libminijail[614]: compile_file: /apex/com.android.media/etc/seccomp_policy/crash_dump.x86_64.policy(5): syscall exit_group redefined here
07-23 14:25:56.070   614   614 W mediaextractor: libminijail[614]: compile_file: <fd>(30): previous definition here
07-23 14:25:56.070   614   614 W mediaextractor: libminijail[614]: compile_file: /apex/com.android.media/etc/seccomp_policy/crash_dump.x86_64.policy(6): syscall clock_gettime redefined here
07-23 14:25:56.070   614   614 W mediaextractor: libminijail[614]: compile_file: <fd>(15): previous definition here
07-23 14:25:56.070   614   614 W mediaextractor: libminijail[614]: compile_file: /apex/com.android.media/etc/seccomp_policy/crash_dump.x86_64.policy(8): syscall futex redefined here
07-23 14:25:56.070   614   614 W mediaextractor: libminijail[614]: compile_file: <fd>(4): previous definition here
07-23 14:25:56.071   614   614 W mediaextractor: libminijail[614]: compile_file: /apex/com.android.media/etc/seccomp_policy/crash_dump.x86_64.policy(9): syscall getrandom redefined here
07-23 14:25:56.071   614   614 W mediaextractor: libminijail[614]: compile_file: <fd>(36): previous definition here
07-23 14:25:56.071   614   614 W mediaextractor: libminijail[614]: compile_file: /apex/com.android.media/etc/seccomp_policy/crash_dump.x86_64.policy(10): syscall getpid redefined here
07-23 14:25:56.071   614   614 W mediaextractor: libminijail[614]: compile_file: <fd>(53): previous definition here
07-23 14:25:56.071   614   614 W mediaextractor: libminijail[614]: compile_file: /apex/com.android.media/etc/seccomp_policy/crash_dump.x86_64.policy(11): syscall gettid redefined here
07-23 14:25:56.071   614   614 W mediaextractor: libminijail[614]: compile_file: <fd>(51): previous definition here
07-23 14:25:56.071   614   614 W mediaextractor: libminijail[614]: compile_file: /apex/com.android.media/etc/seccomp_policy/crash_dump.x86_64.policy(14): syscall openat redefined here
07-23 14:25:56.071   614   614 W mediaextractor: libminijail[614]: compile_file: <fd>(13): previous definition here
07-23 14:25:56.071   614   614 W mediaextractor: libminijail[614]: compile_file: /apex/com.android.media/etc/seccomp_policy/crash_dump.x86_64.policy(15): syscall dup redefined here
07-23 14:25:56.071   614   614 W mediaextractor: libminijail[614]: compile_file: <fd>(9): previous definition here
07-23 14:25:56.071   614   614 W mediaextractor: libminijail[614]: compile_file: /apex/com.android.media/etc/seccomp_policy/crash_dump.x86_64.policy(16): syscall close redefined here
07-23 14:25:56.072   614   614 W mediaextractor: libminijail[614]: compile_file: <fd>(8): previous definition here
07-23 14:25:56.072   614   614 W mediaextractor: libminijail[614]: compile_file: /apex/com.android.media/etc/seccomp_policy/crash_dump.x86_64.policy(17): syscall lseek redefined here
07-23 14:25:56.072   614   614 W mediaextractor: libminijail[614]: compile_file: <fd>(20): previous definition here
07-23 14:25:56.072   614   614 W mediaextractor: libminijail[614]: compile_file: /apex/com.android.media/etc/seccomp_policy/crash_dump.x86_64.policy(18): syscall getdents64 redefined here
07-23 14:25:56.072   614   614 W mediaextractor: libminijail[614]: compile_file: <fd>(42): previous definition here
07-23 14:25:56.072   614   614 W mediaextractor: libminijail[614]: compile_file: /apex/com.android.media/etc/seccomp_policy/crash_dump.x86_64.policy(19): syscall faccessat redefined here
07-23 14:25:56.072   614   614 W mediaextractor: libminijail[614]: compile_file: <fd>(32): previous definition here
07-23 14:25:56.073   614   614 W mediaextractor: libminijail[614]: compile_file: /apex/com.android.media/etc/seccomp_policy/crash_dump.x86_64.policy(29): syscall prctl redefined here
07-23 14:25:56.077   614   614 W mediaextractor: libminijail[614]: compile_file: <fd>(5): previous definition here
07-23 14:25:56.077   614   614 W mediaextractor: libminijail[614]: compile_file: /apex/com.android.media/etc/seccomp_policy/crash_dump.x86_64.policy(30): syscall madvise redefined here
07-23 14:25:56.077   614   614 W mediaextractor: libminijail[614]: compile_file: <fd>(12): previous definition here
07-23 14:25:56.077   614   614 W mediaextractor: libminijail[614]: compile_file: /apex/com.android.media/etc/seccomp_policy/crash_dump.x86_64.policy(31): syscall mprotect redefined here
07-23 14:25:56.078   614   614 W mediaextractor: libminijail[614]: compile_file: <fd>(18): previous definition here
07-23 14:25:56.080   614   614 W mediaextractor: libminijail[614]: compile_file: /apex/com.android.media/etc/seccomp_policy/crash_dump.x86_64.policy(32): syscall munmap redefined here
07-23 14:25:56.080   614   614 W mediaextractor: libminijail[614]: compile_file: <fd>(10): previous definition here
07-23 14:25:56.080   614   614 W mediaextractor: libminijail[614]: compile_file: /apex/com.android.media/etc/seccomp_policy/crash_dump.x86_64.policy(33): syscall getuid redefined here
07-23 14:25:56.080   614   614 W mediaextractor: libminijail[614]: compile_file: <fd>(22): previous definition here
07-23 14:25:56.080   614   614 W mediaextractor: libminijail[614]: compile_file: /apex/com.android.media/etc/seccomp_policy/crash_dump.x86_64.policy(34): syscall fstat redefined here
07-23 14:25:56.080   614   614 W mediaextractor: libminijail[614]: compile_file: <fd>(25): previous definition here
07-23 14:25:56.081   614   614 W mediaextractor: libminijail[614]: compile_file: /apex/com.android.media/etc/seccomp_policy/crash_dump.x86_64.policy(35): syscall mmap redefined here
07-23 14:25:56.081   614   614 W mediaextractor: libminijail[614]: compile_file: <fd>(11): previous definition here
07-23 14:25:56.082   614   614 W mediaextractor: libminijail[614]: logging seccomp filter failures
07-23 14:25:56.097   624   624 I gatekeeperd: Starting gatekeeperd...
07-23 14:25:56.098   616   616 V MediaUtils: physMem: 3121074176
07-23 14:25:56.098   616   616 V MediaUtils: requested limit: 134217728
07-23 14:25:56.098   616   616 I libc    : malloc_limit: Allocation limit enabled, max size 134217728 bytes
07-23 14:25:56.099   230   230 I hwservicemanager: getTransport: Cannot find entry android.system.wifi.keystore@1.0::IKeystore/default in either framework or device VINTF manifest.
07-23 14:25:56.100   621   621 E HidlServiceManagement: Service android.system.wifi.keystore@1.0::IKeystore/default must be in VINTF manifest in order to register/get.
07-23 14:25:56.100   621   621 I wificond: Did not register wifi keystore HIDL HAL service: -2147483648
07-23 14:25:56.103   460   460 W Zygote  : Class not found for preloading: android.location.flags.FeatureFlags
07-23 14:25:56.106   460   460 W Zygote  : Class not found for preloading: android.location.flags.FeatureFlagsImpl
07-23 14:25:56.106   460   460 W Zygote  : Class not found for preloading: android.location.flags.Flags
07-23 14:25:56.106   605   605 I perfetto:  probes_producer.cc:345 Connected to the service
07-23 14:25:56.112   624   624 W gatekeeperd: Thread Pool max thread count is 0. Cannot cache binder as linkToDeath cannot be implemented. serviceName: android.hardware.gatekeeper.IGatekeeper/default
07-23 14:25:56.116   626   626 I flags_health_check: ServerConfigurableFlagsReset reset_mode value: 0
07-23 14:25:56.116   626   626 I flags_health_check: ServerConfigurableFlagsReset attempted boot count is under threshold, skipping reset.
07-23 14:25:56.116   624   624 W gatekeeperd: Thread Pool max thread count is 0. Cannot cache binder as linkToDeath cannot be implemented. serviceName: android.service.gatekeeper.IGateKeeperService
07-23 14:25:56.126   616   616 D AudioPowerUsage: AudioPowerUsage
07-23 14:25:56.126   616   616 D AudioAnalytics: AudioAnalytics
07-23 14:25:56.126   616   616 D MediaMetricsService: MediaMetricsService
07-23 14:25:56.136   625   625 I usbd    : persistent prop is adb
07-23 14:25:56.151   616   616 W s       : Thread Pool max thread count is 0. Cannot cache binder as linkToDeath cannot be implemented. serviceName: media.metrics
07-23 14:25:56.155   230   230 I hwservicemanager: getTransport: Cannot find entry android.hardware.usb.gadget@1.0::IUsbGadget/default in either framework or device VINTF manifest.
07-23 14:25:56.156   625   625 I usbd    : Usb HAL not found
07-23 14:25:56.191   460   460 D nativeloader: Load libmedia_jni.so using system ns (caller=/system/framework/framework.jar!classes2.dex): ok
07-23 14:25:56.191   460   460 D MtpDeviceJNI: register_android_mtp_MtpDevice
07-23 14:25:56.205   460   460 W Zygote  : Class not found for preloading: android.media.MediaCodecInfo$LazyHolder
07-23 14:25:56.208   620   620 W storaged: Thread Pool max thread count is 0. Cannot cache binder as linkToDeath cannot be implemented. serviceName: android.hardware.health.IHealth/default
07-23 14:25:56.209   460   596 I zygote64: Background concurrent mark compact GC freed 5100KB AllocSpace bytes, 7(152KB) LOS objects, 49% free, 7326KB/14MB, paused 5.725ms,20.406ms total 204.884ms
07-23 14:25:56.215   620   620 I ServiceManagerCppClient: Waiting for service 'package_native' on '/dev/binder'...
07-23 14:25:56.215   460   460 D nativeloader: Load libsoundpool.so using system ns (caller=/system/framework/framework.jar!classes2.dex): ok
07-23 14:25:56.216   619   619 I mediaserver: ServiceManager: 0x72d8016e9c80
07-23 14:25:56.216   619   619 W BatteryNotifier: batterystats service unavailable!
07-23 14:25:56.217   619   619 W mediaserver: Thread Pool max thread count is 0. Cannot cache binder as linkToDeath cannot be implemented. serviceName: media.player
07-23 14:25:56.217   619   619 W BatteryNotifier: batterystats service unavailable!
07-23 14:25:56.217   619   619 W mediaserver: Thread Pool max thread count is 0. Cannot cache binder as linkToDeath cannot be implemented. serviceName: media.resource_manager
07-23 14:25:56.217   619   619 W mediaserver: Thread Pool max thread count is 0. Cannot cache binder as linkToDeath cannot be implemented. serviceName: media.resource_observer
07-23 14:25:56.218   460   460 D nativeloader: Load libaudioeffect_jni.so using system ns (caller=/system/framework/framework.jar!classes2.dex): ok
07-23 14:25:56.225   614   614 I MediaExtractorFactory: plugin directory not present (/system/lib64/extractors)
07-23 14:25:56.225   614   614 I MediaExtractorFactory: plugin directory not present (/system_ext/lib64/extractors)
07-23 14:25:56.226   614   614 W mediaextractor: Thread Pool max thread count is 0. Cannot cache binder as linkToDeath cannot be implemented. serviceName: media.extractor
07-23 14:25:56.226   529   529 I ServiceManagerCppClient: Waiting for service 'media.metrics' on '/dev/binder' successful after waiting 1712ms
07-23 14:25:56.228   616   632 I ServiceManagerCppClient: Waiting for service 'package_native' on '/dev/binder'...
07-23 14:25:56.229   460   460 D nativeloader: Load librtp_jni.so using system ns (caller=/system/framework/voip-common.jar): ok
07-23 14:25:56.229   460   460 I zygote64: Thread[1,tid=460,Native,Thread*=0x72c3658dd380,peer=0x20005a8,"main"] recursive attempt to load library "librtp_jni.so"
07-23 14:25:56.230   460   460 W Zygote  : Class not found for preloading: android.nfc.NfcActivityManager$NfcActivityState
07-23 14:25:56.231   460   460 W Zygote  : Class not found for preloading: android.nfc.NfcActivityManager$NfcApplicationState
07-23 14:25:56.236   529   529 D audioserver: main: AudioFlinger created
07-23 14:25:56.236   529   529 D AudioSystem: onNewServiceWithAdapter: media.audio_flinger service obtained 0x752b214af900
07-23 14:25:56.238   529   529 E AudioFlinger: Function: getAudioPolicyConfig Line: 2618 Failed 
07-23 14:25:56.242   460   460 D nativeloader: Load libvintf_jni.so using system ns (caller=/system/framework/framework.jar!classes3.dex): ok
07-23 14:25:56.253   610   610 I cameraserver: ServiceManager: 0x7feab856f550
07-23 14:25:56.253   610   610 I CameraService: CameraService started (pid=610)
07-23 14:25:56.255   610   610 I CameraService: CameraService process starting
07-23 14:25:56.255   610   610 W BatteryNotifier: batterystats service unavailable!
07-23 14:25:56.255   610   610 W BatteryNotifier: batterystats service unavailable!
07-23 14:25:56.258   529   529 D APM_EngineLoader: Loaded engine from libaudiopolicyenginedefault.so
07-23 14:25:56.258   529   529 D APM::AudioPolicyEngine/Base: loadAudioPolicyEngineConfig: No configuration found, using default matching phone experience.
07-23 14:25:56.261   529   529 W APM::AudioPolicyEngine/Base: processParsingResult: No configuration of AUDIO_STREAM_CALL_ASSISTANT found, using default volume configuration
07-23 14:25:56.261   529   529 E APM::AudioPolicyEngine: Policy Engine configuration is partially invalid, skipped 1 elements
07-23 14:25:56.264   529   529 W DeviceHalHidl: getSoundDoseInterface service android.hardware.audio.sounddose.ISoundDoseFactory/default doesn't exist
07-23 14:25:56.264   529   529 W MelReporter: activateHalSoundDoseComputation: HAL cannot provide sound dose interface for module primary
07-23 14:25:56.264   529   529 W AudioFlinger: loadHwModule() sound dose reporting is not available
07-23 14:25:56.266   610   610 W cameraserver: Thread Pool max thread count is 0. Cannot cache binder as linkToDeath cannot be implemented. serviceName: android.hardware.camera.provider.ICameraProvider/internal/0
07-23 14:25:56.267   610   610 I cameraserver: Connecting to new camera provider: android.hardware.camera.provider.ICameraProvider/internal/0, isRemote? 1
07-23 14:25:56.269   610   610 W BpBinder: Linking to death on android.hardware.camera.provider.ICameraProvider but there are no threads (yet?) listening to incoming transactions. See ProcessState::startThreadPool and ProcessState::setThreadPoolMaxThreadCount. Generally you should setup the binder threadpool before other initialization steps.
07-23 14:25:56.271   460   460 D nativeloader: Load librs_jni.so using system ns (caller=/system/framework/framework.jar!classes3.dex): ok
07-23 14:25:56.272   610   610 I CameraProviderManager: Enumerating new camera device: device@1.1/internal/1
07-23 14:25:56.272   529   529 I AudioFlinger: loadHwModule() Loaded primary audio interface, handle 10
07-23 14:25:56.272   470   470 W EmulatedCameraDeviceInfo: InitializeControlDefaults: No available post RAW boost! Setting default!
07-23 14:25:56.273   470   470 I EmulatedCameraDeviceHwlImpl: Create: Created EmulatedCameraDeviceHwlImpl for camera 1
07-23 14:25:56.273   470   470 D GCH_Utils: FindLibraryPaths: Unable to open directory /vendor/lib64/camera/capture_sessions/ (No such file or directory)
07-23 14:25:56.273   470   470 I GCH_CameraDevice: Create: Created a camera device for public(1)
07-23 14:25:56.273   470   470 I GCH_CameraDevice: Pinning memory for 0 shared libraries.
07-23 14:25:56.277   470   470 W GCH_HalVendorTags: ModifyCharacteristicsKeys: failed to get ANDROID_REQUEST_AVAILABLE_SESSION_KEYS
07-23 14:25:56.279   610   610 E CameraProviderManager: addDynamicDepthTags: Advertised depth exclusive tag but value is not present!
07-23 14:25:56.279   610   610 E cameraserver: AidlDeviceInfo3: Failed appending dynamic depth tags: Invalid argument (-22)
07-23 14:25:56.281   529   529 I AudioFlinger: openOutput() this 0x752b214af900, module 10 Device AUDIO_DEVICE_OUT_SPEAKER, @:, SamplingRate 48000, Format 0x000001, Channels 0x3, flags 0x2
07-23 14:25:56.282   610   610 W cameraserver: Thread Pool max thread count is 0. Cannot cache binder as linkToDeath cannot be implemented. serviceName: media.player
07-23 14:25:56.285   619   633 D CCodec  : hidl based PersistentSurface created
07-23 14:25:56.285   619   633 D MediaCodecList: Allowing only non-surface-encoder OMX codecs
07-23 14:25:56.286   230   230 I hwservicemanager: getTransport: Cannot find entry android.hardware.media.omx@1.0::IOmxStore/default in either framework or device VINTF manifest.
07-23 14:25:56.287   619   633 E OmxInfoBuilder: Cannot find an IOmxStore service.
07-23 14:25:56.286   529   529 I AudioFlinger: operator(): Using 3000 ms as standby time
07-23 14:25:56.287   619   633 D MediaCodecList: ignored failed builder
07-23 14:25:56.289   529   529 I AudioFlinger: HAL output buffer size 1088 frames, normal sink buffer size 1088 frames
07-23 14:25:56.292   529   529 W FactoryHal: hasAidlHalService android.hardware.audio.effect.IFactory/default: false
07-23 14:25:56.293   230   230 I hwservicemanager: getTransport: Cannot find entry android.hardware.audio.effect@7.1::IEffectsFactory/default in either framework or device VINTF manifest.
07-23 14:25:56.293   619   633 I ApexCodecsLazy: Failed to load libcom.android.media.swcodec.apexcodecs.so: dlopen failed: library "libcom.android.media.swcodec.apexcodecs.so" not found
07-23 14:25:56.293   619   633 I Codec2Client: Available Codec2 services: "default" "software"
07-23 14:25:56.297   529   529 W FactoryHal: hasAidlHalService android.hardware.audio.core.IModule/default: false
07-23 14:25:56.298   478   522 I GoldfishComponentStore: in init
07-23 14:25:56.298   478   522 I GoldfishComponentStore: loading dll of path libcodec2_goldfish_avcdec.so
07-23 14:25:56.305   478   522 I GoldfishComponentStore: Create()
07-23 14:25:56.305   478   522 I GoldfishComponentStore: created interface
07-23 14:25:56.305   478   522 I GoldfishComponentStore: in ~ComponentModule
07-23 14:25:56.305   478   522 I GoldfishComponentStore: unloading dll
07-23 14:25:56.305   478   522 I GoldfishComponentStore: in init
07-23 14:25:56.306   478   522 I GoldfishComponentStore: loading dll of path libcodec2_goldfish_hevcdec.so
07-23 14:25:56.309   478   522 I GoldfishComponentStore: Create()
07-23 14:25:56.309   478   522 I GoldfishComponentStore: created interface
07-23 14:25:56.309   478   522 I GoldfishComponentStore: in ~ComponentModule
07-23 14:25:56.309   478   522 I GoldfishComponentStore: unloading dll
07-23 14:25:56.309   478   522 I GoldfishComponentStore: in init
07-23 14:25:56.310   478   522 I GoldfishComponentStore: loading dll of path libcodec2_goldfish_vp8dec.so
07-23 14:25:56.313   478   522 I GoldfishComponentStore: Create()
07-23 14:25:56.313   478   522 I C2GoldfishVpxDec: platform store is 0x71d4d8689128, reflector is 0x71d378691648
07-23 14:25:56.313   478   522 I GoldfishComponentStore: created interface
07-23 14:25:56.313   478   522 I GoldfishComponentStore: in ~ComponentModule
07-23 14:25:56.313   478   522 I GoldfishComponentStore: unloading dll
07-23 14:25:56.314   478   522 I GoldfishComponentStore: in init
07-23 14:25:56.314   478   522 I GoldfishComponentStore: loading dll of path libcodec2_goldfish_vp9dec.so
07-23 14:25:56.317   478   522 I GoldfishComponentStore: Create()
07-23 14:25:56.317   478   522 I C2GoldfishVpxDec: platform store is 0x71d4d868a1a8, reflector is 0x71d378691798
07-23 14:25:56.317   478   522 I GoldfishComponentStore: created interface
07-23 14:25:56.317   478   522 I GoldfishComponentStore: in ~ComponentModule
07-23 14:25:56.317   478   522 I GoldfishComponentStore: unloading dll
07-23 14:25:56.319   230   230 I hwservicemanager: Since android.hardware.media.c2@1.0::IComponentStore/software is not registered, trying to start it as a lazy HAL (if it's not configured to be a lazy HAL, it may be stuck starting or still starting).
07-23 14:25:56.320   230   230 I hwservicemanager: Since android.hardware.media.c2@1.0::IComponentStore/software is not registered, trying to start it as a lazy HAL (if it's not configured to be a lazy HAL, it may be stuck starting or still starting).
07-23 14:25:56.322   619   633 I HidlServiceManagement: getService: Trying again for android.hardware.media.c2@1.0::IComponentStore/software...
07-23 14:25:56.323   230   645 W libc    : Unable to set property "ctl.interface_start" to "android.hardware.media.c2@1.0::IComponentStore/software": PROP_ERROR_HANDLE_CONTROL_MESSAGE (0x20)
07-23 14:25:56.323   230   645 I hwservicemanager: Tried to start android.hardware.media.c2@1.0::IComponentStore/software as a lazy service, but was unable to. Usually this happens when a service is not installed, but if the service is intended to be used as a lazy service, then it may be configured incorrectly.
07-23 14:25:56.327   230   647 W libc    : Unable to set property "ctl.interface_start" to "android.hardware.media.c2@1.0::IComponentStore/software": PROP_ERROR_HANDLE_CONTROL_MESSAGE (0x20)
07-23 14:25:56.327   230   647 I hwservicemanager: Tried to start android.hardware.media.c2@1.0::IComponentStore/software as a lazy service, but was unable to. Usually this happens when a service is not installed, but if the service is intended to be used as a lazy service, then it may be configured incorrectly.
07-23 14:25:56.329   529   529 I BufferProvider: found effect "Multichannel Downmix To Stereo" from The Android Open Source Project
07-23 14:25:56.331   529   529 D AudioFlinger: Failed to add event callback
07-23 14:25:56.332   529   649 I AudioFlinger: AudioFlinger's thread 0x752bdee5c770 tid=649 ready to run
07-23 14:25:56.332   529   649 W AudioFlinger: no wake lock to update, system not ready yet
07-23 14:25:56.332   468   641 E android.hardware.audio@7.1-impl.ranchu: getPresentationPosition:510 failure: Result::INVALID_STATE
07-23 14:25:56.333   529   529 V APM_AudioPolicyManager: checkAndSetVolume if deviceTypes is change from none to device 0x2, need get index 0
07-23 14:25:56.333   529   529 E APM_AudioPolicyManager: invalid volume index range in the curve:
07-23 14:25:56.333   529   529 E APM_AudioPolicyManager:   Can be muted  Index Min  Index Max  Index Cur [device : index]...
07-23 14:25:56.333   529   529 E APM_AudioPolicyManager:   true          -1         -1         40000000 : 00, 
07-23 14:25:56.333   529   529 V APM_AudioPolicyManager: checkAndSetVolume if deviceTypes is change from none to device 0x2, need get index 0
07-23 14:25:56.334   529   529 E APM_AudioPolicyManager: invalid volume index range in the curve:
07-23 14:25:56.334   529   529 E APM_AudioPolicyManager:   Can be muted  Index Min  Index Max  Index Cur [device : index]...
07-23 14:25:56.334   529   529 E APM_AudioPolicyManager:   true          -1         -1         40000000 : 00, 
07-23 14:25:56.334   529   529 V APM_AudioPolicyManager: checkAndSetVolume if deviceTypes is change from none to device 0x2, need get index 0
07-23 14:25:56.334   529   529 E APM_AudioPolicyManager: invalid volume index range in the curve:
07-23 14:25:56.334   529   529 E APM_AudioPolicyManager:   Can be muted  Index Min  Index Max  Index Cur [device : index]...
07-23 14:25:56.334   529   529 E APM_AudioPolicyManager:   true          -1         -1         40000000 : 00, 
07-23 14:25:56.334   529   529 V APM_AudioPolicyManager: checkAndSetVolume if deviceTypes is change from none to device 0x2, need get index 0
07-23 14:25:56.334   529   529 E APM_AudioPolicyManager: invalid volume index range in the curve:
07-23 14:25:56.334   529   529 E APM_AudioPolicyManager:   Can be muted  Index Min  Index Max  Index Cur [device : index]...
07-23 14:25:56.334   529   529 E APM_AudioPolicyManager:   true          -1         -1         40000000 : 00, 
07-23 14:25:56.334   529   529 V APM_AudioPolicyManager: checkAndSetVolume if deviceTypes is change from none to device 0x2, need get index 0
07-23 14:25:56.334   529   529 E APM_AudioPolicyManager: invalid volume index range in the curve:
07-23 14:25:56.334   529   529 E APM_AudioPolicyManager:   Can be muted  Index Min  Index Max  Index Cur [device : index]...
07-23 14:25:56.334   529   529 E APM_AudioPolicyManager:   true          -1         -1         40000000 : 00, 
07-23 14:25:56.334   529   529 V APM_AudioPolicyManager: checkAndSetVolume if deviceTypes is change from none to device 0x2, need get index 0
07-23 14:25:56.334   529   529 E APM_AudioPolicyManager: invalid volume index range in the curve:
07-23 14:25:56.334   529   529 E APM_AudioPolicyManager:   Can be muted  Index Min  Index Max  Index Cur [device : index]...
07-23 14:25:56.334   529   529 E APM_AudioPolicyManager:   true          -1         -1         40000000 : 00, 
07-23 14:25:56.334   529   529 V APM_AudioPolicyManager: checkAndSetVolume if deviceTypes is change from none to device 0x2, need get index 0
07-23 14:25:56.334   529   529 E APM_AudioPolicyManager: invalid volume index range in the curve:
07-23 14:25:56.334   529   529 E APM_AudioPolicyManager:   Can be muted  Index Min  Index Max  Index Cur [device : index]...
07-23 14:25:56.334   529   529 E APM_AudioPolicyManager:   true          -1         -1         40000000 : 00, 
07-23 14:25:56.334   529   529 V APM_AudioPolicyManager: checkAndSetVolume if deviceTypes is change from none to device 0x2, need get index 0
07-23 14:25:56.334   529   529 E APM_AudioPolicyManager: invalid volume index range in the curve:
07-23 14:25:56.334   529   529 E APM_AudioPolicyManager:   Can be muted  Index Min  Index Max  Index Cur [device : index]...
07-23 14:25:56.334   529   529 E APM_AudioPolicyManager:   true          -1         -1         40000000 : 00, 
07-23 14:25:56.334   529   529 V APM_AudioPolicyManager: checkAndSetVolume if deviceTypes is change from none to device 0x2, need get index 0
07-23 14:25:56.334   529   529 V APM_AudioPolicyManager: computeVolume volume source 9, index 0,  devices 0x2, compute internal 1 
07-23 14:25:56.334   529   529 V APM_AudioPolicyManager: checkAndSetVolume if deviceTypes is change from none to device 0x2, need get index 0
07-23 14:25:56.334   529   529 V APM_AudioPolicyManager: computeVolume volume source 10, index 0,  devices 0x2, compute internal 1 
07-23 14:25:56.334   529   529 V APM_AudioPolicyManager: checkAndSetVolume if deviceTypes is change from none to device 0x2, need get index 0
07-23 14:25:56.334   529   529 E APM_AudioPolicyManager: invalid volume index range in the curve:
07-23 14:25:56.334   529   529 E APM_AudioPolicyManager:   Can be muted  Index Min  Index Max  Index Cur [device : index]...
07-23 14:25:56.334   529   529 E APM_AudioPolicyManager:   true          -1         -1         40000000 : 00, 
07-23 14:25:56.334   529   529 V APM_AudioPolicyManager: checkAndSetVolume if deviceTypes is change from none to device 0x2, need get index 0
07-23 14:25:56.334   529   529 E APM_AudioPolicyManager: invalid volume index range in the curve:
07-23 14:25:56.334   529   529 E APM_AudioPolicyManager:   Can be muted  Index Min  Index Max  Index Cur [device : index]...
07-23 14:25:56.334   529   529 E APM_AudioPolicyManager:   true          -1         -1         40000000 : 00, 
07-23 14:25:56.334   529   529 V APM_AudioPolicyManager: checkAndSetVolume if deviceTypes is change from none to device 0x2, need get index 0
07-23 14:25:56.334   529   529 E APM_AudioPolicyManager: invalid volume index range in the curve:
07-23 14:25:56.334   529   529 E APM_AudioPolicyManager:   Can be muted  Index Min  Index Max  Index Cur [device : index]...
07-23 14:25:56.334   529   529 E APM_AudioPolicyManager:   true          -1         -1         40000000 : 00, 
07-23 14:25:56.334   529   529 V APM_AudioPolicyManager: checkAndSetVolume if deviceTypes is change from none to device 0x2, need get index 0
07-23 14:25:56.334   529   529 E APM_AudioPolicyManager: invalid volume index range in the curve:
07-23 14:25:56.334   529   529 E APM_AudioPolicyManager:   Can be muted  Index Min  Index Max  Index Cur [device : index]...
07-23 14:25:56.334   529   529 E APM_AudioPolicyManager:   true          -1         -1         40000000 : 00, 
07-23 14:25:56.334   529   529 V APM_AudioPolicyManager: checkAndSetVolume if deviceTypes is change from none to device 0x2, need get index 0
07-23 14:25:56.334   529   529 V APM_AudioPolicyManager: computeVolume volume source 15, index 0,  devices 0x2, compute internal 1 
07-23 14:25:56.338   529   529 W AudioFlinger: moveEffects() AUDIO_SESSION_OUTPUT_MIX not found in orphans, checking other mix
07-23 14:25:56.338   529   529 W AudioFlinger: moveEffects() bad srcIo 0
07-23 14:25:56.338   529   529 V APM_AudioPolicyManager: selectOutputForMusicEffects selected output 13
07-23 14:25:56.338   529   529 V APM_AudioPolicyManager: setOutputDevices caller onNewAudioModulesAvailableInt[[portId:1][io:13, primary output]] device {AUDIO_DEVICE_OUT_SPEAKER, @:} delayMs 0
07-23 14:25:56.338   529   529 V APM_AudioPolicyManager: setOutputDevices caller onNewAudioModulesAvailableInt[[portId:1][io:13, primary output]] prevDevice {AUDIO_DEVICE_OUT_SPEAKER, @:}
07-23 14:25:56.339   529   529 I APM::AudioPolicyEngine: getDevicesForStrategyInt no device found for strategy 7
07-23 14:25:56.339   529   529 V APM_AudioPolicyManager: setOutputDevices caller onNewAudioModulesAvailableInt[[portId:1][io:13, primary output]] changing device to {AUDIO_DEVICE_OUT_SPEAKER, @:}
07-23 14:25:56.355   460   460 W Zygote  : Class not found for preloading: com.android.ims.RcsPresenceInfo$1
07-23 14:25:56.355   460   460 W Zygote  : Class not found for preloading: com.android.ims.RcsPresenceInfo$ServiceInfoKey
07-23 14:25:56.355   460   460 W Zygote  : Class not found for preloading: com.android.ims.RcsPresenceInfo$ServiceState
07-23 14:25:56.355   460   460 W Zygote  : Class not found for preloading: com.android.ims.RcsPresenceInfo$ServiceType
07-23 14:25:56.355   460   460 W Zygote  : Class not found for preloading: com.android.ims.RcsPresenceInfo$VolteStatus
07-23 14:25:56.355   460   460 W Zygote  : Class not found for preloading: com.android.ims.RcsPresenceInfo
07-23 14:25:56.355   460   460 W Zygote  : Class not found for preloading: com.android.ims.ResultCode
07-23 14:25:56.355   460   460 W Zygote  : Class not found for preloading: com.android.ims.internal.ContactNumberUtils
07-23 14:25:56.356   460   460 W Zygote  : Class not found for preloading: com.android.ims.internal.Logger
07-23 14:25:56.361   460   460 W Zygote  : Class not found for preloading: com.android.internal.os.BatteryStatsHistory$HistoryStepDetailsCalculator
07-23 14:25:56.382   623   623 I mediaswcodec: media swcodec service starting
07-23 14:25:56.383   623   623 W mediaswcodec: Could not read additional policy file '/vendor/etc/seccomp_policy/mediaswcodec.policy'
07-23 14:25:56.383   623   623 W mediaswcodec: libminijail[623]: failed to get path of fd 4: No such file or directory
07-23 14:25:56.383   623   623 W mediaswcodec: libminijail[623]: allowing syscall: socket
07-23 14:25:56.383   623   623 W mediaswcodec: libminijail[623]: allowing syscall: connect
07-23 14:25:56.383   623   623 W mediaswcodec: libminijail[623]: allowing syscall: fcntl
07-23 14:25:56.383   623   623 W mediaswcodec: libminijail[623]: allowing syscall: writev
07-23 14:25:56.384   623   623 W mediaswcodec: libminijail[623]: compile_file: <fd>(20): nonexistent syscall 'getuid32'
07-23 14:25:56.384   623   623 W mediaswcodec: libminijail[623]: compile_file: <fd>(26): nonexistent syscall 'mmap2'
07-23 14:25:56.384   623   623 W mediaswcodec: libminijail[623]: compile_file: <fd>(28): nonexistent syscall 'fstat64'
07-23 14:25:56.384   623   623 W mediaswcodec: libminijail[623]: compile_file: <fd>(31): nonexistent syscall 'stat64'
07-23 14:25:56.384   623   623 W mediaswcodec: libminijail[623]: compile_file: <fd>(32): nonexistent syscall 'statfs64'
07-23 14:25:56.384   623   623 W mediaswcodec: libminijail[623]: compile_file: <fd>(34): nonexistent syscall 'fstatat64'
07-23 14:25:56.384   623   623 W mediaswcodec: libminijail[623]: compile_file: <fd>(39): nonexistent syscall '_llseek'
07-23 14:25:56.385   623   623 W mediaswcodec: libminijail[623]: compile_file: <fd>(48): nonexistent syscall 'ugetrlimit'
07-23 14:25:56.385   623   623 W mediaswcodec: libminijail[623]: compile_file: <fd>(51): nonexistent syscall '_llseek'
07-23 14:25:56.385   623   623 W mediaswcodec: libminijail[623]: compile_file: <fd>(52): nonexistent syscall 'fstatfs64'
07-23 14:25:56.385   623   623 W mediaswcodec: libminijail[623]: compile_file: <fd>(64): nonexistent syscall 'ftruncate64'
07-23 14:25:56.385   623   623 W mediaswcodec: libminijail[623]: compile_file: <fd>(70): syscall gettid redefined here
07-23 14:25:56.385   623   623 W mediaswcodec: libminijail[623]: compile_file: <fd>(67): previous definition here
07-23 14:25:56.385   623   623 W mediaswcodec: libminijail[623]: compile_file: /apex/com.android.media.swcodec/etc/seccomp_policy/crash_dump.x86_64.policy(1): syscall read redefined here
07-23 14:25:56.385   623   623 W mediaswcodec: libminijail[623]: compile_file: <fd>(15): previous definition here
07-23 14:25:56.385   623   623 W mediaswcodec: libminijail[623]: compile_file: /apex/com.android.media.swcodec/etc/seccomp_policy/crash_dump.x86_64.policy(2): syscall write redefined here
07-23 14:25:56.385   623   623 W mediaswcodec: libminijail[623]: compile_file: <fd>(58): previous definition here
07-23 14:25:56.385   623   623 W mediaswcodec: libminijail[623]: compile_file: /apex/com.android.media.swcodec/etc/seccomp_policy/crash_dump.x86_64.policy(3): syscall exit redefined here
07-23 14:25:56.385   623   623 W mediaswcodec: libminijail[623]: compile_file: <fd>(45): previous definition here
07-23 14:25:56.386   623   623 W mediaswcodec: libminijail[623]: compile_file: /apex/com.android.media.swcodec/etc/seccomp_policy/crash_dump.x86_64.policy(4): syscall rt_sigreturn redefined here
07-23 14:25:56.386   529   649 W AudioFlinger: no wake lock to update, system not ready yet
07-23 14:25:56.386   623   623 W mediaswcodec: libminijail[623]: compile_file: <fd>(47): previous definition here
07-23 14:25:56.386   623   623 W mediaswcodec: libminijail[623]: compile_file: /apex/com.android.media.swcodec/etc/seccomp_policy/crash_dump.x86_64.policy(5): syscall exit_group redefined here
07-23 14:25:56.386   623   623 W mediaswcodec: libminijail[623]: compile_file: <fd>(46): previous definition here
07-23 14:25:56.386   623   623 W mediaswcodec: libminijail[623]: compile_file: /apex/com.android.media.swcodec/etc/seccomp_policy/crash_dump.x86_64.policy(8): syscall futex redefined here
07-23 14:25:56.386   623   623 W mediaswcodec: libminijail[623]: compile_file: <fd>(36): previous definition here
07-23 14:25:56.386   623   623 W mediaswcodec: libminijail[623]: compile_file: /apex/com.android.media.swcodec/etc/seccomp_policy/crash_dump.x86_64.policy(10): syscall getpid redefined here
07-23 14:25:56.386   623   623 W mediaswcodec: libminijail[623]: compile_file: <fd>(69): previous definition here
07-23 14:25:56.386   623   623 W mediaswcodec: libminijail[623]: compile_file: /apex/com.android.media.swcodec/etc/seccomp_policy/crash_dump.x86_64.policy(11): syscall gettid redefined here
07-23 14:25:56.386   623   623 W mediaswcodec: libminijail[623]: compile_file: <fd>(67): previous definition here
07-23 14:25:56.386   623   623 W mediaswcodec: libminijail[623]: compile_file: /apex/com.android.media.swcodec/etc/seccomp_policy/crash_dump.x86_64.policy(14): syscall openat redefined here
07-23 14:25:56.386   623   623 W mediaswcodec: libminijail[623]: compile_file: <fd>(18): previous definition here
07-23 14:25:56.386   623   623 W mediaswcodec: libminijail[623]: compile_file: /apex/com.android.media.swcodec/etc/seccomp_policy/crash_dump.x86_64.policy(15): syscall dup redefined here
07-23 14:25:56.386   623   623 W mediaswcodec: libminijail[623]: compile_file: <fd>(56): previous definition here
07-23 14:25:56.386   623   623 W mediaswcodec: libminijail[623]: compile_file: /apex/com.android.media.swcodec/etc/seccomp_policy/crash_dump.x86_64.policy(16): syscall close redefined here
07-23 14:25:56.386   623   623 W mediaswcodec: libminijail[623]: compile_file: <fd>(25): previous definition here
07-23 14:25:56.387   623   623 W mediaswcodec: libminijail[623]: compile_file: /apex/com.android.media.swcodec/etc/seccomp_policy/crash_dump.x86_64.policy(17): syscall lseek redefined here
07-23 14:25:56.387   623   623 W mediaswcodec: libminijail[623]: compile_file: <fd>(40): previous definition here
07-23 14:25:56.387   623   623 W mediaswcodec: libminijail[623]: compile_file: /apex/com.android.media.swcodec/etc/seccomp_policy/crash_dump.x86_64.policy(19): syscall faccessat redefined here
07-23 14:25:56.387   623   623 W mediaswcodec: libminijail[623]: compile_file: <fd>(38): previous definition here
07-23 14:25:56.387   623   623 W mediaswcodec: libminijail[623]: compile_file: /apex/com.android.media.swcodec/etc/seccomp_policy/crash_dump.x86_64.policy(29): syscall prctl redefined here
07-23 14:25:56.387   623   623 W mediaswcodec: libminijail[623]: compile_file: <fd>(17): previous definition here
07-23 14:25:56.387   623   623 W mediaswcodec: libminijail[623]: compile_file: /apex/com.android.media.swcodec/etc/seccomp_policy/crash_dump.x86_64.policy(30): syscall madvise redefined here
07-23 14:25:56.387   623   623 W mediaswcodec: libminijail[623]: compile_file: <fd>(33): previous definition here
07-23 14:25:56.387   623   623 W mediaswcodec: libminijail[623]: compile_file: /apex/com.android.media.swcodec/etc/seccomp_policy/crash_dump.x86_64.policy(31): syscall mprotect redefined here
07-23 14:25:56.387   623   623 W mediaswcodec: libminijail[623]: compile_file: <fd>(16): previous definition here
07-23 14:25:56.387   623   623 W mediaswcodec: libminijail[623]: compile_file: /apex/com.android.media.swcodec/etc/seccomp_policy/crash_dump.x86_64.policy(32): syscall munmap redefined here
07-23 14:25:56.387   623   623 W mediaswcodec: libminijail[623]: compile_file: <fd>(37): previous definition here
07-23 14:25:56.388   623   623 W mediaswcodec: libminijail[623]: compile_file: /apex/com.android.media.swcodec/etc/seccomp_policy/crash_dump.x86_64.policy(33): syscall getuid redefined here
07-23 14:25:56.388   623   623 W mediaswcodec: libminijail[623]: compile_file: <fd>(21): previous definition here
07-23 14:25:56.388   623   623 W mediaswcodec: libminijail[623]: compile_file: /apex/com.android.media.swcodec/etc/seccomp_policy/crash_dump.x86_64.policy(34): syscall fstat redefined here
07-23 14:25:56.388   623   623 W mediaswcodec: libminijail[623]: compile_file: <fd>(29): previous definition here
07-23 14:25:56.388   623   623 W mediaswcodec: libminijail[623]: compile_file: /apex/com.android.media.swcodec/etc/seccomp_policy/crash_dump.x86_64.policy(35): syscall mmap redefined here
07-23 14:25:56.388   623   623 W mediaswcodec: libminijail[623]: compile_file: <fd>(27): previous definition here
07-23 14:25:56.388   529   649 D AudioFlinger: updateHalSupportedLatencyModes_l: thread(13) status -38 supported latency modes: { }
07-23 14:25:56.388   623   623 W mediaswcodec: libminijail[623]: logging seccomp filter failures
07-23 14:25:56.389   623   623 I CodecServiceRegistrant: Creating software Codec2 service...
07-23 14:25:56.389   529   529 V APM_AudioPolicyManager: setOutputDevices() AF::createAudioPatch returned 0 patchHandle 12 num_sources 1 num_sinks 1
07-23 14:25:56.390   529   529 V APM_AudioPolicyManager: computeVolume volume source 9, index 0,  devices 0x2, compute internal 1 
07-23 14:25:56.390   529   529 V APM_AudioPolicyManager: computeVolume volume source 10, index 0,  devices 0x2, compute internal 1 
07-23 14:25:56.390   529   529 V APM_AudioPolicyManager: computeVolume volume source 15, index 0,  devices 0x2, compute internal 1 
07-23 14:25:56.390   529   529 I AudioFlinger: openOutput() this 0x752b214af900, module 10 Device AUDIO_DEVICE_OUT_TELEPHONY_TX, @:, SamplingRate 48000, Format 0x000001, Channels 0x3, flags 0
07-23 14:25:56.391   623   623 D C2Store : Default ION heapmask = -1
07-23 14:25:56.391   623   623 D C2Store : Default ION flags = 0
07-23 14:25:56.391   623   623 D C2Store : Default ION align = 0
07-23 14:25:56.392   529   529 I AudioFlinger: HAL output buffer size 1088 frames, normal sink buffer size 1088 frames
07-23 14:25:56.393   529   529 D AudioFlinger: Failed to add event callback
07-23 14:25:56.393   529   654 I AudioFlinger: AudioFlinger's thread 0x752bded9c770 tid=654 ready to run
07-23 14:25:56.394   529   529 V APM_AudioPolicyManager: checkAndSetVolume if deviceTypes is change from none to device 0x10000, need get index 0
07-23 14:25:56.394   529   529 V APM_AudioPolicyManager: checkAndSetVolume if deviceTypes is change from none to device 0x10000, need get index 0
07-23 14:25:56.394   529   654 W AudioFlinger: no wake lock to update, system not ready yet
07-23 14:25:56.395   529   529 V APM_AudioPolicyManager: checkAndSetVolume if deviceTypes is change from none to device 0x10000, need get index 0
07-23 14:25:56.395   529   529 V APM_AudioPolicyManager: checkAndSetVolume if deviceTypes is change from none to device 0x10000, need get index 0
07-23 14:25:56.395   529   529 V APM_AudioPolicyManager: checkAndSetVolume if deviceTypes is change from none to device 0x10000, need get index 0
07-23 14:25:56.395   529   529 V APM_AudioPolicyManager: checkAndSetVolume if deviceTypes is change from none to device 0x10000, need get index 0
07-23 14:25:56.395   529   529 V APM_AudioPolicyManager: checkAndSetVolume if deviceTypes is change from none to device 0x10000, need get index 0
07-23 14:25:56.395   529   529 V APM_AudioPolicyManager: checkAndSetVolume if deviceTypes is change from none to device 0x10000, need get index 0
07-23 14:25:56.395   529   529 V APM_AudioPolicyManager: checkAndSetVolume if deviceTypes is change from none to device 0x10000, need get index 0
07-23 14:25:56.395   529   529 V APM_AudioPolicyManager: computeVolume volume source 9, index 0,  devices 0x10000, compute internal 1 
07-23 14:25:56.395   529   529 V APM_AudioPolicyManager: checkAndSetVolume if deviceTypes is change from none to device 0x10000, need get index 0
07-23 14:25:56.395   529   529 V APM_AudioPolicyManager: computeVolume volume source 10, index 0,  devices 0x10000, compute internal 1 
07-23 14:25:56.395   468   641 E android.hardware.audio@7.1-impl.ranchu: getPresentationPosition:510 failure: Result::INVALID_STATE
07-23 14:25:56.395   529   529 V APM_AudioPolicyManager: checkAndSetVolume if deviceTypes is change from none to device 0x10000, need get index 0
07-23 14:25:56.395   529   529 V APM_AudioPolicyManager: checkAndSetVolume if deviceTypes is change from none to device 0x10000, need get index 0
07-23 14:25:56.395   529   529 V APM_AudioPolicyManager: checkAndSetVolume if deviceTypes is change from none to device 0x10000, need get index 0
07-23 14:25:56.395   529   529 V APM_AudioPolicyManager: checkAndSetVolume if deviceTypes is change from none to device 0x10000, need get index 0
07-23 14:25:56.395   529   529 V APM_AudioPolicyManager: checkAndSetVolume if deviceTypes is change from none to device 0x10000, need get index 0
07-23 14:25:56.395   529   529 V APM_AudioPolicyManager: computeVolume volume source 15, index 0,  devices 0x10000, compute internal 1 
07-23 14:25:56.396   529   529 V APM_AudioPolicyManager: selectOutputForMusicEffects selected output 13
07-23 14:25:56.396   529   529 V APM_AudioPolicyManager: setOutputDevices caller onNewAudioModulesAvailableInt[[portId:4][io:21, telephony_tx]] device {AUDIO_DEVICE_OUT_TELEPHONY_TX, @:} delayMs 0
07-23 14:25:56.396   529   529 V APM_AudioPolicyManager: setOutputDevices caller onNewAudioModulesAvailableInt[[portId:4][io:21, telephony_tx]] prevDevice {AUDIO_DEVICE_OUT_TELEPHONY_TX, @:}
07-23 14:25:56.397   529   529 V APM_AudioPolicyManager: setOutputDevices caller onNewAudioModulesAvailableInt[[portId:4][io:21, telephony_tx]] changing device to {AUDIO_DEVICE_OUT_TELEPHONY_TX, @:}
07-23 14:25:56.398   529   654 W AudioFlinger: no wake lock to update, system not ready yet
07-23 14:25:56.398   623   623 I HidlServiceManagement: Registered android.hardware.media.c2@1.2::IComponentStore/software
07-23 14:25:56.398   529   654 D AudioFlinger: updateHalSupportedLatencyModes_l: thread(21) status -38 supported latency modes: { }
07-23 14:25:56.399   529   529 V APM_AudioPolicyManager: setOutputDevices() AF::createAudioPatch returned 0 patchHandle 20 num_sources 1 num_sinks 1
07-23 14:25:56.399   230   230 I hw-BpHwBinder: onLastStrongRef automatically unlinking death recipients
07-23 14:25:56.400   529   529 V APM_AudioPolicyManager: computeVolume volume source 9, index 0,  devices 0x10000, compute internal 1 
