07-23 14:41:10.021 E/GmsCoreLogger( 1556): 	at java.util.concurrent.ScheduledThreadPoolExecutor$ScheduledFutureTask.run(ScheduledThreadPoolExecutor.java:348)
07-23 14:41:10.021 E/GmsCoreLogger( 1556): 	at java.util.concurrent.ThreadPoolExecutor.runWorker(ThreadPoolExecutor.java:1156)
07-23 14:41:10.021 E/GmsCoreLogger( 1556): 	at java.util.concurrent.ThreadPoolExecutor$Worker.run(ThreadPoolExecutor.java:651)
07-23 14:41:10.021 E/GmsCoreLogger( 1556): 	at java.lang.Thread.run(Thread.java:1119)
07-23 14:41:10.021 E/GmsCoreLogger( 1556): Caused by: armx: 8: 
07-23 14:41:10.021 E/GmsCoreLogger( 1556): 	at asiy.a(:com.google.android.gms@250734038@25.07.34 (260800-734679633):15)
07-23 14:41:10.021 E/GmsCoreLogger( 1556): 	at arsr.b(:com.google.android.gms@250734038@25.07.34 (260800-734679633):11)
07-23 14:41:10.021 E/GmsCoreLogger( 1556): 	at eeyn.a(:com.google.android.gms@250734038@25.07.34 (260800-734679633):15)
07-23 14:41:10.021 E/GmsCoreLogger( 1556): 	at eezv.d(:com.google.android.gms@250734038@25.07.34 (260800-734679633):77)
07-23 14:41:10.021 E/GmsCoreLogger( 1556): 	at eeyj.d(:com.google.android.gms@250734038@25.07.34 (260800-734679633):16)
07-23 14:41:10.021 E/GmsCoreLogger( 1556): 	at arsn.a(:com.google.android.gms@250734038@25.07.34 (260800-734679633):5)
07-23 14:41:10.021 E/GmsCoreLogger( 1556): 	at arof.e(:com.google.android.gms@250734038@25.07.34 (260800-734679633):7)
07-23 14:41:10.021 E/GmsCoreLogger( 1556): 	at arqv.s(:com.google.android.gms@250734038@25.07.34 (260800-734679633):10)
07-23 14:41:10.021 E/GmsCoreLogger( 1556): 	at arqv.t(:com.google.android.gms@250734038@25.07.34 (260800-734679633):22)
07-23 14:41:10.021 E/GmsCoreLogger( 1556): 	at arqv.e(:com.google.android.gms@250734038@25.07.34 (260800-734679633):30)
07-23 14:41:10.021 E/GmsCoreLogger( 1556): 	at arqv.f(:com.google.android.gms@250734038@25.07.34 (260800-734679633):84)
07-23 14:41:10.021 E/GmsCoreLogger( 1556): 	at arqv.onConnected(:com.google.android.gms@250734038@25.07.34 (260800-734679633):15)
07-23 14:41:10.021 E/GmsCoreLogger( 1556): 	at askf.a(:com.google.android.gms@250734038@25.07.34 (260800-734679633):3)
07-23 14:41:10.021 E/GmsCoreLogger( 1556): 	at asjk.c(:com.google.android.gms@250734038@25.07.34 (260800-734679633):99)
07-23 14:41:10.021 E/GmsCoreLogger( 1556): 	at asjb.d(:com.google.android.gms@250734038@25.07.34 (260800-734679633):7)
07-23 14:41:10.021 E/GmsCoreLogger( 1556): 	at asje.handleMessage(:com.google.android.gms@250734038@25.07.34 (260800-734679633):283)
07-23 14:41:10.021 E/GmsCoreLogger( 1556): 	at android.os.Handler.dispatchMessage(Handler.java:110)
07-23 14:41:10.021 E/GmsCoreLogger( 1556): 	at bzda.mt(:com.google.android.gms@250734038@25.07.34 (260800-734679633):1)
07-23 14:41:10.021 E/GmsCoreLogger( 1556): 	at bzda.dispatchMessage(:com.google.android.gms@250734038@25.07.34 (260800-734679633):138)
07-23 14:41:10.021 E/GmsCoreLogger( 1556): 	at android.os.Looper.loopOnce(Looper.java:248)
07-23 14:41:10.021 E/GmsCoreLogger( 1556): 	at android.os.Looper.loop(Looper.java:338)
07-23 14:41:10.021 E/GmsCoreLogger( 1556): 	at android.os.HandlerThread.run(HandlerThread.java:85)
07-23 14:41:10.081 E/ashmem  ( 1730): Pinning is deprecated since Android Q. Please use trim or other methods.
07-23 14:41:10.112 E/GmsCoreLogger( 1664): Usage reporting check failed [CONTEXT service_id=299 ]
07-23 14:41:10.112 E/GmsCoreLogger( 1664): java.util.concurrent.ExecutionException: armx: 8: 
07-23 14:41:10.112 E/GmsCoreLogger( 1664): 	at fnhg.s(:com.google.android.gms@250734038@25.07.34 (260800-734679633):21)
07-23 14:41:10.112 E/GmsCoreLogger( 1664): 	at fnhg.get(:com.google.android.gms@250734038@25.07.34 (260800-734679633):3)
07-23 14:41:10.112 E/GmsCoreLogger( 1664): 	at fnlk.a(:com.google.android.gms@250734038@25.07.34 (260800-734679633):2)
07-23 14:41:10.112 E/GmsCoreLogger( 1664): 	at fnkb.r(:com.google.android.gms@250734038@25.07.34 (260800-734679633):10)
07-23 14:41:10.112 E/GmsCoreLogger( 1664): 	at bsbl.h(:com.google.android.gms@250734038@25.07.34 (260800-734679633):1)
07-23 14:41:10.112 E/GmsCoreLogger( 1664): 	at bsbh.run(:com.google.android.gms@250734038@25.07.34 (260800-734679633):7)
07-23 14:41:10.112 E/GmsCoreLogger( 1664): 	at fnjr.call(:com.google.android.gms@250734038@25.07.34 (260800-734679633):3)
07-23 14:41:10.112 E/GmsCoreLogger( 1664): 	at fnit.a(:com.google.android.gms@250734038@25.07.34 (260800-734679633):3)
07-23 14:41:10.112 E/GmsCoreLogger( 1664): 	at fnkh.run(:com.google.android.gms@250734038@25.07.34 (260800-734679633):19)
07-23 14:41:10.112 E/GmsCoreLogger( 1664): 	at java.util.concurrent.Executors$RunnableAdapter.call(Executors.java:524)
07-23 14:41:10.112 E/GmsCoreLogger( 1664): 	at java.util.concurrent.FutureTask.run(FutureTask.java:317)
07-23 14:41:10.112 E/GmsCoreLogger( 1664): 	at java.util.concurrent.ScheduledThreadPoolExecutor$ScheduledFutureTask.run(ScheduledThreadPoolExecutor.java:348)
07-23 14:41:10.112 E/GmsCoreLogger( 1664): 	at java.util.concurrent.ThreadPoolExecutor.runWorker(ThreadPoolExecutor.java:1156)
07-23 14:41:10.112 E/GmsCoreLogger( 1664): 	at java.util.concurrent.ThreadPoolExecutor$Worker.run(ThreadPoolExecutor.java:651)
07-23 14:41:10.112 E/GmsCoreLogger( 1664): 	at java.lang.Thread.run(Thread.java:1119)
07-23 14:41:10.112 E/GmsCoreLogger( 1664): Caused by: armx: 8: 
07-23 14:41:10.112 E/GmsCoreLogger( 1664): 	at asiy.a(:com.google.android.gms@250734038@25.07.34 (260800-734679633):15)
07-23 14:41:10.112 E/GmsCoreLogger( 1664): 	at arsr.b(:com.google.android.gms@250734038@25.07.34 (260800-734679633):11)
07-23 14:41:10.112 E/GmsCoreLogger( 1664): 	at eeyn.a(:com.google.android.gms@250734038@25.07.34 (260800-734679633):15)
07-23 14:41:10.112 E/GmsCoreLogger( 1664): 	at eezp.fF(:com.google.android.gms@250734038@25.07.34 (260800-734679633):275)
07-23 14:41:10.112 E/GmsCoreLogger( 1664): 	at rgd.onTransact(:com.google.android.gms@250734038@25.07.34 (260800-734679633):75)
07-23 14:41:10.112 E/GmsCoreLogger( 1664): 	at android.os.Binder.execTransactInternal(Binder.java:1426)
07-23 14:41:10.112 E/GmsCoreLogger( 1664): 	at android.os.Binder.execTransact(Binder.java:1365)
07-23 14:41:10.129 E/GmsTaskScheduler( 1556): API unavailable, fallback to SchedulerClientBroadcastStrategy
07-23 14:41:10.129 E/GmsTaskScheduler( 1556): armx: 17: API: Scheduler.API is not available on this device. Connection failed with: ConnectionResult{statusCode=API_UNAVAILABLE, resolution=null, message=null}
07-23 14:41:10.129 E/GmsTaskScheduler( 1556): 	at asiy.a(:com.google.android.gms@250734038@25.07.34 (260800-734679633):15)
07-23 14:41:10.129 E/GmsTaskScheduler( 1556): 	at aroi.a(:com.google.android.gms@250734038@25.07.34 (260800-734679633):1)
07-23 14:41:10.129 E/GmsTaskScheduler( 1556): 	at arof.c(:com.google.android.gms@250734038@25.07.34 (260800-734679633):5)
07-23 14:41:10.129 E/GmsTaskScheduler( 1556): 	at arqv.q(:com.google.android.gms@250734038@25.07.34 (260800-734679633):48)
07-23 14:41:10.129 E/GmsTaskScheduler( 1556): 	at arqv.d(:com.google.android.gms@250734038@25.07.34 (260800-734679633):10)
07-23 14:41:10.129 E/GmsTaskScheduler( 1556): 	at arqv.g(:com.google.android.gms@250734038@25.07.34 (260800-734679633):211)
07-23 14:41:10.129 E/GmsTaskScheduler( 1556): 	at arqv.onConnectionFailed(:com.google.android.gms@250734038@25.07.34 (260800-734679633):2)
07-23 14:41:10.129 E/GmsTaskScheduler( 1556): 	at askg.ii(:com.google.android.gms@250734038@25.07.34 (260800-734679633):3)
07-23 14:41:10.129 E/GmsTaskScheduler( 1556): 	at asjk.a(:com.google.android.gms@250734038@25.07.34 (260800-734679633):7)
07-23 14:41:10.129 E/GmsTaskScheduler( 1556): 	at asjb.d(:com.google.android.gms@250734038@25.07.34 (260800-734679633):81)
07-23 14:41:10.129 E/GmsTaskScheduler( 1556): 	at asje.handleMessage(:com.google.android.gms@250734038@25.07.34 (260800-734679633):283)
07-23 14:41:10.129 E/GmsTaskScheduler( 1556): 	at android.os.Handler.dispatchMessage(Handler.java:110)
07-23 14:41:10.129 E/GmsTaskScheduler( 1556): 	at bzda.mt(:com.google.android.gms@250734038@25.07.34 (260800-734679633):1)
07-23 14:41:10.129 E/GmsTaskScheduler( 1556): 	at bzda.dispatchMessage(:com.google.android.gms@250734038@25.07.34 (260800-734679633):138)
07-23 14:41:10.129 E/GmsTaskScheduler( 1556): 	at android.os.Looper.loopOnce(Looper.java:248)
07-23 14:41:10.129 E/GmsTaskScheduler( 1556): 	at android.os.Looper.loop(Looper.java:338)
07-23 14:41:10.129 E/GmsTaskScheduler( 1556): 	at android.os.HandlerThread.run(HandlerThread.java:85)
07-23 14:41:10.208 E/RoleControllerServiceImpl(  734): Default/fallback role holder package doesn't qualify for the role, package: com.google.android.gms.supervision, role: android.app.role.SYSTEM_SUPERVISION
07-23 14:41:10.257 E/oadcastreceiver( 1769): Not starting debugger since process cannot load the jdwp agent.
07-23 14:41:10.390 E/RoleControllerServiceImpl(  734): Default/fallback role holder package doesn't qualify for the role, package: com.google.android.gms, role: android.app.role.SYSTEM_DEPENDENCY_INSTALLER
07-23 14:41:10.492 E/WifiChipAidlImpl(  734): getUsableChannels failed with service-specific exception: android.os.ServiceSpecificException:  (code 4)
07-23 14:41:10.562 E/RoleControllerServiceImpl(  734): Default/fallback role holder package doesn't qualify for the role, package: com.google.android.gms, role: android.app.role.WALLET
07-23 14:41:10.563 E/AppOps  (  734): attributionTag UwbCountryCode not declared in manifest of android
07-23 14:41:10.564 E/WifiScoringParams(  734): Invalid frequency(-1), using 5G as default rssi array
07-23 14:41:10.574 E/uwb     (  734): uwb_uci_jni_rust::helper: Java_com_android_server_uwb_jni_NativeUwbManager_nativeSetCountryCode failed with BadParameters
07-23 14:41:10.598 E/SplitCompat( 1717): Failed to cleanup splitcompat storage
07-23 14:41:10.598 E/SplitCompat( 1717): java.io.IOException: Unable to create directory: /data/user/0/com.google.android.inputmethod.latin/files/splitcompat
07-23 14:41:10.598 E/SplitCompat( 1717): 	at otw.n(PG:48)
07-23 14:41:10.598 E/SplitCompat( 1717): 	at otw.o(PG:33)
07-23 14:41:10.598 E/SplitCompat( 1717): 	at otw.j(PG:1)
07-23 14:41:10.598 E/SplitCompat( 1717): 	at oes.run(PG:20)
07-23 14:41:10.598 E/SplitCompat( 1717): 	at java.util.concurrent.ThreadPoolExecutor.runWorker(ThreadPoolExecutor.java:1156)
07-23 14:41:10.598 E/SplitCompat( 1717): 	at java.util.concurrent.ThreadPoolExecutor$Worker.run(ThreadPoolExecutor.java:651)
07-23 14:41:10.598 E/SplitCompat( 1717): 	at java.lang.Thread.run(Thread.java:1119)
07-23 14:41:10.611 E/SplitCompat( 1717): Error installing additional splits
07-23 14:41:10.611 E/SplitCompat( 1717): java.io.IOException: Unable to create directory: /data/user/0/com.google.android.inputmethod.latin/files/splitcompat
07-23 14:41:10.611 E/SplitCompat( 1717): 	at otw.n(PG:48)
07-23 14:41:10.611 E/SplitCompat( 1717): 	at otw.o(PG:33)
07-23 14:41:10.611 E/SplitCompat( 1717): 	at otw.g(PG:5)
07-23 14:41:10.611 E/SplitCompat( 1717): 	at otw.e(PG:3)
07-23 14:41:10.611 E/SplitCompat( 1717): 	at otw.i(PG:1)
07-23 14:41:10.611 E/SplitCompat( 1717): 	at ouf.c(PG:63)
07-23 14:41:10.611 E/SplitCompat( 1717): 	at ouf.b(PG:69)
07-23 14:41:10.611 E/SplitCompat( 1717): 	at irz.attachBaseContext(PG:5)
07-23 14:41:10.611 E/SplitCompat( 1717): 	at android.app.Application.attach(Application.java:346)
07-23 14:41:10.611 E/SplitCompat( 1717): 	at android.app.Instrumentation.newApplication(Instrumentation.java:1348)
07-23 14:41:10.611 E/SplitCompat( 1717): 	at android.app.LoadedApk.makeApplicationInner(LoadedApk.java:1479)
07-23 14:41:10.611 E/SplitCompat( 1717): 	at android.app.LoadedApk.makeApplicationInner(LoadedApk.java:1411)
07-23 14:41:10.611 E/SplitCompat( 1717): 	at android.app.ActivityThread.handleBindApplication(ActivityThread.java:7790)
07-23 14:41:10.611 E/SplitCompat( 1717): 	at android.app.ActivityThread.-$$Nest$mhandleBindApplication(Unknown Source:0)
07-23 14:41:10.611 E/SplitCompat( 1717): 	at android.app.ActivityThread$H.handleMessage(ActivityThread.java:2546)
07-23 14:41:10.611 E/SplitCompat( 1717): 	at android.os.Handler.dispatchMessage(Handler.java:110)
07-23 14:41:10.611 E/SplitCompat( 1717): 	at android.os.Looper.loopOnce(Looper.java:248)
07-23 14:41:10.611 E/SplitCompat( 1717): 	at android.os.Looper.loop(Looper.java:338)
07-23 14:41:10.611 E/SplitCompat( 1717): 	at android.app.ActivityThread.main(ActivityThread.java:9067)
07-23 14:41:10.611 E/SplitCompat( 1717): 	at java.lang.reflect.Method.invoke(Native Method)
07-23 14:41:10.611 E/SplitCompat( 1717): 	at com.android.internal.os.RuntimeInit$MethodAndArgsCaller.run(RuntimeInit.java:593)
07-23 14:41:10.611 E/SplitCompat( 1717): 	at com.android.internal.os.ZygoteInit.main(ZygoteInit.java:932)
07-23 14:41:10.623 E/AppOps  (  734): attributionTag UwbCountryCode not declared in manifest of android
07-23 14:41:10.724 E/id.ext.services( 1795): Not starting debugger since process cannot load the jdwp agent.
07-23 14:41:10.742 E/.apps.wellbeing( 1800): Not starting debugger since process cannot load the jdwp agent.
07-23 14:41:10.756 E/AutofillManagerServiceImpl(  734): Bad service name: com.google.android.gms/.autofill.service.AutofillService
07-23 14:41:10.759 E/RemoteAugmentedAutofillService(  734): Bad service name for flags 1048704: com.google.android.as/com.google.android.apps.miphone.aiai.app.AiAiAugmentedAutofillService
07-23 14:41:10.819 E/bootstat( 1813): Failed to read /data/misc/bootstat/last_boot_time_utc: No such file or directory
07-23 14:41:10.819 E/bootstat( 1813): Failed to parse boot time record: /data/misc/bootstat/last_boot_time_utc
07-23 14:41:10.821 E/bootstat( 1813): Failed to read /data/misc/bootstat/build_date: No such file or directory
07-23 14:41:10.821 E/bootstat( 1813): Failed to parse boot time record: /data/misc/bootstat/build_date
07-23 14:41:10.846 E/bootstat( 1813): Failed to read /data/misc/bootstat/factory_reset: No such file or directory
07-23 14:41:10.847 E/bootstat( 1813): Failed to parse boot time record: /data/misc/bootstat/factory_reset
07-23 14:41:10.899 E/selinux (    0): SELinux: Could not get canonical path for /sys/kernel/debug/tracing/instances/wifi restorecon: No such file or directory.
07-23 14:41:10.932 E/lmkd    (  222): memevent failed to attach bpf program to android_vendor_lmk/android_trigger_vendor_lmk_kill tracepoint: No such file or directory
07-23 14:41:10.932 E/lmkd    (  222): memevent failed to attach bpf program to kmem/mm_calculate_totalreserve_pages tracepoint: No such file or directory
07-23 14:41:11.019 E/elockcontroller( 1833): Not starting debugger since process cannot load the jdwp agent.
07-23 14:41:11.078 E/SystemServiceRegistry( 1320): No service published for: ethernet
07-23 14:41:11.078 E/SystemServiceRegistry( 1320): android.os.ServiceManager$ServiceNotFoundException: No service published for: ethernet
07-23 14:41:11.078 E/SystemServiceRegistry( 1320): 	at android.os.ServiceManager.getServiceOrThrow(ServiceManager.java:203)
07-23 14:41:11.078 E/SystemServiceRegistry( 1320): 	at android.app.SystemServiceRegistry$149.createService(SystemServiceRegistry.java:2232)
07-23 14:41:11.078 E/SystemServiceRegistry( 1320): 	at android.app.SystemServiceRegistry$CachedServiceFetcher.getService(SystemServiceRegistry.java:2343)
07-23 14:41:11.078 E/SystemServiceRegistry( 1320): 	at android.app.SystemServiceRegistry.getSystemService(SystemServiceRegistry.java:1918)
07-23 14:41:11.078 E/SystemServiceRegistry( 1320): 	at android.app.ContextImpl.getSystemService(ContextImpl.java:2315)
07-23 14:41:11.078 E/SystemServiceRegistry( 1320): 	at android.content.ContextWrapper.getSystemService(ContextWrapper.java:964)
07-23 14:41:11.078 E/SystemServiceRegistry( 1320): 	at com.android.networkstack.tethering.Tethering.isEthernetSupported(Tethering.java:1862)
07-23 14:41:11.078 E/SystemServiceRegistry( 1320): 	at com.android.networkstack.tethering.Tethering.makeSupportedDownstreams(Tethering.java:2843)
07-23 14:41:11.078 E/SystemServiceRegistry( 1320): 	at com.android.networkstack.tethering.Tethering.updateSupportedDownstreams(Tethering.java:2817)
07-23 14:41:11.078 E/SystemServiceRegistry( 1320): 	at com.android.networkstack.tethering.Tethering.updateConfiguration(Tethering.java:564)
07-23 14:41:11.078 E/SystemServiceRegistry( 1320): 	at com.android.networkstack.tethering.Tethering.-$$Nest$mupdateConfiguration(Tethering.java:0)
07-23 14:41:11.078 E/SystemServiceRegistry( 1320): 	at com.android.networkstack.tethering.Tethering$StateReceiver.onReceive(Tethering.java:1396)
07-23 14:41:11.078 E/SystemServiceRegistry( 1320): 	at android.app.LoadedApk$ReceiverDispatcher$Args.lambda$getRunnable$0(LoadedApk.java:1839)
07-23 14:41:11.078 E/SystemServiceRegistry( 1320): 	at android.app.LoadedApk$ReceiverDispatcher$Args.$r8$lambda$mcNAAl1SQ4MyJPyDg8TJ2x2h0Rk(Unknown Source:0)
07-23 14:41:11.078 E/SystemServiceRegistry( 1320): 	at android.app.LoadedApk$ReceiverDispatcher$Args$$ExternalSyntheticLambda0.run(D8$$SyntheticClass:0)
07-23 14:41:11.078 E/SystemServiceRegistry( 1320): 	at android.os.Handler.handleCallback(Handler.java:995)
07-23 14:41:11.078 E/SystemServiceRegistry( 1320): 	at android.os.Handler.dispatchMessage(Handler.java:103)
07-23 14:41:11.078 E/SystemServiceRegistry( 1320): 	at android.os.Looper.loopOnce(Looper.java:248)
07-23 14:41:11.078 E/SystemServiceRegistry( 1320): 	at android.os.Looper.loop(Looper.java:338)
07-23 14:41:11.078 E/SystemServiceRegistry( 1320): 	at android.os.HandlerThread.run(HandlerThread.java:85)
07-23 14:41:11.356 E/dmesgd  ( 1862): /data/misc/dmesgd/sent_reports.txt is empty: No such file or directory
07-23 14:41:11.360 E/AppOps  (  734): attributionTag VCN not declared in manifest of android
07-23 14:41:11.371 E/AppOps  (  734): attributionTag VCN not declared in manifest of android
07-23 14:41:11.477 E/StatsPullAtomService(  734): subInfo of subId 1 is invalid, ignored.
07-23 14:41:11.575 E/StatsPullAtomService(  734): subInfo of subId 1 is invalid, ignored.
07-23 14:41:11.657 E/SatelliteController( 1403): registerForSatelliteModemStateChanged: mSatelliteSessionController is not initialized yet
07-23 14:41:11.704 E/SatelliteController( 1403): registerForSatelliteModemStateChanged: mSatelliteSessionController is not initialized yet
07-23 14:41:11.766 E/d.process.acore( 1887): Not starting debugger since process cannot load the jdwp agent.
07-23 14:41:11.794 E/SatelliteController( 1403): registerForSatelliteCommunicationAccessStateChanged: SatelliteManager is null
07-23 14:41:11.933 E/AppOps  (  734): attributionTag VCN not declared in manifest of android
07-23 14:41:11.945 E/ashmem  ( 1664): Pinning is deprecated since Android Q. Please use trim or other methods.
07-23 14:41:12.072 E/StatsPullAtomService(  734): subInfo of subId 1 is invalid, ignored.
07-23 14:41:12.073 E/WindowManager(  734): Display reconfigured outside of a transition: Display{#0 state=ON size=1080x2340 ROTATION_0}
07-23 14:41:12.085 E/WifiDataStall(  734): onDataConnectionStateChanged unexpected State: -1
07-23 14:41:12.094 E/MusicRecognitionManagerPerUserService(  734): Bad service name: com.google.android.googlequicksearchbox/com.google.android.apps.search.soundsearch.service.SoundSearchService
07-23 14:41:12.289 E/SatelliteController( 1403): registerForSatelliteModemStateChanged: mSatelliteSessionController is not initialized yet
07-23 14:41:12.334 E/rs.media.module( 1916): Not starting debugger since process cannot load the jdwp agent.
07-23 14:41:12.392 E/MboOceController(  734): onDataConnectionStateChanged unexpected State: -1
07-23 14:41:12.481 E/gle.android.gms( 1664): hiddenapi: Accessing hidden method Landroid/net/ConnectivityManager;->isNetworkTypeMobile(I)Z (runtime_flags=0, domain=platform, api=max-target-p) from Lbisj; (domain=app) using reflection: denied
07-23 14:41:12.481 E/gle.android.gms( 1664): hiddenapi: Accessing hidden method Landroid/os/PowerManager;->isLightDeviceIdleMode()Z (runtime_flags=0, domain=platform, api=max-target-s) from Lbisj; (domain=app) using reflection: denied
07-23 14:41:12.611 E/ogle.android.as( 1941): Not starting debugger since process cannot load the jdwp agent.
07-23 14:41:12.684 E/gle.android.gms( 1664): hiddenapi: Accessing hidden method Landroid/os/PowerManager;->isLightDeviceIdleMode()Z (runtime_flags=0, domain=platform, api=max-target-s) from Ldqdy; (domain=app) using reflection: denied
07-23 14:41:12.742 E/ashmem  ( 1717): Pinning is deprecated since Android Q. Please use trim or other methods.
07-23 14:41:12.756 E/ashmem  ( 1800): Pinning is deprecated since Android Q. Please use trim or other methods.
07-23 14:41:12.776 E/ashmem  ( 1887): Pinning is deprecated since Android Q. Please use trim or other methods.
07-23 14:41:12.777 E/BackupPasswordManager(  734): Unable to read backup pw version
07-23 14:41:12.778 E/BackupPasswordManager(  734): Unable to read saved backup pw hash
07-23 14:41:12.865 E/SmsApplication( 1403): com.google.android.apps.messaging lost android:read_cell_broadcasts:  (fixing)
07-23 14:41:12.905 E/PhenotypeCombinedFlags( 1800): Config package com.google.android.client_error_logging#com.google.android.apps.wellbeing cannot use PROCESS_STABLE backing without declarative registration. See go/phenotype-android-integration#phenotype for more information. This will lead to stale flags.
07-23 14:41:12.918 E/hbox:interactor( 1971): Not starting debugger since process cannot load the jdwp agent.
07-23 14:41:12.988 E/ashmem  ( 1916): Pinning is deprecated since Android Q. Please use trim or other methods.
07-23 14:41:12.995 E/.gms.persistent( 1556): hiddenapi: Accessing hidden method Landroid/os/PowerManager;->isLightDeviceIdleMode()Z (runtime_flags=0, domain=platform, api=max-target-s) from Ldqdy; (domain=app) using reflection: denied
07-23 14:41:13.000 E/SmsApplication( 1403): com.google.android.apps.messaging lost android:read_cell_broadcasts:  (fixing)
07-23 14:41:13.069 E/AutofillManagerServiceImpl(  734): Bad service name: com.google.android.gms/.autofill.service.AutofillService
07-23 14:41:13.111 E/CCTFlatFileLogStore( 1556): Failed to get boot count.
07-23 14:41:13.111 E/CCTFlatFileLogStore( 1556): java.util.concurrent.TimeoutException: Timed out waiting for Task
07-23 14:41:13.111 E/CCTFlatFileLogStore( 1556): 	at eakx.o(:com.google.android.gms@250734038@25.07.34 (260800-734679633):53)
07-23 14:41:13.111 E/CCTFlatFileLogStore( 1556): 	at araj.B(:com.google.android.gms@250734038@25.07.34 (260800-734679633):21)
07-23 14:41:13.111 E/CCTFlatFileLogStore( 1556): 	at aqwn.run(:com.google.android.gms@250734038@25.07.34 (260800-734679633):13)
07-23 14:41:13.111 E/CCTFlatFileLogStore( 1556): 	at atca.c(:com.google.android.gms@250734038@25.07.34 (260800-734679633):50)
07-23 14:41:13.111 E/CCTFlatFileLogStore( 1556): 	at atca.run(:com.google.android.gms@250734038@25.07.34 (260800-734679633):76)
07-23 14:41:13.111 E/CCTFlatFileLogStore( 1556): 	at java.util.concurrent.ThreadPoolExecutor.runWorker(ThreadPoolExecutor.java:1156)
07-23 14:41:13.111 E/CCTFlatFileLogStore( 1556): 	at java.util.concurrent.ThreadPoolExecutor$Worker.run(ThreadPoolExecutor.java:651)
07-23 14:41:13.111 E/CCTFlatFileLogStore( 1556): 	at athn.run(:com.google.android.gms@250734038@25.07.34 (260800-734679633):8)
07-23 14:41:13.111 E/CCTFlatFileLogStore( 1556): 	at java.lang.Thread.run(Thread.java:1119)
07-23 14:41:13.140 E/system_server(  734): No package ID 7f found for resource ID 0x7f0803c4.
07-23 14:41:13.140 E/system_server(  734): No package ID 7f found for resource ID 0x7f141bd5.
07-23 14:41:13.140 E/system_server(  734): No package ID 7f found for resource ID 0x7f0803c3.
07-23 14:41:13.143 E/system_server(  734): No package ID 7f found for resource ID 0x7f050063.
07-23 14:41:13.152 E/GoogleInputMethodService( 1717): GoogleInputMethodService.getAppEditorInfo():1807 App EditorInfo should never be null.
07-23 14:41:13.161 E/id.printspooler( 1992): Not starting debugger since process cannot load the jdwp agent.
07-23 14:41:13.167 E/system_server(  734): No package ID 7f found for resource ID 0x7f1408bd.
07-23 14:41:13.167 E/ShortcutService(  734): Ignoring excessive intent tag.
07-23 14:41:13.168 E/system_server(  734): No package ID 7f found for resource ID 0x7f0803c2.
07-23 14:41:13.168 E/system_server(  734): No package ID 7f found for resource ID 0x7f141264.
07-23 14:41:13.218 E/ashmem  ( 1941): Pinning is deprecated since Android Q. Please use trim or other methods.
07-23 14:41:13.293 E/.gms.persistent( 1556): hiddenapi: Accessing hidden method Landroid/net/ConnectivityManager;->isNetworkTypeMobile(I)Z (runtime_flags=0, domain=platform, api=max-target-p) from Lbisj; (domain=app) using reflection: denied
07-23 14:41:13.319 E/.gms.persistent( 1556): hiddenapi: Accessing hidden method Landroid/os/PowerManager;->isLightDeviceIdleMode()Z (runtime_flags=0, domain=platform, api=max-target-s) from Lbisj; (domain=app) using reflection: denied
07-23 14:41:13.365 E/GoogleInputMethodService( 1717): GoogleInputMethodService.getAppEditorInfo():1807 App EditorInfo should never be null.
07-23 14:41:13.467 E/SatelliteController( 1403): registerForSatelliteCommunicationAccessStateChanged: SatelliteManager is null
07-23 14:41:13.533 E/system_server(  734): No package ID 7f found for resource ID 0x7f070091.
07-23 14:41:13.533 E/system_server(  734): No package ID 7f found for resource ID 0x7f10006f.
07-23 14:41:13.677 E/OmxInfoBuilder(  658): Cannot find an IOmxStore service.
07-23 14:41:13.789 E/system_server(  734): No package ID 7f found for resource ID 0x7f0801e3.
07-23 14:41:13.789 E/system_server(  734): No package ID 7f found for resource ID 0x7f14045e.
07-23 14:41:13.789 E/system_server(  734): No package ID 7f found for resource ID 0x7f14045f.
07-23 14:41:13.934 E/or.multidisplay( 2038): Not starting debugger since process cannot load the jdwp agent.
07-23 14:41:14.076 E/system_server(  734): No package ID 7f found for resource ID 0x7f090641.
07-23 14:41:14.076 E/system_server(  734): No package ID 7f found for resource ID 0x7f140879.
07-23 14:41:14.106 E/system_server(  734): No package ID 7f found for resource ID 0x7f090640.
07-23 14:41:14.106 E/system_server(  734): No package ID 7f found for resource ID 0x7f1401f6.
07-23 14:41:14.106 E/system_server(  734): No package ID 7f found for resource ID 0x7f140878.
07-23 14:41:14.106 E/system_server(  734): No package ID 7f found for resource ID 0x7f14058e.
07-23 14:41:14.107 E/ShortcutService(  734): Ignoring excessive intent tag.
07-23 14:41:14.251 E/system_server(  734): No package ID 7f found for resource ID 0x7f0801f0.
07-23 14:41:14.252 E/system_server(  734): No package ID 7f found for resource ID 0x7f1506e7.
07-23 14:41:14.662 E/system_server(  734): No package ID 7f found for resource ID 0x7f080742.
07-23 14:41:14.662 E/system_server(  734): No package ID 7f found for resource ID 0x7f140c2c.
07-23 14:41:14.663 E/system_server(  734): No package ID 7f found for resource ID 0x7f0807d0.
07-23 14:41:14.663 E/system_server(  734): No package ID 7f found for resource ID 0x7f141f25.
07-23 14:41:14.680 E/system_server(  734): No package ID 7f found for resource ID 0x7f0803b2.
07-23 14:41:14.680 E/system_server(  734): No package ID 7f found for resource ID 0x7f150798.
07-23 14:41:14.681 E/system_server(  734): No package ID 7f found for resource ID 0x7f150798.
07-23 14:41:14.681 E/system_server(  734): No package ID 7f found for resource ID 0x7f0803ae.
07-23 14:41:14.681 E/system_server(  734): No package ID 7f found for resource ID 0x7f150796.
07-23 14:41:14.681 E/system_server(  734): No package ID 7f found for resource ID 0x7f150796.
07-23 14:41:14.681 E/system_server(  734): No package ID 7f found for resource ID 0x7f0803b0.
07-23 14:41:14.681 E/system_server(  734): No package ID 7f found for resource ID 0x7f150797.
07-23 14:41:14.682 E/system_server(  734): No package ID 7f found for resource ID 0x7f150797.
07-23 14:41:14.682 E/ShortcutService(  734): Ignoring excessive intent tag.
07-23 14:41:14.689 E/PhenotypeFlagCommitter( 1664): Retrieving snapshot for com.google.android.gms.playlog.uploader failed
07-23 14:41:14.689 E/PhenotypeFlagCommitter( 1664): java.util.concurrent.TimeoutException: Timed out waiting for Task
07-23 14:41:14.689 E/PhenotypeFlagCommitter( 1664): 	at eakx.o(:com.google.android.gms@250734038@25.07.34 (260800-734679633):53)
07-23 14:41:14.689 E/PhenotypeFlagCommitter( 1664): 	at docv.f(:com.google.android.gms@250734038@25.07.34 (260800-734679633):11)
07-23 14:41:14.689 E/PhenotypeFlagCommitter( 1664): 	at docv.j(:com.google.android.gms@250734038@25.07.34 (260800-734679633):42)
07-23 14:41:14.689 E/PhenotypeFlagCommitter( 1664): 	at docv.h(:com.google.android.gms@250734038@25.07.34 (260800-734679633):4)
07-23 14:41:14.689 E/PhenotypeFlagCommitter( 1664): 	at com.google.android.gms.clearcut.init.ClearcutInitChimeraIntentService.b(:com.google.android.gms@250734038@25.07.34 (260800-734679633):48)
07-23 14:41:14.689 E/PhenotypeFlagCommitter( 1664): 	at aoih.onHandleIntent(:com.google.android.gms@250734038@25.07.34 (260800-734679633):143)
07-23 14:41:14.689 E/PhenotypeFlagCommitter( 1664): 	at com.google.android.chimera.IntentOperation.onHandleIntent(:com.google.android.gms@250734038@25.07.34 (260800-734679633):2)
07-23 14:41:14.689 E/PhenotypeFlagCommitter( 1664): 	at aonz.onHandleIntent(:com.google.android.gms@250734038@25.07.34 (260800-734679633):8)
07-23 14:41:14.689 E/PhenotypeFlagCommitter( 1664): 	at sfi.run(:com.google.android.gms@250734038@25.07.34 (260800-734679633):70)
07-23 14:41:14.689 E/PhenotypeFlagCommitter( 1664): 	at sfh.run(:com.google.android.gms@250734038@25.07.34 (260800-734679633):152)
07-23 14:41:14.689 E/PhenotypeFlagCommitter( 1664): 	at ffoo.run(:com.google.android.gms@250734038@25.07.34 (260800-734679633):21)
07-23 14:41:14.689 E/PhenotypeFlagCommitter( 1664): 	at java.util.concurrent.ThreadPoolExecutor.runWorker(ThreadPoolExecutor.java:1156)
07-23 14:41:14.689 E/PhenotypeFlagCommitter( 1664): 	at java.util.concurrent.ThreadPoolExecutor$Worker.run(ThreadPoolExecutor.java:651)
07-23 14:41:14.689 E/PhenotypeFlagCommitter( 1664): 	at java.lang.Thread.run(Thread.java:1119)
07-23 14:41:14.829 E/SatelliteController( 1403): registerForSatelliteModemStateChanged: mSatelliteSessionController is not initialized yet
07-23 14:41:14.945 E/SystemServiceRegistry( 1320): No service published for: ethernet
07-23 14:41:14.945 E/SystemServiceRegistry( 1320): android.os.ServiceManager$ServiceNotFoundException: No service published for: ethernet
07-23 14:41:14.945 E/SystemServiceRegistry( 1320): 	at android.os.ServiceManager.getServiceOrThrow(ServiceManager.java:203)
07-23 14:41:14.945 E/SystemServiceRegistry( 1320): 	at android.app.SystemServiceRegistry$149.createService(SystemServiceRegistry.java:2232)
07-23 14:41:14.945 E/SystemServiceRegistry( 1320): 	at android.app.SystemServiceRegistry$CachedServiceFetcher.getService(SystemServiceRegistry.java:2343)
07-23 14:41:14.945 E/SystemServiceRegistry( 1320): 	at android.app.SystemServiceRegistry.getSystemService(SystemServiceRegistry.java:1918)
07-23 14:41:14.945 E/SystemServiceRegistry( 1320): 	at android.app.ContextImpl.getSystemService(ContextImpl.java:2315)
07-23 14:41:14.945 E/SystemServiceRegistry( 1320): 	at android.content.ContextWrapper.getSystemService(ContextWrapper.java:964)
07-23 14:41:14.945 E/SystemServiceRegistry( 1320): 	at com.android.networkstack.tethering.Tethering.isEthernetSupported(Tethering.java:1862)
07-23 14:41:14.945 E/SystemServiceRegistry( 1320): 	at com.android.networkstack.tethering.Tethering.makeSupportedDownstreams(Tethering.java:2843)
07-23 14:41:14.945 E/SystemServiceRegistry( 1320): 	at com.android.networkstack.tethering.Tethering.updateSupportedDownstreams(Tethering.java:2817)
07-23 14:41:14.945 E/SystemServiceRegistry( 1320): 	at com.android.networkstack.tethering.Tethering.updateConfiguration(Tethering.java:564)
07-23 14:41:14.945 E/SystemServiceRegistry( 1320): 	at com.android.networkstack.tethering.Tethering.-$$Nest$mupdateConfiguration(Tethering.java:0)
07-23 14:41:14.945 E/SystemServiceRegistry( 1320): 	at com.android.networkstack.tethering.Tethering$StateReceiver.onReceive(Tethering.java:1396)
07-23 14:41:14.945 E/SystemServiceRegistry( 1320): 	at android.app.LoadedApk$ReceiverDispatcher$Args.lambda$getRunnable$0(LoadedApk.java:1839)
07-23 14:41:14.945 E/SystemServiceRegistry( 1320): 	at android.app.LoadedApk$ReceiverDispatcher$Args.$r8$lambda$mcNAAl1SQ4MyJPyDg8TJ2x2h0Rk(Unknown Source:0)
07-23 14:41:14.945 E/SystemServiceRegistry( 1320): 	at android.app.LoadedApk$ReceiverDispatcher$Args$$ExternalSyntheticLambda0.run(D8$$SyntheticClass:0)
07-23 14:41:14.945 E/SystemServiceRegistry( 1320): 	at android.os.Handler.handleCallback(Handler.java:995)
07-23 14:41:14.945 E/SystemServiceRegistry( 1320): 	at android.os.Handler.dispatchMessage(Handler.java:103)
07-23 14:41:14.945 E/SystemServiceRegistry( 1320): 	at android.os.Looper.loopOnce(Looper.java:248)
07-23 14:41:14.945 E/SystemServiceRegistry( 1320): 	at android.os.Looper.loop(Looper.java:338)
07-23 14:41:14.945 E/SystemServiceRegistry( 1320): 	at android.os.HandlerThread.run(HandlerThread.java:85)
07-23 14:41:14.997 E/SingleInstanceRemoteListener( 1208): Failed remote call on null listener
07-23 14:41:15.106 E/AutofillManagerServiceImpl(  734): Bad service name: com.google.android.gms/.autofill.service.AutofillService
07-23 14:41:15.124 E/system_server(  734): No package ID 7f found for resource ID 0x7f080351.
07-23 14:41:15.125 E/system_server(  734): No package ID 7f found for resource ID 0x7f1503a8.
07-23 14:41:15.125 E/system_server(  734): No package ID 7f found for resource ID 0x7f1503a7.
07-23 14:41:15.230 E/system_server(  734): No package ID 7f found for resource ID 0x7f0806b3.
07-23 14:41:15.231 E/system_server(  734): No package ID 7f found for resource ID 0x7f15072d.
07-23 14:41:15.411 E/AppWidgetServiceImpl(  734): Found widget database with version 0, this should not be possible, forcing upgrade to version 1
07-23 14:41:15.443 E/MediaCodec( 1916): Media Quality Service not found.
07-23 14:41:15.401 E/servicemanager(    0): VINTF HALs require names in the format type/instance (e.g. some.package.foo.IFoo/default) but got: media_quality
07-23 14:41:15.476 E/rs.media.module( 1916): Failed to query component interface for required system resources: 6
07-23 14:41:15.498 E/AutofillManagerServiceImpl(  734): Bad service name: com.google.android.gms/.autofill.service.AutofillService
07-23 14:41:15.714 E/ndroid.keychain( 2120): Not starting debugger since process cannot load the jdwp agent.
07-23 14:41:15.729 E/PhoneStatusBarView( 1208): mHasCornerCutoutFetcher unexpectedly null
07-23 14:41:15.729 E/PhoneStatusBarView( 1208): mInsetsFetcher unexpectedly null
07-23 14:41:15.847 E/ShortcutService(  734): Ignoring excessive intent tag.
07-23 14:41:15.847 E/ShortcutService(  734): Ignoring excessive intent tag.
07-23 14:41:15.883 E/d.process.media( 2137): Not starting debugger since process cannot load the jdwp agent.
07-23 14:41:15.930 E/FileLog ( 1467): Error writing logs to file
07-23 14:41:15.930 E/FileLog ( 1467): java.io.FileNotFoundException: /data/user/0/com.google.android.apps.nexuslauncher/files/log-0: open failed: ENOENT (No such file or directory)
07-23 14:41:15.930 E/FileLog ( 1467): 	at libcore.io.IoBridge.open(IoBridge.java:574)
07-23 14:41:15.930 E/FileLog ( 1467): 	at java.io.FileOutputStream.<init>(FileOutputStream.java:259)
07-23 14:41:15.930 E/FileLog ( 1467): 	at java.io.FileWriter.<init>(FileWriter.java:113)
07-23 14:41:15.930 E/FileLog ( 1467): 	at com.android.launcher3.logging.FileLog$LogWriterCallback.handleMessage(go/retraceme 5a544d9e8fb14194a69e2b7a778e7e5394990cdcfcf28c73553bb75ca978b9e9:168)
07-23 14:41:15.930 E/FileLog ( 1467): 	at android.os.Handler.dispatchMessage(Handler.java:106)
07-23 14:41:15.930 E/FileLog ( 1467): 	at android.os.Looper.loopOnce(Looper.java:248)
07-23 14:41:15.930 E/FileLog ( 1467): 	at android.os.Looper.loop(Looper.java:338)
07-23 14:41:15.930 E/FileLog ( 1467): 	at android.os.HandlerThread.run(HandlerThread.java:85)
07-23 14:41:15.930 E/FileLog ( 1467): Caused by: android.system.ErrnoException: open failed: ENOENT (No such file or directory)
07-23 14:41:15.930 E/FileLog ( 1467): 	at libcore.io.Linux.open(Native Method)
07-23 14:41:15.930 E/FileLog ( 1467): 	at libcore.io.ForwardingOs.open(ForwardingOs.java:568)
07-23 14:41:15.930 E/FileLog ( 1467): 	at libcore.io.BlockGuardOs.open(BlockGuardOs.java:274)
07-23 14:41:15.930 E/FileLog ( 1467): 	at libcore.io.ForwardingOs.open(ForwardingOs.java:568)
07-23 14:41:15.930 E/FileLog ( 1467): 	at android.app.ActivityThread$AndroidOs.open(ActivityThread.java:8953)
07-23 14:41:15.930 E/FileLog ( 1467): 	at libcore.io.IoBridge.open(IoBridge.java:560)
07-23 14:41:15.930 E/FileLog ( 1467): 	... 7 more
07-23 14:41:16.002 E/earchbox:search( 2153): Not starting debugger since process cannot load the jdwp agent.
07-23 14:41:16.162 E/AppOps  (  734): attributionTag VCN not declared in manifest of android
07-23 14:41:16.176 E/.localtransport( 2168): Not starting debugger since process cannot load the jdwp agent.
07-23 14:41:16.190 E/MultiDisplayService( 2038): invalid parameters for add/modify display
07-23 14:41:16.243 E/system_server(  734): No package ID 7f found for resource ID 0x7f080489.
07-23 14:41:16.243 E/system_server(  734): No package ID 7f found for resource ID 0x7f15129d.
07-23 14:41:16.243 E/system_server(  734): No package ID 7f found for resource ID 0x7f15129d.
07-23 14:41:16.243 E/system_server(  734): No package ID 7f found for resource ID 0x7f15129c.
07-23 14:41:16.249 E/StatsPullAtomService(  734): subInfo of subId 1 is invalid, ignored.
07-23 14:41:16.662 E/BrowsedPlayerWrapper( 1363): BrowserSubscriptionCallback: Could not get folder items
07-23 14:41:16.720 E/system_server(  734): No package ID 7f found for resource ID 0x7f080e45.
07-23 14:41:16.729 E/system_server(  734): No package ID 7f found for resource ID 0x7f152534.
07-23 14:41:16.730 E/system_server(  734): No package ID 7f found for resource ID 0x7f080e53.
07-23 14:41:16.736 E/system_server(  734): No package ID 7f found for resource ID 0x7f152535.
07-23 14:41:16.890 E/HandwritingSuperpacksUtil( 1717): HandwritingSuperpacksUtil.getPackMappingPackName():40 No pack mapping pack found in []
07-23 14:41:16.906 E/NexusCSStateManager( 1467): Failed to fetch from AppSearch
07-23 14:41:16.906 E/NexusCSStateManager( 1467): java.util.NoSuchElementException: No value present
07-23 14:41:16.906 E/NexusCSStateManager( 1467): 	at java.util.Optional.get(Optional.java:143)
07-23 14:41:16.906 E/NexusCSStateManager( 1467): 	at C2.m.onResult(go/retraceme 5a544d9e8fb14194a69e2b7a778e7e5394990cdcfcf28c73553bb75ca978b9e9:42)
07-23 14:41:16.906 E/NexusCSStateManager( 1467): 	at android.app.appsearch.SearchSessionUtil$1.lambda$onResult$0(go/retraceme 9d1b0eb8afe1d0bca7ff6f98d5e450578c137217f678797f24205462b21ce4f6:144)
07-23 14:41:16.906 E/NexusCSStateManager( 1467): 	at android.app.appsearch.SearchSessionUtil$1.$r8$lambda$CEk3q8sDAQVhU3rQwVueB8FAj_M(go/retraceme 9d1b0eb8afe1d0bca7ff6f98d5e450578c137217f678797f24205462b21ce4f6:1)
07-23 14:41:16.906 E/NexusCSStateManager( 1467): 	at android.app.appsearch.SearchSessionUtil$1$$ExternalSyntheticLambda0.run(go/retraceme 9d1b0eb8afe1d0bca7ff6f98d5e450578c137217f678797f24205462b21ce4f6:22)
07-23 14:41:16.906 E/NexusCSStateManager( 1467): 	at j0.e.execute(go/retraceme 5a544d9e8fb14194a69e2b7a778e7e5394990cdcfcf28c73553bb75ca978b9e9:1)
07-23 14:41:16.906 E/NexusCSStateManager( 1467): 	at android.app.appsearch.SearchSessionUtil.safeExecute(go/retraceme 9d1b0eb8afe1d0bca7ff6f98d5e450578c137217f678797f24205462b21ce4f6:4)
07-23 14:41:16.906 E/NexusCSStateManager( 1467): 	at android.app.appsearch.SearchSessionUtil$1.onResult(go/retraceme 9d1b0eb8afe1d0bca7ff6f98d5e450578c137217f678797f24205462b21ce4f6:11)
07-23 14:41:16.906 E/NexusCSStateManager( 1467): 	at android.app.appsearch.aidl.IAppSearchBatchResultCallback$Stub.onTransact(go/retraceme 9d1b0eb8afe1d0bca7ff6f98d5e450578c137217f678797f24205462b21ce4f6:59)
07-23 14:41:16.906 E/NexusCSStateManager( 1467): 	at android.os.Binder.execTransactInternal(Binder.java:1426)
07-23 14:41:16.906 E/NexusCSStateManager( 1467): 	at android.os.Binder.execTransact(Binder.java:1365)
07-23 14:41:16.933 E/HandwritingSuperpacksUtil( 1717): HandwritingSuperpacksUtil.getPackMappingPackName():40 No pack mapping pack found in []
07-23 14:41:16.936 E/HandwritingSuperpacksUtil( 1717): HandwritingSuperpacksUtil.getPackMappingPackName():40 No pack mapping pack found in []
07-23 14:41:17.206 E/HandwritingSuperpacksUtil( 1717): HandwritingSuperpacksUtil.getPackMappingPackName():40 No pack mapping pack found in []
07-23 14:41:17.224 E/system_server(  734): No package ID 7f found for resource ID 0x7f0806ce.
07-23 14:41:17.225 E/system_server(  734): No package ID 7f found for resource ID 0x7f140b31.
07-23 14:41:17.225 E/system_server(  734): No package ID 7f found for resource ID 0x7f0806cc.
07-23 14:41:17.225 E/system_server(  734): No package ID 7f found for resource ID 0x7f140af3.
07-23 14:41:17.225 E/system_server(  734): No package ID 7f found for resource ID 0x7f0806d0.
07-23 14:41:17.225 E/system_server(  734): No package ID 7f found for resource ID 0x7f140c3f.
07-23 14:41:17.225 E/system_server(  734): No package ID 7f found for resource ID 0x7f0806ca.
07-23 14:41:17.226 E/system_server(  734): No package ID 7f found for resource ID 0x7f140422.
07-23 14:41:17.227 E/HandwritingSuperpacksUtil( 1717): HandwritingSuperpacksUtil.getPackMappingPackName():40 No pack mapping pack found in []
07-23 14:41:17.257 E/HandwritingSuperpacksUtil( 1717): HandwritingSuperpacksUtil.getPackMappingPackName():40 No pack mapping pack found in []
07-23 14:41:17.310 E/PhenotypeModule( 1717): PhenotypeModule.handlePhenotypeConfigurationUpdates():440 Get empty configurations.
07-23 14:41:17.310 E/PhenotypeModule( 1717): PhenotypeModule.commitConfigurationInternal():519 Failed to update configurations.
07-23 14:41:17.310 E/PhenotypeModule( 1717): java.lang.IllegalStateException: Get empty configurations.
07-23 14:41:17.310 E/PhenotypeModule( 1717): 	at lkv.a(PG:401)
07-23 14:41:17.310 E/PhenotypeModule( 1717): 	at hjg.run(PG:114)
07-23 14:41:17.310 E/PhenotypeModule( 1717): 	at jab.run(PG:51)
07-23 14:41:17.310 E/PhenotypeModule( 1717): 	at java.util.concurrent.ThreadPoolExecutor.runWorker(ThreadPoolExecutor.java:1156)
07-23 14:41:17.310 E/PhenotypeModule( 1717): 	at java.util.concurrent.ThreadPoolExecutor$Worker.run(ThreadPoolExecutor.java:651)
07-23 14:41:17.310 E/PhenotypeModule( 1717): 	at java.lang.Thread.run(Thread.java:1119)
07-23 14:41:17.310 E/PhenotypeModule( 1717): 	at izq.run(PG:8)
07-23 14:41:17.311 E/PhenotypeModule( 1717): PhenotypeModule.fetchAndUpdate():268 
07-23 14:41:17.311 E/PhenotypeModule( 1717): java.lang.IllegalStateException: Get empty configurations.
07-23 14:41:17.311 E/PhenotypeModule( 1717): 	at lkv.a(PG:401)
07-23 14:41:17.311 E/PhenotypeModule( 1717): 	at hjg.run(PG:114)
07-23 14:41:17.311 E/PhenotypeModule( 1717): 	at jab.run(PG:51)
07-23 14:41:17.311 E/PhenotypeModule( 1717): 	at java.util.concurrent.ThreadPoolExecutor.runWorker(ThreadPoolExecutor.java:1156)
07-23 14:41:17.311 E/PhenotypeModule( 1717): 	at java.util.concurrent.ThreadPoolExecutor$Worker.run(ThreadPoolExecutor.java:651)
07-23 14:41:17.311 E/PhenotypeModule( 1717): 	at java.lang.Thread.run(Thread.java:1119)
07-23 14:41:17.311 E/PhenotypeModule( 1717): 	at izq.run(PG:8)
07-23 14:41:17.494 E/ashmem  ( 2137): Pinning is deprecated since Android Q. Please use trim or other methods.
07-23 14:41:17.656 E/RecyclerView( 1467): Cannot scroll to position a LayoutManager set. Call setLayoutManager with a non-null argument.
07-23 14:41:17.663 E/RecyclerView( 1467): Cannot scroll to position a LayoutManager set. Call setLayoutManager with a non-null argument.
07-23 14:41:17.707 E/AutoInstalls( 1467): Favorite not found: com.google.android.GoogleCamera/com.android.camera.CameraLauncher
07-23 14:41:17.711 E/AutoInstalls( 1467): Favorite not found: com.android.vending/com.android.vending.AssetBrowserActivity
07-23 14:41:17.713 E/ashmem  ( 2168): Pinning is deprecated since Android Q. Please use trim or other methods.
07-23 14:41:17.724 E/FuseDaemon( 1916): Leveldb setup is missing for: internal
07-23 14:41:17.909 E/SystemServiceRegistry(  734): No service published for: face
07-23 14:41:17.909 E/SystemServiceRegistry(  734): android.os.ServiceManager$ServiceNotFoundException: No service published for: face
07-23 14:41:17.909 E/SystemServiceRegistry(  734): 	at android.os.ServiceManager.getServiceOrThrow(ServiceManager.java:203)
07-23 14:41:17.909 E/SystemServiceRegistry(  734): 	at android.app.SystemServiceRegistry$72.createService(SystemServiceRegistry.java:993)
07-23 14:41:17.909 E/SystemServiceRegistry(  734): 	at android.app.SystemServiceRegistry$72.createService(SystemServiceRegistry.java:987)
07-23 14:41:17.909 E/SystemServiceRegistry(  734): 	at android.app.SystemServiceRegistry$CachedServiceFetcher.getService(SystemServiceRegistry.java:2343)
07-23 14:41:17.909 E/SystemServiceRegistry(  734): 	at android.app.SystemServiceRegistry.getSystemService(SystemServiceRegistry.java:1918)
07-23 14:41:17.909 E/SystemServiceRegistry(  734): 	at android.app.ContextImpl.getSystemService(ContextImpl.java:2315)
07-23 14:41:17.909 E/SystemServiceRegistry(  734): 	at android.content.Context.getSystemService(Context.java:4630)
07-23 14:41:17.909 E/SystemServiceRegistry(  734): 	at com.android.server.biometrics.AuthenticationStatsCollector.<init>(AuthenticationStatsCollector.java:119)
07-23 14:41:17.909 E/SystemServiceRegistry(  734): 	at com.android.server.biometrics.AuthenticationStatsBroadcastReceiver.onReceive(AuthenticationStatsBroadcastReceiver.java:66)
07-23 14:41:17.909 E/SystemServiceRegistry(  734): 	at android.app.LoadedApk$ReceiverDispatcher$Args.lambda$getRunnable$0(LoadedApk.java:1839)
07-23 14:41:17.909 E/SystemServiceRegistry(  734): 	at android.app.LoadedApk$ReceiverDispatcher$Args.$r8$lambda$mcNAAl1SQ4MyJPyDg8TJ2x2h0Rk(Unknown Source:0)
07-23 14:41:17.909 E/SystemServiceRegistry(  734): 	at android.app.LoadedApk$ReceiverDispatcher$Args$$ExternalSyntheticLambda0.run(D8$$SyntheticClass:0)
07-23 14:41:17.909 E/SystemServiceRegistry(  734): 	at android.os.Handler.handleCallback(Handler.java:995)
07-23 14:41:17.909 E/SystemServiceRegistry(  734): 	at android.os.Handler.dispatchMessage(Handler.java:103)
07-23 14:41:17.909 E/SystemServiceRegistry(  734): 	at android.os.Looper.loopOnce(Looper.java:248)
07-23 14:41:17.909 E/SystemServiceRegistry(  734): 	at android.os.Looper.loop(Looper.java:338)
07-23 14:41:17.909 E/SystemServiceRegistry(  734): 	at com.android.server.SystemServer.run(SystemServer.java:1036)
07-23 14:41:17.909 E/SystemServiceRegistry(  734): 	at com.android.server.SystemServer.main(SystemServer.java:689)
07-23 14:41:17.909 E/SystemServiceRegistry(  734): 	at java.lang.reflect.Method.invoke(Native Method)
07-23 14:41:17.909 E/SystemServiceRegistry(  734): 	at com.android.internal.os.RuntimeInit$MethodAndArgsCaller.run(RuntimeInit.java:593)
07-23 14:41:17.909 E/SystemServiceRegistry(  734): 	at com.android.internal.os.ZygoteInit.main(ZygoteInit.java:910)
07-23 14:41:17.909 E/SystemServiceRegistry(  734): Manager wrapper not available: face
07-23 14:41:18.057 E/RoleControllerServiceImpl(  734): Default/fallback role holder package doesn't qualify for the role, package: com.google.android.gms.supervision, role: android.app.role.SYSTEM_SUPERVISION
07-23 14:41:18.109 E/RoleControllerServiceImpl(  734): Default/fallback role holder package doesn't qualify for the role, package: com.google.android.gms, role: android.app.role.SYSTEM_DEPENDENCY_INSTALLER
07-23 14:41:18.280 E/SystemServiceRegistry( 1320): No service published for: ethernet
07-23 14:41:18.280 E/SystemServiceRegistry( 1320): android.os.ServiceManager$ServiceNotFoundException: No service published for: ethernet
07-23 14:41:18.280 E/SystemServiceRegistry( 1320): 	at android.os.ServiceManager.getServiceOrThrow(ServiceManager.java:203)
07-23 14:41:18.280 E/SystemServiceRegistry( 1320): 	at android.app.SystemServiceRegistry$149.createService(SystemServiceRegistry.java:2232)
07-23 14:41:18.280 E/SystemServiceRegistry( 1320): 	at android.app.SystemServiceRegistry$CachedServiceFetcher.getService(SystemServiceRegistry.java:2343)
07-23 14:41:18.280 E/SystemServiceRegistry( 1320): 	at android.app.SystemServiceRegistry.getSystemService(SystemServiceRegistry.java:1918)
07-23 14:41:18.280 E/SystemServiceRegistry( 1320): 	at android.app.ContextImpl.getSystemService(ContextImpl.java:2315)
07-23 14:41:18.280 E/SystemServiceRegistry( 1320): 	at android.content.ContextWrapper.getSystemService(ContextWrapper.java:964)
07-23 14:41:18.280 E/SystemServiceRegistry( 1320): 	at com.android.networkstack.tethering.Tethering.isEthernetSupported(Tethering.java:1862)
07-23 14:41:18.280 E/SystemServiceRegistry( 1320): 	at com.android.networkstack.tethering.Tethering.makeSupportedDownstreams(Tethering.java:2843)
07-23 14:41:18.280 E/SystemServiceRegistry( 1320): 	at com.android.networkstack.tethering.Tethering.updateSupportedDownstreams(Tethering.java:2817)
07-23 14:41:18.280 E/SystemServiceRegistry( 1320): 	at com.android.networkstack.tethering.Tethering.updateConfiguration(Tethering.java:564)
07-23 14:41:18.280 E/SystemServiceRegistry( 1320): 	at com.android.networkstack.tethering.Tethering.-$$Nest$mupdateConfiguration(Tethering.java:0)
07-23 14:41:18.280 E/SystemServiceRegistry( 1320): 	at com.android.networkstack.tethering.Tethering$StateReceiver.onReceive(Tethering.java:1396)
07-23 14:41:18.280 E/SystemServiceRegistry( 1320): 	at android.app.LoadedApk$ReceiverDispatcher$Args.lambda$getRunnable$0(LoadedApk.java:1839)
07-23 14:41:18.280 E/SystemServiceRegistry( 1320): 	at android.app.LoadedApk$ReceiverDispatcher$Args.$r8$lambda$mcNAAl1SQ4MyJPyDg8TJ2x2h0Rk(Unknown Source:0)
