07-23 23:28:48.024   734   786 E BluetoothPowerStatsCollector: 	at com.android.server.power.stats.BluetoothPowerStatsCollector.collectStats(BluetoothPowerStatsCollector.java:155)
07-23 23:28:48.024   734   786 E BluetoothPowerStatsCollector: 	at com.android.server.power.stats.PowerStatsCollector.collectAndDeliverStats(PowerStatsCollector.java:176)
07-23 23:28:48.024   734   786 E BluetoothPowerStatsCollector: 	at com.android.server.power.stats.PowerStatsCollector$$ExternalSyntheticLambda0.run(R8$$SyntheticClass:0)
07-23 23:28:48.024   734   786 E BluetoothPowerStatsCollector: 	at android.os.Handler.handleCallback(Handler.java:995)
07-23 23:28:48.024   734   786 E BluetoothPowerStatsCollector: 	at android.os.Handler.dispatchMessage(Handler.java:103)
07-23 23:28:48.024   734   786 E BluetoothPowerStatsCollector: 	at android.os.Looper.loopOnce(Looper.java:248)
07-23 23:28:48.024   734   786 E BluetoothPowerStatsCollector: 	at android.os.Looper.loop(Looper.java:338)
07-23 23:28:48.024   734   786 E BluetoothPowerStatsCollector: 	at android.os.HandlerThread.run(HandlerThread.java:85)
07-23 23:28:48.024   734   786 E BluetoothPowerStatsCollector: Caused by: java.lang.RuntimeException: error: 11
07-23 23:28:48.024   734   786 E BluetoothPowerStatsCollector: 	at com.android.server.power.stats.BluetoothPowerStatsCollector$1.onBluetoothActivityEnergyInfoError(BluetoothPowerStatsCollector.java:181)
07-23 23:28:48.024   734   786 E BluetoothPowerStatsCollector: 	at android.bluetooth.BluetoothAdapter$OnBluetoothActivityEnergyInfoProxy.lambda$onBluetoothActivityEnergyInfoAvailable$0(BluetoothAdapter.java:1037)
07-23 23:28:48.024   734   786 E BluetoothPowerStatsCollector: 	at android.bluetooth.BluetoothAdapter$OnBluetoothActivityEnergyInfoProxy$$ExternalSyntheticLambda1.run(D8$$SyntheticClass:0)
07-23 23:28:48.024   734   786 E BluetoothPowerStatsCollector: 	at android.bluetooth.BluetoothUtils.lambda$executeFromBinder$0(BluetoothUtils.java:343)
07-23 23:28:48.024   734   786 E BluetoothPowerStatsCollector: 	at android.bluetooth.BluetoothUtils$$ExternalSyntheticLambda1.run(D8$$SyntheticClass:0)
07-23 23:28:48.024   734   786 E BluetoothPowerStatsCollector: 	at com.android.server.SystemServerInitThreadPool$$ExternalSyntheticLambda0.execute(R8$$SyntheticClass:0)
07-23 23:28:48.024   734   786 E BluetoothPowerStatsCollector: 	at android.bluetooth.BluetoothUtils.executeFromBinder(BluetoothUtils.java:343)
07-23 23:28:48.024   734   786 E BluetoothPowerStatsCollector: 	at android.bluetooth.BluetoothAdapter$OnBluetoothActivityEnergyInfoProxy.onBluetoothActivityEnergyInfoAvailable(BluetoothAdapter.java:1035)
07-23 23:28:48.024   734   786 E BluetoothPowerStatsCollector: 	at android.bluetooth.IBluetoothActivityEnergyInfoListener$Stub.onTransact(IBluetoothActivityEnergyInfoListener.java:98)
07-23 23:28:48.024   734   786 E BluetoothPowerStatsCollector: 	at android.os.Binder.execTransactInternal(Binder.java:1426)
07-23 23:28:48.024   734   786 E BluetoothPowerStatsCollector: 	at android.os.Binder.execTransact(Binder.java:1365)
07-23 23:31:09.016  3531  3531 E ConfigUpdater: Content download complete but local path is null, retrying.
07-23 23:37:45.718  1664  7408 E constellation: [rpc_manager] SetConsent failed with status: gykt{code=PERMISSION_DENIED, description=The caller does not have permission, cause=null}
07-23 23:37:45.718  1664  7408 E constellation: Exception: 
07-23 23:37:45.718  1664  7408 E constellation: gyku: PERMISSION_DENIED: The caller does not have permission
07-23 23:37:45.718  1664  7408 E constellation: 	at aswl.s(:com.google.android.gms@250734038@25.07.34 (260800-734679633):31)
07-23 23:37:45.718  1664  7408 E constellation: 	at aswl.f(:com.google.android.gms@250734038@25.07.34 (260800-734679633):98)
07-23 23:37:45.718  1664  7408 E constellation: 	at atnx.o(:com.google.android.gms@250734038@25.07.34 (260800-734679633):292)
07-23 23:37:45.718  1664  7408 E constellation: 	at atnx.t(:com.google.android.gms@250734038@25.07.34 (260800-734679633):126)
07-23 23:37:45.718  1664  7408 E constellation: 	at com.google.android.gms.constellation.EventManager.onHandleIntent(:com.google.android.gms@250734038@25.07.34 (260800-734679633):884)
07-23 23:37:45.718  1664  7408 E constellation: 	at com.google.android.chimera.IntentOperation.onHandleIntent(:com.google.android.gms@250734038@25.07.34 (260800-734679633):2)
07-23 23:37:45.718  1664  7408 E constellation: 	at aonz.onHandleIntent(:com.google.android.gms@250734038@25.07.34 (260800-734679633):8)
07-23 23:37:45.718  1664  7408 E constellation: 	at sfi.run(:com.google.android.gms@250734038@25.07.34 (260800-734679633):70)
07-23 23:37:45.718  1664  7408 E constellation: 	at sfh.run(:com.google.android.gms@250734038@25.07.34 (260800-734679633):152)
07-23 23:37:45.718  1664  7408 E constellation: 	at ffoo.run(:com.google.android.gms@250734038@25.07.34 (260800-734679633):21)
07-23 23:37:45.718  1664  7408 E constellation: 	at java.util.concurrent.ThreadPoolExecutor.runWorker(ThreadPoolExecutor.java:1156)
07-23 23:37:45.718  1664  7408 E constellation: 	at java.util.concurrent.ThreadPoolExecutor$Worker.run(ThreadPoolExecutor.java:651)
07-23 23:37:45.718  1664  7408 E constellation: 	at java.lang.Thread.run(Thread.java:1119)
07-23 23:37:45.721  1664  4617 E constellation: [api_set_asterism_consent] Verification exception:
07-23 23:37:45.721  1664  4617 E constellation: aubv: setConsent: The caller does not have permission []
07-23 23:37:45.721  1664  4617 E constellation: 	at atnx.o(:com.google.android.gms@250734038@25.07.34 (260800-734679633):529)
07-23 23:37:45.721  1664  4617 E constellation: 	at atnx.t(:com.google.android.gms@250734038@25.07.34 (260800-734679633):126)
07-23 23:37:45.721  1664  4617 E constellation: 	at com.google.android.gms.constellation.EventManager.onHandleIntent(:com.google.android.gms@250734038@25.07.34 (260800-734679633):884)
07-23 23:37:45.721  1664  4617 E constellation: 	at com.google.android.chimera.IntentOperation.onHandleIntent(:com.google.android.gms@250734038@25.07.34 (260800-734679633):2)
07-23 23:37:45.721  1664  4617 E constellation: 	at aonz.onHandleIntent(:com.google.android.gms@250734038@25.07.34 (260800-734679633):8)
07-23 23:37:45.721  1664  4617 E constellation: 	at sfi.run(:com.google.android.gms@250734038@25.07.34 (260800-734679633):70)
07-23 23:37:45.721  1664  4617 E constellation: 	at sfh.run(:com.google.android.gms@250734038@25.07.34 (260800-734679633):152)
07-23 23:37:45.721  1664  4617 E constellation: 	at ffoo.run(:com.google.android.gms@250734038@25.07.34 (260800-734679633):21)
07-23 23:37:45.721  1664  4617 E constellation: 	at java.util.concurrent.ThreadPoolExecutor.runWorker(ThreadPoolExecutor.java:1156)
07-23 23:37:45.721  1664  4617 E constellation: 	at java.util.concurrent.ThreadPoolExecutor$Worker.run(ThreadPoolExecutor.java:651)
07-23 23:37:45.721  1664  4617 E constellation: 	at java.lang.Thread.run(Thread.java:1119)
07-23 23:37:45.724  3759  4001 E Bugle   : SharedStorageInteractor: Security error,calling app is not whitelisted to access Bugle's data, uid: 10145
07-23 23:37:45.728  3759  4001 E BugleRcsEngine: Error while retrieving RcsProvisioningRcsDefaultOnConfiguration from Bugle storage. [CONTEXT log_prefix="ProvisioningEngineDataRetriever" thread_id=89 ]
07-23 23:37:45.728  3759  4001 E BugleRcsEngine: dlei: ContentProvider request failed, failureReason: UID_NOT_VERIFIED_ERROR
07-23 23:37:45.728  3759  4001 E BugleRcsEngine: 	at dlej.f(PG:134)
07-23 23:37:45.728  3759  4001 E BugleRcsEngine: 	at dlej.h(PG:14)
07-23 23:37:45.728  3759  4001 E BugleRcsEngine: 	at dlej.n(PG:7)
07-23 23:37:45.728  3759  4001 E BugleRcsEngine: 	at dkov.e(PG:7)
07-23 23:37:45.728  3759  4001 E BugleRcsEngine: 	at dkgu.a(PG:3)
07-23 23:37:45.728  3759  4001 E BugleRcsEngine: 	at dkgo.i(PG:9)
07-23 23:37:45.728  3759  4001 E BugleRcsEngine: 	at dkgh.apply(PG:8)
07-23 23:37:45.728  3759  4001 E BugleRcsEngine: 	at elyn.hx(PG:7)
07-23 23:37:45.728  3759  4001 E BugleRcsEngine: 	at esdg.run(PG:19)
07-23 23:37:45.728  3759  4001 E BugleRcsEngine: 	at escj.execute(PG:1)
07-23 23:37:45.728  3759  4001 E BugleRcsEngine: 	at elyr.execute(PG:18)
07-23 23:37:45.728  3759  4001 E BugleRcsEngine: 	at esak.f(PG:1)
07-23 23:37:45.728  3759  4001 E BugleRcsEngine: 	at esak.k(PG:93)
07-23 23:37:45.728  3759  4001 E BugleRcsEngine: 	at esak.setException(PG:17)
07-23 23:37:45.728  3759  4001 E BugleRcsEngine: 	at esas.run(PG:77)
07-23 23:37:45.728  3759  4001 E BugleRcsEngine: 	at escj.execute(PG:1)
07-23 23:37:45.728  3759  4001 E BugleRcsEngine: 	at esak.f(PG:1)
07-23 23:37:45.728  3759  4001 E BugleRcsEngine: 	at esak.k(PG:93)
07-23 23:37:45.728  3759  4001 E BugleRcsEngine: 	at esak.setException(PG:17)
07-23 23:37:45.728  3759  4001 E BugleRcsEngine: 	at duxh.a(PG:35)
07-23 23:37:45.728  3759  4001 E BugleRcsEngine: 	at dich.run(PG:10)
07-23 23:37:45.728  3759  4001 E BugleRcsEngine: 	at escj.execute(PG:1)
07-23 23:37:45.728  3759  4001 E BugleRcsEngine: 	at dici.c(PG:12)
07-23 23:37:45.728  3759  4001 E BugleRcsEngine: 	at dicx.b(PG:36)
07-23 23:37:45.728  3759  4001 E BugleRcsEngine: 	at didd.u(PG:20)
07-23 23:37:45.728  3759  4001 E BugleRcsEngine: 	at dicz.a(PG:3)
07-23 23:37:45.728  3759  4001 E BugleRcsEngine: 	at dghd.b(PG:15)
07-23 23:37:45.728  3759  4001 E BugleRcsEngine: 	at dfld.onConsentRegistered(PG:3)
07-23 23:37:45.728  3759  4001 E BugleRcsEngine: 	at com.google.android.gms.asterism.internal.IAsterismCallbacks$Stub.dispatchTransaction(PG:28)
07-23 23:37:45.728  3759  4001 E BugleRcsEngine: 	at com.google.android.aidl.BaseStub.onTransact(PG:13)
07-23 23:37:45.728  3759  4001 E BugleRcsEngine: 	at android.os.Binder.execTransactInternal(Binder.java:1426)
07-23 23:37:45.728  3759  4001 E BugleRcsEngine: 	at android.os.Binder.execTransact(Binder.java:1365)
07-23 23:38:44.676   734   786 E BluetoothPowerStatsCollector: Cannot acquire BluetoothActivityEnergyInfo
07-23 23:38:44.676   734   786 E BluetoothPowerStatsCollector: java.util.concurrent.ExecutionException: java.lang.RuntimeException: error: 11
07-23 23:38:44.676   734   786 E BluetoothPowerStatsCollector: 	at java.util.concurrent.CompletableFuture.reportGet(CompletableFuture.java:372)
07-23 23:38:44.676   734   786 E BluetoothPowerStatsCollector: 	at java.util.concurrent.CompletableFuture.get(CompletableFuture.java:2072)
07-23 23:38:44.676   734   786 E BluetoothPowerStatsCollector: 	at com.android.server.power.stats.BluetoothPowerStatsCollector.collectBluetoothActivityInfo(BluetoothPowerStatsCollector.java:192)
07-23 23:38:44.676   734   786 E BluetoothPowerStatsCollector: 	at com.android.server.power.stats.BluetoothPowerStatsCollector.collectStats(BluetoothPowerStatsCollector.java:155)
07-23 23:38:44.676   734   786 E BluetoothPowerStatsCollector: 	at com.android.server.power.stats.PowerStatsCollector.collectAndDeliverStats(PowerStatsCollector.java:176)
07-23 23:38:44.676   734   786 E BluetoothPowerStatsCollector: 	at com.android.server.power.stats.PowerStatsCollector$$ExternalSyntheticLambda0.run(R8$$SyntheticClass:0)
07-23 23:38:44.676   734   786 E BluetoothPowerStatsCollector: 	at android.os.Handler.handleCallback(Handler.java:995)
07-23 23:38:44.676   734   786 E BluetoothPowerStatsCollector: 	at android.os.Handler.dispatchMessage(Handler.java:103)
07-23 23:38:44.676   734   786 E BluetoothPowerStatsCollector: 	at android.os.Looper.loopOnce(Looper.java:248)
07-23 23:38:44.676   734   786 E BluetoothPowerStatsCollector: 	at android.os.Looper.loop(Looper.java:338)
07-23 23:38:44.676   734   786 E BluetoothPowerStatsCollector: 	at android.os.HandlerThread.run(HandlerThread.java:85)
07-23 23:38:44.676   734   786 E BluetoothPowerStatsCollector: Caused by: java.lang.RuntimeException: error: 11
07-23 23:38:44.676   734   786 E BluetoothPowerStatsCollector: 	at com.android.server.power.stats.BluetoothPowerStatsCollector$1.onBluetoothActivityEnergyInfoError(BluetoothPowerStatsCollector.java:181)
07-23 23:38:44.676   734   786 E BluetoothPowerStatsCollector: 	at android.bluetooth.BluetoothAdapter$OnBluetoothActivityEnergyInfoProxy.lambda$onBluetoothActivityEnergyInfoAvailable$0(BluetoothAdapter.java:1037)
07-23 23:38:44.676   734   786 E BluetoothPowerStatsCollector: 	at android.bluetooth.BluetoothAdapter$OnBluetoothActivityEnergyInfoProxy$$ExternalSyntheticLambda1.run(D8$$SyntheticClass:0)
07-23 23:38:44.676   734   786 E BluetoothPowerStatsCollector: 	at android.bluetooth.BluetoothUtils.lambda$executeFromBinder$0(BluetoothUtils.java:343)
07-23 23:38:44.676   734   786 E BluetoothPowerStatsCollector: 	at android.bluetooth.BluetoothUtils$$ExternalSyntheticLambda1.run(D8$$SyntheticClass:0)
07-23 23:38:44.676   734   786 E BluetoothPowerStatsCollector: 	at com.android.server.SystemServerInitThreadPool$$ExternalSyntheticLambda0.execute(R8$$SyntheticClass:0)
07-23 23:38:44.676   734   786 E BluetoothPowerStatsCollector: 	at android.bluetooth.BluetoothUtils.executeFromBinder(BluetoothUtils.java:343)
07-23 23:38:44.676   734   786 E BluetoothPowerStatsCollector: 	at android.bluetooth.BluetoothAdapter$OnBluetoothActivityEnergyInfoProxy.onBluetoothActivityEnergyInfoAvailable(BluetoothAdapter.java:1035)
07-23 23:38:44.676   734   786 E BluetoothPowerStatsCollector: 	at android.bluetooth.IBluetoothActivityEnergyInfoListener$Stub.onTransact(IBluetoothActivityEnergyInfoListener.java:98)
07-23 23:38:44.676   734   786 E BluetoothPowerStatsCollector: 	at android.os.Binder.execTransactInternal(Binder.java:1426)
07-23 23:38:44.676   734   786 E BluetoothPowerStatsCollector: 	at android.os.Binder.execTransact(Binder.java:1365)
07-23 23:40:55.956  1556  7253 E GmsTaskScheduler: sendWakeUpEvent called on SchedulerClientBroadcastStrategy
07-23 23:41:17.804  1556  7253 E GmsTaskScheduler: sendWakeUpEvent called on SchedulerClientBroadcastStrategy
07-23 23:41:17.888  1556  7253 E GmsTaskScheduler: sendWakeUpEvent called on SchedulerClientBroadcastStrategy
07-23 23:41:48.592  1363  1546 E bluetooth: system/gd/os/linux_generic/files.cc:223 FileCreatedTime: unable to read '/data/misc/bluetooth/logs/btsnooz_hci.log' file metadata, error: No such file or directory
07-23 23:50:03.001   734   786 E BluetoothPowerStatsCollector: Cannot acquire BluetoothActivityEnergyInfo
07-23 23:50:03.001   734   786 E BluetoothPowerStatsCollector: java.util.concurrent.ExecutionException: java.lang.RuntimeException: error: 11
07-23 23:50:03.001   734   786 E BluetoothPowerStatsCollector: 	at java.util.concurrent.CompletableFuture.reportGet(CompletableFuture.java:372)
07-23 23:50:03.001   734   786 E BluetoothPowerStatsCollector: 	at java.util.concurrent.CompletableFuture.get(CompletableFuture.java:2072)
07-23 23:50:03.001   734   786 E BluetoothPowerStatsCollector: 	at com.android.server.power.stats.BluetoothPowerStatsCollector.collectBluetoothActivityInfo(BluetoothPowerStatsCollector.java:192)
07-23 23:50:03.001   734   786 E BluetoothPowerStatsCollector: 	at com.android.server.power.stats.BluetoothPowerStatsCollector.collectStats(BluetoothPowerStatsCollector.java:155)
07-23 23:50:03.001   734   786 E BluetoothPowerStatsCollector: 	at com.android.server.power.stats.PowerStatsCollector.collectAndDeliverStats(PowerStatsCollector.java:176)
07-23 23:50:03.001   734   786 E BluetoothPowerStatsCollector: 	at com.android.server.power.stats.PowerStatsCollector$$ExternalSyntheticLambda0.run(R8$$SyntheticClass:0)
07-23 23:50:03.001   734   786 E BluetoothPowerStatsCollector: 	at android.os.Handler.handleCallback(Handler.java:995)
07-23 23:50:03.001   734   786 E BluetoothPowerStatsCollector: 	at android.os.Handler.dispatchMessage(Handler.java:103)
07-23 23:50:03.001   734   786 E BluetoothPowerStatsCollector: 	at android.os.Looper.loopOnce(Looper.java:248)
07-23 23:50:03.001   734   786 E BluetoothPowerStatsCollector: 	at android.os.Looper.loop(Looper.java:338)
07-23 23:50:03.001   734   786 E BluetoothPowerStatsCollector: 	at android.os.HandlerThread.run(HandlerThread.java:85)
07-23 23:50:03.001   734   786 E BluetoothPowerStatsCollector: Caused by: java.lang.RuntimeException: error: 11
07-23 23:50:03.001   734   786 E BluetoothPowerStatsCollector: 	at com.android.server.power.stats.BluetoothPowerStatsCollector$1.onBluetoothActivityEnergyInfoError(BluetoothPowerStatsCollector.java:181)
07-23 23:50:03.001   734   786 E BluetoothPowerStatsCollector: 	at android.bluetooth.BluetoothAdapter$OnBluetoothActivityEnergyInfoProxy.lambda$onBluetoothActivityEnergyInfoAvailable$0(BluetoothAdapter.java:1037)
07-23 23:50:03.001   734   786 E BluetoothPowerStatsCollector: 	at android.bluetooth.BluetoothAdapter$OnBluetoothActivityEnergyInfoProxy$$ExternalSyntheticLambda1.run(D8$$SyntheticClass:0)
07-23 23:50:03.001   734   786 E BluetoothPowerStatsCollector: 	at android.bluetooth.BluetoothUtils.lambda$executeFromBinder$0(BluetoothUtils.java:343)
07-23 23:50:03.001   734   786 E BluetoothPowerStatsCollector: 	at android.bluetooth.BluetoothUtils$$ExternalSyntheticLambda1.run(D8$$SyntheticClass:0)
07-23 23:50:03.001   734   786 E BluetoothPowerStatsCollector: 	at com.android.server.SystemServerInitThreadPool$$ExternalSyntheticLambda0.execute(R8$$SyntheticClass:0)
07-23 23:50:03.001   734   786 E BluetoothPowerStatsCollector: 	at android.bluetooth.BluetoothUtils.executeFromBinder(BluetoothUtils.java:343)
07-23 23:50:03.001   734   786 E BluetoothPowerStatsCollector: 	at android.bluetooth.BluetoothAdapter$OnBluetoothActivityEnergyInfoProxy.onBluetoothActivityEnergyInfoAvailable(BluetoothAdapter.java:1035)
07-23 23:50:03.001   734   786 E BluetoothPowerStatsCollector: 	at android.bluetooth.IBluetoothActivityEnergyInfoListener$Stub.onTransact(IBluetoothActivityEnergyInfoListener.java:98)
07-23 23:50:03.001   734   786 E BluetoothPowerStatsCollector: 	at android.os.Binder.execTransactInternal(Binder.java:1426)
07-23 23:50:03.001   734   786 E BluetoothPowerStatsCollector: 	at android.os.Binder.execTransact(Binder.java:1365)
07-23 23:52:38.262  1556  6944 E GmsTaskScheduler: sendWakeUpEvent called on SchedulerClientBroadcastStrategy
07-23 23:52:38.262  1556  6944 E GmsTaskScheduler: sendWakeUpEvent called on SchedulerClientBroadcastStrategy
07-24 00:00:00.068   734   786 E BluetoothPowerStatsCollector: Cannot acquire BluetoothActivityEnergyInfo
07-24 00:00:00.068   734   786 E BluetoothPowerStatsCollector: java.util.concurrent.ExecutionException: java.lang.RuntimeException: error: 11
07-24 00:00:00.068   734   786 E BluetoothPowerStatsCollector: 	at java.util.concurrent.CompletableFuture.reportGet(CompletableFuture.java:372)
07-24 00:00:00.068   734   786 E BluetoothPowerStatsCollector: 	at java.util.concurrent.CompletableFuture.get(CompletableFuture.java:2072)
07-24 00:00:00.068   734   786 E BluetoothPowerStatsCollector: 	at com.android.server.power.stats.BluetoothPowerStatsCollector.collectBluetoothActivityInfo(BluetoothPowerStatsCollector.java:192)
07-24 00:00:00.068   734   786 E BluetoothPowerStatsCollector: 	at com.android.server.power.stats.BluetoothPowerStatsCollector.collectStats(BluetoothPowerStatsCollector.java:155)
07-24 00:00:00.068   734   786 E BluetoothPowerStatsCollector: 	at com.android.server.power.stats.PowerStatsCollector.collectAndDeliverStats(PowerStatsCollector.java:176)
07-24 00:00:00.068   734   786 E BluetoothPowerStatsCollector: 	at com.android.server.power.stats.PowerStatsCollector$$ExternalSyntheticLambda0.run(R8$$SyntheticClass:0)
07-24 00:00:00.068   734   786 E BluetoothPowerStatsCollector: 	at android.os.Handler.handleCallback(Handler.java:995)
07-24 00:00:00.068   734   786 E BluetoothPowerStatsCollector: 	at android.os.Handler.dispatchMessage(Handler.java:103)
07-24 00:00:00.068   734   786 E BluetoothPowerStatsCollector: 	at android.os.Looper.loopOnce(Looper.java:248)
07-24 00:00:00.068   734   786 E BluetoothPowerStatsCollector: 	at android.os.Looper.loop(Looper.java:338)
07-24 00:00:00.068   734   786 E BluetoothPowerStatsCollector: 	at android.os.HandlerThread.run(HandlerThread.java:85)
07-24 00:00:00.068   734   786 E BluetoothPowerStatsCollector: Caused by: java.lang.RuntimeException: error: 11
07-24 00:00:00.068   734   786 E BluetoothPowerStatsCollector: 	at com.android.server.power.stats.BluetoothPowerStatsCollector$1.onBluetoothActivityEnergyInfoError(BluetoothPowerStatsCollector.java:181)
07-24 00:00:00.068   734   786 E BluetoothPowerStatsCollector: 	at android.bluetooth.BluetoothAdapter$OnBluetoothActivityEnergyInfoProxy.lambda$onBluetoothActivityEnergyInfoAvailable$0(BluetoothAdapter.java:1037)
07-24 00:00:00.068   734   786 E BluetoothPowerStatsCollector: 	at android.bluetooth.BluetoothAdapter$OnBluetoothActivityEnergyInfoProxy$$ExternalSyntheticLambda1.run(D8$$SyntheticClass:0)
07-24 00:00:00.068   734   786 E BluetoothPowerStatsCollector: 	at android.bluetooth.BluetoothUtils.lambda$executeFromBinder$0(BluetoothUtils.java:343)
07-24 00:00:00.068   734   786 E BluetoothPowerStatsCollector: 	at android.bluetooth.BluetoothUtils$$ExternalSyntheticLambda1.run(D8$$SyntheticClass:0)
07-24 00:00:00.068   734   786 E BluetoothPowerStatsCollector: 	at com.android.server.SystemServerInitThreadPool$$ExternalSyntheticLambda0.execute(R8$$SyntheticClass:0)
07-24 00:00:00.068   734   786 E BluetoothPowerStatsCollector: 	at android.bluetooth.BluetoothUtils.executeFromBinder(BluetoothUtils.java:343)
07-24 00:00:00.068   734   786 E BluetoothPowerStatsCollector: 	at android.bluetooth.BluetoothAdapter$OnBluetoothActivityEnergyInfoProxy.onBluetoothActivityEnergyInfoAvailable(BluetoothAdapter.java:1035)
07-24 00:00:00.068   734   786 E BluetoothPowerStatsCollector: 	at android.bluetooth.IBluetoothActivityEnergyInfoListener$Stub.onTransact(IBluetoothActivityEnergyInfoListener.java:98)
07-24 00:00:00.068   734   786 E BluetoothPowerStatsCollector: 	at android.os.Binder.execTransactInternal(Binder.java:1426)
07-24 00:00:00.068   734   786 E BluetoothPowerStatsCollector: 	at android.os.Binder.execTransact(Binder.java:1365)
07-24 00:00:00.149   734   786 E BluetoothPowerStatsCollector: Cannot acquire BluetoothActivityEnergyInfo
07-24 00:00:00.149   734   786 E BluetoothPowerStatsCollector: java.util.concurrent.ExecutionException: java.lang.RuntimeException: error: 11
07-24 00:00:00.149   734   786 E BluetoothPowerStatsCollector: 	at java.util.concurrent.CompletableFuture.reportGet(CompletableFuture.java:372)
07-24 00:00:00.149   734   786 E BluetoothPowerStatsCollector: 	at java.util.concurrent.CompletableFuture.get(CompletableFuture.java:2072)
07-24 00:00:00.149   734   786 E BluetoothPowerStatsCollector: 	at com.android.server.power.stats.BluetoothPowerStatsCollector.collectBluetoothActivityInfo(BluetoothPowerStatsCollector.java:192)
07-24 00:00:00.149   734   786 E BluetoothPowerStatsCollector: 	at com.android.server.power.stats.BluetoothPowerStatsCollector.collectStats(BluetoothPowerStatsCollector.java:155)
07-24 00:00:00.149   734   786 E BluetoothPowerStatsCollector: 	at com.android.server.power.stats.PowerStatsCollector.collectAndDeliverStats(PowerStatsCollector.java:176)
07-24 00:00:00.149   734   786 E BluetoothPowerStatsCollector: 	at com.android.server.power.stats.PowerStatsCollector$$ExternalSyntheticLambda0.run(R8$$SyntheticClass:0)
07-24 00:00:00.149   734   786 E BluetoothPowerStatsCollector: 	at android.os.Handler.handleCallback(Handler.java:995)
07-24 00:00:00.149   734   786 E BluetoothPowerStatsCollector: 	at android.os.Handler.dispatchMessage(Handler.java:103)
07-24 00:00:00.149   734   786 E BluetoothPowerStatsCollector: 	at android.os.Looper.loopOnce(Looper.java:248)
07-24 00:00:00.149   734   786 E BluetoothPowerStatsCollector: 	at android.os.Looper.loop(Looper.java:338)
07-24 00:00:00.149   734   786 E BluetoothPowerStatsCollector: 	at android.os.HandlerThread.run(HandlerThread.java:85)
07-24 00:00:00.149   734   786 E BluetoothPowerStatsCollector: Caused by: java.lang.RuntimeException: error: 11
07-24 00:00:00.149   734   786 E BluetoothPowerStatsCollector: 	at com.android.server.power.stats.BluetoothPowerStatsCollector$1.onBluetoothActivityEnergyInfoError(BluetoothPowerStatsCollector.java:181)
07-24 00:00:00.149   734   786 E BluetoothPowerStatsCollector: 	at android.bluetooth.BluetoothAdapter$OnBluetoothActivityEnergyInfoProxy.lambda$onBluetoothActivityEnergyInfoAvailable$0(BluetoothAdapter.java:1037)
07-24 00:00:00.149   734   786 E BluetoothPowerStatsCollector: 	at android.bluetooth.BluetoothAdapter$OnBluetoothActivityEnergyInfoProxy$$ExternalSyntheticLambda1.run(D8$$SyntheticClass:0)
07-24 00:00:00.149   734   786 E BluetoothPowerStatsCollector: 	at android.bluetooth.BluetoothUtils.lambda$executeFromBinder$0(BluetoothUtils.java:343)
07-24 00:00:00.149   734   786 E BluetoothPowerStatsCollector: 	at android.bluetooth.BluetoothUtils$$ExternalSyntheticLambda1.run(D8$$SyntheticClass:0)
07-24 00:00:00.149   734   786 E BluetoothPowerStatsCollector: 	at com.android.server.SystemServerInitThreadPool$$ExternalSyntheticLambda0.execute(R8$$SyntheticClass:0)
07-24 00:00:00.149   734   786 E BluetoothPowerStatsCollector: 	at android.bluetooth.BluetoothUtils.executeFromBinder(BluetoothUtils.java:343)
07-24 00:00:00.149   734   786 E BluetoothPowerStatsCollector: 	at android.bluetooth.BluetoothAdapter$OnBluetoothActivityEnergyInfoProxy.onBluetoothActivityEnergyInfoAvailable(BluetoothAdapter.java:1035)
07-24 00:00:00.149   734   786 E BluetoothPowerStatsCollector: 	at android.bluetooth.IBluetoothActivityEnergyInfoListener$Stub.onTransact(IBluetoothActivityEnergyInfoListener.java:98)
07-24 00:00:00.149   734   786 E BluetoothPowerStatsCollector: 	at android.os.Binder.execTransactInternal(Binder.java:1426)
07-24 00:00:00.149   734   786 E BluetoothPowerStatsCollector: 	at android.os.Binder.execTransact(Binder.java:1365)
07-24 00:00:00.156   734   786 E BluetoothPowerStatsCollector: Cannot acquire BluetoothActivityEnergyInfo
07-24 00:00:00.156   734   786 E BluetoothPowerStatsCollector: java.util.concurrent.ExecutionException: java.lang.RuntimeException: error: 11
07-24 00:00:00.156   734   786 E BluetoothPowerStatsCollector: 	at java.util.concurrent.CompletableFuture.reportGet(CompletableFuture.java:372)
07-24 00:00:00.156   734   786 E BluetoothPowerStatsCollector: 	at java.util.concurrent.CompletableFuture.get(CompletableFuture.java:2072)
07-24 00:00:00.156   734   786 E BluetoothPowerStatsCollector: 	at com.android.server.power.stats.BluetoothPowerStatsCollector.collectBluetoothActivityInfo(BluetoothPowerStatsCollector.java:192)
07-24 00:00:00.156   734   786 E BluetoothPowerStatsCollector: 	at com.android.server.power.stats.BluetoothPowerStatsCollector.collectStats(BluetoothPowerStatsCollector.java:155)
07-24 00:00:00.156   734   786 E BluetoothPowerStatsCollector: 	at com.android.server.power.stats.PowerStatsCollector.collectAndDeliverStats(PowerStatsCollector.java:176)
07-24 00:00:00.156   734   786 E BluetoothPowerStatsCollector: 	at com.android.server.power.stats.PowerStatsCollector$$ExternalSyntheticLambda0.run(R8$$SyntheticClass:0)
07-24 00:00:00.156   734   786 E BluetoothPowerStatsCollector: 	at android.os.Handler.handleCallback(Handler.java:995)
07-24 00:00:00.156   734   786 E BluetoothPowerStatsCollector: 	at android.os.Handler.dispatchMessage(Handler.java:103)
07-24 00:00:00.156   734   786 E BluetoothPowerStatsCollector: 	at android.os.Looper.loopOnce(Looper.java:248)
07-24 00:00:00.156   734   786 E BluetoothPowerStatsCollector: 	at android.os.Looper.loop(Looper.java:338)
07-24 00:00:00.156   734   786 E BluetoothPowerStatsCollector: 	at android.os.HandlerThread.run(HandlerThread.java:85)
07-24 00:00:00.156   734   786 E BluetoothPowerStatsCollector: Caused by: java.lang.RuntimeException: error: 11
07-24 00:00:00.156   734   786 E BluetoothPowerStatsCollector: 	at com.android.server.power.stats.BluetoothPowerStatsCollector$1.onBluetoothActivityEnergyInfoError(BluetoothPowerStatsCollector.java:181)
07-24 00:00:00.156   734   786 E BluetoothPowerStatsCollector: 	at android.bluetooth.BluetoothAdapter$OnBluetoothActivityEnergyInfoProxy.lambda$onBluetoothActivityEnergyInfoAvailable$0(BluetoothAdapter.java:1037)
07-24 00:00:00.156   734   786 E BluetoothPowerStatsCollector: 	at android.bluetooth.BluetoothAdapter$OnBluetoothActivityEnergyInfoProxy$$ExternalSyntheticLambda1.run(D8$$SyntheticClass:0)
07-24 00:00:00.156   734   786 E BluetoothPowerStatsCollector: 	at android.bluetooth.BluetoothUtils.lambda$executeFromBinder$0(BluetoothUtils.java:343)
07-24 00:00:00.156   734   786 E BluetoothPowerStatsCollector: 	at android.bluetooth.BluetoothUtils$$ExternalSyntheticLambda1.run(D8$$SyntheticClass:0)
07-24 00:00:00.156   734   786 E BluetoothPowerStatsCollector: 	at com.android.server.SystemServerInitThreadPool$$ExternalSyntheticLambda0.execute(R8$$SyntheticClass:0)
07-24 00:00:00.156   734   786 E BluetoothPowerStatsCollector: 	at android.bluetooth.BluetoothUtils.executeFromBinder(BluetoothUtils.java:343)
07-24 00:00:00.156   734   786 E BluetoothPowerStatsCollector: 	at android.bluetooth.BluetoothAdapter$OnBluetoothActivityEnergyInfoProxy.onBluetoothActivityEnergyInfoAvailable(BluetoothAdapter.java:1035)
07-24 00:00:00.156   734   786 E BluetoothPowerStatsCollector: 	at android.bluetooth.IBluetoothActivityEnergyInfoListener$Stub.onTransact(IBluetoothActivityEnergyInfoListener.java:98)
07-24 00:00:00.156   734   786 E BluetoothPowerStatsCollector: 	at android.os.Binder.execTransactInternal(Binder.java:1426)
07-24 00:00:00.156   734   786 E BluetoothPowerStatsCollector: 	at android.os.Binder.execTransact(Binder.java:1365)
07-24 00:05:28.283  1556  7480 E GmsTaskScheduler: sendWakeUpEvent called on SchedulerClientBroadcastStrategy
07-24 00:05:28.355  1556  7480 E GmsTaskScheduler: sendWakeUpEvent called on SchedulerClientBroadcastStrategy
07-24 00:10:17.991   734   786 E BluetoothPowerStatsCollector: Cannot acquire BluetoothActivityEnergyInfo
07-24 00:10:17.991   734   786 E BluetoothPowerStatsCollector: java.util.concurrent.ExecutionException: java.lang.RuntimeException: error: 11
07-24 00:10:17.991   734   786 E BluetoothPowerStatsCollector: 	at java.util.concurrent.CompletableFuture.reportGet(CompletableFuture.java:372)
07-24 00:10:17.991   734   786 E BluetoothPowerStatsCollector: 	at java.util.concurrent.CompletableFuture.get(CompletableFuture.java:2072)
07-24 00:10:17.991   734   786 E BluetoothPowerStatsCollector: 	at com.android.server.power.stats.BluetoothPowerStatsCollector.collectBluetoothActivityInfo(BluetoothPowerStatsCollector.java:192)
07-24 00:10:17.991   734   786 E BluetoothPowerStatsCollector: 	at com.android.server.power.stats.BluetoothPowerStatsCollector.collectStats(BluetoothPowerStatsCollector.java:155)
07-24 00:10:17.991   734   786 E BluetoothPowerStatsCollector: 	at com.android.server.power.stats.PowerStatsCollector.collectAndDeliverStats(PowerStatsCollector.java:176)
07-24 00:10:17.991   734   786 E BluetoothPowerStatsCollector: 	at com.android.server.power.stats.PowerStatsCollector$$ExternalSyntheticLambda0.run(R8$$SyntheticClass:0)
07-24 00:10:17.991   734   786 E BluetoothPowerStatsCollector: 	at android.os.Handler.handleCallback(Handler.java:995)
07-24 00:10:17.991   734   786 E BluetoothPowerStatsCollector: 	at android.os.Handler.dispatchMessage(Handler.java:103)
07-24 00:10:17.991   734   786 E BluetoothPowerStatsCollector: 	at android.os.Looper.loopOnce(Looper.java:248)
07-24 00:10:17.991   734   786 E BluetoothPowerStatsCollector: 	at android.os.Looper.loop(Looper.java:338)
07-24 00:10:17.991   734   786 E BluetoothPowerStatsCollector: 	at android.os.HandlerThread.run(HandlerThread.java:85)
07-24 00:10:17.991   734   786 E BluetoothPowerStatsCollector: Caused by: java.lang.RuntimeException: error: 11
07-24 00:10:17.991   734   786 E BluetoothPowerStatsCollector: 	at com.android.server.power.stats.BluetoothPowerStatsCollector$1.onBluetoothActivityEnergyInfoError(BluetoothPowerStatsCollector.java:181)
07-24 00:10:17.991   734   786 E BluetoothPowerStatsCollector: 	at android.bluetooth.BluetoothAdapter$OnBluetoothActivityEnergyInfoProxy.lambda$onBluetoothActivityEnergyInfoAvailable$0(BluetoothAdapter.java:1037)
07-24 00:10:17.991   734   786 E BluetoothPowerStatsCollector: 	at android.bluetooth.BluetoothAdapter$OnBluetoothActivityEnergyInfoProxy$$ExternalSyntheticLambda1.run(D8$$SyntheticClass:0)
07-24 00:10:17.991   734   786 E BluetoothPowerStatsCollector: 	at android.bluetooth.BluetoothUtils.lambda$executeFromBinder$0(BluetoothUtils.java:343)
07-24 00:10:17.991   734   786 E BluetoothPowerStatsCollector: 	at android.bluetooth.BluetoothUtils$$ExternalSyntheticLambda1.run(D8$$SyntheticClass:0)
07-24 00:10:17.991   734   786 E BluetoothPowerStatsCollector: 	at com.android.server.SystemServerInitThreadPool$$ExternalSyntheticLambda0.execute(R8$$SyntheticClass:0)
07-24 00:10:17.991   734   786 E BluetoothPowerStatsCollector: 	at android.bluetooth.BluetoothUtils.executeFromBinder(BluetoothUtils.java:343)
07-24 00:10:17.991   734   786 E BluetoothPowerStatsCollector: 	at android.bluetooth.BluetoothAdapter$OnBluetoothActivityEnergyInfoProxy.onBluetoothActivityEnergyInfoAvailable(BluetoothAdapter.java:1035)
07-24 00:10:17.991   734   786 E BluetoothPowerStatsCollector: 	at android.bluetooth.IBluetoothActivityEnergyInfoListener$Stub.onTransact(IBluetoothActivityEnergyInfoListener.java:98)
07-24 00:10:17.991   734   786 E BluetoothPowerStatsCollector: 	at android.os.Binder.execTransactInternal(Binder.java:1426)
07-24 00:10:17.991   734   786 E BluetoothPowerStatsCollector: 	at android.os.Binder.execTransact(Binder.java:1365)
07-24 00:18:18.368  1556  7524 E GmsTaskScheduler: sendWakeUpEvent called on SchedulerClientBroadcastStrategy
07-24 00:18:18.442  1556  7524 E GmsTaskScheduler: sendWakeUpEvent called on SchedulerClientBroadcastStrategy
07-24 00:27:14.135   734   786 E BluetoothPowerStatsCollector: Cannot acquire BluetoothActivityEnergyInfo
07-24 00:27:14.135   734   786 E BluetoothPowerStatsCollector: java.util.concurrent.ExecutionException: java.lang.RuntimeException: error: 11
07-24 00:27:14.135   734   786 E BluetoothPowerStatsCollector: 	at java.util.concurrent.CompletableFuture.reportGet(CompletableFuture.java:372)
07-24 00:27:14.135   734   786 E BluetoothPowerStatsCollector: 	at java.util.concurrent.CompletableFuture.get(CompletableFuture.java:2072)
07-24 00:27:14.135   734   786 E BluetoothPowerStatsCollector: 	at com.android.server.power.stats.BluetoothPowerStatsCollector.collectBluetoothActivityInfo(BluetoothPowerStatsCollector.java:192)
07-24 00:27:14.135   734   786 E BluetoothPowerStatsCollector: 	at com.android.server.power.stats.BluetoothPowerStatsCollector.collectStats(BluetoothPowerStatsCollector.java:155)
07-24 00:27:14.135   734   786 E BluetoothPowerStatsCollector: 	at com.android.server.power.stats.PowerStatsCollector.collectAndDeliverStats(PowerStatsCollector.java:176)
07-24 00:27:14.135   734   786 E BluetoothPowerStatsCollector: 	at com.android.server.power.stats.PowerStatsCollector$$ExternalSyntheticLambda0.run(R8$$SyntheticClass:0)
07-24 00:27:14.135   734   786 E BluetoothPowerStatsCollector: 	at android.os.Handler.handleCallback(Handler.java:995)
07-24 00:27:14.135   734   786 E BluetoothPowerStatsCollector: 	at android.os.Handler.dispatchMessage(Handler.java:103)
07-24 00:27:14.135   734   786 E BluetoothPowerStatsCollector: 	at android.os.Looper.loopOnce(Looper.java:248)
07-24 00:27:14.135   734   786 E BluetoothPowerStatsCollector: 	at android.os.Looper.loop(Looper.java:338)
07-24 00:27:14.135   734   786 E BluetoothPowerStatsCollector: 	at android.os.HandlerThread.run(HandlerThread.java:85)
07-24 00:27:14.135   734   786 E BluetoothPowerStatsCollector: Caused by: java.lang.RuntimeException: error: 11
07-24 00:27:14.135   734   786 E BluetoothPowerStatsCollector: 	at com.android.server.power.stats.BluetoothPowerStatsCollector$1.onBluetoothActivityEnergyInfoError(BluetoothPowerStatsCollector.java:181)
07-24 00:27:14.135   734   786 E BluetoothPowerStatsCollector: 	at android.bluetooth.BluetoothAdapter$OnBluetoothActivityEnergyInfoProxy.lambda$onBluetoothActivityEnergyInfoAvailable$0(BluetoothAdapter.java:1037)
07-24 00:27:14.135   734   786 E BluetoothPowerStatsCollector: 	at android.bluetooth.BluetoothAdapter$OnBluetoothActivityEnergyInfoProxy$$ExternalSyntheticLambda1.run(D8$$SyntheticClass:0)
07-24 00:27:14.135   734   786 E BluetoothPowerStatsCollector: 	at android.bluetooth.BluetoothUtils.lambda$executeFromBinder$0(BluetoothUtils.java:343)
07-24 00:27:14.135   734   786 E BluetoothPowerStatsCollector: 	at android.bluetooth.BluetoothUtils$$ExternalSyntheticLambda1.run(D8$$SyntheticClass:0)
07-24 00:27:14.135   734   786 E BluetoothPowerStatsCollector: 	at com.android.server.SystemServerInitThreadPool$$ExternalSyntheticLambda0.execute(R8$$SyntheticClass:0)
07-24 00:27:14.135   734   786 E BluetoothPowerStatsCollector: 	at android.bluetooth.BluetoothUtils.executeFromBinder(BluetoothUtils.java:343)
07-24 00:27:14.135   734   786 E BluetoothPowerStatsCollector: 	at android.bluetooth.BluetoothAdapter$OnBluetoothActivityEnergyInfoProxy.onBluetoothActivityEnergyInfoAvailable(BluetoothAdapter.java:1035)
07-24 00:27:14.135   734   786 E BluetoothPowerStatsCollector: 	at android.bluetooth.IBluetoothActivityEnergyInfoListener$Stub.onTransact(IBluetoothActivityEnergyInfoListener.java:98)
07-24 00:27:14.135   734   786 E BluetoothPowerStatsCollector: 	at android.os.Binder.execTransactInternal(Binder.java:1426)
07-24 00:27:14.135   734   786 E BluetoothPowerStatsCollector: 	at android.os.Binder.execTransact(Binder.java:1365)
07-24 00:31:08.458  1556  7480 E GmsTaskScheduler: sendWakeUpEvent called on SchedulerClientBroadcastStrategy
07-24 00:31:08.532  1556  7480 E GmsTaskScheduler: sendWakeUpEvent called on SchedulerClientBroadcastStrategy
07-24 00:32:32.799   734   786 E BluetoothPowerStatsCollector: Cannot acquire BluetoothActivityEnergyInfo
07-24 00:32:32.799   734   786 E BluetoothPowerStatsCollector: java.util.concurrent.ExecutionException: java.lang.RuntimeException: error: 11
07-24 00:32:32.799   734   786 E BluetoothPowerStatsCollector: 	at java.util.concurrent.CompletableFuture.reportGet(CompletableFuture.java:372)
07-24 00:32:32.799   734   786 E BluetoothPowerStatsCollector: 	at java.util.concurrent.CompletableFuture.get(CompletableFuture.java:2072)
07-24 00:32:32.799   734   786 E BluetoothPowerStatsCollector: 	at com.android.server.power.stats.BluetoothPowerStatsCollector.collectBluetoothActivityInfo(BluetoothPowerStatsCollector.java:192)
07-24 00:32:32.799   734   786 E BluetoothPowerStatsCollector: 	at com.android.server.power.stats.BluetoothPowerStatsCollector.collectStats(BluetoothPowerStatsCollector.java:155)
07-24 00:32:32.799   734   786 E BluetoothPowerStatsCollector: 	at com.android.server.power.stats.PowerStatsCollector.collectAndDeliverStats(PowerStatsCollector.java:176)
07-24 00:32:32.799   734   786 E BluetoothPowerStatsCollector: 	at com.android.server.power.stats.PowerStatsCollector$$ExternalSyntheticLambda0.run(R8$$SyntheticClass:0)
07-24 00:32:32.799   734   786 E BluetoothPowerStatsCollector: 	at android.os.Handler.handleCallback(Handler.java:995)
07-24 00:32:32.799   734   786 E BluetoothPowerStatsCollector: 	at android.os.Handler.dispatchMessage(Handler.java:103)
07-24 00:32:32.799   734   786 E BluetoothPowerStatsCollector: 	at android.os.Looper.loopOnce(Looper.java:248)
07-24 00:32:32.799   734   786 E BluetoothPowerStatsCollector: 	at android.os.Looper.loop(Looper.java:338)
07-24 00:32:32.799   734   786 E BluetoothPowerStatsCollector: 	at android.os.HandlerThread.run(HandlerThread.java:85)
07-24 00:32:32.799   734   786 E BluetoothPowerStatsCollector: Caused by: java.lang.RuntimeException: error: 11
07-24 00:32:32.799   734   786 E BluetoothPowerStatsCollector: 	at com.android.server.power.stats.BluetoothPowerStatsCollector$1.onBluetoothActivityEnergyInfoError(BluetoothPowerStatsCollector.java:181)
07-24 00:32:32.799   734   786 E BluetoothPowerStatsCollector: 	at android.bluetooth.BluetoothAdapter$OnBluetoothActivityEnergyInfoProxy.lambda$onBluetoothActivityEnergyInfoAvailable$0(BluetoothAdapter.java:1037)
07-24 00:32:32.799   734   786 E BluetoothPowerStatsCollector: 	at android.bluetooth.BluetoothAdapter$OnBluetoothActivityEnergyInfoProxy$$ExternalSyntheticLambda1.run(D8$$SyntheticClass:0)
07-24 00:32:32.799   734   786 E BluetoothPowerStatsCollector: 	at android.bluetooth.BluetoothUtils.lambda$executeFromBinder$0(BluetoothUtils.java:343)
07-24 00:32:32.799   734   786 E BluetoothPowerStatsCollector: 	at android.bluetooth.BluetoothUtils$$ExternalSyntheticLambda1.run(D8$$SyntheticClass:0)
07-24 00:32:32.799   734   786 E BluetoothPowerStatsCollector: 	at com.android.server.SystemServerInitThreadPool$$ExternalSyntheticLambda0.execute(R8$$SyntheticClass:0)
07-24 00:32:32.799   734   786 E BluetoothPowerStatsCollector: 	at android.bluetooth.BluetoothUtils.executeFromBinder(BluetoothUtils.java:343)
07-24 00:32:32.799   734   786 E BluetoothPowerStatsCollector: 	at android.bluetooth.BluetoothAdapter$OnBluetoothActivityEnergyInfoProxy.onBluetoothActivityEnergyInfoAvailable(BluetoothAdapter.java:1035)
07-24 00:32:32.799   734   786 E BluetoothPowerStatsCollector: 	at android.bluetooth.IBluetoothActivityEnergyInfoListener$Stub.onTransact(IBluetoothActivityEnergyInfoListener.java:98)
07-24 00:32:32.799   734   786 E BluetoothPowerStatsCollector: 	at android.os.Binder.execTransactInternal(Binder.java:1426)
07-24 00:32:32.799   734   786 E BluetoothPowerStatsCollector: 	at android.os.Binder.execTransact(Binder.java:1365)
07-24 00:32:50.785  3531  3531 E ConfigUpdater: Content download complete but local path is null, retrying.
07-24 00:35:21.381  3531  3531 E ConfigUpdater: Content download complete but local path is null, retrying.
07-24 00:40:18.052   734   786 E BluetoothPowerStatsCollector: Cannot acquire BluetoothActivityEnergyInfo
07-24 00:40:18.052   734   786 E BluetoothPowerStatsCollector: java.util.concurrent.ExecutionException: java.lang.RuntimeException: error: 11
07-24 00:40:18.052   734   786 E BluetoothPowerStatsCollector: 	at java.util.concurrent.CompletableFuture.reportGet(CompletableFuture.java:372)
07-24 00:40:18.052   734   786 E BluetoothPowerStatsCollector: 	at java.util.concurrent.CompletableFuture.get(CompletableFuture.java:2072)
07-24 00:40:18.052   734   786 E BluetoothPowerStatsCollector: 	at com.android.server.power.stats.BluetoothPowerStatsCollector.collectBluetoothActivityInfo(BluetoothPowerStatsCollector.java:192)
07-24 00:40:18.052   734   786 E BluetoothPowerStatsCollector: 	at com.android.server.power.stats.BluetoothPowerStatsCollector.collectStats(BluetoothPowerStatsCollector.java:155)
07-24 00:40:18.052   734   786 E BluetoothPowerStatsCollector: 	at com.android.server.power.stats.PowerStatsCollector.collectAndDeliverStats(PowerStatsCollector.java:176)
07-24 00:40:18.052   734   786 E BluetoothPowerStatsCollector: 	at com.android.server.power.stats.PowerStatsCollector$$ExternalSyntheticLambda0.run(R8$$SyntheticClass:0)
07-24 00:40:18.052   734   786 E BluetoothPowerStatsCollector: 	at android.os.Handler.handleCallback(Handler.java:995)
07-24 00:40:18.052   734   786 E BluetoothPowerStatsCollector: 	at android.os.Handler.dispatchMessage(Handler.java:103)
07-24 00:40:18.052   734   786 E BluetoothPowerStatsCollector: 	at android.os.Looper.loopOnce(Looper.java:248)
07-24 00:40:18.052   734   786 E BluetoothPowerStatsCollector: 	at android.os.Looper.loop(Looper.java:338)
07-24 00:40:18.052   734   786 E BluetoothPowerStatsCollector: 	at android.os.HandlerThread.run(HandlerThread.java:85)
07-24 00:40:18.052   734   786 E BluetoothPowerStatsCollector: Caused by: java.lang.RuntimeException: error: 11
07-24 00:40:18.052   734   786 E BluetoothPowerStatsCollector: 	at com.android.server.power.stats.BluetoothPowerStatsCollector$1.onBluetoothActivityEnergyInfoError(BluetoothPowerStatsCollector.java:181)
07-24 00:40:18.052   734   786 E BluetoothPowerStatsCollector: 	at android.bluetooth.BluetoothAdapter$OnBluetoothActivityEnergyInfoProxy.lambda$onBluetoothActivityEnergyInfoAvailable$0(BluetoothAdapter.java:1037)
07-24 00:40:18.052   734   786 E BluetoothPowerStatsCollector: 	at android.bluetooth.BluetoothAdapter$OnBluetoothActivityEnergyInfoProxy$$ExternalSyntheticLambda1.run(D8$$SyntheticClass:0)
07-24 00:40:18.052   734   786 E BluetoothPowerStatsCollector: 	at android.bluetooth.BluetoothUtils.lambda$executeFromBinder$0(BluetoothUtils.java:343)
07-24 00:40:18.052   734   786 E BluetoothPowerStatsCollector: 	at android.bluetooth.BluetoothUtils$$ExternalSyntheticLambda1.run(D8$$SyntheticClass:0)
07-24 00:40:18.052   734   786 E BluetoothPowerStatsCollector: 	at com.android.server.SystemServerInitThreadPool$$ExternalSyntheticLambda0.execute(R8$$SyntheticClass:0)
07-24 00:40:18.052   734   786 E BluetoothPowerStatsCollector: 	at android.bluetooth.BluetoothUtils.executeFromBinder(BluetoothUtils.java:343)
07-24 00:40:18.052   734   786 E BluetoothPowerStatsCollector: 	at android.bluetooth.BluetoothAdapter$OnBluetoothActivityEnergyInfoProxy.onBluetoothActivityEnergyInfoAvailable(BluetoothAdapter.java:1035)
07-24 00:40:18.052   734   786 E BluetoothPowerStatsCollector: 	at android.bluetooth.IBluetoothActivityEnergyInfoListener$Stub.onTransact(IBluetoothActivityEnergyInfoListener.java:98)
07-24 00:40:18.052   734   786 E BluetoothPowerStatsCollector: 	at android.os.Binder.execTransactInternal(Binder.java:1426)
07-24 00:40:18.052   734   786 E BluetoothPowerStatsCollector: 	at android.os.Binder.execTransact(Binder.java:1365)
07-24 00:41:48.592  1363  1546 E bluetooth: system/gd/os/linux_generic/files.cc:223 FileCreatedTime: unable to read '/data/misc/bluetooth/logs/btsnooz_hci.log' file metadata, error: No such file or directory
07-24 00:43:58.548  1556  7480 E GmsTaskScheduler: sendWakeUpEvent called on SchedulerClientBroadcastStrategy
07-24 00:44:17.942  1556  7480 E GmsTaskScheduler: sendWakeUpEvent called on SchedulerClientBroadcastStrategy
07-24 00:44:18.030  1556  7480 E GmsTaskScheduler: sendWakeUpEvent called on SchedulerClientBroadcastStrategy
07-24 00:55:38.114  1556  7480 E GmsTaskScheduler: sendWakeUpEvent called on SchedulerClientBroadcastStrategy
07-24 00:55:38.115  1556  7480 E GmsTaskScheduler: sendWakeUpEvent called on SchedulerClientBroadcastStrategy
07-24 01:00:00.076   734   786 E BluetoothPowerStatsCollector: Cannot acquire BluetoothActivityEnergyInfo
07-24 01:00:00.076   734   786 E BluetoothPowerStatsCollector: java.util.concurrent.ExecutionException: java.lang.RuntimeException: error: 11
07-24 01:00:00.076   734   786 E BluetoothPowerStatsCollector: 	at java.util.concurrent.CompletableFuture.reportGet(CompletableFuture.java:372)
07-24 01:00:00.076   734   786 E BluetoothPowerStatsCollector: 	at java.util.concurrent.CompletableFuture.get(CompletableFuture.java:2072)
07-24 01:00:00.076   734   786 E BluetoothPowerStatsCollector: 	at com.android.server.power.stats.BluetoothPowerStatsCollector.collectBluetoothActivityInfo(BluetoothPowerStatsCollector.java:192)
07-24 01:00:00.076   734   786 E BluetoothPowerStatsCollector: 	at com.android.server.power.stats.BluetoothPowerStatsCollector.collectStats(BluetoothPowerStatsCollector.java:155)
07-24 01:00:00.076   734   786 E BluetoothPowerStatsCollector: 	at com.android.server.power.stats.PowerStatsCollector.collectAndDeliverStats(PowerStatsCollector.java:176)
07-24 01:00:00.076   734   786 E BluetoothPowerStatsCollector: 	at com.android.server.power.stats.PowerStatsCollector$$ExternalSyntheticLambda0.run(R8$$SyntheticClass:0)
07-24 01:00:00.076   734   786 E BluetoothPowerStatsCollector: 	at android.os.Handler.handleCallback(Handler.java:995)
07-24 01:00:00.076   734   786 E BluetoothPowerStatsCollector: 	at android.os.Handler.dispatchMessage(Handler.java:103)
07-24 01:00:00.076   734   786 E BluetoothPowerStatsCollector: 	at android.os.Looper.loopOnce(Looper.java:248)
07-24 01:00:00.076   734   786 E BluetoothPowerStatsCollector: 	at android.os.Looper.loop(Looper.java:338)
07-24 01:00:00.076   734   786 E BluetoothPowerStatsCollector: 	at android.os.HandlerThread.run(HandlerThread.java:85)
07-24 01:00:00.076   734   786 E BluetoothPowerStatsCollector: Caused by: java.lang.RuntimeException: error: 11
07-24 01:00:00.076   734   786 E BluetoothPowerStatsCollector: 	at com.android.server.power.stats.BluetoothPowerStatsCollector$1.onBluetoothActivityEnergyInfoError(BluetoothPowerStatsCollector.java:181)
07-24 01:00:00.076   734   786 E BluetoothPowerStatsCollector: 	at android.bluetooth.BluetoothAdapter$OnBluetoothActivityEnergyInfoProxy.lambda$onBluetoothActivityEnergyInfoAvailable$0(BluetoothAdapter.java:1037)
07-24 01:00:00.076   734   786 E BluetoothPowerStatsCollector: 	at android.bluetooth.BluetoothAdapter$OnBluetoothActivityEnergyInfoProxy$$ExternalSyntheticLambda1.run(D8$$SyntheticClass:0)
07-24 01:00:00.076   734   786 E BluetoothPowerStatsCollector: 	at android.bluetooth.BluetoothUtils.lambda$executeFromBinder$0(BluetoothUtils.java:343)
07-24 01:00:00.076   734   786 E BluetoothPowerStatsCollector: 	at android.bluetooth.BluetoothUtils$$ExternalSyntheticLambda1.run(D8$$SyntheticClass:0)
07-24 01:00:00.076   734   786 E BluetoothPowerStatsCollector: 	at com.android.server.SystemServerInitThreadPool$$ExternalSyntheticLambda0.execute(R8$$SyntheticClass:0)
07-24 01:00:00.076   734   786 E BluetoothPowerStatsCollector: 	at android.bluetooth.BluetoothUtils.executeFromBinder(BluetoothUtils.java:343)
07-24 01:00:00.076   734   786 E BluetoothPowerStatsCollector: 	at android.bluetooth.BluetoothAdapter$OnBluetoothActivityEnergyInfoProxy.onBluetoothActivityEnergyInfoAvailable(BluetoothAdapter.java:1035)
07-24 01:00:00.076   734   786 E BluetoothPowerStatsCollector: 	at android.bluetooth.IBluetoothActivityEnergyInfoListener$Stub.onTransact(IBluetoothActivityEnergyInfoListener.java:98)
07-24 01:00:00.076   734   786 E BluetoothPowerStatsCollector: 	at android.os.Binder.execTransactInternal(Binder.java:1426)
