07-24 02:33:43.855  1664  3068 E gywi    :     Make sure to call shutdown()/shutdownNow()
07-24 02:33:43.855  1664  3068 E gywi    : java.lang.RuntimeException: ManagedChannel allocation site
07-24 02:33:43.855  1664  3068 E gywi    : 	at gywh.<init>(:com.google.android.gms@250734038@25.07.34 (260800-734679633):21)
07-24 02:33:43.855  1664  3068 E gywi    : 	at gywi.<init>(:com.google.android.gms@250734038@25.07.34 (260800-734679633):10)
07-24 02:33:43.855  1664  3068 E gywi    : 	at gywg.a(:com.google.android.gms@250734038@25.07.34 (260800-734679633):247)
07-24 02:33:43.855  1664  3068 E gywi    : 	at gyhg.a(:com.google.android.gms@250734038@25.07.34 (260800-734679633):5)
07-24 02:33:43.855  1664  3068 E gywi    : 	at cafq.g(:com.google.android.gms@250734038@25.07.34 (260800-734679633):81)
07-24 02:33:43.855  1664  3068 E gywi    : 	at fqqz.a(:com.google.android.gms@250734038@25.07.34 (260800-734679633):219)
07-24 02:33:43.855  1664  3068 E gywi    : 	at ffoj.a(:com.google.android.gms@250734038@25.07.34 (260800-734679633):13)
07-24 02:33:43.855  1664  3068 E gywi    : 	at fnlg.a(:com.google.android.gms@250734038@25.07.34 (260800-734679633):3)
07-24 02:33:43.855  1664  3068 E gywi    : 	at fnkh.run(:com.google.android.gms@250734038@25.07.34 (260800-734679633):19)
07-24 02:33:43.855  1664  3068 E gywi    : 	at fnli.run(:com.google.android.gms@250734038@25.07.34 (260800-734679633):5)
07-24 02:33:43.855  1664  3068 E gywi    : 	at atca.c(:com.google.android.gms@250734038@25.07.34 (260800-734679633):50)
07-24 02:33:43.855  1664  3068 E gywi    : 	at atca.run(:com.google.android.gms@250734038@25.07.34 (260800-734679633):76)
07-24 02:33:43.855  1664  3068 E gywi    : 	at java.util.concurrent.ThreadPoolExecutor.runWorker(ThreadPoolExecutor.java:1156)
07-24 02:33:43.855  1664  3068 E gywi    : 	at java.util.concurrent.ThreadPoolExecutor$Worker.run(ThreadPoolExecutor.java:651)
07-24 02:33:43.855  1664  3068 E gywi    : 	at athn.run(:com.google.android.gms@250734038@25.07.34 (260800-734679633):8)
07-24 02:33:43.855  1664  3068 E gywi    : 	at java.lang.Thread.run(Thread.java:1119)
07-24 02:33:43.856  1664  3068 E gywi    : *~*~*~ Previous channel {0} was garbage collected without being shut down! ~*~*~*
07-24 02:33:43.856  1664  3068 E gywi    :     Make sure to call shutdown()/shutdownNow()
07-24 02:33:43.856  1664  3068 E gywi    : java.lang.RuntimeException: ManagedChannel allocation site
07-24 02:33:43.856  1664  3068 E gywi    : 	at gywh.<init>(:com.google.android.gms@250734038@25.07.34 (260800-734679633):21)
07-24 02:33:43.856  1664  3068 E gywi    : 	at gywi.<init>(:com.google.android.gms@250734038@25.07.34 (260800-734679633):10)
07-24 02:33:43.856  1664  3068 E gywi    : 	at gywg.a(:com.google.android.gms@250734038@25.07.34 (260800-734679633):247)
07-24 02:33:43.856  1664  3068 E gywi    : 	at gyhg.a(:com.google.android.gms@250734038@25.07.34 (260800-734679633):5)
07-24 02:33:43.856  1664  3068 E gywi    : 	at cafq.g(:com.google.android.gms@250734038@25.07.34 (260800-734679633):81)
07-24 02:33:43.856  1664  3068 E gywi    : 	at fqqz.a(:com.google.android.gms@250734038@25.07.34 (260800-734679633):219)
07-24 02:33:43.856  1664  3068 E gywi    : 	at ffoj.a(:com.google.android.gms@250734038@25.07.34 (260800-734679633):13)
07-24 02:33:43.856  1664  3068 E gywi    : 	at fnlg.a(:com.google.android.gms@250734038@25.07.34 (260800-734679633):3)
07-24 02:33:43.856  1664  3068 E gywi    : 	at fnkh.run(:com.google.android.gms@250734038@25.07.34 (260800-734679633):19)
07-24 02:33:43.856  1664  3068 E gywi    : 	at fnli.run(:com.google.android.gms@250734038@25.07.34 (260800-734679633):5)
07-24 02:33:43.856  1664  3068 E gywi    : 	at atca.c(:com.google.android.gms@250734038@25.07.34 (260800-734679633):50)
07-24 02:33:43.856  1664  3068 E gywi    : 	at atca.run(:com.google.android.gms@250734038@25.07.34 (260800-734679633):76)
07-24 02:33:43.856  1664  3068 E gywi    : 	at java.util.concurrent.ThreadPoolExecutor.runWorker(ThreadPoolExecutor.java:1156)
07-24 02:33:43.856  1664  3068 E gywi    : 	at java.util.concurrent.ThreadPoolExecutor$Worker.run(ThreadPoolExecutor.java:651)
07-24 02:33:43.856  1664  3068 E gywi    : 	at athn.run(:com.google.android.gms@250734038@25.07.34 (260800-734679633):8)
07-24 02:33:43.856  1664  3068 E gywi    : 	at java.lang.Thread.run(Thread.java:1119)
07-24 02:34:43.399   734   786 E BluetoothPowerStatsCollector: Cannot acquire BluetoothActivityEnergyInfo
07-24 02:34:43.399   734   786 E BluetoothPowerStatsCollector: java.util.concurrent.ExecutionException: java.lang.RuntimeException: error: 11
07-24 02:34:43.399   734   786 E BluetoothPowerStatsCollector: 	at java.util.concurrent.CompletableFuture.reportGet(CompletableFuture.java:372)
07-24 02:34:43.399   734   786 E BluetoothPowerStatsCollector: 	at java.util.concurrent.CompletableFuture.get(CompletableFuture.java:2072)
07-24 02:34:43.399   734   786 E BluetoothPowerStatsCollector: 	at com.android.server.power.stats.BluetoothPowerStatsCollector.collectBluetoothActivityInfo(BluetoothPowerStatsCollector.java:192)
07-24 02:34:43.399   734   786 E BluetoothPowerStatsCollector: 	at com.android.server.power.stats.BluetoothPowerStatsCollector.collectStats(BluetoothPowerStatsCollector.java:155)
07-24 02:34:43.399   734   786 E BluetoothPowerStatsCollector: 	at com.android.server.power.stats.PowerStatsCollector.collectAndDeliverStats(PowerStatsCollector.java:176)
07-24 02:34:43.399   734   786 E BluetoothPowerStatsCollector: 	at com.android.server.power.stats.PowerStatsCollector$$ExternalSyntheticLambda0.run(R8$$SyntheticClass:0)
07-24 02:34:43.399   734   786 E BluetoothPowerStatsCollector: 	at android.os.Handler.handleCallback(Handler.java:995)
07-24 02:34:43.399   734   786 E BluetoothPowerStatsCollector: 	at android.os.Handler.dispatchMessage(Handler.java:103)
07-24 02:34:43.399   734   786 E BluetoothPowerStatsCollector: 	at android.os.Looper.loopOnce(Looper.java:248)
07-24 02:34:43.399   734   786 E BluetoothPowerStatsCollector: 	at android.os.Looper.loop(Looper.java:338)
07-24 02:34:43.399   734   786 E BluetoothPowerStatsCollector: 	at android.os.HandlerThread.run(HandlerThread.java:85)
07-24 02:34:43.399   734   786 E BluetoothPowerStatsCollector: Caused by: java.lang.RuntimeException: error: 11
07-24 02:34:43.399   734   786 E BluetoothPowerStatsCollector: 	at com.android.server.power.stats.BluetoothPowerStatsCollector$1.onBluetoothActivityEnergyInfoError(BluetoothPowerStatsCollector.java:181)
07-24 02:34:43.399   734   786 E BluetoothPowerStatsCollector: 	at android.bluetooth.BluetoothAdapter$OnBluetoothActivityEnergyInfoProxy.lambda$onBluetoothActivityEnergyInfoAvailable$0(BluetoothAdapter.java:1037)
07-24 02:34:43.399   734   786 E BluetoothPowerStatsCollector: 	at android.bluetooth.BluetoothAdapter$OnBluetoothActivityEnergyInfoProxy$$ExternalSyntheticLambda1.run(D8$$SyntheticClass:0)
07-24 02:34:43.399   734   786 E BluetoothPowerStatsCollector: 	at android.bluetooth.BluetoothUtils.lambda$executeFromBinder$0(BluetoothUtils.java:343)
07-24 02:34:43.399   734   786 E BluetoothPowerStatsCollector: 	at android.bluetooth.BluetoothUtils$$ExternalSyntheticLambda1.run(D8$$SyntheticClass:0)
07-24 02:34:43.399   734   786 E BluetoothPowerStatsCollector: 	at com.android.server.SystemServerInitThreadPool$$ExternalSyntheticLambda0.execute(R8$$SyntheticClass:0)
07-24 02:34:43.399   734   786 E BluetoothPowerStatsCollector: 	at android.bluetooth.BluetoothUtils.executeFromBinder(BluetoothUtils.java:343)
07-24 02:34:43.399   734   786 E BluetoothPowerStatsCollector: 	at android.bluetooth.BluetoothAdapter$OnBluetoothActivityEnergyInfoProxy.onBluetoothActivityEnergyInfoAvailable(BluetoothAdapter.java:1035)
07-24 02:34:43.399   734   786 E BluetoothPowerStatsCollector: 	at android.bluetooth.IBluetoothActivityEnergyInfoListener$Stub.onTransact(IBluetoothActivityEnergyInfoListener.java:98)
07-24 02:34:43.399   734   786 E BluetoothPowerStatsCollector: 	at android.os.Binder.execTransactInternal(Binder.java:1426)
07-24 02:34:43.399   734   786 E BluetoothPowerStatsCollector: 	at android.os.Binder.execTransact(Binder.java:1365)
07-24 02:38:18.733  1556  7868 E GmsTaskScheduler: sendWakeUpEvent called on SchedulerClientBroadcastStrategy
07-24 02:38:18.804  1556  7868 E GmsTaskScheduler: sendWakeUpEvent called on SchedulerClientBroadcastStrategy
07-24 02:40:02.070   734   786 E BluetoothPowerStatsCollector: Cannot acquire BluetoothActivityEnergyInfo
07-24 02:40:02.070   734   786 E BluetoothPowerStatsCollector: java.util.concurrent.ExecutionException: java.lang.RuntimeException: error: 11
07-24 02:40:02.070   734   786 E BluetoothPowerStatsCollector: 	at java.util.concurrent.CompletableFuture.reportGet(CompletableFuture.java:372)
07-24 02:40:02.070   734   786 E BluetoothPowerStatsCollector: 	at java.util.concurrent.CompletableFuture.get(CompletableFuture.java:2072)
07-24 02:40:02.070   734   786 E BluetoothPowerStatsCollector: 	at com.android.server.power.stats.BluetoothPowerStatsCollector.collectBluetoothActivityInfo(BluetoothPowerStatsCollector.java:192)
07-24 02:40:02.070   734   786 E BluetoothPowerStatsCollector: 	at com.android.server.power.stats.BluetoothPowerStatsCollector.collectStats(BluetoothPowerStatsCollector.java:155)
07-24 02:40:02.070   734   786 E BluetoothPowerStatsCollector: 	at com.android.server.power.stats.PowerStatsCollector.collectAndDeliverStats(PowerStatsCollector.java:176)
07-24 02:40:02.070   734   786 E BluetoothPowerStatsCollector: 	at com.android.server.power.stats.PowerStatsCollector$$ExternalSyntheticLambda0.run(R8$$SyntheticClass:0)
07-24 02:40:02.070   734   786 E BluetoothPowerStatsCollector: 	at android.os.Handler.handleCallback(Handler.java:995)
07-24 02:40:02.070   734   786 E BluetoothPowerStatsCollector: 	at android.os.Handler.dispatchMessage(Handler.java:103)
07-24 02:40:02.070   734   786 E BluetoothPowerStatsCollector: 	at android.os.Looper.loopOnce(Looper.java:248)
07-24 02:40:02.070   734   786 E BluetoothPowerStatsCollector: 	at android.os.Looper.loop(Looper.java:338)
07-24 02:40:02.070   734   786 E BluetoothPowerStatsCollector: 	at android.os.HandlerThread.run(HandlerThread.java:85)
07-24 02:40:02.070   734   786 E BluetoothPowerStatsCollector: Caused by: java.lang.RuntimeException: error: 11
07-24 02:40:02.070   734   786 E BluetoothPowerStatsCollector: 	at com.android.server.power.stats.BluetoothPowerStatsCollector$1.onBluetoothActivityEnergyInfoError(BluetoothPowerStatsCollector.java:181)
07-24 02:40:02.070   734   786 E BluetoothPowerStatsCollector: 	at android.bluetooth.BluetoothAdapter$OnBluetoothActivityEnergyInfoProxy.lambda$onBluetoothActivityEnergyInfoAvailable$0(BluetoothAdapter.java:1037)
07-24 02:40:02.070   734   786 E BluetoothPowerStatsCollector: 	at android.bluetooth.BluetoothAdapter$OnBluetoothActivityEnergyInfoProxy$$ExternalSyntheticLambda1.run(D8$$SyntheticClass:0)
07-24 02:40:02.070   734   786 E BluetoothPowerStatsCollector: 	at android.bluetooth.BluetoothUtils.lambda$executeFromBinder$0(BluetoothUtils.java:343)
07-24 02:40:02.070   734   786 E BluetoothPowerStatsCollector: 	at android.bluetooth.BluetoothUtils$$ExternalSyntheticLambda1.run(D8$$SyntheticClass:0)
07-24 02:40:02.070   734   786 E BluetoothPowerStatsCollector: 	at com.android.server.SystemServerInitThreadPool$$ExternalSyntheticLambda0.execute(R8$$SyntheticClass:0)
07-24 02:40:02.070   734   786 E BluetoothPowerStatsCollector: 	at android.bluetooth.BluetoothUtils.executeFromBinder(BluetoothUtils.java:343)
07-24 02:40:02.070   734   786 E BluetoothPowerStatsCollector: 	at android.bluetooth.BluetoothAdapter$OnBluetoothActivityEnergyInfoProxy.onBluetoothActivityEnergyInfoAvailable(BluetoothAdapter.java:1035)
07-24 02:40:02.070   734   786 E BluetoothPowerStatsCollector: 	at android.bluetooth.IBluetoothActivityEnergyInfoListener$Stub.onTransact(IBluetoothActivityEnergyInfoListener.java:98)
07-24 02:40:02.070   734   786 E BluetoothPowerStatsCollector: 	at android.os.Binder.execTransactInternal(Binder.java:1426)
07-24 02:40:02.070   734   786 E BluetoothPowerStatsCollector: 	at android.os.Binder.execTransact(Binder.java:1365)
07-24 02:40:02.660  3531  3531 E ConfigUpdater: Content download complete but local path is null, retrying.
07-24 02:41:24.395  3531  3531 E ConfigUpdater: Content download complete but local path is null, retrying.
07-24 02:41:48.591  1363  1546 E bluetooth: system/gd/os/linux_generic/files.cc:223 FileCreatedTime: unable to read '/data/misc/bluetooth/logs/btsnooz_hci.log' file metadata, error: No such file or directory
07-24 02:44:31.206  4350  4397 E fcqb    : (REDACTED) Trace %s timed out after %d ms. Complete trace: %s
07-24 02:44:31.206  4350  4397 E fcqb    : fcrl: 
07-24 02:44:31.206  4350  4397 E fcqb    : 	at tk_trace.Read ZeroStateStatusProtoStore(Started After:0)
07-24 02:44:31.206  4350  4397 E fcqb    : 	at tk_trace.Get ZeroStateStatusProtoStore(Started After:0)
07-24 02:44:31.206  4350  4397 E fcqb    : 	at tk_trace.Synclet: DictationAccountStateReportSynclet(Started After:0)
07-24 02:44:31.206  4350  4397 E fcqb    : 	at tk_trace.NoAccountWorkerFactory startWork()(Started After:0)
07-24 02:44:31.206  4350  4397 E fcqb    : 	at tk_trace.com.google.apps.tiktok.sync.impl.workmanager.SyncPeriodicWorker startWork()(Started After:0)
07-24 02:44:31.206  4350  4397 E fcqb    : 	at tk_trace.com.google.apps.tiktok.sync.impl.workmanager.SyncPeriodicWorker startWork()(Started After:0)
07-24 02:44:31.206  4350  4397 E fcqb    : 	at tk_trace.WorkManager:TikTokListenableWorker startWork(Started After:0)
07-24 02:45:20.844   734   786 E BluetoothPowerStatsCollector: Cannot acquire BluetoothActivityEnergyInfo
07-24 02:45:20.844   734   786 E BluetoothPowerStatsCollector: java.util.concurrent.ExecutionException: java.lang.RuntimeException: error: 11
07-24 02:45:20.844   734   786 E BluetoothPowerStatsCollector: 	at java.util.concurrent.CompletableFuture.reportGet(CompletableFuture.java:372)
07-24 02:45:20.844   734   786 E BluetoothPowerStatsCollector: 	at java.util.concurrent.CompletableFuture.get(CompletableFuture.java:2072)
07-24 02:45:20.844   734   786 E BluetoothPowerStatsCollector: 	at com.android.server.power.stats.BluetoothPowerStatsCollector.collectBluetoothActivityInfo(BluetoothPowerStatsCollector.java:192)
07-24 02:45:20.844   734   786 E BluetoothPowerStatsCollector: 	at com.android.server.power.stats.BluetoothPowerStatsCollector.collectStats(BluetoothPowerStatsCollector.java:155)
07-24 02:45:20.844   734   786 E BluetoothPowerStatsCollector: 	at com.android.server.power.stats.PowerStatsCollector.collectAndDeliverStats(PowerStatsCollector.java:176)
07-24 02:45:20.844   734   786 E BluetoothPowerStatsCollector: 	at com.android.server.power.stats.PowerStatsCollector$$ExternalSyntheticLambda0.run(R8$$SyntheticClass:0)
07-24 02:45:20.844   734   786 E BluetoothPowerStatsCollector: 	at android.os.Handler.handleCallback(Handler.java:995)
07-24 02:45:20.844   734   786 E BluetoothPowerStatsCollector: 	at android.os.Handler.dispatchMessage(Handler.java:103)
07-24 02:45:20.844   734   786 E BluetoothPowerStatsCollector: 	at android.os.Looper.loopOnce(Looper.java:248)
07-24 02:45:20.844   734   786 E BluetoothPowerStatsCollector: 	at android.os.Looper.loop(Looper.java:338)
07-24 02:45:20.844   734   786 E BluetoothPowerStatsCollector: 	at android.os.HandlerThread.run(HandlerThread.java:85)
07-24 02:45:20.844   734   786 E BluetoothPowerStatsCollector: Caused by: java.lang.RuntimeException: error: 11
07-24 02:45:20.844   734   786 E BluetoothPowerStatsCollector: 	at com.android.server.power.stats.BluetoothPowerStatsCollector$1.onBluetoothActivityEnergyInfoError(BluetoothPowerStatsCollector.java:181)
07-24 02:45:20.844   734   786 E BluetoothPowerStatsCollector: 	at android.bluetooth.BluetoothAdapter$OnBluetoothActivityEnergyInfoProxy.lambda$onBluetoothActivityEnergyInfoAvailable$0(BluetoothAdapter.java:1037)
07-24 02:45:20.844   734   786 E BluetoothPowerStatsCollector: 	at android.bluetooth.BluetoothAdapter$OnBluetoothActivityEnergyInfoProxy$$ExternalSyntheticLambda1.run(D8$$SyntheticClass:0)
07-24 02:45:20.844   734   786 E BluetoothPowerStatsCollector: 	at android.bluetooth.BluetoothUtils.lambda$executeFromBinder$0(BluetoothUtils.java:343)
07-24 02:45:20.844   734   786 E BluetoothPowerStatsCollector: 	at android.bluetooth.BluetoothUtils$$ExternalSyntheticLambda1.run(D8$$SyntheticClass:0)
07-24 02:45:20.844   734   786 E BluetoothPowerStatsCollector: 	at com.android.server.SystemServerInitThreadPool$$ExternalSyntheticLambda0.execute(R8$$SyntheticClass:0)
07-24 02:45:20.844   734   786 E BluetoothPowerStatsCollector: 	at android.bluetooth.BluetoothUtils.executeFromBinder(BluetoothUtils.java:343)
07-24 02:45:20.844   734   786 E BluetoothPowerStatsCollector: 	at android.bluetooth.BluetoothAdapter$OnBluetoothActivityEnergyInfoProxy.onBluetoothActivityEnergyInfoAvailable(BluetoothAdapter.java:1035)
07-24 02:45:20.844   734   786 E BluetoothPowerStatsCollector: 	at android.bluetooth.IBluetoothActivityEnergyInfoListener$Stub.onTransact(IBluetoothActivityEnergyInfoListener.java:98)
07-24 02:45:20.844   734   786 E BluetoothPowerStatsCollector: 	at android.os.Binder.execTransactInternal(Binder.java:1426)
07-24 02:45:20.844   734   786 E BluetoothPowerStatsCollector: 	at android.os.Binder.execTransact(Binder.java:1365)
07-24 02:49:39.532  1556  7948 E WorkSourceUtil: Could not find package: com.google.android.gms.westworld
07-24 02:49:39.532   734   786 E BluetoothPowerStatsCollector: Cannot acquire BluetoothActivityEnergyInfo
07-24 02:49:39.532   734   786 E BluetoothPowerStatsCollector: java.util.concurrent.ExecutionException: java.lang.RuntimeException: error: 11
07-24 02:49:39.532   734   786 E BluetoothPowerStatsCollector: 	at java.util.concurrent.CompletableFuture.reportGet(CompletableFuture.java:372)
07-24 02:49:39.532   734   786 E BluetoothPowerStatsCollector: 	at java.util.concurrent.CompletableFuture.get(CompletableFuture.java:2072)
07-24 02:49:39.532   734   786 E BluetoothPowerStatsCollector: 	at com.android.server.power.stats.BluetoothPowerStatsCollector.collectBluetoothActivityInfo(BluetoothPowerStatsCollector.java:192)
07-24 02:49:39.532   734   786 E BluetoothPowerStatsCollector: 	at com.android.server.power.stats.BluetoothPowerStatsCollector.collectStats(BluetoothPowerStatsCollector.java:155)
07-24 02:49:39.532   734   786 E BluetoothPowerStatsCollector: 	at com.android.server.power.stats.PowerStatsCollector.collectAndDeliverStats(PowerStatsCollector.java:176)
07-24 02:49:39.532   734   786 E BluetoothPowerStatsCollector: 	at com.android.server.power.stats.PowerStatsCollector$$ExternalSyntheticLambda0.run(R8$$SyntheticClass:0)
07-24 02:49:39.532   734   786 E BluetoothPowerStatsCollector: 	at android.os.Handler.handleCallback(Handler.java:995)
07-24 02:49:39.532   734   786 E BluetoothPowerStatsCollector: 	at android.os.Handler.dispatchMessage(Handler.java:103)
07-24 02:49:39.532   734   786 E BluetoothPowerStatsCollector: 	at android.os.Looper.loopOnce(Looper.java:248)
07-24 02:49:39.532   734   786 E BluetoothPowerStatsCollector: 	at android.os.Looper.loop(Looper.java:338)
07-24 02:49:39.532   734   786 E BluetoothPowerStatsCollector: 	at android.os.HandlerThread.run(HandlerThread.java:85)
07-24 02:49:39.532   734   786 E BluetoothPowerStatsCollector: Caused by: java.lang.RuntimeException: error: 11
07-24 02:49:39.532   734   786 E BluetoothPowerStatsCollector: 	at com.android.server.power.stats.BluetoothPowerStatsCollector$1.onBluetoothActivityEnergyInfoError(BluetoothPowerStatsCollector.java:181)
07-24 02:49:39.532   734   786 E BluetoothPowerStatsCollector: 	at android.bluetooth.BluetoothAdapter$OnBluetoothActivityEnergyInfoProxy.lambda$onBluetoothActivityEnergyInfoAvailable$0(BluetoothAdapter.java:1037)
07-24 02:49:39.532   734   786 E BluetoothPowerStatsCollector: 	at android.bluetooth.BluetoothAdapter$OnBluetoothActivityEnergyInfoProxy$$ExternalSyntheticLambda1.run(D8$$SyntheticClass:0)
07-24 02:49:39.532   734   786 E BluetoothPowerStatsCollector: 	at android.bluetooth.BluetoothUtils.lambda$executeFromBinder$0(BluetoothUtils.java:343)
07-24 02:49:39.532   734   786 E BluetoothPowerStatsCollector: 	at android.bluetooth.BluetoothUtils$$ExternalSyntheticLambda1.run(D8$$SyntheticClass:0)
07-24 02:49:39.532   734   786 E BluetoothPowerStatsCollector: 	at com.android.server.SystemServerInitThreadPool$$ExternalSyntheticLambda0.execute(R8$$SyntheticClass:0)
07-24 02:49:39.532   734   786 E BluetoothPowerStatsCollector: 	at android.bluetooth.BluetoothUtils.executeFromBinder(BluetoothUtils.java:343)
07-24 02:49:39.532   734   786 E BluetoothPowerStatsCollector: 	at android.bluetooth.BluetoothAdapter$OnBluetoothActivityEnergyInfoProxy.onBluetoothActivityEnergyInfoAvailable(BluetoothAdapter.java:1035)
07-24 02:49:39.532   734   786 E BluetoothPowerStatsCollector: 	at android.bluetooth.IBluetoothActivityEnergyInfoListener$Stub.onTransact(IBluetoothActivityEnergyInfoListener.java:98)
07-24 02:49:39.532   734   786 E BluetoothPowerStatsCollector: 	at android.os.Binder.execTransactInternal(Binder.java:1426)
07-24 02:49:39.532   734   786 E BluetoothPowerStatsCollector: 	at android.os.Binder.execTransact(Binder.java:1365)
07-24 02:49:40.746   734  1325 E RoleControllerServiceImpl: Default/fallback role holder package doesn't qualify for the role, package: com.google.android.gms.supervision, role: android.app.role.SYSTEM_SUPERVISION
07-24 02:49:40.819   734  1167 E system_server: No package ID 7f found for resource ID 0x7f080e45.
07-24 02:49:40.819   734  1167 E system_server: No package ID 7f found for resource ID 0x7f152534.
07-24 02:49:40.863  1403  1403 E SmsApplication: com.google.android.apps.messaging lost android:read_cell_broadcasts:  (fixing)
07-24 02:49:40.864   734  1325 E RoleControllerServiceImpl: Default/fallback role holder package doesn't qualify for the role, package: com.google.android.gms, role: android.app.role.SYSTEM_DEPENDENCY_INSTALLER
07-24 02:49:40.876   734  1167 E system_server: No package ID 7f found for resource ID 0x7f080e53.
07-24 02:49:40.880   734  1167 E system_server: No package ID 7f found for resource ID 0x7f152535.
07-24 02:49:40.957  1403  1403 E SmsApplication: com.google.android.apps.messaging lost android:read_cell_broadcasts:  (fixing)
07-24 02:49:40.969   734  1325 E RoleControllerServiceImpl: Default/fallback role holder package doesn't qualify for the role, package: com.google.android.gms, role: android.app.role.WALLET
07-24 02:50:40.852   734   786 E BluetoothPowerStatsCollector: Cannot acquire BluetoothActivityEnergyInfo
07-24 02:50:40.852   734   786 E BluetoothPowerStatsCollector: java.util.concurrent.ExecutionException: java.lang.RuntimeException: error: 11
07-24 02:50:40.852   734   786 E BluetoothPowerStatsCollector: 	at java.util.concurrent.CompletableFuture.reportGet(CompletableFuture.java:372)
07-24 02:50:40.852   734   786 E BluetoothPowerStatsCollector: 	at java.util.concurrent.CompletableFuture.get(CompletableFuture.java:2072)
07-24 02:50:40.852   734   786 E BluetoothPowerStatsCollector: 	at com.android.server.power.stats.BluetoothPowerStatsCollector.collectBluetoothActivityInfo(BluetoothPowerStatsCollector.java:192)
07-24 02:50:40.852   734   786 E BluetoothPowerStatsCollector: 	at com.android.server.power.stats.BluetoothPowerStatsCollector.collectStats(BluetoothPowerStatsCollector.java:155)
07-24 02:50:40.852   734   786 E BluetoothPowerStatsCollector: 	at com.android.server.power.stats.PowerStatsCollector.collectAndDeliverStats(PowerStatsCollector.java:176)
07-24 02:50:40.852   734   786 E BluetoothPowerStatsCollector: 	at com.android.server.power.stats.PowerStatsCollector$$ExternalSyntheticLambda0.run(R8$$SyntheticClass:0)
07-24 02:50:40.852   734   786 E BluetoothPowerStatsCollector: 	at android.os.Handler.handleCallback(Handler.java:995)
07-24 02:50:40.852   734   786 E BluetoothPowerStatsCollector: 	at android.os.Handler.dispatchMessage(Handler.java:103)
07-24 02:50:40.852   734   786 E BluetoothPowerStatsCollector: 	at android.os.Looper.loopOnce(Looper.java:248)
07-24 02:50:40.852   734   786 E BluetoothPowerStatsCollector: 	at android.os.Looper.loop(Looper.java:338)
07-24 02:50:40.852   734   786 E BluetoothPowerStatsCollector: 	at android.os.HandlerThread.run(HandlerThread.java:85)
07-24 02:50:40.852   734   786 E BluetoothPowerStatsCollector: Caused by: java.lang.RuntimeException: error: 11
07-24 02:50:40.852   734   786 E BluetoothPowerStatsCollector: 	at com.android.server.power.stats.BluetoothPowerStatsCollector$1.onBluetoothActivityEnergyInfoError(BluetoothPowerStatsCollector.java:181)
07-24 02:50:40.852   734   786 E BluetoothPowerStatsCollector: 	at android.bluetooth.BluetoothAdapter$OnBluetoothActivityEnergyInfoProxy.lambda$onBluetoothActivityEnergyInfoAvailable$0(BluetoothAdapter.java:1037)
07-24 02:50:40.852   734   786 E BluetoothPowerStatsCollector: 	at android.bluetooth.BluetoothAdapter$OnBluetoothActivityEnergyInfoProxy$$ExternalSyntheticLambda1.run(D8$$SyntheticClass:0)
07-24 02:50:40.852   734   786 E BluetoothPowerStatsCollector: 	at android.bluetooth.BluetoothUtils.lambda$executeFromBinder$0(BluetoothUtils.java:343)
07-24 02:50:40.852   734   786 E BluetoothPowerStatsCollector: 	at android.bluetooth.BluetoothUtils$$ExternalSyntheticLambda1.run(D8$$SyntheticClass:0)
07-24 02:50:40.852   734   786 E BluetoothPowerStatsCollector: 	at com.android.server.SystemServerInitThreadPool$$ExternalSyntheticLambda0.execute(R8$$SyntheticClass:0)
07-24 02:50:40.852   734   786 E BluetoothPowerStatsCollector: 	at android.bluetooth.BluetoothUtils.executeFromBinder(BluetoothUtils.java:343)
07-24 02:50:40.852   734   786 E BluetoothPowerStatsCollector: 	at android.bluetooth.BluetoothAdapter$OnBluetoothActivityEnergyInfoProxy.onBluetoothActivityEnergyInfoAvailable(BluetoothAdapter.java:1035)
07-24 02:50:40.852   734   786 E BluetoothPowerStatsCollector: 	at android.bluetooth.IBluetoothActivityEnergyInfoListener$Stub.onTransact(IBluetoothActivityEnergyInfoListener.java:98)
07-24 02:50:40.852   734   786 E BluetoothPowerStatsCollector: 	at android.os.Binder.execTransactInternal(Binder.java:1426)
07-24 02:50:40.852   734   786 E BluetoothPowerStatsCollector: 	at android.os.Binder.execTransact(Binder.java:1365)
07-24 02:51:39.177  1556  7935 E GmsTaskScheduler: sendWakeUpEvent called on SchedulerClientBroadcastStrategy
07-24 02:51:39.177  1556  7935 E GmsTaskScheduler: sendWakeUpEvent called on SchedulerClientBroadcastStrategy
07-24 03:00:00.050   734   786 E BluetoothPowerStatsCollector: Cannot acquire BluetoothActivityEnergyInfo
07-24 03:00:00.050   734   786 E BluetoothPowerStatsCollector: java.util.concurrent.ExecutionException: java.lang.RuntimeException: error: 11
07-24 03:00:00.050   734   786 E BluetoothPowerStatsCollector: 	at java.util.concurrent.CompletableFuture.reportGet(CompletableFuture.java:372)
07-24 03:00:00.050   734   786 E BluetoothPowerStatsCollector: 	at java.util.concurrent.CompletableFuture.get(CompletableFuture.java:2072)
07-24 03:00:00.050   734   786 E BluetoothPowerStatsCollector: 	at com.android.server.power.stats.BluetoothPowerStatsCollector.collectBluetoothActivityInfo(BluetoothPowerStatsCollector.java:192)
07-24 03:00:00.050   734   786 E BluetoothPowerStatsCollector: 	at com.android.server.power.stats.BluetoothPowerStatsCollector.collectStats(BluetoothPowerStatsCollector.java:155)
07-24 03:00:00.050   734   786 E BluetoothPowerStatsCollector: 	at com.android.server.power.stats.PowerStatsCollector.collectAndDeliverStats(PowerStatsCollector.java:176)
07-24 03:00:00.050   734   786 E BluetoothPowerStatsCollector: 	at com.android.server.power.stats.PowerStatsCollector$$ExternalSyntheticLambda0.run(R8$$SyntheticClass:0)
07-24 03:00:00.050   734   786 E BluetoothPowerStatsCollector: 	at android.os.Handler.handleCallback(Handler.java:995)
07-24 03:00:00.050   734   786 E BluetoothPowerStatsCollector: 	at android.os.Handler.dispatchMessage(Handler.java:103)
07-24 03:00:00.050   734   786 E BluetoothPowerStatsCollector: 	at android.os.Looper.loopOnce(Looper.java:248)
07-24 03:00:00.050   734   786 E BluetoothPowerStatsCollector: 	at android.os.Looper.loop(Looper.java:338)
07-24 03:00:00.050   734   786 E BluetoothPowerStatsCollector: 	at android.os.HandlerThread.run(HandlerThread.java:85)
07-24 03:00:00.050   734   786 E BluetoothPowerStatsCollector: Caused by: java.lang.RuntimeException: error: 11
07-24 03:00:00.050   734   786 E BluetoothPowerStatsCollector: 	at com.android.server.power.stats.BluetoothPowerStatsCollector$1.onBluetoothActivityEnergyInfoError(BluetoothPowerStatsCollector.java:181)
07-24 03:00:00.050   734   786 E BluetoothPowerStatsCollector: 	at android.bluetooth.BluetoothAdapter$OnBluetoothActivityEnergyInfoProxy.lambda$onBluetoothActivityEnergyInfoAvailable$0(BluetoothAdapter.java:1037)
07-24 03:00:00.050   734   786 E BluetoothPowerStatsCollector: 	at android.bluetooth.BluetoothAdapter$OnBluetoothActivityEnergyInfoProxy$$ExternalSyntheticLambda1.run(D8$$SyntheticClass:0)
07-24 03:00:00.050   734   786 E BluetoothPowerStatsCollector: 	at android.bluetooth.BluetoothUtils.lambda$executeFromBinder$0(BluetoothUtils.java:343)
07-24 03:00:00.050   734   786 E BluetoothPowerStatsCollector: 	at android.bluetooth.BluetoothUtils$$ExternalSyntheticLambda1.run(D8$$SyntheticClass:0)
07-24 03:00:00.050   734   786 E BluetoothPowerStatsCollector: 	at com.android.server.SystemServerInitThreadPool$$ExternalSyntheticLambda0.execute(R8$$SyntheticClass:0)
07-24 03:00:00.050   734   786 E BluetoothPowerStatsCollector: 	at android.bluetooth.BluetoothUtils.executeFromBinder(BluetoothUtils.java:343)
07-24 03:00:00.050   734   786 E BluetoothPowerStatsCollector: 	at android.bluetooth.BluetoothAdapter$OnBluetoothActivityEnergyInfoProxy.onBluetoothActivityEnergyInfoAvailable(BluetoothAdapter.java:1035)
07-24 03:00:00.050   734   786 E BluetoothPowerStatsCollector: 	at android.bluetooth.IBluetoothActivityEnergyInfoListener$Stub.onTransact(IBluetoothActivityEnergyInfoListener.java:98)
07-24 03:00:00.050   734   786 E BluetoothPowerStatsCollector: 	at android.os.Binder.execTransactInternal(Binder.java:1426)
07-24 03:00:00.050   734   786 E BluetoothPowerStatsCollector: 	at android.os.Binder.execTransact(Binder.java:1365)
07-24 03:00:00.118   734   786 E BluetoothPowerStatsCollector: Cannot acquire BluetoothActivityEnergyInfo
07-24 03:00:00.118   734   786 E BluetoothPowerStatsCollector: java.util.concurrent.ExecutionException: java.lang.RuntimeException: error: 11
07-24 03:00:00.118   734   786 E BluetoothPowerStatsCollector: 	at java.util.concurrent.CompletableFuture.reportGet(CompletableFuture.java:372)
07-24 03:00:00.118   734   786 E BluetoothPowerStatsCollector: 	at java.util.concurrent.CompletableFuture.get(CompletableFuture.java:2072)
07-24 03:00:00.118   734   786 E BluetoothPowerStatsCollector: 	at com.android.server.power.stats.BluetoothPowerStatsCollector.collectBluetoothActivityInfo(BluetoothPowerStatsCollector.java:192)
07-24 03:00:00.118   734   786 E BluetoothPowerStatsCollector: 	at com.android.server.power.stats.BluetoothPowerStatsCollector.collectStats(BluetoothPowerStatsCollector.java:155)
07-24 03:00:00.118   734   786 E BluetoothPowerStatsCollector: 	at com.android.server.power.stats.PowerStatsCollector.collectAndDeliverStats(PowerStatsCollector.java:176)
07-24 03:00:00.118   734   786 E BluetoothPowerStatsCollector: 	at com.android.server.power.stats.PowerStatsCollector$$ExternalSyntheticLambda0.run(R8$$SyntheticClass:0)
07-24 03:00:00.118   734   786 E BluetoothPowerStatsCollector: 	at android.os.Handler.handleCallback(Handler.java:995)
07-24 03:00:00.118   734   786 E BluetoothPowerStatsCollector: 	at android.os.Handler.dispatchMessage(Handler.java:103)
07-24 03:00:00.118   734   786 E BluetoothPowerStatsCollector: 	at android.os.Looper.loopOnce(Looper.java:248)
07-24 03:00:00.118   734   786 E BluetoothPowerStatsCollector: 	at android.os.Looper.loop(Looper.java:338)
07-24 03:00:00.118   734   786 E BluetoothPowerStatsCollector: 	at android.os.HandlerThread.run(HandlerThread.java:85)
07-24 03:00:00.118   734   786 E BluetoothPowerStatsCollector: Caused by: java.lang.RuntimeException: error: 11
07-24 03:00:00.118   734   786 E BluetoothPowerStatsCollector: 	at com.android.server.power.stats.BluetoothPowerStatsCollector$1.onBluetoothActivityEnergyInfoError(BluetoothPowerStatsCollector.java:181)
07-24 03:00:00.118   734   786 E BluetoothPowerStatsCollector: 	at android.bluetooth.BluetoothAdapter$OnBluetoothActivityEnergyInfoProxy.lambda$onBluetoothActivityEnergyInfoAvailable$0(BluetoothAdapter.java:1037)
07-24 03:00:00.118   734   786 E BluetoothPowerStatsCollector: 	at android.bluetooth.BluetoothAdapter$OnBluetoothActivityEnergyInfoProxy$$ExternalSyntheticLambda1.run(D8$$SyntheticClass:0)
07-24 03:00:00.118   734   786 E BluetoothPowerStatsCollector: 	at android.bluetooth.BluetoothUtils.lambda$executeFromBinder$0(BluetoothUtils.java:343)
07-24 03:00:00.118   734   786 E BluetoothPowerStatsCollector: 	at android.bluetooth.BluetoothUtils$$ExternalSyntheticLambda1.run(D8$$SyntheticClass:0)
07-24 03:00:00.118   734   786 E BluetoothPowerStatsCollector: 	at com.android.server.SystemServerInitThreadPool$$ExternalSyntheticLambda0.execute(R8$$SyntheticClass:0)
07-24 03:00:00.118   734   786 E BluetoothPowerStatsCollector: 	at android.bluetooth.BluetoothUtils.executeFromBinder(BluetoothUtils.java:343)
07-24 03:00:00.118   734   786 E BluetoothPowerStatsCollector: 	at android.bluetooth.BluetoothAdapter$OnBluetoothActivityEnergyInfoProxy.onBluetoothActivityEnergyInfoAvailable(BluetoothAdapter.java:1035)
07-24 03:00:00.118   734   786 E BluetoothPowerStatsCollector: 	at android.bluetooth.IBluetoothActivityEnergyInfoListener$Stub.onTransact(IBluetoothActivityEnergyInfoListener.java:98)
07-24 03:00:00.118   734   786 E BluetoothPowerStatsCollector: 	at android.os.Binder.execTransactInternal(Binder.java:1426)
07-24 03:00:00.118   734   786 E BluetoothPowerStatsCollector: 	at android.os.Binder.execTransact(Binder.java:1365)
07-24 03:00:00.123   734   786 E BluetoothPowerStatsCollector: Cannot acquire BluetoothActivityEnergyInfo
07-24 03:00:00.123   734   786 E BluetoothPowerStatsCollector: java.util.concurrent.ExecutionException: java.lang.RuntimeException: error: 11
07-24 03:00:00.123   734   786 E BluetoothPowerStatsCollector: 	at java.util.concurrent.CompletableFuture.reportGet(CompletableFuture.java:372)
07-24 03:00:00.123   734   786 E BluetoothPowerStatsCollector: 	at java.util.concurrent.CompletableFuture.get(CompletableFuture.java:2072)
07-24 03:00:00.123   734   786 E BluetoothPowerStatsCollector: 	at com.android.server.power.stats.BluetoothPowerStatsCollector.collectBluetoothActivityInfo(BluetoothPowerStatsCollector.java:192)
07-24 03:00:00.123   734   786 E BluetoothPowerStatsCollector: 	at com.android.server.power.stats.BluetoothPowerStatsCollector.collectStats(BluetoothPowerStatsCollector.java:155)
07-24 03:00:00.123   734   786 E BluetoothPowerStatsCollector: 	at com.android.server.power.stats.PowerStatsCollector.collectAndDeliverStats(PowerStatsCollector.java:176)
07-24 03:00:00.123   734   786 E BluetoothPowerStatsCollector: 	at com.android.server.power.stats.PowerStatsCollector$$ExternalSyntheticLambda0.run(R8$$SyntheticClass:0)
07-24 03:00:00.123   734   786 E BluetoothPowerStatsCollector: 	at android.os.Handler.handleCallback(Handler.java:995)
07-24 03:00:00.123   734   786 E BluetoothPowerStatsCollector: 	at android.os.Handler.dispatchMessage(Handler.java:103)
07-24 03:00:00.123   734   786 E BluetoothPowerStatsCollector: 	at android.os.Looper.loopOnce(Looper.java:248)
07-24 03:00:00.123   734   786 E BluetoothPowerStatsCollector: 	at android.os.Looper.loop(Looper.java:338)
07-24 03:00:00.123   734   786 E BluetoothPowerStatsCollector: 	at android.os.HandlerThread.run(HandlerThread.java:85)
07-24 03:00:00.123   734   786 E BluetoothPowerStatsCollector: Caused by: java.lang.RuntimeException: error: 11
07-24 03:00:00.123   734   786 E BluetoothPowerStatsCollector: 	at com.android.server.power.stats.BluetoothPowerStatsCollector$1.onBluetoothActivityEnergyInfoError(BluetoothPowerStatsCollector.java:181)
07-24 03:00:00.123   734   786 E BluetoothPowerStatsCollector: 	at android.bluetooth.BluetoothAdapter$OnBluetoothActivityEnergyInfoProxy.lambda$onBluetoothActivityEnergyInfoAvailable$0(BluetoothAdapter.java:1037)
07-24 03:00:00.123   734   786 E BluetoothPowerStatsCollector: 	at android.bluetooth.BluetoothAdapter$OnBluetoothActivityEnergyInfoProxy$$ExternalSyntheticLambda1.run(D8$$SyntheticClass:0)
07-24 03:00:00.123   734   786 E BluetoothPowerStatsCollector: 	at android.bluetooth.BluetoothUtils.lambda$executeFromBinder$0(BluetoothUtils.java:343)
07-24 03:00:00.123   734   786 E BluetoothPowerStatsCollector: 	at android.bluetooth.BluetoothUtils$$ExternalSyntheticLambda1.run(D8$$SyntheticClass:0)
07-24 03:00:00.123   734   786 E BluetoothPowerStatsCollector: 	at com.android.server.SystemServerInitThreadPool$$ExternalSyntheticLambda0.execute(R8$$SyntheticClass:0)
07-24 03:00:00.123   734   786 E BluetoothPowerStatsCollector: 	at android.bluetooth.BluetoothUtils.executeFromBinder(BluetoothUtils.java:343)
07-24 03:00:00.123   734   786 E BluetoothPowerStatsCollector: 	at android.bluetooth.BluetoothAdapter$OnBluetoothActivityEnergyInfoProxy.onBluetoothActivityEnergyInfoAvailable(BluetoothAdapter.java:1035)
07-24 03:00:00.123   734   786 E BluetoothPowerStatsCollector: 	at android.bluetooth.IBluetoothActivityEnergyInfoListener$Stub.onTransact(IBluetoothActivityEnergyInfoListener.java:98)
07-24 03:00:00.123   734   786 E BluetoothPowerStatsCollector: 	at android.os.Binder.execTransactInternal(Binder.java:1426)
07-24 03:00:00.123   734   786 E BluetoothPowerStatsCollector: 	at android.os.Binder.execTransact(Binder.java:1365)
07-24 03:03:59.678  1556  7935 E GmsTaskScheduler: sendWakeUpEvent called on SchedulerClientBroadcastStrategy
07-24 03:03:59.679  1556  7935 E GmsTaskScheduler: sendWakeUpEvent called on SchedulerClientBroadcastStrategy
07-24 03:06:35.764   734   786 E BluetoothPowerStatsCollector: Cannot acquire BluetoothActivityEnergyInfo
07-24 03:06:35.764   734   786 E BluetoothPowerStatsCollector: java.util.concurrent.ExecutionException: java.lang.RuntimeException: error: 11
07-24 03:06:35.764   734   786 E BluetoothPowerStatsCollector: 	at java.util.concurrent.CompletableFuture.reportGet(CompletableFuture.java:372)
07-24 03:06:35.764   734   786 E BluetoothPowerStatsCollector: 	at java.util.concurrent.CompletableFuture.get(CompletableFuture.java:2072)
07-24 03:06:35.764   734   786 E BluetoothPowerStatsCollector: 	at com.android.server.power.stats.BluetoothPowerStatsCollector.collectBluetoothActivityInfo(BluetoothPowerStatsCollector.java:192)
07-24 03:06:35.764   734   786 E BluetoothPowerStatsCollector: 	at com.android.server.power.stats.BluetoothPowerStatsCollector.collectStats(BluetoothPowerStatsCollector.java:155)
07-24 03:06:35.764   734   786 E BluetoothPowerStatsCollector: 	at com.android.server.power.stats.PowerStatsCollector.collectAndDeliverStats(PowerStatsCollector.java:176)
07-24 03:06:35.764   734   786 E BluetoothPowerStatsCollector: 	at com.android.server.power.stats.PowerStatsCollector$$ExternalSyntheticLambda0.run(R8$$SyntheticClass:0)
07-24 03:06:35.764   734   786 E BluetoothPowerStatsCollector: 	at android.os.Handler.handleCallback(Handler.java:995)
07-24 03:06:35.764   734   786 E BluetoothPowerStatsCollector: 	at android.os.Handler.dispatchMessage(Handler.java:103)
07-24 03:06:35.764   734   786 E BluetoothPowerStatsCollector: 	at android.os.Looper.loopOnce(Looper.java:248)
07-24 03:06:35.764   734   786 E BluetoothPowerStatsCollector: 	at android.os.Looper.loop(Looper.java:338)
07-24 03:06:35.764   734   786 E BluetoothPowerStatsCollector: 	at android.os.HandlerThread.run(HandlerThread.java:85)
07-24 03:06:35.764   734   786 E BluetoothPowerStatsCollector: Caused by: java.lang.RuntimeException: error: 11
07-24 03:06:35.764   734   786 E BluetoothPowerStatsCollector: 	at com.android.server.power.stats.BluetoothPowerStatsCollector$1.onBluetoothActivityEnergyInfoError(BluetoothPowerStatsCollector.java:181)
07-24 03:06:35.764   734   786 E BluetoothPowerStatsCollector: 	at android.bluetooth.BluetoothAdapter$OnBluetoothActivityEnergyInfoProxy.lambda$onBluetoothActivityEnergyInfoAvailable$0(BluetoothAdapter.java:1037)
07-24 03:06:35.764   734   786 E BluetoothPowerStatsCollector: 	at android.bluetooth.BluetoothAdapter$OnBluetoothActivityEnergyInfoProxy$$ExternalSyntheticLambda1.run(D8$$SyntheticClass:0)
07-24 03:06:35.764   734   786 E BluetoothPowerStatsCollector: 	at android.bluetooth.BluetoothUtils.lambda$executeFromBinder$0(BluetoothUtils.java:343)
07-24 03:06:35.764   734   786 E BluetoothPowerStatsCollector: 	at android.bluetooth.BluetoothUtils$$ExternalSyntheticLambda1.run(D8$$SyntheticClass:0)
07-24 03:06:35.764   734   786 E BluetoothPowerStatsCollector: 	at com.android.server.SystemServerInitThreadPool$$ExternalSyntheticLambda0.execute(R8$$SyntheticClass:0)
07-24 03:06:35.764   734   786 E BluetoothPowerStatsCollector: 	at android.bluetooth.BluetoothUtils.executeFromBinder(BluetoothUtils.java:343)
07-24 03:06:35.764   734   786 E BluetoothPowerStatsCollector: 	at android.bluetooth.BluetoothAdapter$OnBluetoothActivityEnergyInfoProxy.onBluetoothActivityEnergyInfoAvailable(BluetoothAdapter.java:1035)
07-24 03:06:35.764   734   786 E BluetoothPowerStatsCollector: 	at android.bluetooth.IBluetoothActivityEnergyInfoListener$Stub.onTransact(IBluetoothActivityEnergyInfoListener.java:98)
07-24 03:06:35.764   734   786 E BluetoothPowerStatsCollector: 	at android.os.Binder.execTransactInternal(Binder.java:1426)
07-24 03:06:35.764   734   786 E BluetoothPowerStatsCollector: 	at android.os.Binder.execTransact(Binder.java:1365)
07-24 03:17:49.699  1556  7935 E GmsTaskScheduler: sendWakeUpEvent called on SchedulerClientBroadcastStrategy
07-24 03:17:49.769  1556  7935 E GmsTaskScheduler: sendWakeUpEvent called on SchedulerClientBroadcastStrategy
