07-23 14:25:54.200   478   478 W android.hardware.media.c2@1.0-service-goldfish: libminijail[478]: compile_file: /system/etc/seccomp_policy/crash_dump.x86.policy(6): syscall exit_group redefined here
07-23 14:25:54.200   478   478 W android.hardware.media.c2@1.0-service-goldfish: libminijail[478]: compile_file: <fd>(45): previous definition here
07-23 14:25:54.200   478   478 W android.hardware.media.c2@1.0-service-goldfish: libminijail[478]: compile_file: /system/etc/seccomp_policy/crash_dump.x86.policy(9): syscall futex redefined here
07-23 14:25:54.200   478   478 W android.hardware.media.c2@1.0-service-goldfish: libminijail[478]: compile_file: <fd>(35): previous definition here
07-23 14:25:54.200   478   478 W android.hardware.media.c2@1.0-service-goldfish: libminijail[478]: compile_file: /system/etc/seccomp_policy/crash_dump.x86.policy(11): syscall getpid redefined here
07-23 14:25:54.200   478   478 W android.hardware.media.c2@1.0-service-goldfish: libminijail[478]: compile_file: <fd>(68): previous definition here
07-23 14:25:54.200   478   478 W android.hardware.media.c2@1.0-service-goldfish: libminijail[478]: compile_file: /system/etc/seccomp_policy/crash_dump.x86.policy(12): syscall gettid redefined here
07-23 14:25:54.200   478   478 W android.hardware.media.c2@1.0-service-goldfish: libminijail[478]: compile_file: <fd>(66): previous definition here
07-23 14:25:54.200   478   478 W android.hardware.media.c2@1.0-service-goldfish: libminijail[478]: compile_file: /system/etc/seccomp_policy/crash_dump.x86.policy(15): syscall openat redefined here
07-23 14:25:54.200   478   478 W android.hardware.media.c2@1.0-service-goldfish: libminijail[478]: compile_file: <fd>(18): previous definition here
07-23 14:25:54.200   478   478 W android.hardware.media.c2@1.0-service-goldfish: libminijail[478]: compile_file: /system/etc/seccomp_policy/crash_dump.x86.policy(16): syscall dup redefined here
07-23 14:25:54.200   478   478 W android.hardware.media.c2@1.0-service-goldfish: libminijail[478]: compile_file: <fd>(55): previous definition here
07-23 14:25:54.200   478   478 W android.hardware.media.c2@1.0-service-goldfish: libminijail[478]: compile_file: /system/etc/seccomp_policy/crash_dump.x86.policy(17): syscall close redefined here
07-23 14:25:54.200   478   478 W android.hardware.media.c2@1.0-service-goldfish: libminijail[478]: compile_file: <fd>(25): previous definition here
07-23 14:25:54.200   478   478 W android.hardware.media.c2@1.0-service-goldfish: libminijail[478]: compile_file: /system/etc/seccomp_policy/crash_dump.x86.policy(18): syscall lseek redefined here
07-23 14:25:54.200   478   478 W android.hardware.media.c2@1.0-service-goldfish: libminijail[478]: compile_file: <fd>(39): previous definition here
07-23 14:25:54.201   478   478 W android.hardware.media.c2@1.0-service-goldfish: libminijail[478]: compile_file: /system/etc/seccomp_policy/crash_dump.x86.policy(20): syscall faccessat redefined here
07-23 14:25:54.201   478   478 W android.hardware.media.c2@1.0-service-goldfish: libminijail[478]: compile_file: <fd>(37): previous definition here
07-23 14:25:54.201   478   478 W android.hardware.media.c2@1.0-service-goldfish: libminijail[478]: compile_file: /system/etc/seccomp_policy/crash_dump.x86.policy(30): syscall prctl redefined here
07-23 14:25:54.201   478   478 W android.hardware.media.c2@1.0-service-goldfish: libminijail[478]: compile_file: <fd>(17): previous definition here
07-23 14:25:54.201   478   478 W android.hardware.media.c2@1.0-service-goldfish: libminijail[478]: compile_file: /system/etc/seccomp_policy/crash_dump.x86.policy(31): syscall madvise redefined here
07-23 14:25:54.201   478   478 W android.hardware.media.c2@1.0-service-goldfish: libminijail[478]: compile_file: <fd>(32): previous definition here
07-23 14:25:54.201   478   478 W android.hardware.media.c2@1.0-service-goldfish: libminijail[478]: compile_file: /system/etc/seccomp_policy/crash_dump.x86.policy(32): syscall mprotect redefined here
07-23 14:25:54.201   478   478 W android.hardware.media.c2@1.0-service-goldfish: libminijail[478]: compile_file: <fd>(16): previous definition here
07-23 14:25:54.201   478   478 W android.hardware.media.c2@1.0-service-goldfish: libminijail[478]: compile_file: /system/etc/seccomp_policy/crash_dump.x86.policy(33): syscall munmap redefined here
07-23 14:25:54.201   478   478 W android.hardware.media.c2@1.0-service-goldfish: libminijail[478]: compile_file: <fd>(36): previous definition here
07-23 14:25:54.201   478   478 W android.hardware.media.c2@1.0-service-goldfish: libminijail[478]: compile_file: /system/etc/seccomp_policy/crash_dump.x86.policy(34): nonexistent syscall 'getuid32'
07-23 14:25:54.201   478   478 W android.hardware.media.c2@1.0-service-goldfish: libminijail[478]: compile_file: /system/etc/seccomp_policy/crash_dump.x86.policy(35): nonexistent syscall 'fstat64'
07-23 14:25:54.201   478   478 W android.hardware.media.c2@1.0-service-goldfish: libminijail[478]: compile_file: /system/etc/seccomp_policy/crash_dump.x86.policy(36): nonexistent syscall 'mmap2'
07-23 14:25:54.201   478   478 W android.hardware.media.c2@1.0-service-goldfish: libminijail[478]: compile_file: /system/etc/seccomp_policy/crash_dump.x86.policy(37): nonexistent syscall 'geteuid32'
07-23 14:25:54.201   478   478 W android.hardware.media.c2@1.0-service-goldfish: libminijail[478]: compile_file: /system/etc/seccomp_policy/crash_dump.x86.policy(38): nonexistent syscall 'getgid32'
07-23 14:25:54.201   478   478 W android.hardware.media.c2@1.0-service-goldfish: libminijail[478]: compile_file: /system/etc/seccomp_policy/crash_dump.x86.policy(39): nonexistent syscall 'getegid32'
07-23 14:25:54.201   478   478 W android.hardware.media.c2@1.0-service-goldfish: libminijail[478]: compile_file: /system/etc/seccomp_policy/crash_dump.x86.policy(40): nonexistent syscall 'getgroups32'
07-23 14:25:54.201   478   478 W android.hardware.media.c2@1.0-service-goldfish: libminijail[478]: logging seccomp filter failures
07-23 14:25:54.202   478   478 D android.hardware.media.c2@1.0-service-goldfish: Instantiating Codec2's Goldfish IComponentStore service...
07-23 14:25:54.202   478   478 I GoldfishComponentStore: Create()
07-23 14:25:54.202   478   478 W GoldfishComponentStore: created goldfish store 0x71d418693320 reflector of param 0x71d378691108
07-23 14:25:54.202   478   478 D GoldfishComponentStore: useAndroidGoldfishComponentInstance 253 found prop ro.boot.qemu.hwcodec.vpxdec val 2
07-23 14:25:54.202   478   478 D GoldfishComponentStore: useAndroidGoldfishComponentInstance 253 found prop ro.boot.qemu.hwcodec.avcdec val 2
07-23 14:25:54.202   478   478 D GoldfishComponentStore: useAndroidGoldfishComponentInstance 253 found prop ro.boot.qemu.hwcodec.hevcdec val 2
07-23 14:25:54.204   478   478 E Codec2-FilterWrapper: plugin not OK: -19
07-23 14:25:54.206   478   478 I HidlServiceManagement: Registered android.hardware.media.c2@1.0::IComponentStore/default
07-23 14:25:54.206   478   478 I HidlServiceManagement: Removing namespace from process name android.hardware.media.c2@1.0-service-goldfish to c2@1.0-service-goldfish.
07-23 14:25:54.206   478   478 I android.hardware.media.c2@1.0-service-goldfish: Codec2's IComponentStore service created.
07-23 14:25:54.209   509   509 W android.hardware.contexthub-service.example: Thread Pool max thread count is 0. Cannot cache binder as linkToDeath cannot be implemented. serviceName: android.hardware.contexthub.IContextHub/default
07-23 14:25:54.216   498   498 W android.hardware.lights-service.example: Thread Pool max thread count is 0. Cannot cache binder as linkToDeath cannot be implemented. serviceName: android.hardware.light.ILights/default
07-23 14:25:54.233   524   524 W android.hardware.rebootescrow-service.default: Thread Pool max thread count is 0. Cannot cache binder as linkToDeath cannot be implemented. serviceName: android.hardware.rebootescrow.IRebootEscrow/default
07-23 14:25:54.248   525   525 W android.hardware.thermal-service.example: Thread Pool max thread count is 0. Cannot cache binder as linkToDeath cannot be implemented. serviceName: android.hardware.thermal.IThermal/default
07-23 14:25:54.261   470   470 E EmulatedCameraProviderHwlImpl: ParseCharacteristics: tag android.visualEffect.backgroundBlurModes not supported, skipping!
07-23 14:25:54.261   470   470 E EmulatedCameraProviderHwlImpl: ParseCharacteristics: tag android.visualEffect.capabilities not supported, skipping!
07-23 14:25:54.261   470   470 I EmulatedCameraProviderHwlImpl: Create: Created EmulatedCameraProviderHwlImpl
07-23 14:25:54.263   470   470 E GCH_CameraProvider: Initialize: HWL doesn't support vendor buffer allocation Function not implemented(-38)
07-23 14:25:54.264   523   523 W android.hardware.power.stats-service.example: Thread Pool max thread count is 0. Cannot cache binder as linkToDeath cannot be implemented. serviceName: android.hardware.power.stats.IPowerStats/default
07-23 14:25:54.265   526   526 I android.hardware.threadnetwork-service: ServiceName: android.hardware.threadnetwork.IThreadChip/chip0, Url: spinel+hdlc+forkpty:///apex/com.android.hardware.threadnetwork/bin/ot-rcp?forkpty-arg=1
07-23 14:25:54.268   520   520 W android.hardware.power-service.example: Thread Pool max thread count is 0. Cannot cache binder as linkToDeath cannot be implemented. serviceName: android.hardware.power.IPower/default
07-23 14:25:54.271   526   526 I android.hardware.threadnetwork-service: Thread Network HAL is running
07-23 14:25:54.304   527   527 W android.hardware.vibrator-service.example: Thread Pool max thread count is 0. Cannot cache binder as linkToDeath cannot be implemented. serviceName: android.hardware.vibrator.IVibrator/default
07-23 14:25:54.310   527   527 W android.hardware.vibrator-service.example: Thread Pool max thread count is 0. Cannot cache binder as linkToDeath cannot be implemented. serviceName: android.hardware.vibrator.IVibratorManager/default
07-23 14:25:54.325   530   530 W credstore: Thread Pool max thread count is 0. Cannot cache binder as linkToDeath cannot be implemented. serviceName: android.security.identity
07-23 14:25:54.327   532   532 I misctrl : [libfstab] Using Android DT directory /proc/device-tree/firmware/android/
07-23 14:25:54.327   530   530 I credstore: Registered binder service
07-23 14:25:54.329   532   532 E misctrl : Could not read misctrl message: failed to find /misc partition
07-23 14:25:54.329   532   532 E misctrl : Could not read reserved space: failed to find /misc partition
07-23 14:25:54.343   518   518 I Manager : DeviceManager::DeviceManager
07-23 14:25:54.343   518   518 I Manager : findAvailableDevices
07-23 14:25:54.343   518   518 I Manager : Enabled devices: .*
07-23 14:25:54.347   531   531 W gpuservice: Thread Pool max thread count is 0. Cannot cache binder as linkToDeath cannot be implemented. serviceName: gpu
07-23 14:25:54.354   518   518 I Manager : Found interface nnapi-sample_sl (version = JUST_AN_EXAMPLE)
07-23 14:25:54.355   518   518 I ShimDeviceManager: Attempting service registration for android.hardware.neuralnetworks.IDevice/nnapi-sample_sl_shim
07-23 14:25:54.358   515   515 W android.hardware.neuralnetworks-service-sample-limited: Thread Pool max thread count is 0. Cannot cache binder as linkToDeath cannot be implemented. serviceName: android.hardware.neuralnetworks.IDevice/nnapi-sample_quant
07-23 14:25:54.358   515   515 W ProcessState: Thread pool configuration of size 4 requested, but startThreadPool was not called.
07-23 14:25:54.368     1     1 W init    : type=1400 audit(0.0:4): avc:  denied  { write } for  name="error_report_end" dev="tracefs" ino=6811 scontext=u:r:init:s0 tcontext=u:object_r:debugfs_bootreceiver_tracing:s0 tclass=dir permissive=0
07-23 14:25:54.372   518   518 W android.hardware.neuralnetworks-shim-service-sample: Thread Pool max thread count is 0. Cannot cache binder as linkToDeath cannot be implemented. serviceName: android.hardware.neuralnetworks.IDevice/nnapi-sample_sl_shim
07-23 14:25:54.373   518   518 I ShimDeviceManager: 1 NNAPI Devices/services registered, blocking
07-23 14:25:54.377   535   535 I gsid    : no DSU: No such file or directory
07-23 14:25:54.378   511   511 W android.hardware.neuralnetworks-service-sample-all: Thread Pool max thread count is 0. Cannot cache binder as linkToDeath cannot be implemented. serviceName: android.hardware.neuralnetworks.IDevice/nnapi-sample_all
07-23 14:25:54.378   511   511 W ProcessState: Thread pool configuration of size 4 requested, but startThreadPool was not called.
07-23 14:25:54.385   528   528 W android.hardware.drm-service.widevine: Thread Pool max thread count is 0. Cannot cache binder as linkToDeath cannot be implemented. serviceName: android.hardware.drm.IDrmFactory/widevine
07-23 14:25:54.385   528   528 W ProcessState: Thread pool configuration of size 8 requested, but startThreadPool was not called.
07-23 14:25:54.431   230   230 I hwservicemanager: getTransport: Cannot find entry android.hardware.configstore@1.0::ISurfaceFlingerConfigs/default in either framework or device VINTF manifest.
07-23 14:25:54.436   533   533 I SurfaceFlinger: Using HWComposer service: default
07-23 14:25:54.436   533   533 I SurfaceFlinger: SurfaceFlinger is starting
07-23 14:25:54.436   533   533 I SurfaceFlinger: Enabling backpressure for GPU composition
07-23 14:25:54.437   533   533 W libprocessgroup: A JoinCgroup action in the SystemMemoryProcess profile is used for controller memory in the cgroup v2 hierarchy and will be ignored
07-23 14:25:54.438   533   533 I SurfaceFlinger: SurfaceFlinger's main thread ready to run. Initializing graphics H/W...
07-23 14:25:54.438   533   533 D RenderEngine: Threaded RenderEngine with SkiaGL Backend (Ganesh)
07-23 14:25:54.447   542   542 I android.hardware.uwb: uwb_default_hal: UWB HAL starting up
07-23 14:25:54.455   533   547 I EGL_emulation: Opening libGLESv1_CM_emulation.so
07-23 14:25:54.455   533   547 I EGL_emulation: Opening libGLESv2_emulation.so
07-23 14:25:54.455   529   529 I FastMixerState: sMaxFastTracks = 8
07-23 14:25:54.462   529   529 D audioserver: main: starting
07-23 14:25:54.462   529   529 V MediaUtils: physMem: 3121074176
07-23 14:25:54.462   529   529 V MediaUtils: requested limit: 536870912
07-23 14:25:54.462   529   529 I libc    : malloc_limit: Allocation limit enabled, max size 536870912 bytes
07-23 14:25:54.463   529   529 D audio_utils::mutex: get_enable_flag: mutex_priority_inheritance: true
07-23 14:25:54.465   542   552 I android.hardware.uwb: uwb_default_hal::uwb_chip: UCI reader task started
07-23 14:25:54.469   529   529 W FactoryHal: hasAidlHalService android.hardware.audio.core.IModule/default: false
07-23 14:25:54.469   542   542 W android.hardware.uwb-service: Thread Pool max thread count is 0. Cannot cache binder as linkToDeath cannot be implemented. serviceName: android.hardware.uwb.IUwb/default
07-23 14:25:54.472   533   547 I RenderEngine: EGL information:
07-23 14:25:54.472   533   547 I RenderEngine: vendor    : Android
07-23 14:25:54.472   533   547 I RenderEngine: version   : 1.4 Android META-EGL
07-23 14:25:54.472   533   547 I RenderEngine: extensions: EGL_ANDROID_front_buffer_auto_refresh EGL_ANDROID_get_native_client_buffer EGL_ANDROID_presentation_time EGL_EXT_surface_CTA861_3_metadata EGL_EXT_surface_SMPTE2086_metadata EGL_KHR_get_all_proc_addresses EGL_KHR_swap_buffers_with_damage EGL_ANDROID_get_frame_timestamps EGL_ANDROID_image_native_buffer EGL_ANDROID_native_fence_sync EGL_ANDROID_recordable EGL_KHR_create_context EGL_KHR_fence_sync EGL_KHR_gl_texture_2D_image EGL_KHR_image EGL_KHR_image_base EGL_KHR_wait_sync 
07-23 14:25:54.472   533   547 I RenderEngine: Client API: OpenGL_ES
07-23 14:25:54.472   533   547 I RenderEngine: EGLSurface: 8-8-8-8, config=0x2
07-23 14:25:54.475   529   529 W FactoryHal: hasAidlHalService android.hardware.audio.effect.IFactory/default: false
07-23 14:25:54.475   230   230 I hwservicemanager: getTransport: Cannot find entry android.hardware.audio.effect@7.1::IEffectsFactory/default in either framework or device VINTF manifest.
07-23 14:25:54.506   529   529 W FactoryHal: hasAidlHalService android.hardware.audio.effect.IFactory/default: false
07-23 14:25:54.506   230   230 I hwservicemanager: getTransport: Cannot find entry android.hardware.audio.effect@7.1::IEffectsFactory/default in either framework or device VINTF manifest.
07-23 14:25:54.510   529   529 W FactoryHal: hasAidlHalService android.hardware.audio.core.IModule/default: false
07-23 14:25:54.513   529   529 W BatteryNotifier: batterystats service unavailable!
07-23 14:25:54.513   529   529 I ServiceManagerCppClient: Waiting for service 'media.metrics' on '/dev/binder'...
07-23 14:25:54.525   541   541 I adbd    : persist.adb.watchdog set to ''
07-23 14:25:54.525   541   541 I adbd    : persist.sys.test_harness set to ''
07-23 14:25:54.525   541   541 I adbd    : adb watchdog timeout set to 600 seconds
07-23 14:25:54.526   533   547 D RenderEngine: Background Blurs Enabled (Kawase algorithm)
07-23 14:25:54.527   541   541 I adbd    : Setup mdns on port= 5555
07-23 14:25:54.527   541   559 I adbd    : Waiting for persist.adb.tls_server.enable=1
07-23 14:25:54.527   541   541 I adbd    : adbd listening on tcp:5555
07-23 14:25:54.527   541   541 I adbd    : adbd listening on vsock:5555
07-23 14:25:54.527   541   541 I adbd    : adbd started
07-23 14:25:54.534   533   547 I RenderEngine: OpenGL ES informations:
07-23 14:25:54.534   533   547 I RenderEngine: vendor    : Google (Intel)
07-23 14:25:54.534   533   547 I RenderEngine: renderer  : Android Emulator OpenGL ES Translator (Intel(R) Iris(R) Xe Graphics)
07-23 14:25:54.535   533   547 I RenderEngine: version   : OpenGL ES 3.1 (4.5.0 - Build 32.0.101.6913)
07-23 14:25:54.535   533   547 I RenderEngine: extensions: GL_EXT_debug_marker GL_EXT_robustness GL_OES_EGL_sync GL_OES_EGL_image GL_OES_EGL_image_external GL_OES_depth24 GL_OES_depth32 GL_OES_element_index_uint GL_OES_texture_float GL_OES_texture_float_linear GL_OES_compressed_paletted_texture GL_OES_compressed_ETC1_RGB8_texture GL_OES_depth_texture GL_OES_texture_half_float GL_OES_texture_half_float_linear GL_OES_packed_depth_stencil GL_OES_vertex_half_float GL_OES_texture_npot GL_OES_rgb8_rgba8 GL_EXT_color_buffer_float GL_EXT_color_buffer_half_float GL_EXT_texture_format_BGRA8888 GL_APPLE_texture_format_BGRA8888 ANDROID_EMU_CHECKSUM_HELPER_v1 ANDROID_EMU_native_sync_v2 ANDROID_EMU_native_sync_v3 ANDROID_EMU_native_sync_v4 ANDROID_EMU_dma_v1 ANDROID_EMU_direct_mem ANDROID_EMU_host_composition_v1 ANDROID_EMU_host_composition_v2 ANDROID_EMU_vulkan ANDROID_EMU_deferred_vulkan_commands ANDROID_EMU_vulkan_null_optional_strings ANDROID_EMU_vulkan_create_resources_with_requirements ANDROID_EMU_YUV_Cache ANDROID_EMU_vulkan_ignored_handles ANDROID_EMU_has_shar
07-23 14:25:54.535   533   547 I RenderEngine: GL_MAX_TEXTURE_SIZE = 16384
07-23 14:25:54.535   533   547 I RenderEngine: GL_MAX_VIEWPORT_DIMS = 16384
07-23 14:25:54.567   460   460 D AndroidRuntime: >>>>>> START com.android.internal.os.ZygoteInit uid 0 <<<<<<
07-23 14:25:54.572   491   510 D RanchuHwc: getBootConfigId: persistent boot config is not enabled.
07-23 14:25:54.572   491   510 D RanchuHwc: init display:0 with config: id: 0 w:1344 h:2992 dpi-x:480 dpi-y:480 vsync:60.000002 config-group:0
07-23 14:25:54.573   491   510 E RanchuHwc: start: failed to set Vsync thread priority: Invalid argument
07-23 14:25:54.573   491   566 I RanchuHwc: Vsync thread for display:0 starting
07-23 14:25:54.579   460   460 I AndroidRuntime: Using default boot image
07-23 14:25:54.579   460   460 I AndroidRuntime: Leaving lock profiling enabled
07-23 14:25:54.581   460   460 I zygote64: option[0]=-Xzygote
07-23 14:25:54.581   460   460 I zygote64: option[1]=exit
07-23 14:25:54.581   460   460 I zygote64: option[2]=vfprintf
07-23 14:25:54.581   460   460 I zygote64: option[3]=sensitiveThread
07-23 14:25:54.581   460   460 I zygote64: option[4]=-verbose:gc
07-23 14:25:54.581   460   460 I zygote64: option[5]=-XX:PerfettoHprof=true
07-23 14:25:54.581   460   460 I zygote64: option[6]=-XX:PerfettoJavaHeapStackProf=true
07-23 14:25:54.581   460   460 I zygote64: option[7]=-Xprimaryzygote
07-23 14:25:54.581   460   460 I zygote64: option[8]=-Xms8m
07-23 14:25:54.581   460   460 I zygote64: option[9]=-Xmx576m
07-23 14:25:54.581   460   460 I zygote64: option[10]=-XX:HeapGrowthLimit=192m
07-23 14:25:54.581   460   460 I zygote64: option[11]=-XX:HeapMinFree=512k
07-23 14:25:54.581   460   460 I zygote64: option[12]=-XX:HeapMaxFree=8m
07-23 14:25:54.581   460   460 I zygote64: option[13]=-XX:HeapTargetUtilization=0.75
07-23 14:25:54.581   460   460 I zygote64: option[14]=-Xusejit:true
07-23 14:25:54.581   460   460 I zygote64: option[15]=-Xjitsaveprofilinginfo
07-23 14:25:54.581   460   460 I zygote64: option[16]=-XMadviseWillNeedVdexFileSize:104857600
07-23 14:25:54.581   460   460 I zygote64: option[17]=-XMadviseWillNeedOdexFileSize:104857600
07-23 14:25:54.581   460   460 I zygote64: option[18]=-XjdwpOptions:suspend=n,server=y
07-23 14:25:54.581   460   460 I zygote64: option[19]=-XjdwpProvider:default
07-23 14:25:54.581   460   460 I zygote64: option[20]=-Xopaque-jni-ids:swapable
07-23 14:25:54.581   460   460 I zygote64: option[21]=-Xcompiler-option
07-23 14:25:54.581   460   460 I zygote64: option[22]=--instruction-set-variant=x86_64
07-23 14:25:54.581   460   460 I zygote64: option[23]=-Xcompiler-option
07-23 14:25:54.581   460   460 I zygote64: option[24]=--instruction-set-features=default
07-23 14:25:54.581   460   460 I zygote64: option[25]=-Xcompiler-option
07-23 14:25:54.581   460   460 I zygote64: option[26]=--generate-mini-debug-info
07-23 14:25:54.581   460   460 I zygote64: option[27]=-Ximage-compiler-option
07-23 14:25:54.581   460   460 I zygote64: option[28]=--runtime-arg
07-23 14:25:54.581   460   460 I zygote64: option[29]=-Ximage-compiler-option
07-23 14:25:54.581   460   460 I zygote64: option[30]=-Xms64m
07-23 14:25:54.581   460   460 I zygote64: option[31]=-Ximage-compiler-option
07-23 14:25:54.581   460   460 I zygote64: option[32]=--runtime-arg
07-23 14:25:54.581   460   460 I zygote64: option[33]=-Ximage-compiler-option
07-23 14:25:54.581   460   460 I zygote64: option[34]=-Xmx64m
07-23 14:25:54.582   460   460 I zygote64: option[35]=-Ximage-compiler-option
07-23 14:25:54.582   460   460 I zygote64: option[36]=--dirty-image-objects=/apex/com.android.art/etc/dirty-image-objects
07-23 14:25:54.582   460   460 I zygote64: option[37]=-Ximage-compiler-option
07-23 14:25:54.582   460   460 I zygote64: option[38]=--dirty-image-objects=/system/etc/dirty-image-objects
07-23 14:25:54.582   460   460 I zygote64: option[39]=-Ximage-compiler-option
07-23 14:25:54.582   460   460 I zygote64: option[40]=--instruction-set-variant=x86_64
07-23 14:25:54.582   460   460 I zygote64: option[41]=-Ximage-compiler-option
07-23 14:25:54.582   460   460 I zygote64: option[42]=--instruction-set-features=default
07-23 14:25:54.582   460   460 I zygote64: option[43]=-Ximage-compiler-option
07-23 14:25:54.582   460   460 I zygote64: option[44]=--generate-mini-debug-info
07-23 14:25:54.582   460   460 I zygote64: option[45]=-Duser.locale=en-US
07-23 14:25:54.582   460   460 I zygote64: option[46]=-XX:NativeBridge=libndk_translation.so
07-23 14:25:54.582   460   460 I zygote64: option[47]=--cpu-abilist=x86_64,arm64-v8a
07-23 14:25:54.582   460   460 I zygote64: option[48]=-Xfingerprint:google/sdk_gphone64_x86_64/emu64xa:16/BP22.250325.006/13344233:user/release-keys
07-23 14:25:54.585   460   460 I zygote64: Using CollectorTypeCMC GC.
07-23 14:25:54.616   533   533 I HwcComposer: Loaded AIDL composer3 HAL service
07-23 14:25:54.616   533   533 E HwcComposer: getOverlaySupport failed Status(-8, EX_SERVICE_SPECIFIC): '8: '
07-23 14:25:54.618   533   533 I HWComposer: Switching to generalized multi-display mode
07-23 14:25:54.620   533   533 E HwcComposer: getMaxLayerPictureProfiles failed Status(-8, EX_SERVICE_SPECIFIC): '8: '
07-23 14:25:54.620   533   533 E HWComposer: getMaxLayerPictureProfiles: getMaxLayerPictureProfiles failed for display 4619827259835644672: UNSUPPORTED (8)
07-23 14:25:54.620   533   533 W HWC2    : Can't query capability Unknown. Display Capabilities were not queried from HWC yet
07-23 14:25:54.620   533   533 I SurfaceFlinger: Connecting display 4619827259835644672(HAL ID 0)
07-23 14:25:54.624   533   533 E HwcComposer: getPerFrameMetadataKeys failed Status(-8, EX_SERVICE_SPECIFIC): '8: '
07-23 14:25:54.630   541   568 I adbd    : host-10: read thread spawning
07-23 14:25:54.630   541   570 I adbd    : host-16: read thread spawning
07-23 14:25:54.630   541   569 I adbd    : host-10: write thread spawning
07-23 14:25:54.632   541   571 I adbd    : host-16: write thread spawning
07-23 14:25:54.645   541   541 I adbd    : adbd_auth: loading keys from /data/misc/adb/adb_keys
07-23 14:25:54.665   533   533 D SurfaceFlinger: processDisplayAdded: Enabling power optimizations
07-23 14:25:54.669   533   533 I Scheduler: Display 4619827259835644672 is the pacesetter
07-23 14:25:54.670   533   573 W EventThread: Ignoring VSYNC request while display is disconnected
07-23 14:25:54.672   533   574 W EventThread: Ignoring VSYNC request while display is disconnected
07-23 14:25:54.673   533   533 I Scheduler: Display 4619827259835644672 is the pacesetter
07-23 14:25:54.674   533   533 D DisplayModeController: setDesiredMode 4619827259835644672 {mode={fps=60.00 Hz, modePtr={id=0, vsyncRate=60.00 Hz, peakRefreshRate=60.00 Hz}}, emitEvent=true, force=false}
07-23 14:25:54.674   533   578 W SurfaceFlinger: Failed to set thread name on dispatch thread
07-23 14:25:54.691   230   230 I hwservicemanager: getTransport: Cannot find entry android.frameworks.displayservice@1.0::IDisplayService/default in either framework or device VINTF manifest.
07-23 14:25:54.691   533   533 E HidlServiceManagement: Service android.frameworks.displayservice@1.0::IDisplayService/default must be in VINTF manifest in order to register/get.
07-23 14:25:54.691   533   533 E SurfaceFlinger: Did not register (deprecated) IDisplayService service.
07-23 14:25:54.692   533   533 D SurfaceFlinger: Setting power mode 0 on physical display 4619827259835644672
07-23 14:25:54.692   533   533 D SurfaceFlinger: Setting power mode 2 on physical display 4619827259835644672
07-23 14:25:54.692   533   533 D SurfaceFlinger: setPhysicalDisplayPowerMode(ON): Disabling power optimizations
07-23 14:25:54.693   533   533 D SurfaceFlinger: Finished setting power mode 2 on physical display 4619827259835644672
07-23 14:25:54.870   580   580 D BootAnimation: BootAnimationStartTiming start time: 10732ms
07-23 14:25:54.870   580   580 D BootAnimation: BootAnimationPreloadTiming start time: 10732ms
07-23 14:25:54.874   580   580 D BootAnimation: /product/media/bootanimation.zip is loaded successfully
07-23 14:25:54.900   580   580 D BootAnimation: BootAnimationPreloadTiming stop time: 10762ms
07-23 14:25:54.924   580   592 I EGL_emulation: Opening libGLESv1_CM_emulation.so
07-23 14:25:54.924   580   592 I EGL_emulation: Opening libGLESv2_emulation.so
07-23 14:25:55.000   580   592 W emuglGLESv2_enc: error cap: 0xde1 is invalid
07-23 14:25:55.000   580   592 E emuglGLESv2_enc: hardware/google/gfxstream/guest/GLESv2_enc/GL2Encoder.cpp:s_glEnable:5158 GL error 0x500 condition [!GLESv2Validation::allowedEnable(ctx->majorVersion(), ctx->minorVersion(), what)]
07-23 14:25:55.022   580   592 W HWUI    : Image decoding logging dropped!
07-23 14:25:55.023   580   592 D BootAnimation: BootAnimationShownTiming start time: 10885ms
07-23 14:25:55.023   580   592 D BootAnimation: Playing files = /product/media/bootanimation.zip/part0, Requested repeat = 1, playUntilComplete = true
07-23 14:25:55.025   580   592 W HWUI    : Image decoding logging dropped!
07-23 14:25:55.041   533   533 I SurfaceFlinger: Enter boot animation
07-23 14:25:55.194   460   460 I zygote64: Initializing ART runtime metrics
07-23 14:25:55.236   460   460 D nativeloader: InitDefaultPublicLibraries for_preload=1: libandroid.so:libaaudio.so:libamidi.so:libbinder_ndk.so:libc.so:libcamera2ndk.so:libdl.so:libEGL.so:libGLESv1_CM.so:libGLESv2.so:libGLESv3.so:libicu.so:libicui18n.so:libicuuc.so:libjnigraphics.so:liblog.so:libmediandk.so:libm.so:libnativehelper.so:libnativewindow.so:libOpenMAXAL.so:libOpenSLES.so:libRS.so:libstdc++.so:libsync.so:libvulkan.so:libwebviewchromium_plat_support.so:libz.so
07-23 14:25:55.330   460   460 D nativeloader: Load libicu_jni.so using APEX ns com_android_art for caller /apex/com.android.art/javalib/core-oj.jar: ok
07-23 14:25:55.341   460   460 D zygote64: u_setTimeZoneFilesDirectory("/apex/com.android.tzdata/etc/tz/versioned/9/icu") succeeded. 
07-23 14:25:55.343   460   460 D zygote64: I18n APEX ICU file found: /apex/com.android.i18n/etc/icu/icudt76l.dat
07-23 14:25:55.360   460   460 D nativeloader: Load libjavacore.so using APEX ns com_android_art for caller /apex/com.android.art/javalib/core-oj.jar: ok
07-23 14:25:55.372   460   460 D nativeloader: Load libopenjdk.so using APEX ns com_android_art for caller /apex/com.android.art/javalib/core-oj.jar: ok
07-23 14:25:55.386   460   460 I zygote64: Using memfd for future sealing
07-23 14:25:55.387   460   460 W zygote64: Unexpected CPU variant for x86: x86_64.
07-23 14:25:55.387   460   460 W zygote64: Known variants: atom, sandybridge, silvermont, goldmont, goldmont-plus, goldmont-without-sha-xsaves, tremont, kabylake, alderlake, default
07-23 14:25:55.579   460   595 I zygote64: Background verification of 159 classes from boot classpath took 90.886ms
07-23 14:25:55.585   460   460 D nativeloader: Load libstats_jni.so using APEX ns com_android_os_statsd for caller /apex/com.android.os.statsd/javalib/framework-statsd.jar: ok
07-23 14:25:55.585   460   460 D Zygote  : begin preload
07-23 14:25:55.585   460   460 I Zygote  : Calling ZygoteHooks.beginPreload()
07-23 14:25:55.684   460   460 I Zygote  : Preloading classes...
07-23 14:25:55.689   460   460 I AconfigPackage: android.media.swcodec.flags is mapped to com.android.media.swcodec
07-23 14:25:55.691   460   460 I AconfigPackage: com.google.android.settings.simplemode.flags is mapped to system_ext
07-23 14:25:55.691   460   460 I AconfigPackage: com.google.android.systemui is mapped to system_ext
07-23 14:25:55.692   460   460 I AconfigPackage: com.google.android.apps.nexuslauncher is mapped to system_ext
07-23 14:25:55.692   460   460 I AconfigPackage: com.android.settings.accessibility is mapped to system_ext
07-23 14:25:55.692   460   460 I AconfigPackage: com.android.settings.flags is mapped to system_ext
07-23 14:25:55.692   460   460 I AconfigPackage: com.google.android.apps.miphone.aiai.matchmaker.overview.ui is mapped to system_ext
07-23 14:25:55.692   460   460 I AconfigPackage: com.google.android.settings.flags is mapped to system_ext
07-23 14:25:55.692   460   460 I AconfigPackage: com.android.launcher3 is mapped to system_ext
07-23 14:25:55.692   460   460 I AconfigPackage: com.android.wallpaper is mapped to system_ext
07-23 14:25:55.692   460   460 I AconfigPackage: com.android.settings.media_drm is mapped to system_ext
07-23 14:25:55.693   460   460 I AconfigPackage: com.android.systemui.accessibility.accessibilitymenu is mapped to system_ext
07-23 14:25:55.693   460   460 I AconfigPackage: com.android.settings.keyboard is mapped to system_ext
07-23 14:25:55.693   460   460 I AconfigPackage: com.android.server.policy.feature.flags is mapped to system_ext
07-23 14:25:55.693   460   460 I AconfigPackage: com.android.settings.factory_reset is mapped to system_ext
07-23 14:25:55.693   460   460 I AconfigPackage: com.google.android.haptics.flags is mapped to system_ext
07-23 14:25:55.693   460   460 I AconfigPackage: com.android.permission.flags is mapped to com.android.permission
07-23 14:25:55.697   460   460 I AconfigPackage: com.android.icu is mapped to com.android.i18n
07-23 14:25:55.699   460   460 I AconfigPackage: com.android.appsearch.flags is mapped to com.android.appsearch
07-23 14:25:55.699   460   460 I AconfigPackage: android.uprobestats.mainline.flags is mapped to com.android.uprobestats
07-23 14:25:55.700   460   460 I AconfigPackage: android.provider.flags is mapped to com.android.configinfrastructure
07-23 14:25:55.700   460   460 I AconfigPackage: com.android.server.deviceconfig is mapped to com.android.configinfrastructure
07-23 14:25:55.701   460   460 I AconfigPackage: com.android.nfc.flags is mapped to system
07-23 14:25:55.701   460   460 I AconfigPackage: android.app.admin.flags is mapped to system
07-23 14:25:55.701   460   460 I AconfigPackage: android.database.sqlite is mapped to system
07-23 14:25:55.701   460   460 I AconfigPackage: com.android.providers.calendar is mapped to system
07-23 14:25:55.701   460   460 I AconfigPackage: com.android.server.power.feature.flags is mapped to system
07-23 14:25:55.701   460   460 I AconfigPackage: com.android.media.performance.flags is mapped to system
07-23 14:25:55.701   460   460 I AconfigPackage: android.app.contextualsearch.flags is mapped to system
07-23 14:25:55.701   460   460 I AconfigPackage: android.app.ondeviceintelligence.flags is mapped to system
07-23 14:25:55.701   460   460 I AconfigPackage: com.android.media.projection.flags is mapped to system
07-23 14:25:55.701   460   460 I AconfigPackage: android.companion is mapped to system
07-23 14:25:55.701   460   460 I AconfigPackage: android.service.controls.flags is mapped to system
07-23 14:25:55.701   460   460 I AconfigPackage: com.android.text.flags is mapped to system
07-23 14:25:55.701   460   460 I AconfigPackage: com.android.providers.contactkeys.flags is mapped to system
07-23 14:25:55.701   460   460 I AconfigPackage: com.android.intentresolver is mapped to system
07-23 14:25:55.701   460   460 I AconfigPackage: android.companion.virtualdevice.flags is mapped to system
07-23 14:25:55.701   460   460 I AconfigPackage: android.uprobestats.flags is mapped to system
07-23 14:25:55.701   460   460 I AconfigPackage: com.android.net.thread.platform.flags is mapped to system
07-23 14:25:55.701   460   460 I AconfigPackage: android.view.contentprotection.flags is mapped to system
07-23 14:25:55.701   460   460 I AconfigPackage: com.android.server.dreams is mapped to system
07-23 14:25:55.701   460   460 I AconfigPackage: com.android.graphics.surfaceflinger.flags is mapped to system
07-23 14:25:55.701   460   460 I AconfigPackage: com.android.hardware.input is mapped to system
07-23 14:25:55.701   460   460 I AconfigPackage: android.sdk is mapped to system
07-23 14:25:55.701   460   460 I AconfigPackage: com.android.input.flags is mapped to system
07-23 14:25:55.701   460   460 I AconfigPackage: android.tracing is mapped to system
07-23 14:25:55.701   460   460 I AconfigPackage: com.android.server.biometrics is mapped to system
07-23 14:25:55.701   460   460 I AconfigPackage: android.view.contentcapture.flags is mapped to system
07-23 14:25:55.701   460   460 I AconfigPackage: android.app.job is mapped to system
07-23 14:25:55.701   460   460 I AconfigPackage: android.content.res is mapped to system
07-23 14:25:55.701   460   460 I AconfigPackage: android.net.platform.flags is mapped to system
07-23 14:25:55.702   460   460 I AconfigPackage: com.android.aconfig.flags is mapped to system
07-23 14:25:55.702   460   460 I AconfigPackage: com.android.graphics.flags is mapped to system
07-23 14:25:55.702   460   460 I AconfigPackage: android.server.app is mapped to system
07-23 14:25:55.702   460   460 I AconfigPackage: android.speech.flags is mapped to system
07-23 14:25:55.702   460   460 I AconfigPackage: com.android.server.stats is mapped to system
07-23 14:25:55.702   460   460 I AconfigPackage: android.hardware.biometrics is mapped to system
07-23 14:25:55.702   460   460 I AconfigPackage: android.car.feature is mapped to system
07-23 14:25:55.702   460   460 I AconfigPackage: android.adpf is mapped to system
07-23 14:25:55.702   460   460 I AconfigPackage: android.location.flags is mapped to system
07-23 14:25:55.702   460   460 I AconfigPackage: com.android.settingslib.flags is mapped to system
07-23 14:25:55.702   460   460 I AconfigPackage: com.android.managedprovisioning.flags is mapped to system
07-23 14:25:55.702   460   460 I AconfigPackage: android.app.assist.flags is mapped to system
07-23 14:25:55.702   460   460 I AconfigPackage: com.android.server.net is mapped to system
07-23 14:25:55.702   460   460 I AconfigPackage: com.android.settingslib.widget.flags is mapped to system
07-23 14:25:55.702   460   460 I AconfigPackage: com.android.internal.camera.flags is mapped to system
07-23 14:25:55.702   460   460 I AconfigPackage: com.android.hardware.libsensor.flags is mapped to system
07-23 14:25:55.702   460   460 I AconfigPackage: com.android.internal.jank is mapped to system
07-23 14:25:55.702   460   460 I AconfigPackage: com.android.providers.settings is mapped to system
07-23 14:25:55.702   460   460 I AconfigPackage: android.multiuser is mapped to system
07-23 14:25:55.702   460   460 I AconfigPackage: com.android.server.power.optimization is mapped to system
07-23 14:25:55.702   460   460 I AconfigPackage: com.android.calllogbackup is mapped to system
07-23 14:25:55.702   460   460 I AconfigPackage: com.android.media.flags is mapped to system
07-23 14:25:55.702   460   460 I AconfigPackage: com.android.server.flags is mapped to system
07-23 14:25:55.702   460   460 I AconfigPackage: com.android.graphics.libvulkan.flags is mapped to system
07-23 14:25:55.702   460   460 I AconfigPackage: android.app.appfunctions.flags is mapped to system
07-23 14:25:55.702   460   460 I AconfigPackage: android.app.smartspace.flags is mapped to system
07-23 14:25:55.702   460   460 I AconfigPackage: com.android.providers.contacts.flags is mapped to system
07-23 14:25:55.702   460   460 I AconfigPackage: com.android.shell.flags is mapped to system
07-23 14:25:55.702   460   460 I AconfigPackage: com.android.media.aaudio is mapped to system
07-23 14:25:55.702   460   460 I AconfigPackage: android.hardware.radio is mapped to system
07-23 14:25:55.702   460   460 I AconfigPackage: com.google.wear.services.infra.flags is mapped to system
07-23 14:25:55.702   460   460 I AconfigPackage: suspend_service.flags is mapped to system
07-23 14:25:55.702   460   460 I AconfigPackage: android.media.midi is mapped to system
07-23 14:25:55.702   460   460 I AconfigPackage: com.android.libcore.readonly is mapped to system
07-23 14:25:55.702   460   460 I AconfigPackage: com.android.settingslib.widget.selectorwithwidgetpreference.flags is mapped to system
07-23 14:25:55.702   460   460 I AconfigPackage: android.service.notification is mapped to system
07-23 14:25:55.702   460   460 I AconfigPackage: com.android.systemui.shared is mapped to system
07-23 14:25:55.702   460   460 I AconfigPackage: android.app.jank is mapped to system
07-23 14:25:55.702   460   460 I AconfigPackage: android.app.wearable is mapped to system
07-23 14:25:55.702   460   460 I AconfigPackage: com.android.media.audio is mapped to system
07-23 14:25:55.702   460   460 I AconfigPackage: android.service.chooser is mapped to system
07-23 14:25:55.702   460   460 I AconfigPackage: com.android.server.compat is mapped to system
07-23 14:25:55.702   460   460 I AconfigPackage: com.android.server.alarm is mapped to system
07-23 14:25:55.702   460   460 I AconfigPackage: com.android.apex.flags is mapped to system
07-23 14:25:55.702   460   460 I AconfigPackage: android.service.quickaccesswallet is mapped to system
07-23 14:25:55.702   460   460 I AconfigPackage: android.app.usage is mapped to system
07-23 14:25:55.702   460   460 I AconfigPackage: com.android.server.accessibility is mapped to system
07-23 14:25:55.702   460   460 I AconfigPackage: android.app.supervision.flags is mapped to system
07-23 14:25:55.702   460   460 I AconfigPackage: com.android.server.utils is mapped to system
07-23 14:25:55.702   460   460 I AconfigPackage: android.chre.flags is mapped to system
07-23 14:25:55.702   460   460 I AconfigPackage: android.content.flags is mapped to system
07-23 14:25:55.702   460   460 I AconfigPackage: android.media.codec is mapped to system
07-23 14:25:55.702   460   460 I AconfigPackage: com.android.internal.os is mapped to system
07-23 14:25:55.702   460   460 I AconfigPackage: com.android.nfc.nci.flags is mapped to system
07-23 14:25:55.702   460   460 I AconfigPackage: android.app is mapped to system
07-23 14:25:55.702   460   460 I AconfigPackage: android.security.keystore2 is mapped to system
07-23 14:25:55.702   460   460 I AconfigPackage: android.crashrecovery.flags is mapped to system
07-23 14:25:55.702   460   460 I AconfigPackage: com.android.tradeinmode.flags is mapped to system
07-23 14:25:55.702   460   460 I AconfigPackage: android.hardware.flags is mapped to system
07-23 14:25:55.702   460   460 I AconfigPackage: com.android.server.telecom.flags is mapped to system
07-23 14:25:55.703   460   460 I AconfigPackage: com.android.settingslib.media.flags is mapped to system
07-23 14:25:55.703   460   460 I AconfigPackage: com.android.server.policy is mapped to system
07-23 14:25:55.703   460   460 I AconfigPackage: android.media.audiopolicy is mapped to system
07-23 14:25:55.703   460   460 I AconfigPackage: com.android.egg.flags is mapped to system
07-23 14:25:55.703   460   460 I AconfigPackage: com.android.internal.compat.flags is mapped to system
07-23 14:25:55.703   460   460 I AconfigPackage: android.security is mapped to system
07-23 14:25:55.703   460   460 I AconfigPackage: android.service.autofill is mapped to system
07-23 14:25:55.703   460   460 I AconfigPackage: com.example.android.aconfig.demo.flags is mapped to system
07-23 14:25:55.703   460   460 I AconfigPackage: android.view.flags is mapped to system
07-23 14:25:55.703   460   460 I AconfigPackage: android.companion.virtual.flags is mapped to system
07-23 14:25:55.703   460   460 I AconfigPackage: com.android.aconfig_new_storage is mapped to system
07-23 14:25:55.703   460   460 I AconfigPackage: com.android.server.feature.flags is mapped to system
07-23 14:25:55.703   460   460 I AconfigPackage: com.android.systemui is mapped to system
07-23 14:25:55.703   460   460 I AconfigPackage: com.android.server.power.batterysaver is mapped to system
07-23 14:25:55.703   460   460 I AconfigPackage: android.widget.flags is mapped to system
07-23 14:25:55.703   460   460 I AconfigPackage: com.android.media.editing.flags is mapped to system
07-23 14:25:55.703   460   460 I AconfigPackage: com.android.media.codec.flags is mapped to system
07-23 14:25:55.703   460   460 I AconfigPackage: com.android.server.powerstats is mapped to system
07-23 14:25:55.703   460   460 I AconfigPackage: com.android.graphics.egl.flags is mapped to system
07-23 14:25:55.703   460   460 I AconfigPackage: com.android.media.audioserver is mapped to system
07-23 14:25:55.703   460   460 I AconfigPackage: com.android.server.deviceidle is mapped to system
07-23 14:25:55.703   460   460 I AconfigPackage: android.nfc is mapped to system
07-23 14:25:55.703   460   460 I AconfigPackage: android.permission.flags is mapped to system
07-23 14:25:55.703   460   460 I AconfigPackage: android.service.voice.flags is mapped to system
07-23 14:25:55.703   460   460 I AconfigPackage: android.content.pm is mapped to system
07-23 14:25:55.703   460   460 I AconfigPackage: com.android.server.power.hint is mapped to system
07-23 14:25:55.703   460   460 I AconfigPackage: android.os is mapped to system
07-23 14:25:55.703   460   460 I AconfigPackage: android.service.dreams is mapped to system
07-23 14:25:55.703   460   460 I AconfigPackage: com.android.graphics.libgui.flags is mapped to system
07-23 14:25:55.703   460   460 I AconfigPackage: android.hardware.usb.flags is mapped to system
07-23 14:25:55.703   460   460 I AconfigPackage: android.provider is mapped to system
07-23 14:25:55.703   460   460 I AconfigPackage: com.android.server.job is mapped to system
07-23 14:25:55.703   460   460 I AconfigPackage: com.android.internal.foldables.flags is mapped to system
07-23 14:25:55.703   460   460 I AconfigPackage: com.android.internal.telephony.flags is mapped to system
07-23 14:25:55.703   460   460 I AconfigPackage: android.webkit is mapped to system
07-23 14:25:55.703   460   460 I AconfigPackage: android.credentials.flags is mapped to system
07-23 14:25:55.703   460   460 I AconfigPackage: com.android.server.display.feature.flags is mapped to system
07-23 14:25:55.703   460   460 I AconfigPackage: com.android.server.notification is mapped to system
07-23 14:25:55.703   460   460 I AconfigPackage: android.appwidget.flags is mapped to system
07-23 14:25:55.703   460   460 I AconfigPackage: com.android.frameworks.sensorservice.flags is mapped to system
07-23 14:25:55.703   460   460 I AconfigPackage: com.android.printspooler.flags is mapped to system
07-23 14:25:55.703   460   460 I AconfigPackage: com.android.window.flags is mapped to system
07-23 14:25:55.703   460   460 I AconfigPackage: android.adaptiveauth is mapped to system
07-23 14:25:55.703   460   460 I AconfigPackage: android.net.wifi.flags is mapped to system
07-23 14:25:55.703   460   460 I AconfigPackage: android.media.tv.flags is mapped to system
07-23 14:25:55.703   460   460 I AconfigPackage: com.android.server.usb.flags is mapped to system
07-23 14:25:55.703   460   460 I AconfigPackage: android.os.vibrator is mapped to system
07-23 14:25:55.703   460   460 I AconfigPackage: android.hardware.devicestate.feature.flags is mapped to system
07-23 14:25:55.703   460   460 I AconfigPackage: com.android.server.usage is mapped to system
07-23 14:25:55.703   460   460 I AconfigPackage: android.server is mapped to system
07-23 14:25:55.703   460   460 I AconfigPackage: com.android.wm.shell is mapped to system
07-23 14:25:55.703   460   460 I AconfigPackage: android.view.inputmethod is mapped to system
07-23 14:25:55.703   460   460 I AconfigPackage: com.android.graphics.hwui.flags is mapped to system
07-23 14:25:55.703   460   460 I AconfigPackage: com.android.server.backup is mapped to system
07-23 14:25:55.703   460   460 I AconfigPackage: com.android.internal.pm.pkg.component.flags is mapped to system
07-23 14:25:55.703   460   460 I AconfigPackage: android.view.accessibility is mapped to system
07-23 14:25:55.703   460   460 I AconfigPackage: com.google.wear.sdk is mapped to system
07-23 14:25:55.703   460   460 I AconfigPackage: android.media.audio is mapped to system
07-23 14:25:55.703   460   460 I AconfigPackage: com.android.server.am is mapped to system
07-23 14:25:55.703   460   460 I AconfigPackage: com.android.media.playback.flags is mapped to system
07-23 14:25:55.706   460   460 I AconfigPackage: com.android.art.flags is mapped to com.android.art
07-23 14:25:55.706   460   460 I AconfigPackage: com.android.libcore is mapped to com.android.art
07-23 14:25:55.707   460   460 I AconfigPackage: com.android.media.extractor.flags is mapped to com.android.media
07-23 14:25:55.707   460   460 I AconfigPackage: com.android.media.mainline.flags is mapped to com.android.media
07-23 14:25:55.708   460   460 I AconfigPackage: com.android.wifi.flags is mapped to com.android.wifi
07-23 14:25:55.708   460   460 I AconfigPackage: com.android.org.conscrypt.flags is mapped to com.android.conscrypt
07-23 14:25:55.709   460   460 I AconfigPackage: com.android.healthfitness.flags is mapped to com.android.healthfitness
07-23 14:25:55.710   460   460 I AconfigPackage: com.google.android.input.twoshay.flags is mapped to vendor
07-23 14:25:55.710   460   460 I AconfigPackage: libgooglecamerahal.flags is mapped to vendor
07-23 14:25:55.711   460   460 I AconfigPackage: com.android.ipsec.flags is mapped to com.android.ipsec
07-23 14:25:55.711   460   460 I AconfigPackage: com.android.nfc.module.flags is mapped to com.android.nfcservices
07-23 14:25:55.712   460   460 I AconfigPackage: com.android.adservices.ondevicepersonalization.flags is mapped to com.android.ondevicepersonalization
07-23 14:25:55.713   460   460 I AconfigPackage: com.android.bluetooth.flags is mapped to com.android.bt
07-23 14:25:55.713   460   460 I AconfigPackage: com.android.devicelock.flags is mapped to com.android.devicelock
07-23 14:25:55.714   460   460 I AconfigPackage: android.os.profiling is mapped to com.android.profiling
07-23 14:25:55.715   460   460 I AconfigPackage: com.android.os.statsd.flags is mapped to com.android.os.statsd
07-23 14:25:55.716   460   460 I AconfigPackage: com.android.cellbroadcastreceiver.flags is mapped to com.android.cellbroadcast
07-23 14:25:55.717   460   460 I AconfigPackage: com.android.adservices.flags is mapped to com.android.adservices
07-23 14:25:55.717   460   460 I AconfigPackage: com.android.sdksandbox.flags is mapped to com.android.adservices
07-23 14:25:55.717   460   460 I AconfigPackage: com.android.uwb.flags is mapped to com.android.uwb
07-23 14:25:55.717   460   460 I AconfigPackage: com.android.ranging.flags is mapped to com.android.uwb
07-23 14:25:55.718   460   460 I AconfigPackage: android.graphics.pdf.flags is mapped to com.android.mediaprovider
07-23 14:25:55.718   460   460 I AconfigPackage: com.android.providers.media.flags is mapped to com.android.mediaprovider
07-23 14:25:55.718   460   460 I AconfigPackage: android.graphics.pdf.flags.readonly is mapped to com.android.mediaprovider
07-23 14:25:55.719   460   460 I AconfigPackage: com.android.net.ct.flags is mapped to com.android.tethering
07-23 14:25:55.719   460   460 I AconfigPackage: com.android.net.flags is mapped to com.android.tethering
07-23 14:25:55.719   460   460 I AconfigPackage: android.net.vcn is mapped to com.android.tethering
07-23 14:25:55.719   460   460 I AconfigPackage: com.android.nearby.flags is mapped to com.android.tethering
