07-23 14:42:47.249 E/Binder  (  734): 	at com.android.providers.settings.SettingsProvider.openRingtone(SettingsProvider.java:880)
07-23 14:42:47.249 E/Binder  (  734): 	at com.android.providers.settings.SettingsProvider.lambda$mutateSystemSetting$1(SettingsProvider.java:2083)
07-23 14:42:47.249 E/Binder  (  734): 	at com.android.providers.settings.SettingsProvider.$r8$lambda$GoSUyNcBSpTkjjY_Ryr8POnmkTA(SettingsProvider.java:0)
07-23 14:42:47.249 E/Binder  (  734): 	at com.android.providers.settings.SettingsProvider$$ExternalSyntheticLambda0.runOrThrow(R8$$SyntheticClass:0)
07-23 14:42:47.249 E/Binder  (  734): 	at android.os.Binder.withCleanCallingIdentity(Binder.java:475)
07-23 14:42:47.249 E/Binder  (  734): 	at com.android.providers.settings.SettingsProvider.mutateSystemSetting(SettingsProvider.java:2082)
07-23 14:42:47.249 E/Binder  (  734): 	at com.android.providers.settings.SettingsProvider.insertSystemSetting(SettingsProvider.java:1955)
07-23 14:42:47.249 E/Binder  (  734): 	at com.android.providers.settings.SettingsProvider.call(SettingsProvider.java:488)
07-23 14:42:47.249 E/Binder  (  734): 	at android.content.ContentProvider.call(ContentProvider.java:2709)
07-23 14:42:47.249 E/Binder  (  734): 	at android.content.ContentProvider$Transport.call(ContentProvider.java:638)
07-23 14:42:47.249 E/Binder  (  734): 	at android.content.ContentProviderNative.onTransact(ContentProviderNative.java:307)
07-23 14:42:47.249 E/Binder  (  734): 	at android.os.Binder.execTransactInternal(Binder.java:1421)
07-23 14:42:47.249 E/Binder  (  734): 	at android.os.Binder.execTransact(Binder.java:1365)
07-23 14:42:47.256 E/CCTFlatFileLogStore( 1556): Failed to get boot count.
07-23 14:42:47.256 E/CCTFlatFileLogStore( 1556): java.util.concurrent.TimeoutException: Timed out waiting for Task
07-23 14:42:47.256 E/CCTFlatFileLogStore( 1556): 	at eakx.o(:com.google.android.gms@250734038@25.07.34 (260800-734679633):53)
07-23 14:42:47.256 E/CCTFlatFileLogStore( 1556): 	at araj.B(:com.google.android.gms@250734038@25.07.34 (260800-734679633):21)
07-23 14:42:47.256 E/CCTFlatFileLogStore( 1556): 	at arbc.run(:com.google.android.gms@250734038@25.07.34 (260800-734679633):13)
07-23 14:42:47.256 E/CCTFlatFileLogStore( 1556): 	at atca.c(:com.google.android.gms@250734038@25.07.34 (260800-734679633):50)
07-23 14:42:47.256 E/CCTFlatFileLogStore( 1556): 	at atca.run(:com.google.android.gms@250734038@25.07.34 (260800-734679633):76)
07-23 14:42:47.256 E/CCTFlatFileLogStore( 1556): 	at java.util.concurrent.ThreadPoolExecutor.runWorker(ThreadPoolExecutor.java:1156)
07-23 14:42:47.256 E/CCTFlatFileLogStore( 1556): 	at java.util.concurrent.ThreadPoolExecutor$Worker.run(ThreadPoolExecutor.java:651)
07-23 14:42:47.256 E/CCTFlatFileLogStore( 1556): 	at athn.run(:com.google.android.gms@250734038@25.07.34 (260800-734679633):8)
07-23 14:42:47.256 E/CCTFlatFileLogStore( 1556): 	at java.lang.Thread.run(Thread.java:1119)
07-23 14:42:47.300 E/SmsApplication( 1403): com.google.android.apps.messaging lost android:read_cell_broadcasts:  (fixing)
07-23 14:42:48.239 E/ServiceManager( 1208): error in isDeclared
07-23 14:42:48.239 E/ServiceManager( 1208): java.lang.SecurityException: SELinux denied for service.
07-23 14:42:48.239 E/ServiceManager( 1208): 	at android.os.Parcel.createExceptionOrNull(Parcel.java:3340)
07-23 14:42:48.239 E/ServiceManager( 1208): 	at android.os.Parcel.createException(Parcel.java:3324)
07-23 14:42:48.239 E/ServiceManager( 1208): 	at android.os.Parcel.readException(Parcel.java:3307)
07-23 14:42:48.239 E/ServiceManager( 1208): 	at android.os.Parcel.readException(Parcel.java:3249)
07-23 14:42:48.239 E/ServiceManager( 1208): 	at android.os.IServiceManager$Stub$Proxy.isDeclared(IServiceManager.java:656)
07-23 14:42:48.239 E/ServiceManager( 1208): 	at android.os.ServiceManagerProxy.isDeclared(ServiceManagerNative.java:104)
07-23 14:42:48.239 E/ServiceManager( 1208): 	at android.os.ServiceManager.isDeclared(ServiceManager.java:297)
07-23 14:42:48.239 E/ServiceManager( 1208): 	at android.os.ServiceManager.waitForDeclaredService(ServiceManager.java:353)
07-23 14:42:48.239 E/ServiceManager( 1208): 	at com.google.android.systemui.googlebattery.GoogleBatteryManager.initHalInterface(go/retraceme 05301ed13e71ef27231c430e3785fb9f13c639b411edcb13ae9b0b8721752541:16)
07-23 14:42:48.239 E/ServiceManager( 1208): 	at com.google.android.systemui.power.batteryhealth.HealthManager$initHalInterface$2.invokeSuspend(go/retraceme 05301ed13e71ef27231c430e3785fb9f13c639b411edcb13ae9b0b8721752541:21)
07-23 14:42:48.239 E/ServiceManager( 1208): 	at com.google.android.systemui.power.batteryhealth.HealthManager$initHalInterface$2.invoke(go/retraceme 05301ed13e71ef27231c430e3785fb9f13c639b411edcb13ae9b0b8721752541:13)
07-23 14:42:48.239 E/ServiceManager( 1208): 	at com.google.android.systemui.power.batteryhealth.HealthManager$runOnBackground$2.invokeSuspend(go/retraceme 05301ed13e71ef27231c430e3785fb9f13c639b411edcb13ae9b0b8721752541:33)
07-23 14:42:48.239 E/ServiceManager( 1208): 	at kotlin.coroutines.jvm.internal.BaseContinuationImpl.resumeWith(go/retraceme 05301ed13e71ef27231c430e3785fb9f13c639b411edcb13ae9b0b8721752541:8)
07-23 14:42:48.239 E/ServiceManager( 1208): 	at kotlinx.coroutines.DispatchedTask.run(go/retraceme 05301ed13e71ef27231c430e3785fb9f13c639b411edcb13ae9b0b8721752541:112)
07-23 14:42:48.239 E/ServiceManager( 1208): 	at java.util.concurrent.Executors$RunnableAdapter.call(Executors.java:524)
07-23 14:42:48.239 E/ServiceManager( 1208): 	at java.util.concurrent.FutureTask.run(FutureTask.java:317)
07-23 14:42:48.239 E/ServiceManager( 1208): 	at java.util.concurrent.ScheduledThreadPoolExecutor$ScheduledFutureTask.run(ScheduledThreadPoolExecutor.java:348)
07-23 14:42:48.239 E/ServiceManager( 1208): 	at java.util.concurrent.ThreadPoolExecutor.runWorker(ThreadPoolExecutor.java:1156)
07-23 14:42:48.239 E/ServiceManager( 1208): 	at java.util.concurrent.ThreadPoolExecutor$Worker.run(ThreadPoolExecutor.java:651)
07-23 14:42:48.239 E/ServiceManager( 1208): 	at java.lang.Thread.run(Thread.java:1119)
07-23 14:42:48.246 E/RoleControllerServiceImpl(  734): Default/fallback role holder package doesn't qualify for the role, package: com.google.android.gms.supervision, role: android.app.role.SYSTEM_SUPERVISION
07-23 14:42:48.281 E/RoleControllerServiceImpl(  734): Default/fallback role holder package doesn't qualify for the role, package: com.google.android.gms, role: android.app.role.SYSTEM_DEPENDENCY_INSTALLER
07-23 14:42:48.344 E/StorageManager( 1916): Failed to set extended attributes for /storage/emulated/0/Android to set project id.: Operation not permitted
07-23 14:42:48.346 E/RoleControllerServiceImpl(  734): Default/fallback role holder package doesn't qualify for the role, package: com.google.android.gms, role: android.app.role.WALLET
07-23 14:42:48.364 E/StorageManager( 1916): Failed to set extended attributes for /storage/emulated/0/Android/media to set project id.: Operation not permitted
07-23 14:42:48.411 E/ashmem  ( 2699): Pinning is deprecated since Android Q. Please use trim or other methods.
07-23 14:42:48.803 E/SmsApplication( 1403): com.google.android.apps.messaging lost android:read_cell_broadcasts:  (fixing)
07-23 14:42:48.978 E/FeatureFlagsImplExport( 1440): android.os.flagging.AconfigStorageReadException: ERROR_PACKAGE_NOT_FOUND: package com.android.settingslib.widget.theme.flags cannot be found on the device
07-23 14:42:49.032 E/SmsApplication( 1403): com.google.android.apps.messaging lost android:read_cell_broadcasts:  (fixing)
07-23 14:42:49.184 E/constellation( 1664): [device_id_util] Application com.google.android.ims not found
07-23 14:42:49.195 E/gywi    ( 1664): *~*~*~ Previous channel {0} was garbage collected without being shut down! ~*~*~*
07-23 14:42:49.195 E/gywi    ( 1664):     Make sure to call shutdown()/shutdownNow()
07-23 14:42:49.195 E/gywi    ( 1664): java.lang.RuntimeException: ManagedChannel allocation site
07-23 14:42:49.195 E/gywi    ( 1664): 	at gywh.<init>(:com.google.android.gms@250734038@25.07.34 (260800-734679633):21)
07-23 14:42:49.195 E/gywi    ( 1664): 	at gywi.<init>(:com.google.android.gms@250734038@25.07.34 (260800-734679633):10)
07-23 14:42:49.195 E/gywi    ( 1664): 	at gywg.a(:com.google.android.gms@250734038@25.07.34 (260800-734679633):247)
07-23 14:42:49.195 E/gywi    ( 1664): 	at gyhg.a(:com.google.android.gms@250734038@25.07.34 (260800-734679633):5)
07-23 14:42:49.195 E/gywi    ( 1664): 	at aswu.a(:com.google.android.gms@250734038@25.07.34 (260800-734679633):66)
07-23 14:42:49.195 E/gywi    ( 1664): 	at aswl.u(:com.google.android.gms@250734038@25.07.34 (260800-734679633):180)
07-23 14:42:49.195 E/gywi    ( 1664): 	at aswl.e(:com.google.android.gms@250734038@25.07.34 (260800-734679633):5)
07-23 14:42:49.195 E/gywi    ( 1664): 	at dwyv.a(:com.google.android.gms@250734038@25.07.34 (260800-734679633):45)
07-23 14:42:49.195 E/gywi    ( 1664): 	at dwxy.c(:com.google.android.gms@250734038@25.07.34 (260800-734679633):7)
07-23 14:42:49.195 E/gywi    ( 1664): 	at dwxy.a(:com.google.android.gms@250734038@25.07.34 (260800-734679633):3)
07-23 14:42:49.195 E/gywi    ( 1664): 	at aoht.run(:com.google.android.gms@250734038@25.07.34 (260800-734679633):5)
07-23 14:42:49.195 E/gywi    ( 1664): 	at atca.c(:com.google.android.gms@250734038@25.07.34 (260800-734679633):50)
07-23 14:42:49.195 E/gywi    ( 1664): 	at atca.run(:com.google.android.gms@250734038@25.07.34 (260800-734679633):76)
07-23 14:42:49.195 E/gywi    ( 1664): 	at java.util.concurrent.ThreadPoolExecutor.runWorker(ThreadPoolExecutor.java:1156)
07-23 14:42:49.195 E/gywi    ( 1664): 	at java.util.concurrent.ThreadPoolExecutor$Worker.run(ThreadPoolExecutor.java:651)
07-23 14:42:49.195 E/gywi    ( 1664): 	at athn.run(:com.google.android.gms@250734038@25.07.34 (260800-734679633):8)
07-23 14:42:49.195 E/gywi    ( 1664): 	at java.lang.Thread.run(Thread.java:1119)
07-23 14:42:49.196 E/gywi    ( 1664): *~*~*~ Previous channel {0} was garbage collected without being shut down! ~*~*~*
07-23 14:42:49.196 E/gywi    ( 1664):     Make sure to call shutdown()/shutdownNow()
07-23 14:42:49.196 E/gywi    ( 1664): java.lang.RuntimeException: ManagedChannel allocation site
07-23 14:42:49.196 E/gywi    ( 1664): 	at gywh.<init>(:com.google.android.gms@250734038@25.07.34 (260800-734679633):21)
07-23 14:42:49.196 E/gywi    ( 1664): 	at gywi.<init>(:com.google.android.gms@250734038@25.07.34 (260800-734679633):10)
07-23 14:42:49.196 E/gywi    ( 1664): 	at gywg.a(:com.google.android.gms@250734038@25.07.34 (260800-734679633):247)
07-23 14:42:49.196 E/gywi    ( 1664): 	at gyhg.a(:com.google.android.gms@250734038@25.07.34 (260800-734679633):5)
07-23 14:42:49.196 E/gywi    ( 1664): 	at aswu.a(:com.google.android.gms@250734038@25.07.34 (260800-734679633):66)
07-23 14:42:49.196 E/gywi    ( 1664): 	at aswl.u(:com.google.android.gms@250734038@25.07.34 (260800-734679633):180)
07-23 14:42:49.196 E/gywi    ( 1664): 	at aswl.e(:com.google.android.gms@250734038@25.07.34 (260800-734679633):5)
07-23 14:42:49.196 E/gywi    ( 1664): 	at dwyv.a(:com.google.android.gms@250734038@25.07.34 (260800-734679633):45)
07-23 14:42:49.196 E/gywi    ( 1664): 	at dwxy.c(:com.google.android.gms@250734038@25.07.34 (260800-734679633):7)
07-23 14:42:49.196 E/gywi    ( 1664): 	at dwxy.a(:com.google.android.gms@250734038@25.07.34 (260800-734679633):3)
07-23 14:42:49.196 E/gywi    ( 1664): 	at aoht.run(:com.google.android.gms@250734038@25.07.34 (260800-734679633):5)
07-23 14:42:49.196 E/gywi    ( 1664): 	at atca.c(:com.google.android.gms@250734038@25.07.34 (260800-734679633):50)
07-23 14:42:49.196 E/gywi    ( 1664): 	at atca.run(:com.google.android.gms@250734038@25.07.34 (260800-734679633):76)
07-23 14:42:49.196 E/gywi    ( 1664): 	at java.util.concurrent.ThreadPoolExecutor.runWorker(ThreadPoolExecutor.java:1156)
07-23 14:42:49.196 E/gywi    ( 1664): 	at java.util.concurrent.ThreadPoolExecutor$Worker.run(ThreadPoolExecutor.java:651)
07-23 14:42:49.196 E/gywi    ( 1664): 	at athn.run(:com.google.android.gms@250734038@25.07.34 (260800-734679633):8)
07-23 14:42:49.196 E/gywi    ( 1664): 	at java.lang.Thread.run(Thread.java:1119)
07-23 14:42:49.196 E/gywi    ( 1664): *~*~*~ Previous channel {0} was garbage collected without being shut down! ~*~*~*
07-23 14:42:49.196 E/gywi    ( 1664):     Make sure to call shutdown()/shutdownNow()
07-23 14:42:49.196 E/gywi    ( 1664): java.lang.RuntimeException: ManagedChannel allocation site
07-23 14:42:49.196 E/gywi    ( 1664): 	at gywh.<init>(:com.google.android.gms@250734038@25.07.34 (260800-734679633):21)
07-23 14:42:49.196 E/gywi    ( 1664): 	at gywi.<init>(:com.google.android.gms@250734038@25.07.34 (260800-734679633):10)
07-23 14:42:49.196 E/gywi    ( 1664): 	at gywg.a(:com.google.android.gms@250734038@25.07.34 (260800-734679633):247)
07-23 14:42:49.196 E/gywi    ( 1664): 	at gyhg.a(:com.google.android.gms@250734038@25.07.34 (260800-734679633):5)
07-23 14:42:49.196 E/gywi    ( 1664): 	at aswu.a(:com.google.android.gms@250734038@25.07.34 (260800-734679633):66)
07-23 14:42:49.196 E/gywi    ( 1664): 	at aswl.u(:com.google.android.gms@250734038@25.07.34 (260800-734679633):180)
07-23 14:42:49.196 E/gywi    ( 1664): 	at aswl.e(:com.google.android.gms@250734038@25.07.34 (260800-734679633):5)
07-23 14:42:49.196 E/gywi    ( 1664): 	at dwyv.a(:com.google.android.gms@250734038@25.07.34 (260800-734679633):45)
07-23 14:42:49.196 E/gywi    ( 1664): 	at dwxy.c(:com.google.android.gms@250734038@25.07.34 (260800-734679633):7)
07-23 14:42:49.196 E/gywi    ( 1664): 	at dwxy.a(:com.google.android.gms@250734038@25.07.34 (260800-734679633):3)
07-23 14:42:49.196 E/gywi    ( 1664): 	at aoht.run(:com.google.android.gms@250734038@25.07.34 (260800-734679633):5)
07-23 14:42:49.196 E/gywi    ( 1664): 	at atca.c(:com.google.android.gms@250734038@25.07.34 (260800-734679633):50)
07-23 14:42:49.196 E/gywi    ( 1664): 	at atca.run(:com.google.android.gms@250734038@25.07.34 (260800-734679633):76)
07-23 14:42:49.196 E/gywi    ( 1664): 	at java.util.concurrent.ThreadPoolExecutor.runWorker(ThreadPoolExecutor.java:1156)
07-23 14:42:49.196 E/gywi    ( 1664): 	at java.util.concurrent.ThreadPoolExecutor$Worker.run(ThreadPoolExecutor.java:651)
07-23 14:42:49.196 E/gywi    ( 1664): 	at athn.run(:com.google.android.gms@250734038@25.07.34 (260800-734679633):8)
07-23 14:42:49.196 E/gywi    ( 1664): 	at java.lang.Thread.run(Thread.java:1119)
07-23 14:42:49.196 E/gywi    ( 1664): *~*~*~ Previous channel {0} was garbage collected without being shut down! ~*~*~*
07-23 14:42:49.196 E/gywi    ( 1664):     Make sure to call shutdown()/shutdownNow()
07-23 14:42:49.196 E/gywi    ( 1664): java.lang.RuntimeException: ManagedChannel allocation site
07-23 14:42:49.196 E/gywi    ( 1664): 	at gywh.<init>(:com.google.android.gms@250734038@25.07.34 (260800-734679633):21)
07-23 14:42:49.196 E/gywi    ( 1664): 	at gywi.<init>(:com.google.android.gms@250734038@25.07.34 (260800-734679633):10)
07-23 14:42:49.196 E/gywi    ( 1664): 	at gywg.a(:com.google.android.gms@250734038@25.07.34 (260800-734679633):247)
07-23 14:42:49.196 E/gywi    ( 1664): 	at gyhg.a(:com.google.android.gms@250734038@25.07.34 (260800-734679633):5)
07-23 14:42:49.196 E/gywi    ( 1664): 	at aswu.a(:com.google.android.gms@250734038@25.07.34 (260800-734679633):66)
07-23 14:42:49.196 E/gywi    ( 1664): 	at aswl.u(:com.google.android.gms@250734038@25.07.34 (260800-734679633):180)
07-23 14:42:49.196 E/gywi    ( 1664): 	at aswl.e(:com.google.android.gms@250734038@25.07.34 (260800-734679633):5)
07-23 14:42:49.196 E/gywi    ( 1664): 	at dwyv.a(:com.google.android.gms@250734038@25.07.34 (260800-734679633):45)
07-23 14:42:49.196 E/gywi    ( 1664): 	at dwxy.c(:com.google.android.gms@250734038@25.07.34 (260800-734679633):7)
07-23 14:42:49.196 E/gywi    ( 1664): 	at dwxy.a(:com.google.android.gms@250734038@25.07.34 (260800-734679633):3)
07-23 14:42:49.196 E/gywi    ( 1664): 	at aoht.run(:com.google.android.gms@250734038@25.07.34 (260800-734679633):5)
07-23 14:42:49.196 E/gywi    ( 1664): 	at atca.c(:com.google.android.gms@250734038@25.07.34 (260800-734679633):50)
07-23 14:42:49.196 E/gywi    ( 1664): 	at atca.run(:com.google.android.gms@250734038@25.07.34 (260800-734679633):76)
07-23 14:42:49.196 E/gywi    ( 1664): 	at java.util.concurrent.ThreadPoolExecutor.runWorker(ThreadPoolExecutor.java:1156)
07-23 14:42:49.196 E/gywi    ( 1664): 	at java.util.concurrent.ThreadPoolExecutor$Worker.run(ThreadPoolExecutor.java:651)
07-23 14:42:49.196 E/gywi    ( 1664): 	at athn.run(:com.google.android.gms@250734038@25.07.34 (260800-734679633):8)
07-23 14:42:49.196 E/gywi    ( 1664): 	at java.lang.Thread.run(Thread.java:1119)
07-23 14:42:49.674 E/HandwritingSuperpacksUtil( 1717): HandwritingSuperpacksUtil.getPackMappingPackName():40 No pack mapping pack found in []
07-23 14:42:50.685 E/DSRotLockSettingsMngr( 1440): No matching device state for posture: 0
07-23 14:42:50.686 E/DSRotLockSettingsMngr( 1440): No matching device state for posture: 2
07-23 14:42:50.688 E/DSRotLockSettingsMngr( 1440): No matching device state for posture: 1
07-23 14:42:51.156 E/RoleControllerServiceImpl(  734): Default/fallback role holder package doesn't qualify for the role, package: com.google.android.gms.supervision, role: android.app.role.SYSTEM_SUPERVISION
07-23 14:42:51.177 E/RoleControllerServiceImpl(  734): Default/fallback role holder package doesn't qualify for the role, package: com.google.android.gms, role: android.app.role.SYSTEM_DEPENDENCY_INSTALLER
07-23 14:42:51.219 E/RoleControllerServiceImpl(  734): Default/fallback role holder package doesn't qualify for the role, package: com.google.android.gms, role: android.app.role.WALLET
07-23 14:42:51.249 E/ScreenResolutionController( 1440): No support
07-23 14:42:51.262 E/SmsApplication( 1403): com.google.android.apps.messaging lost android:read_cell_broadcasts:  (fixing)
07-23 14:42:51.316 E/ScreenResolutionController( 1440): No support
07-23 14:42:51.394 E/SELinux (    0): avc:  denied  { find } for pid=1440 uid=1000 name=vendor.google.wireless_charger.IWirelessCharger/default scontext=u:r:system_app:s0 tcontext=u:object_r:default_android_service:s0 tclass=service_manager permissive=0
07-23 14:42:51.439 E/ScreenResolutionController( 1440): No support
07-23 14:42:51.540 E/system_server(  734): No package ID 7f found for resource ID 0x7f0803c4.
07-23 14:42:51.540 E/system_server(  734): No package ID 7f found for resource ID 0x7f141bd5.
07-23 14:42:51.541 E/system_server(  734): No package ID 7f found for resource ID 0x7f0803c3.
07-23 14:42:51.541 E/system_server(  734): No package ID 7f found for resource ID 0x7f050063.
07-23 14:42:51.541 E/system_server(  734): No package ID 7f found for resource ID 0x7f1408bd.
07-23 14:42:51.541 E/ShortcutService(  734): Ignoring excessive intent tag.
07-23 14:42:51.541 E/system_server(  734): No package ID 7f found for resource ID 0x7f0803c2.
07-23 14:42:51.541 E/system_server(  734): No package ID 7f found for resource ID 0x7f141264.
07-23 14:42:51.573 E/SmsApplication( 1403): com.google.android.apps.messaging lost android:read_cell_broadcasts:  (fixing)
07-23 14:42:51.620 E/IndexablesProvider( 1440): Provider querying exception:
07-23 14:42:51.620 E/IndexablesProvider( 1440): java.lang.RuntimeException: Error trying to get non-indexable keys from: com.android.settings.network.telephony.MobileNetworkSettings
07-23 14:42:51.620 E/IndexablesProvider( 1440): 	at com.android.settings.search.SettingsSearchIndexablesProvider.getNonIndexableKeysFromProvider(SettingsSearchIndexablesProvider.java:294)
07-23 14:42:51.620 E/IndexablesProvider( 1440): 	at com.android.settings.search.SettingsSearchIndexablesProvider.queryNonIndexableKeys(SettingsSearchIndexablesProvider.java:158)
07-23 14:42:51.620 E/IndexablesProvider( 1440): 	at android.provider.SearchIndexablesProvider.query(SearchIndexablesProvider.java:127)
07-23 14:42:51.620 E/IndexablesProvider( 1440): 	at android.content.ContentProvider.query(ContentProvider.java:1625)
07-23 14:42:51.620 E/IndexablesProvider( 1440): 	at android.content.ContentProvider.query(ContentProvider.java:1721)
07-23 14:42:51.620 E/IndexablesProvider( 1440): 	at android.content.ContentProvider$Transport.query(ContentProvider.java:296)
07-23 14:42:51.620 E/IndexablesProvider( 1440): 	at android.content.ContentProviderNative.onTransact(ContentProviderNative.java:107)
07-23 14:42:51.620 E/IndexablesProvider( 1440): 	at android.os.Binder.execTransactInternal(Binder.java:1421)
07-23 14:42:51.620 E/IndexablesProvider( 1440): 	at android.os.Binder.execTransact(Binder.java:1365)
07-23 14:42:51.620 E/IndexablesProvider( 1440): Caused by: java.lang.RuntimeException: Error trying to get non-indexable keys from: com.android.settings.network.telephony.satellite.SatelliteSettingsPreferenceCategoryController@90ec7f4
07-23 14:42:51.620 E/IndexablesProvider( 1440): 	at com.android.settings.search.BaseSearchIndexProvider.updateNonIndexableKeysFromController(BaseSearchIndexProvider.java:172)
07-23 14:42:51.620 E/IndexablesProvider( 1440): 	at com.android.settings.search.BaseSearchIndexProvider.updateNonIndexableKeysFromControllers(BaseSearchIndexProvider.java:145)
07-23 14:42:51.620 E/IndexablesProvider( 1440): 	at com.android.settings.search.BaseSearchIndexProvider.getNonIndexableKeys(BaseSearchIndexProvider.java:136)
07-23 14:42:51.620 E/IndexablesProvider( 1440): 	at com.android.settings.search.SettingsSearchIndexablesProvider.getNonIndexableKeysFromProvider(SettingsSearchIndexablesProvider.java:285)
07-23 14:42:51.620 E/IndexablesProvider( 1440): 	... 8 more
07-23 14:42:51.620 E/IndexablesProvider( 1440): Caused by: java.lang.NullPointerException: Attempt to invoke virtual method 'android.os.PersistableBundle com.android.settings.network.CarrierConfigCache.getConfigForSubId(int)' on a null object reference
07-23 14:42:51.620 E/IndexablesProvider( 1440): 	at com.android.settings.network.telephony.satellite.SatelliteSettingsPreferenceCategoryController.getAvailabilityStatus(SatelliteSettingsPreferenceCategoryController.java:102)
07-23 14:42:51.620 E/IndexablesProvider( 1440): 	at com.android.settings.network.telephony.TelephonyBasePreferenceController$$ExternalSyntheticLambda0.getAvailabilityStatus(R8$$SyntheticClass:0)
07-23 14:42:51.620 E/IndexablesProvider( 1440): 	at com.android.settings.network.telephony.MobileNetworkUtils.getAvailability(MobileNetworkUtils.java:509)
07-23 14:42:51.620 E/IndexablesProvider( 1440): 	at com.android.settings.network.telephony.TelephonyBasePreferenceController.getAvailabilityStatus(TelephonyBasePreferenceController.java:44)
07-23 14:42:51.620 E/IndexablesProvider( 1440): 	at com.android.settings.core.BasePreferenceController.isAvailableForSearch(BasePreferenceController.java:274)
07-23 14:42:51.620 E/IndexablesProvider( 1440): 	at com.android.settings.core.BasePreferenceController.updateNonIndexableKeys(BasePreferenceController.java:324)
07-23 14:42:51.620 E/IndexablesProvider( 1440): 	at com.android.settings.search.BaseSearchIndexProvider.updateNonIndexableKeysFromController(BaseSearchIndexProvider.java:156)
07-23 14:42:51.620 E/IndexablesProvider( 1440): 	... 11 more
07-23 14:42:51.639 E/SmsApplication( 1403): com.google.android.apps.messaging lost android:read_cell_broadcasts:  (fixing)
07-23 14:42:51.754 E/SmsApplication( 1403): com.google.android.apps.messaging lost android:read_cell_broadcasts:  (fixing)
07-23 14:42:51.765 E/HardwareInfoFeatureProviderImpl( 1440): Could not parse manufactured year from serial.
07-23 14:42:51.765 E/HardwareInfoFeatureProviderImpl( 1440): java.lang.NumberFormatException: For input string: "E"
07-23 14:42:51.765 E/HardwareInfoFeatureProviderImpl( 1440): 	at java.lang.Integer.parseInt(Integer.java:781)
07-23 14:42:51.765 E/HardwareInfoFeatureProviderImpl( 1440): 	at java.lang.Integer.valueOf(Integer.java:1108)
07-23 14:42:51.765 E/HardwareInfoFeatureProviderImpl( 1440): 	at com.google.android.settings.hardwareinfo.HardwareInfoFeatureProviderGoogleImpl.getManufacturedYear(HardwareInfoFeatureProviderGoogleImpl.kt:24)
07-23 14:42:51.765 E/HardwareInfoFeatureProviderImpl( 1440): 	at com.android.settings.deviceinfo.hardwareinfo.ManufacturedYearPreferenceController.<init>(ManufacturedYearPreferenceController.kt:26)
07-23 14:42:51.765 E/HardwareInfoFeatureProviderImpl( 1440): 	at java.lang.reflect.Constructor.newInstance0(Native Method)
07-23 14:42:51.765 E/HardwareInfoFeatureProviderImpl( 1440): 	at java.lang.reflect.Constructor.newInstance(Constructor.java:343)
07-23 14:42:51.765 E/HardwareInfoFeatureProviderImpl( 1440): 	at com.android.settings.core.BasePreferenceController.createInstance(BasePreferenceController.java:190)
07-23 14:42:51.765 E/HardwareInfoFeatureProviderImpl( 1440): 	at com.android.settings.core.PreferenceControllerListHelper.getPreferenceControllersFromXml(PreferenceControllerListHelper.java:86)
07-23 14:42:51.765 E/HardwareInfoFeatureProviderImpl( 1440): 	at com.android.settings.search.BaseSearchIndexProvider.getPreferenceControllers(BaseSearchIndexProvider.java:195)
07-23 14:42:51.765 E/HardwareInfoFeatureProviderImpl( 1440): 	at com.android.settings.search.BaseSearchIndexProvider.getRawDataToIndex(BaseSearchIndexProvider.java:80)
07-23 14:42:51.765 E/HardwareInfoFeatureProviderImpl( 1440): 	at com.android.settings.search.SettingsSearchIndexablesProvider.getSearchIndexableRawFromProvider(SettingsSearchIndexablesProvider.java:357)
07-23 14:42:51.765 E/HardwareInfoFeatureProviderImpl( 1440): 	at com.android.settings.search.SettingsSearchIndexablesProvider.queryRawData(SettingsSearchIndexablesProvider.java:142)
07-23 14:42:51.765 E/HardwareInfoFeatureProviderImpl( 1440): 	at android.provider.SearchIndexablesProvider.query(SearchIndexablesProvider.java:125)
07-23 14:42:51.765 E/HardwareInfoFeatureProviderImpl( 1440): 	at android.content.ContentProvider.query(ContentProvider.java:1625)
07-23 14:42:51.765 E/HardwareInfoFeatureProviderImpl( 1440): 	at android.content.ContentProvider.query(ContentProvider.java:1721)
07-23 14:42:51.765 E/HardwareInfoFeatureProviderImpl( 1440): 	at android.content.ContentProvider$Transport.query(ContentProvider.java:296)
07-23 14:42:51.765 E/HardwareInfoFeatureProviderImpl( 1440): 	at android.content.ContentProviderNative.onTransact(ContentProviderNative.java:107)
07-23 14:42:51.765 E/HardwareInfoFeatureProviderImpl( 1440): 	at android.os.Binder.execTransactInternal(Binder.java:1421)
07-23 14:42:51.765 E/HardwareInfoFeatureProviderImpl( 1440): 	at android.os.Binder.execTransact(Binder.java:1365)
07-23 14:42:51.766 E/HardwareInfoFeatureProviderImpl( 1440): Could not parse manufactured year from serial.
07-23 14:42:51.766 E/HardwareInfoFeatureProviderImpl( 1440): java.lang.NumberFormatException: For input string: "E"
07-23 14:42:51.766 E/HardwareInfoFeatureProviderImpl( 1440): 	at java.lang.Integer.parseInt(Integer.java:781)
07-23 14:42:51.766 E/HardwareInfoFeatureProviderImpl( 1440): 	at java.lang.Integer.valueOf(Integer.java:1108)
07-23 14:42:51.766 E/HardwareInfoFeatureProviderImpl( 1440): 	at com.google.android.settings.hardwareinfo.HardwareInfoFeatureProviderGoogleImpl.getManufacturedYear(HardwareInfoFeatureProviderGoogleImpl.kt:24)
07-23 14:42:51.766 E/HardwareInfoFeatureProviderImpl( 1440): 	at com.android.settings.deviceinfo.hardwareinfo.ManufacturedYearPreferenceController.<init>(ManufacturedYearPreferenceController.kt:26)
07-23 14:42:51.766 E/HardwareInfoFeatureProviderImpl( 1440): 	at java.lang.reflect.Constructor.newInstance0(Native Method)
07-23 14:42:51.766 E/HardwareInfoFeatureProviderImpl( 1440): 	at java.lang.reflect.Constructor.newInstance(Constructor.java:343)
07-23 14:42:51.766 E/HardwareInfoFeatureProviderImpl( 1440): 	at com.android.settings.core.BasePreferenceController.createInstance(BasePreferenceController.java:190)
07-23 14:42:51.766 E/HardwareInfoFeatureProviderImpl( 1440): 	at com.android.settings.core.PreferenceControllerListHelper.getPreferenceControllersFromXml(PreferenceControllerListHelper.java:86)
07-23 14:42:51.766 E/HardwareInfoFeatureProviderImpl( 1440): 	at com.android.settings.search.BaseSearchIndexProvider.getPreferenceControllers(BaseSearchIndexProvider.java:195)
07-23 14:42:51.766 E/HardwareInfoFeatureProviderImpl( 1440): 	at com.android.settings.search.BaseSearchIndexProvider.getDynamicRawDataToIndex(BaseSearchIndexProvider.java:102)
07-23 14:42:51.766 E/HardwareInfoFeatureProviderImpl( 1440): 	at com.android.settings.search.SettingsSearchIndexablesProvider.getDynamicSearchIndexableRawData(SettingsSearchIndexablesProvider.java:379)
07-23 14:42:51.766 E/HardwareInfoFeatureProviderImpl( 1440): 	at com.android.settings.search.SettingsSearchIndexablesProvider.queryDynamicRawData(SettingsSearchIndexablesProvider.java:181)
07-23 14:42:51.766 E/HardwareInfoFeatureProviderImpl( 1440): 	at android.provider.SearchIndexablesProvider.query(SearchIndexablesProvider.java:133)
07-23 14:42:51.766 E/HardwareInfoFeatureProviderImpl( 1440): 	at android.content.ContentProvider.query(ContentProvider.java:1625)
07-23 14:42:51.766 E/HardwareInfoFeatureProviderImpl( 1440): 	at android.content.ContentProvider.query(ContentProvider.java:1721)
07-23 14:42:51.766 E/HardwareInfoFeatureProviderImpl( 1440): 	at android.content.ContentProvider$Transport.query(ContentProvider.java:296)
07-23 14:42:51.766 E/HardwareInfoFeatureProviderImpl( 1440): 	at android.content.ContentProviderNative.onTransact(ContentProviderNative.java:107)
07-23 14:42:51.766 E/HardwareInfoFeatureProviderImpl( 1440): 	at android.os.Binder.execTransactInternal(Binder.java:1421)
07-23 14:42:51.766 E/HardwareInfoFeatureProviderImpl( 1440): 	at android.os.Binder.execTransact(Binder.java:1365)
07-23 14:42:52.256 E/ashmem  ( 3350): Pinning is deprecated since Android Q. Please use trim or other methods.
07-23 14:42:52.297 E/.apps.safetyhub( 3763): Not starting debugger since process cannot load the jdwp agent.
07-23 14:42:52.338 E/nect.controller( 3787): Not starting debugger since process cannot load the jdwp agent.
07-23 14:42:52.514 E/marvin.talkback( 3801): Not starting debugger since process cannot load the jdwp agent.
07-23 14:42:52.745 E/id.ext.services( 3821): Not starting debugger since process cannot load the jdwp agent.
07-23 14:42:53.124 E/GoogleSettingsUtils( 1664): Cannot write token, exception in Context lookup [CONTEXT service_id=130 ]
07-23 14:42:53.124 E/GoogleSettingsUtils( 1664): java.io.FileNotFoundException: /data/user/0/com.google.android.gsf/files/security_token: open failed: EACCES (Permission denied)
07-23 14:42:53.124 E/GoogleSettingsUtils( 1664): 	at libcore.io.IoBridge.open(IoBridge.java:574)
07-23 14:42:53.124 E/GoogleSettingsUtils( 1664): 	at java.io.FileOutputStream.<init>(FileOutputStream.java:259)
07-23 14:42:53.124 E/GoogleSettingsUtils( 1664): 	at android.app.ContextImpl.openFileOutput(ContextImpl.java:794)
07-23 14:42:53.124 E/GoogleSettingsUtils( 1664): 	at aoal.a(:com.google.android.gms@250734038@25.07.34 (260800-734679633):1667)
07-23 14:42:53.124 E/GoogleSettingsUtils( 1664): 	at aobv.a(:com.google.android.gms@250734038@25.07.34 (260800-734679633):850)
07-23 14:42:53.124 E/GoogleSettingsUtils( 1664): 	at com.google.android.gms.checkin.CheckinIntentOperation.onHandleIntent(:com.google.android.gms@250734038@25.07.34 (260800-734679633):33)
07-23 14:42:53.124 E/GoogleSettingsUtils( 1664): 	at com.google.android.chimera.IntentOperation.onHandleIntent(:com.google.android.gms@250734038@25.07.34 (260800-734679633):2)
07-23 14:42:53.124 E/GoogleSettingsUtils( 1664): 	at aonz.onHandleIntent(:com.google.android.gms@250734038@25.07.34 (260800-734679633):8)
07-23 14:42:53.124 E/GoogleSettingsUtils( 1664): 	at sfi.run(:com.google.android.gms@250734038@25.07.34 (260800-734679633):70)
07-23 14:42:53.124 E/GoogleSettingsUtils( 1664): 	at sfh.run(:com.google.android.gms@250734038@25.07.34 (260800-734679633):152)
07-23 14:42:53.124 E/GoogleSettingsUtils( 1664): 	at ffoo.run(:com.google.android.gms@250734038@25.07.34 (260800-734679633):21)
07-23 14:42:53.124 E/GoogleSettingsUtils( 1664): 	at java.util.concurrent.ThreadPoolExecutor.runWorker(ThreadPoolExecutor.java:1156)
07-23 14:42:53.124 E/GoogleSettingsUtils( 1664): 	at java.util.concurrent.ThreadPoolExecutor$Worker.run(ThreadPoolExecutor.java:651)
07-23 14:42:53.124 E/GoogleSettingsUtils( 1664): 	at java.lang.Thread.run(Thread.java:1119)
07-23 14:42:53.124 E/GoogleSettingsUtils( 1664): Caused by: android.system.ErrnoException: open failed: EACCES (Permission denied)
07-23 14:42:53.124 E/GoogleSettingsUtils( 1664): 	at libcore.io.Linux.open(Native Method)
07-23 14:42:53.124 E/GoogleSettingsUtils( 1664): 	at libcore.io.ForwardingOs.open(ForwardingOs.java:568)
07-23 14:42:53.124 E/GoogleSettingsUtils( 1664): 	at libcore.io.BlockGuardOs.open(BlockGuardOs.java:274)
07-23 14:42:53.124 E/GoogleSettingsUtils( 1664): 	at libcore.io.ForwardingOs.open(ForwardingOs.java:568)
07-23 14:42:53.124 E/GoogleSettingsUtils( 1664): 	at android.app.ActivityThread$AndroidOs.open(ActivityThread.java:8953)
07-23 14:42:53.124 E/GoogleSettingsUtils( 1664): 	at libcore.io.IoBridge.open(IoBridge.java:560)
07-23 14:42:53.124 E/GoogleSettingsUtils( 1664): 	... 13 more
07-23 14:42:53.318 E/ashmem  ( 3801): Pinning is deprecated since Android Q. Please use trim or other methods.
07-23 14:42:53.332 E/IndexablesProvider( 3801): Provider querying exception:
07-23 14:42:53.332 E/IndexablesProvider( 3801): java.lang.IllegalStateException: We need to initialize FormFactorUtils before checking the type of form factor.
07-23 14:42:53.332 E/IndexablesProvider( 3801): 	at com.google.android.accessibility.utils.FormFactorUtils.isAndroidWear(PG:12)
07-23 14:42:53.332 E/IndexablesProvider( 3801): 	at com.google.android.accessibility.talkback.preference.search.TalkBackSearchIndexablesProvider.queryRawData(PG:16)
07-23 14:42:53.332 E/IndexablesProvider( 3801): 	at com.google.android.settings.search.SearchIndexablesProvider.query(PG:36)
07-23 14:42:53.332 E/IndexablesProvider( 3801): 	at android.content.ContentProvider.query(ContentProvider.java:1625)
07-23 14:42:53.332 E/IndexablesProvider( 3801): 	at android.content.ContentProvider.query(ContentProvider.java:1721)
07-23 14:42:53.332 E/IndexablesProvider( 3801): 	at android.content.ContentProvider$Transport.query(ContentProvider.java:296)
07-23 14:42:53.332 E/IndexablesProvider( 3801): 	at android.content.ContentProviderNative.onTransact(ContentProviderNative.java:107)
07-23 14:42:53.332 E/IndexablesProvider( 3801): 	at android.os.Binder.execTransactInternal(Binder.java:1421)
07-23 14:42:53.332 E/IndexablesProvider( 3801): 	at android.os.Binder.execTransact(Binder.java:1365)
07-23 14:42:53.671 E/ashmem  ( 3763): Pinning is deprecated since Android Q. Please use trim or other methods.
07-23 14:42:53.833 E/ChimeraRcvrProxy( 1664): com.google.android.gms.backup.GmsBackupStatusChangeReceiver dropping broadcast com.google.gservices.intent.action.GSERVICES_CHANGED
07-23 14:42:53.995 E/ashmem  ( 3759): Pinning is deprecated since Android Q. Please use trim or other methods.
07-23 14:42:54.159 E/AiAiEcho( 1941): Reading elements from Geller failed with cause
07-23 14:42:54.159 E/AiAiEcho( 1941): ilw: Code: UNKNOWN, Message: Geller data fetch is not enabled
07-23 14:42:54.159 E/AiAiEcho( 1941): 	at imn.a(PG:17)
07-23 14:42:54.159 E/AiAiEcho( 1941): 	at lhh.b(PG:20)
07-23 14:42:54.159 E/AiAiEcho( 1941): 	at abge.g(PG:11)
07-23 14:42:54.159 E/AiAiEcho( 1941): 	at kotlinx.coroutines.DispatchedTask.run(PG:112)
07-23 14:42:54.159 E/AiAiEcho( 1941): 	at java.util.concurrent.Executors$RunnableAdapter.call(Executors.java:524)
07-23 14:42:54.159 E/AiAiEcho( 1941): 	at xjo.a(PG:3)
07-23 14:42:54.159 E/AiAiEcho( 1941): 	at xir.run(PG:19)
07-23 14:42:54.159 E/AiAiEcho( 1941): 	at xjp.run(PG:5)
07-23 14:42:54.159 E/AiAiEcho( 1941): 	at java.util.concurrent.Executors$RunnableAdapter.call(Executors.java:524)
07-23 14:42:54.159 E/AiAiEcho( 1941): 	at java.util.concurrent.FutureTask.run(FutureTask.java:317)
07-23 14:42:54.159 E/AiAiEcho( 1941): 	at java.util.concurrent.ScheduledThreadPoolExecutor$ScheduledFutureTask.run(ScheduledThreadPoolExecutor.java:348)
07-23 14:42:54.159 E/AiAiEcho( 1941): 	at java.util.concurrent.ThreadPoolExecutor.runWorker(ThreadPoolExecutor.java:1156)
07-23 14:42:54.159 E/AiAiEcho( 1941): 	at java.util.concurrent.ThreadPoolExecutor$Worker.run(ThreadPoolExecutor.java:651)
07-23 14:42:54.159 E/AiAiEcho( 1941): 	at hxw.run(PG:221)
07-23 14:42:54.159 E/AiAiEcho( 1941): 	at java.lang.Thread.run(Thread.java:1119)
07-23 14:42:54.163 E/SP.Service.AiAi( 1941): captions_i18n_v0_mandatory is opened by other clients. It will stay open until all clients close it.
07-23 14:42:54.163 E/SP.Service.AiAi( 1941): captions_i18n_v0_en-US is opened by other clients. It will stay open until all clients close it.
07-23 14:42:54.163 E/SP.Service.AiAi( 1941): captions_i18n_v0_mandatory is opened by other clients. It will stay open until all clients close it.
07-23 14:42:54.229 E/SP.Service.AiAi( 1941): captions_i18n_v0_mandatory is opened by other clients. It will stay open until all clients close it.
07-23 14:42:54.247 E/SP.Service.AiAi( 1941): captions_i18n_v0_mandatory is opened by other clients. It will stay open until all clients close it.
07-23 14:42:54.248 E/SP.Service.AiAi( 1941): captions_i18n_v0_mandatory is opened by other clients. It will stay open until all clients close it.
07-23 14:42:54.249 E/SP.Service.AiAi( 1941): captions_i18n_v0_mandatory is opened by other clients. It will stay open until all clients close it.
07-23 14:42:54.250 E/SP.Service.AiAi( 1941): captions_i18n_v0_mandatory is opened by other clients. It will stay open until all clients close it.
07-23 14:42:54.251 E/SP.Service.AiAi( 1941): captions_i18n_v0_mandatory is opened by other clients. It will stay open until all clients close it.
07-23 14:42:54.251 E/SP.Service.AiAi( 1941): captions_i18n_v0_mandatory is opened by other clients. It will stay open until all clients close it.
07-23 14:42:54.252 E/SP.Service.AiAi( 1941): captions_i18n_v0_mandatory is opened by other clients. It will stay open until all clients close it.
07-23 14:42:54.252 E/SP.Service.AiAi( 1941): captions_i18n_v0_mandatory is opened by other clients. It will stay open until all clients close it.
07-23 14:42:54.252 E/SP.Service.AiAi( 1941): captions_i18n_v0_mandatory is opened by other clients. It will stay open until all clients close it.
07-23 14:42:54.253 E/SP.Service.AiAi( 1941): captions_i18n_v0_mandatory is opened by other clients. It will stay open until all clients close it.
07-23 14:42:54.253 E/SP.Service.AiAi( 1941): captions_i18n_v0_mandatory is opened by other clients. It will stay open until all clients close it.
07-23 14:42:54.253 E/SP.Service.AiAi( 1941): captions_i18n_v0_mandatory is opened by other clients. It will stay open until all clients close it.
07-23 14:42:54.497 E/SmsApplication( 1403): com.google.android.apps.messaging lost android:read_cell_broadcasts:  (fixing)
07-23 14:42:54.722 E/AmbientMusicServiceMana( 1941): ylk: java.lang.reflect.InvocationTargetException
07-23 14:42:54.722 E/AmbientMusicServiceMana( 1941): 	at yll.c(PG:55)
07-23 14:42:54.722 E/AmbientMusicServiceMana( 1941): 	at xws.w(PG:78)
07-23 14:42:54.722 E/AmbientMusicServiceMana( 1941): 	at xws.e(PG:90)
07-23 14:42:54.722 E/AmbientMusicServiceMana( 1941): 	at xwp.a(PG:34)
07-23 14:42:54.722 E/AmbientMusicServiceMana( 1941): 	at mpd.M(PG:25)
07-23 14:42:54.722 E/AmbientMusicServiceMana( 1941): 	at qmu.d(PG:34)
07-23 14:42:54.722 E/AmbientMusicServiceMana( 1941): 	at qmf.e(PG:7)
07-23 14:42:54.722 E/AmbientMusicServiceMana( 1941): 	at mpg.a(PG:11)
07-23 14:42:54.722 E/AmbientMusicServiceMana( 1941): 	at acgy.h(PG:7)
07-23 14:42:54.722 E/AmbientMusicServiceMana( 1941): 	at qmv.run(PG:9)
07-23 14:42:54.722 E/AmbientMusicServiceMana( 1941): 	at xho.execute(PG:1)
07-23 14:42:54.722 E/AmbientMusicServiceMana( 1941): 	at qmx.onPropertiesChanged(PG:47)
07-23 14:42:54.722 E/AmbientMusicServiceMana( 1941): 	at android.provider.DeviceConfig.lambda$handleChange$1(DeviceConfig.java:1796)
07-23 14:42:54.722 E/AmbientMusicServiceMana( 1941): 	at android.provider.DeviceConfig$$ExternalSyntheticLambda0.run(D8$$SyntheticClass:0)
07-23 14:42:54.722 E/AmbientMusicServiceMana( 1941): 	at java.util.concurrent.Executors$RunnableAdapter.call(Executors.java:524)
07-23 14:42:54.722 E/AmbientMusicServiceMana( 1941): 	at xjo.a(PG:3)
07-23 14:42:54.722 E/AmbientMusicServiceMana( 1941): 	at xir.run(PG:19)
07-23 14:42:54.722 E/AmbientMusicServiceMana( 1941): 	at xjp.run(PG:5)
07-23 14:42:54.722 E/AmbientMusicServiceMana( 1941): 	at java.util.concurrent.Executors$RunnableAdapter.call(Executors.java:524)
07-23 14:42:54.722 E/AmbientMusicServiceMana( 1941): 	at java.util.concurrent.FutureTask.run(FutureTask.java:317)
07-23 14:42:54.722 E/AmbientMusicServiceMana( 1941): 	at java.util.concurrent.ScheduledThreadPoolExecutor$ScheduledFutureTask.run(ScheduledThreadPoolExecutor.java:348)
07-23 14:42:54.722 E/AmbientMusicServiceMana( 1941): 	at java.util.concurrent.ThreadPoolExecutor.runWorker(ThreadPoolExecutor.java:1156)
07-23 14:42:54.722 E/AmbientMusicServiceMana( 1941): 	at java.util.concurrent.ThreadPoolExecutor$Worker.run(ThreadPoolExecutor.java:651)
07-23 14:42:54.722 E/AmbientMusicServiceMana( 1941): 	at hxw.run(PG:221)
07-23 14:42:54.722 E/AmbientMusicServiceMana( 1941): 	at java.lang.Thread.run(Thread.java:1119)
07-23 14:42:54.722 E/AmbientMusicServiceMana( 1941): Caused by: java.lang.reflect.InvocationTargetException
07-23 14:42:54.722 E/AmbientMusicServiceMana( 1941): 	at java.lang.reflect.Method.invoke(Native Method)
07-23 14:42:54.722 E/AmbientMusicServiceMana( 1941): 	at yll.c(PG:48)
07-23 14:42:54.722 E/AmbientMusicServiceMana( 1941): 	... 24 more
07-23 14:42:54.722 E/AmbientMusicServiceMana( 1941): Caused by: java.lang.IllegalStateException: No underlying SoundTriggerModule available
07-23 14:42:54.722 E/AmbientMusicServiceMana( 1941): 	at android.media.soundtrigger.SoundTriggerManager.deleteModel(SoundTriggerManager.java:265)
07-23 14:42:54.722 E/AmbientMusicServiceMana( 1941): 	... 26 more
07-23 14:42:54.965 E/SatelliteController( 1403): registerForSatelliteCommunicationAccessStateChanged: SatelliteManager is null
07-23 14:42:55.062 E/SmsApplication( 1403): com.google.android.apps.messaging lost android:read_cell_broadcasts:  (fixing)
07-23 14:42:55.249 E/system_server(  734): No package ID 7f found for resource ID 0x7f080489.
07-23 14:42:55.249 E/system_server(  734): No package ID 7f found for resource ID 0x7f15129d.
07-23 14:42:55.249 E/system_server(  734): No package ID 7f found for resource ID 0x7f15129d.
07-23 14:42:55.249 E/system_server(  734): No package ID 7f found for resource ID 0x7f15129c.
07-23 14:42:55.259 E/SmsApplication( 1403): com.google.android.apps.messaging lost android:read_cell_broadcasts:  (fixing)
07-23 14:42:55.260 E/ShortcutService(  734): Ignoring excessive intent tag.
07-23 14:42:55.260 E/ShortcutService(  734): Ignoring excessive intent tag.
07-23 14:42:55.295 E/tflite  ( 2676): third_party/tensorflow/lite/core/subgraph.cc:1062 tensor.data.raw != nullptr was not true.
07-23 14:42:55.541 E/SmsApplication( 1403): com.google.android.apps.messaging lost android:read_cell_broadcasts:  (fixing)
07-23 14:42:55.606 E/RoleControllerServiceImpl(  734): Default/fallback role holder package doesn't qualify for the role, package: com.google.android.gms.supervision, role: android.app.role.SYSTEM_SUPERVISION
07-23 14:42:55.636 E/RoleControllerServiceImpl(  734): Default/fallback role holder package doesn't qualify for the role, package: com.google.android.gms, role: android.app.role.SYSTEM_DEPENDENCY_INSTALLER
07-23 14:42:55.746 E/RoleControllerServiceImpl(  734): Default/fallback role holder package doesn't qualify for the role, package: com.google.android.gms, role: android.app.role.WALLET
07-23 14:42:55.933 E/SmsApplication( 1403): com.google.android.apps.messaging lost android:read_cell_broadcasts:  (fixing)
07-23 14:42:56.148 E/SmsApplication( 1403): com.google.android.apps.messaging lost android:read_cell_broadcasts:  (fixing)
07-23 14:42:56.195 E/gs.intelligence( 3681): No package ID ff found for resource ID 0xffffffff.
07-23 14:42:56.195 E/gs.intelligence( 3681): No package ID ff found for resource ID 0xffffffff.
07-23 14:42:56.195 E/gs.intelligence( 3681): No package ID ff found for resource ID 0xffffffff.
07-23 14:42:56.196 E/gs.intelligence( 3681): No package ID ff found for resource ID 0xffffffff.
07-23 14:42:56.197 E/gs.intelligence( 3681): No package ID ff found for resource ID 0xffffffff.
07-23 14:42:56.197 E/gs.intelligence( 3681): No package ID ff found for resource ID 0xffffffff.
07-23 14:42:56.197 E/gs.intelligence( 3681): No package ID ff found for resource ID 0xffffffff.
07-23 14:42:56.200 E/gs.intelligence( 3681): No package ID ff found for resource ID 0xffffffff.
07-23 14:42:56.200 E/gs.intelligence( 3681): No package ID ff found for resource ID 0xffffffff.
07-23 14:42:56.201 E/gs.intelligence( 3681): No package ID ff found for resource ID 0xffffffff.
07-23 14:42:56.201 E/gs.intelligence( 3681): No package ID ff found for resource ID 0xffffffff.
07-23 14:42:56.201 E/gs.intelligence( 3681): No package ID ff found for resource ID 0xffffffff.
07-23 14:42:56.202 E/gs.intelligence( 3681): No package ID ff found for resource ID 0xffffffff.
07-23 14:42:56.202 E/gs.intelligence( 3681): No package ID ff found for resource ID 0xffffffff.
07-23 14:42:56.202 E/gs.intelligence( 3681): No package ID ff found for resource ID 0xffffffff.
07-23 14:42:56.202 E/gs.intelligence( 3681): No package ID ff found for resource ID 0xffffffff.
07-23 14:42:56.202 E/gs.intelligence( 3681): No package ID ff found for resource ID 0xffffffff.
07-23 14:42:56.202 E/gs.intelligence( 3681): No package ID ff found for resource ID 0xffffffff.
07-23 14:42:56.202 E/gs.intelligence( 3681): No package ID ff found for resource ID 0xffffffff.
07-23 14:42:56.202 E/gs.intelligence( 3681): No package ID ff found for resource ID 0xffffffff.
07-23 14:42:56.202 E/gs.intelligence( 3681): No package ID ff found for resource ID 0xffffffff.
07-23 14:42:56.203 E/gs.intelligence( 3681): No package ID ff found for resource ID 0xffffffff.
07-23 14:42:56.203 E/gs.intelligence( 3681): No package ID ff found for resource ID 0xffffffff.
07-23 14:42:56.203 E/gs.intelligence( 3681): No package ID ff found for resource ID 0xffffffff.
07-23 14:42:56.204 E/gs.intelligence( 3681): No package ID ff found for resource ID 0xffffffff.
07-23 14:42:56.204 E/gs.intelligence( 3681): No package ID ff found for resource ID 0xffffffff.
07-23 14:42:56.206 E/gs.intelligence( 3681): No package ID ff found for resource ID 0xffffffff.
07-23 14:42:56.206 E/gs.intelligence( 3681): No package ID ff found for resource ID 0xffffffff.
07-23 14:42:56.206 E/gs.intelligence( 3681): No package ID ff found for resource ID 0xffffffff.
07-23 14:42:56.206 E/gs.intelligence( 3681): No package ID ff found for resource ID 0xffffffff.
07-23 14:42:56.207 E/gs.intelligence( 3681): No package ID ff found for resource ID 0xffffffff.
07-23 14:42:56.207 E/gs.intelligence( 3681): No package ID ff found for resource ID 0xffffffff.
07-23 14:42:56.208 E/gs.intelligence( 3681): No package ID ff found for resource ID 0xffffffff.
07-23 14:42:56.208 E/gs.intelligence( 3681): No package ID ff found for resource ID 0xffffffff.
07-23 14:42:56.208 E/gs.intelligence( 3681): No package ID ff found for resource ID 0xffffffff.
07-23 14:42:56.209 E/gs.intelligence( 3681): No package ID ff found for resource ID 0xffffffff.
07-23 14:42:56.209 E/gs.intelligence( 3681): No package ID ff found for resource ID 0xffffffff.
07-23 14:42:56.209 E/gs.intelligence( 3681): No package ID ff found for resource ID 0xffffffff.
07-23 14:42:56.211 E/gs.intelligence( 3681): No package ID ff found for resource ID 0xffffffff.
07-23 14:42:56.211 E/gs.intelligence( 3681): No package ID ff found for resource ID 0xffffffff.
07-23 14:42:56.211 E/gs.intelligence( 3681): No package ID ff found for resource ID 0xffffffff.
07-23 14:42:56.212 E/gs.intelligence( 3681): No package ID ff found for resource ID 0xffffffff.
07-23 14:42:56.212 E/gs.intelligence( 3681): No package ID ff found for resource ID 0xffffffff.
07-23 14:42:56.212 E/gs.intelligence( 3681): No package ID ff found for resource ID 0xffffffff.
07-23 14:42:56.213 E/gs.intelligence( 3681): No package ID ff found for resource ID 0xffffffff.
07-23 14:42:56.213 E/gs.intelligence( 3681): No package ID ff found for resource ID 0xffffffff.
07-23 14:42:56.213 E/gs.intelligence( 3681): No package ID ff found for resource ID 0xffffffff.
07-23 14:42:56.214 E/gs.intelligence( 3681): No package ID ff found for resource ID 0xffffffff.
07-23 14:42:56.215 E/gs.intelligence( 3681): No package ID ff found for resource ID 0xffffffff.
07-23 14:42:56.215 E/gs.intelligence( 3681): No package ID ff found for resource ID 0xffffffff.
07-23 14:42:56.218 E/gs.intelligence( 3681): No package ID ff found for resource ID 0xffffffff.
07-23 14:42:56.218 E/gs.intelligence( 3681): No package ID ff found for resource ID 0xffffffff.
07-23 14:42:56.218 E/gs.intelligence( 3681): No package ID ff found for resource ID 0xffffffff.
07-23 14:42:56.218 E/gs.intelligence( 3681): No package ID ff found for resource ID 0xffffffff.
07-23 14:42:56.218 E/gs.intelligence( 3681): No package ID ff found for resource ID 0xffffffff.
07-23 14:42:56.219 E/gs.intelligence( 3681): No package ID ff found for resource ID 0xffffffff.
07-23 14:42:56.220 E/gs.intelligence( 3681): No package ID ff found for resource ID 0xffffffff.
07-23 14:42:56.220 E/gs.intelligence( 3681): No package ID ff found for resource ID 0xffffffff.
07-23 14:42:56.220 E/gs.intelligence( 3681): No package ID ff found for resource ID 0xffffffff.
07-23 14:42:56.222 E/gs.intelligence( 3681): No package ID ff found for resource ID 0xffffffff.
07-23 14:42:56.222 E/gs.intelligence( 3681): No package ID ff found for resource ID 0xffffffff.
07-23 14:42:56.222 E/gs.intelligence( 3681): No package ID ff found for resource ID 0xffffffff.
