--------- beginning of kernel
07-23 14:39:37.400 E/kvm_intel(    0): VMX not supported by CPU 0
07-23 14:39:37.401 E/kvm_amd (    0): CPU 0 isn't AMD or Hygon
07-23 14:39:38.967 E/init    (    0): Failed to copy /avb into /metadata/gsi/dsu/avb/: No such file or directory
07-23 14:39:39.993 E/init    (    0): [libfs_avb] Device path not found: /dev/block/by-name/system
07-23 14:39:41.008 E/init    (    0): [libfs_avb] Device path not found: /dev/block/by-name/system
07-23 14:39:41.018 E/erofs   (    0): (device dm-5): erofs_read_superblock: cannot find valid erofs superblock
07-23 14:39:41.035 E/erofs   (    0): (device dm-4): erofs_read_superblock: cannot find valid erofs superblock
07-23 14:39:41.043 E/erofs   (    0): (device dm-3): erofs_read_superblock: cannot find valid erofs superblock
07-23 14:39:41.052 E/erofs   (    0): (device dm-2): erofs_read_superblock: cannot find valid erofs superblock
07-23 14:39:42.073 E/cutils-trace(    0): Error opening trace file: Permission denied (13)
07-23 14:39:42.132 E/selinux (    0): SELinux:  setxattr failed: /cache:  Read-only file system
07-23 14:39:42.177 E/dlkm_loader(    0): LoadWithAliases was unable to load snd_aloop, tried: snd_aloop
07-23 14:39:42.454 E/dlkm_loader(    0): LoadWithAliases was unable to load vkms, tried: vkms
--------- beginning of system
07-23 14:39:42.499 E/keystore2(  255): system/security/keystore2/src/error.rs:183 - system/security/keystore2/src/security_level.rs:680
07-23 14:39:42.499 E/keystore2(  255): 
07-23 14:39:42.499 E/keystore2(  255): Caused by:
07-23 14:39:42.499 E/keystore2(  255):     0: system/security/keystore2/src/security_level.rs:674: While generating without a provided attestation key and params: [KeyParameter { tag: r#ALGORITHM, value: Algorithm(r#AES) }, KeyParameter { tag: r#KEY_SIZE, value: Integer(256) }, KeyParameter { tag: r#PURPOSE, value: KeyPurpose(r#ENCRYPT) }, KeyParameter { tag: r#PURPOSE, value: KeyPurpose(r#DECRYPT) }, KeyParameter { tag: r#BLOCK_MODE, value: BlockMode(r#GCM) }, KeyParameter { tag: r#PADDING, value: PaddingMode(r#NONE) }, KeyParameter { tag: r#MIN_MAC_LENGTH, value: Integer(128) }, KeyParameter { tag: r#NO_AUTH_REQUIRED, value: BoolValue(true) }, KeyParameter { tag: r#ROLLBACK_RESISTANCE, value: BoolValue(true) }, KeyParameter { tag: r#CREATION_DATETIME, value: DateTime(1753281582498) }].
07-23 14:39:42.499 E/keystore2(  255):     1: Error::Km(r#ROLLBACK_RESISTANCE_UNAVAILABLE)
07-23 14:39:42.499 E/vold    (  245): keystore2 Keystore generateKey returned service specific error: -67
07-23 14:39:42.473 E/vold    (    0): keystore2 Keystore generateKey returned service specific error: -67
07-23 14:39:45.724 E/vold    (  245): Error getting bootctrl v1.0 module.
07-23 14:39:45.698 E/vold    (    0): Error getting bootctrl v1.0 module.
07-23 14:39:45.718 E/init    (    0): Unable to set property 'ro.boottime.init.fsck.data' from uid:0 gid:0 pid:245: Read-only property was already set
07-23 14:39:45.727 E/init    (    0): Unable to set property 'ro.boottime.init.mount.data' from uid:0 gid:0 pid:245: Read-only property was already set
07-23 14:39:45.803 E/keystore2(  255): system/security/keystore2/src/error.rs:183 - system/security/keystore2/src/security_level.rs:680
07-23 14:39:45.803 E/keystore2(  255): 
07-23 14:39:45.803 E/keystore2(  255): Caused by:
07-23 14:39:45.803 E/keystore2(  255):     0: system/security/keystore2/src/security_level.rs:674: While generating without a provided attestation key and params: [KeyParameter { tag: r#ALGORITHM, value: Algorithm(r#AES) }, KeyParameter { tag: r#KEY_SIZE, value: Integer(256) }, KeyParameter { tag: r#PURPOSE, value: KeyPurpose(r#ENCRYPT) }, KeyParameter { tag: r#PURPOSE, value: KeyPurpose(r#DECRYPT) }, KeyParameter { tag: r#BLOCK_MODE, value: BlockMode(r#GCM) }, KeyParameter { tag: r#PADDING, value: PaddingMode(r#NONE) }, KeyParameter { tag: r#MIN_MAC_LENGTH, value: Integer(128) }, KeyParameter { tag: r#NO_AUTH_REQUIRED, value: BoolValue(true) }, KeyParameter { tag: r#ROLLBACK_RESISTANCE, value: BoolValue(true) }, KeyParameter { tag: r#CREATION_DATETIME, value: DateTime(1753281585803) }].
07-23 14:39:45.803 E/keystore2(  255):     1: Error::Km(r#ROLLBACK_RESISTANCE_UNAVAILABLE)
07-23 14:39:45.804 E/vold    (  245): keystore2 Keystore generateKey returned service specific error: -67
07-23 14:39:45.777 E/vold    (    0): keystore2 Keystore generateKey returned service specific error: -67
07-23 14:39:45.895 E/keystore2(  255): system/security/keystore2/src/keystore2_main.rs:69 - [SQLITE3] 17: statement aborts at 29: [CREATE TABLE IF NOT EXISTS persistent.version (
07-23 14:39:45.895 E/keystore2(  255):                 id INTEGER PRIMARY KEY,
07-23 14:39:45.895 E/keystore2(  255):                 version INTEGER);] database schema has changed
07-23 14:39:45.886 E/init    (    0): Could not load single persistent property file, trying legacy directory: Unable to read persistent property file: open() failed: No such file or directory
07-23 14:39:45.902 E/logd    (    0): Cannot read /data/misc/logd/event-log-tags
07-23 14:39:45.904 E/logd    (    0): FrameworkListener: read() failed (Connection reset by peer)
07-23 14:40:19.927 E/init    (    0): /apex/com.android.hardware.uwb/etc/uwb-service.rc: 1: ignored duplicate definition of service 'vendor.uwb_hal'
07-23 14:40:21.218 E/keystore2(  255): system/security/keystore2/src/error.rs:183 - system/security/keystore2/src/security_level.rs:680
07-23 14:40:21.218 E/keystore2(  255): 
07-23 14:40:21.218 E/keystore2(  255): Caused by:
07-23 14:40:21.218 E/keystore2(  255):     0: system/security/keystore2/src/security_level.rs:674: While generating without a provided attestation key and params: [KeyParameter { tag: r#ALGORITHM, value: Algorithm(r#AES) }, KeyParameter { tag: r#KEY_SIZE, value: Integer(256) }, KeyParameter { tag: r#PURPOSE, value: KeyPurpose(r#ENCRYPT) }, KeyParameter { tag: r#PURPOSE, value: KeyPurpose(r#DECRYPT) }, KeyParameter { tag: r#BLOCK_MODE, value: BlockMode(r#GCM) }, KeyParameter { tag: r#PADDING, value: PaddingMode(r#NONE) }, KeyParameter { tag: r#MIN_MAC_LENGTH, value: Integer(128) }, KeyParameter { tag: r#NO_AUTH_REQUIRED, value: BoolValue(true) }, KeyParameter { tag: r#ROLLBACK_RESISTANCE, value: BoolValue(true) }, KeyParameter { tag: r#CREATION_DATETIME, value: DateTime(1753281621217) }].
07-23 14:40:21.218 E/keystore2(  255):     1: Error::Km(r#ROLLBACK_RESISTANCE_UNAVAILABLE)
07-23 14:40:21.219 E/vold    (  245): keystore2 Keystore generateKey returned service specific error: -67
07-23 14:40:21.193 E/vold    (    0): keystore2 Keystore generateKey returned service specific error: -67
07-23 14:40:22.605 E/libprocessgroup(    0): Failed to write 1 to /sys/fs/cgroup/system/uid_0/pid_455/cgroup.kill: No such file or directory
07-23 14:40:22.607 E/libprocessgroup(    0): Failed to open /sys/fs/cgroup/system/uid_0/pid_455/cgroup.procs: No such file or directory
07-23 14:40:22.868 E/selinux (    0): SELinux:  Could not stat /data/dalvik-cache/arm: No such file or directory.
07-23 14:40:22.870 E/selinux (    0): SELinux:  Could not stat /data/dalvik-cache/arm64: No such file or directory.
07-23 14:40:22.872 E/selinux (    0): SELinux:  Could not stat /data/dalvik-cache/riscv64: No such file or directory.
07-23 14:40:22.873 E/selinux (    0): SELinux:  Could not stat /data/dalvik-cache/x86: No such file or directory.
07-23 14:40:22.875 E/selinux (    0): SELinux:  Could not stat /data/dalvik-cache/x86_64: No such file or directory.
07-23 14:40:23.910 E/UprobeStatsBpfLoad(    0): non-optional program failed to load.
07-23 14:40:23.911 E/UprobeStatsBpfLoad(    0): Failed to load programs, loadCodeSections ret=-1
07-23 14:40:23.914 E/UprobeStatsBpfLoad(    0): Failed to load object: /apex/com.android.uprobestats/etc/bpf/uprobestats/ProcessManagement.o, ret: Operation not permitted
07-23 14:40:25.159 E/init    (    0): Could not start service 'vendor.drm-widevine-hal-rikers' as part of class 'hal': Cannot find '/apex/com.google.android.widevine/bin/hw/android.hardware.drm-service.widevine-rikers': No such file or directory
07-23 14:40:29.386 E/HidlServiceManagement(  660): Service android.system.wifi.keystore@1.0::IKeystore/default must be in VINTF manifest in order to register/get.
07-23 14:40:30.253 E/init    (    0): Control message: Could not find 'aidl/activity' for ctl.interface_start from pid: 223 (/system/bin/servicemanager)
--------- beginning of main
07-23 14:40:31.259 E/HidlServiceManagement(  649): Service android.frameworks.cameraservice.service@2.2::ICameraService/default must be in VINTF manifest in order to register/get.
07-23 14:40:31.269 E/init    (    0): Control message: Could not find 'aidl/activity' for ctl.interface_start from pid: 223 (/system/bin/servicemanager)
07-23 14:40:31.948 E/zygote64(  478): Unable to find pattern file or unable to map it for am
07-23 14:40:32.279 E/init    (    0): Control message: Could not find 'aidl/activity' for ctl.interface_start from pid: 223 (/system/bin/servicemanager)
07-23 14:40:33.288 E/init    (    0): Control message: Could not find 'aidl/activity' for ctl.interface_start from pid: 223 (/system/bin/servicemanager)
07-23 14:40:33.539 E/system_server(  734): Not starting debugger since process cannot load the jdwp agent.
07-23 14:40:34.297 E/init    (    0): Control message: Could not find 'aidl/activity' for ctl.interface_start from pid: 223 (/system/bin/servicemanager)
07-23 14:40:34.525 E/storaged(  659): getService package_native failed
07-23 14:40:34.535 E/HidlServiceManagement(  734): Service android.frameworks.stats@1.0::IStats/default must be in VINTF manifest in order to register/get.
07-23 14:40:34.629 E/ServiceUtilities(  656): getCachedInfo: Cannot find package_native
07-23 14:40:34.930 E/DisplayManagerService(  734): Default display is null for info request from uid 1000
07-23 14:40:34.999 E/UserManagerService(  734): No user list file
07-23 14:40:35.000 E/UserManagerService(  734): userlist.xml not found, fallback to single user
07-23 14:40:35.303 E/init    (    0): Control message: Could not find 'aidl/activity' for ctl.interface_start from pid: 223 (/system/bin/servicemanager)
07-23 14:40:36.276 E/AconfigFlags(  734): Failed to load aconfig package com.android.update_engine
07-23 14:40:36.276 E/AconfigFlags(  734): android.os.flagging.AconfigStorageReadException: ERROR_PACKAGE_NOT_FOUND: package com.android.update_engine cannot be found on the device
07-23 14:40:36.276 E/AconfigFlags(  734): 	at android.os.flagging.AconfigPackage.load(AconfigPackage.java:132)
07-23 14:40:36.276 E/AconfigFlags(  734): 	at com.android.internal.pm.pkg.component.AconfigFlags.lambda$getFlagValueFromNewStorage$0(AconfigFlags.java:261)
07-23 14:40:36.276 E/AconfigFlags(  734): 	at com.android.internal.pm.pkg.component.AconfigFlags$$ExternalSyntheticLambda0.apply(D8$$SyntheticClass:0)
07-23 14:40:36.276 E/AconfigFlags(  734): 	at java.util.concurrent.ConcurrentHashMap.computeIfAbsent(ConcurrentHashMap.java:1713)
07-23 14:40:36.276 E/AconfigFlags(  734): 	at com.android.internal.pm.pkg.component.AconfigFlags.getFlagValueFromNewStorage(AconfigFlags.java:259)
07-23 14:40:36.276 E/AconfigFlags(  734): 	at com.android.internal.pm.pkg.component.AconfigFlags.getFlagValue(AconfigFlags.java:225)
07-23 14:40:36.276 E/AconfigFlags(  734): 	at com.android.internal.pm.pkg.component.AconfigFlags.skipCurrentElement(AconfigFlags.java:323)
07-23 14:40:36.276 E/AconfigFlags(  734): 	at com.android.internal.pm.pkg.component.AconfigFlags.skipCurrentElement(AconfigFlags.java:291)
07-23 14:40:36.276 E/AconfigFlags(  734): 	at com.android.internal.pm.pkg.parsing.ParsingPackageUtils.parseBaseApkTags(ParsingPackageUtils.java:1000)
07-23 14:40:36.276 E/AconfigFlags(  734): 	at com.android.internal.pm.pkg.parsing.ParsingPackageUtils.parseBaseApk(ParsingPackageUtils.java:735)
07-23 14:40:36.276 E/AconfigFlags(  734): 	at com.android.internal.pm.pkg.parsing.ParsingPackageUtils.parseBaseApk(ParsingPackageUtils.java:600)
07-23 14:40:36.276 E/AconfigFlags(  734): 	at com.android.internal.pm.pkg.parsing.ParsingPackageUtils.parseMonolithicPackage(ParsingPackageUtils.java:436)
07-23 14:40:36.276 E/AconfigFlags(  734): 	at com.android.internal.pm.pkg.parsing.ParsingPackageUtils.parsePackage(ParsingPackageUtils.java:334)
07-23 14:40:36.276 E/AconfigFlags(  734): 	at com.android.internal.pm.parsing.PackageParser2.parsePackage(PackageParser2.java:134)
07-23 14:40:36.276 E/AconfigFlags(  734): 	at com.android.server.pm.ParallelPackageParser.parsePackage(ParallelPackageParser.java:130)
07-23 14:40:36.276 E/AconfigFlags(  734): 	at com.android.server.pm.ParallelPackageParser.lambda$submit$0(ParallelPackageParser.java:108)
07-23 14:40:36.276 E/AconfigFlags(  734): 	at com.android.server.pm.ParallelPackageParser.$r8$lambda$uW6lAW1ixaCdJ_8ZINGbyQGIceg(ParallelPackageParser.java:0)
07-23 14:40:36.276 E/AconfigFlags(  734): 	at com.android.server.pm.ParallelPackageParser$$ExternalSyntheticLambda0.run(R8$$SyntheticClass:0)
07-23 14:40:36.276 E/AconfigFlags(  734): 	at java.util.concurrent.Executors$RunnableAdapter.call(Executors.java:524)
07-23 14:40:36.276 E/AconfigFlags(  734): 	at java.util.concurrent.FutureTask.run(FutureTask.java:317)
07-23 14:40:36.276 E/AconfigFlags(  734): 	at java.util.concurrent.ThreadPoolExecutor.runWorker(ThreadPoolExecutor.java:1156)
07-23 14:40:36.276 E/AconfigFlags(  734): 	at java.util.concurrent.ThreadPoolExecutor$Worker.run(ThreadPoolExecutor.java:651)
07-23 14:40:36.276 E/AconfigFlags(  734): 	at com.android.internal.util.ConcurrentUtils$1$1.run(ConcurrentUtils.java:65)
07-23 14:40:36.279 E/AconfigFlags(  734): Failed to load aconfig package android.xr
07-23 14:40:36.279 E/AconfigFlags(  734): android.os.flagging.AconfigStorageReadException: ERROR_PACKAGE_NOT_FOUND: package android.xr cannot be found on the device
07-23 14:40:36.279 E/AconfigFlags(  734): 	at android.os.flagging.AconfigPackage.load(AconfigPackage.java:132)
07-23 14:40:36.279 E/AconfigFlags(  734): 	at com.android.internal.pm.pkg.component.AconfigFlags.lambda$getFlagValueFromNewStorage$0(AconfigFlags.java:261)
07-23 14:40:36.279 E/AconfigFlags(  734): 	at com.android.internal.pm.pkg.component.AconfigFlags$$ExternalSyntheticLambda0.apply(D8$$SyntheticClass:0)
07-23 14:40:36.279 E/AconfigFlags(  734): 	at java.util.concurrent.ConcurrentHashMap.computeIfAbsent(ConcurrentHashMap.java:1713)
07-23 14:40:36.279 E/AconfigFlags(  734): 	at com.android.internal.pm.pkg.component.AconfigFlags.getFlagValueFromNewStorage(AconfigFlags.java:259)
07-23 14:40:36.279 E/AconfigFlags(  734): 	at com.android.internal.pm.pkg.component.AconfigFlags.getFlagValue(AconfigFlags.java:225)
07-23 14:40:36.279 E/AconfigFlags(  734): 	at com.android.internal.pm.pkg.component.AconfigFlags.skipCurrentElement(AconfigFlags.java:323)
07-23 14:40:36.279 E/AconfigFlags(  734): 	at com.android.internal.pm.pkg.component.AconfigFlags.skipCurrentElement(AconfigFlags.java:291)
07-23 14:40:36.279 E/AconfigFlags(  734): 	at com.android.internal.pm.pkg.parsing.ParsingPackageUtils.parseBaseApkTags(ParsingPackageUtils.java:1000)
07-23 14:40:36.279 E/AconfigFlags(  734): 	at com.android.internal.pm.pkg.parsing.ParsingPackageUtils.parseBaseApk(ParsingPackageUtils.java:735)
07-23 14:40:36.279 E/AconfigFlags(  734): 	at com.android.internal.pm.pkg.parsing.ParsingPackageUtils.parseBaseApk(ParsingPackageUtils.java:600)
07-23 14:40:36.279 E/AconfigFlags(  734): 	at com.android.internal.pm.pkg.parsing.ParsingPackageUtils.parseMonolithicPackage(ParsingPackageUtils.java:436)
07-23 14:40:36.279 E/AconfigFlags(  734): 	at com.android.internal.pm.pkg.parsing.ParsingPackageUtils.parsePackage(ParsingPackageUtils.java:334)
07-23 14:40:36.279 E/AconfigFlags(  734): 	at com.android.internal.pm.parsing.PackageParser2.parsePackage(PackageParser2.java:134)
07-23 14:40:36.279 E/AconfigFlags(  734): 	at com.android.server.pm.ParallelPackageParser.parsePackage(ParallelPackageParser.java:130)
07-23 14:40:36.279 E/AconfigFlags(  734): 	at com.android.server.pm.ParallelPackageParser.lambda$submit$0(ParallelPackageParser.java:108)
07-23 14:40:36.279 E/AconfigFlags(  734): 	at com.android.server.pm.ParallelPackageParser.$r8$lambda$uW6lAW1ixaCdJ_8ZINGbyQGIceg(ParallelPackageParser.java:0)
07-23 14:40:36.279 E/AconfigFlags(  734): 	at com.android.server.pm.ParallelPackageParser$$ExternalSyntheticLambda0.run(R8$$SyntheticClass:0)
07-23 14:40:36.279 E/AconfigFlags(  734): 	at java.util.concurrent.Executors$RunnableAdapter.call(Executors.java:524)
07-23 14:40:36.279 E/AconfigFlags(  734): 	at java.util.concurrent.FutureTask.run(FutureTask.java:317)
07-23 14:40:36.279 E/AconfigFlags(  734): 	at java.util.concurrent.ThreadPoolExecutor.runWorker(ThreadPoolExecutor.java:1156)
07-23 14:40:36.279 E/AconfigFlags(  734): 	at java.util.concurrent.ThreadPoolExecutor$Worker.run(ThreadPoolExecutor.java:651)
07-23 14:40:36.279 E/AconfigFlags(  734): 	at com.android.internal.util.ConcurrentUtils$1$1.run(ConcurrentUtils.java:65)
07-23 14:40:36.279 E/AconfigFlags(  734): Failed to load aconfig package android.xr
07-23 14:40:36.279 E/AconfigFlags(  734): android.os.flagging.AconfigStorageReadException: ERROR_PACKAGE_NOT_FOUND: package android.xr cannot be found on the device
07-23 14:40:36.279 E/AconfigFlags(  734): 	at android.os.flagging.AconfigPackage.load(AconfigPackage.java:132)
07-23 14:40:36.279 E/AconfigFlags(  734): 	at com.android.internal.pm.pkg.component.AconfigFlags.lambda$getFlagValueFromNewStorage$0(AconfigFlags.java:261)
07-23 14:40:36.279 E/AconfigFlags(  734): 	at com.android.internal.pm.pkg.component.AconfigFlags$$ExternalSyntheticLambda0.apply(D8$$SyntheticClass:0)
07-23 14:40:36.279 E/AconfigFlags(  734): 	at java.util.concurrent.ConcurrentHashMap.computeIfAbsent(ConcurrentHashMap.java:1713)
07-23 14:40:36.279 E/AconfigFlags(  734): 	at com.android.internal.pm.pkg.component.AconfigFlags.getFlagValueFromNewStorage(AconfigFlags.java:259)
07-23 14:40:36.279 E/AconfigFlags(  734): 	at com.android.internal.pm.pkg.component.AconfigFlags.getFlagValue(AconfigFlags.java:225)
07-23 14:40:36.279 E/AconfigFlags(  734): 	at com.android.internal.pm.pkg.component.AconfigFlags.skipCurrentElement(AconfigFlags.java:323)
07-23 14:40:36.279 E/AconfigFlags(  734): 	at com.android.internal.pm.pkg.component.AconfigFlags.skipCurrentElement(AconfigFlags.java:291)
07-23 14:40:36.279 E/AconfigFlags(  734): 	at com.android.internal.pm.pkg.parsing.ParsingPackageUtils.parseBaseApkTags(ParsingPackageUtils.java:1000)
07-23 14:40:36.279 E/AconfigFlags(  734): 	at com.android.internal.pm.pkg.parsing.ParsingPackageUtils.parseBaseApk(ParsingPackageUtils.java:735)
07-23 14:40:36.279 E/AconfigFlags(  734): 	at com.android.internal.pm.pkg.parsing.ParsingPackageUtils.parseBaseApk(ParsingPackageUtils.java:600)
07-23 14:40:36.279 E/AconfigFlags(  734): 	at com.android.internal.pm.pkg.parsing.ParsingPackageUtils.parseMonolithicPackage(ParsingPackageUtils.java:436)
07-23 14:40:36.279 E/AconfigFlags(  734): 	at com.android.internal.pm.pkg.parsing.ParsingPackageUtils.parsePackage(ParsingPackageUtils.java:334)
07-23 14:40:36.279 E/AconfigFlags(  734): 	at com.android.internal.pm.parsing.PackageParser2.parsePackage(PackageParser2.java:134)
07-23 14:40:36.279 E/AconfigFlags(  734): 	at com.android.server.pm.ParallelPackageParser.parsePackage(ParallelPackageParser.java:130)
07-23 14:40:36.279 E/AconfigFlags(  734): 	at com.android.server.pm.ParallelPackageParser.lambda$submit$0(ParallelPackageParser.java:108)
07-23 14:40:36.279 E/AconfigFlags(  734): 	at com.android.server.pm.ParallelPackageParser.$r8$lambda$uW6lAW1ixaCdJ_8ZINGbyQGIceg(ParallelPackageParser.java:0)
07-23 14:40:36.279 E/AconfigFlags(  734): 	at com.android.server.pm.ParallelPackageParser$$ExternalSyntheticLambda0.run(R8$$SyntheticClass:0)
07-23 14:40:36.279 E/AconfigFlags(  734): 	at java.util.concurrent.Executors$RunnableAdapter.call(Executors.java:524)
07-23 14:40:36.279 E/AconfigFlags(  734): 	at java.util.concurrent.FutureTask.run(FutureTask.java:317)
07-23 14:40:36.279 E/AconfigFlags(  734): 	at java.util.concurrent.ThreadPoolExecutor.runWorker(ThreadPoolExecutor.java:1156)
07-23 14:40:36.279 E/AconfigFlags(  734): 	at java.util.concurrent.ThreadPoolExecutor$Worker.run(ThreadPoolExecutor.java:651)
07-23 14:40:36.279 E/AconfigFlags(  734): 	at com.android.internal.util.ConcurrentUtils$1$1.run(ConcurrentUtils.java:65)
07-23 14:40:36.280 E/AconfigFlags(  734): Failed to load aconfig package android.xr
07-23 14:40:36.280 E/AconfigFlags(  734): android.os.flagging.AconfigStorageReadException: ERROR_PACKAGE_NOT_FOUND: package android.xr cannot be found on the device
07-23 14:40:36.280 E/AconfigFlags(  734): 	at android.os.flagging.AconfigPackage.load(AconfigPackage.java:132)
07-23 14:40:36.280 E/AconfigFlags(  734): 	at com.android.internal.pm.pkg.component.AconfigFlags.lambda$getFlagValueFromNewStorage$0(AconfigFlags.java:261)
07-23 14:40:36.280 E/AconfigFlags(  734): 	at com.android.internal.pm.pkg.component.AconfigFlags$$ExternalSyntheticLambda0.apply(D8$$SyntheticClass:0)
07-23 14:40:36.280 E/AconfigFlags(  734): 	at java.util.concurrent.ConcurrentHashMap.computeIfAbsent(ConcurrentHashMap.java:1713)
07-23 14:40:36.280 E/AconfigFlags(  734): 	at com.android.internal.pm.pkg.component.AconfigFlags.getFlagValueFromNewStorage(AconfigFlags.java:259)
07-23 14:40:36.280 E/AconfigFlags(  734): 	at com.android.internal.pm.pkg.component.AconfigFlags.getFlagValue(AconfigFlags.java:225)
07-23 14:40:36.280 E/AconfigFlags(  734): 	at com.android.internal.pm.pkg.component.AconfigFlags.skipCurrentElement(AconfigFlags.java:323)
07-23 14:40:36.280 E/AconfigFlags(  734): 	at com.android.internal.pm.pkg.component.AconfigFlags.skipCurrentElement(AconfigFlags.java:291)
07-23 14:40:36.280 E/AconfigFlags(  734): 	at com.android.internal.pm.pkg.parsing.ParsingPackageUtils.parseBaseApkTags(ParsingPackageUtils.java:1000)
07-23 14:40:36.280 E/AconfigFlags(  734): 	at com.android.internal.pm.pkg.parsing.ParsingPackageUtils.parseBaseApk(ParsingPackageUtils.java:735)
07-23 14:40:36.280 E/AconfigFlags(  734): 	at com.android.internal.pm.pkg.parsing.ParsingPackageUtils.parseBaseApk(ParsingPackageUtils.java:600)
07-23 14:40:36.280 E/AconfigFlags(  734): 	at com.android.internal.pm.pkg.parsing.ParsingPackageUtils.parseMonolithicPackage(ParsingPackageUtils.java:436)
07-23 14:40:36.280 E/AconfigFlags(  734): 	at com.android.internal.pm.pkg.parsing.ParsingPackageUtils.parsePackage(ParsingPackageUtils.java:334)
07-23 14:40:36.280 E/AconfigFlags(  734): 	at com.android.internal.pm.parsing.PackageParser2.parsePackage(PackageParser2.java:134)
07-23 14:40:36.280 E/AconfigFlags(  734): 	at com.android.server.pm.ParallelPackageParser.parsePackage(ParallelPackageParser.java:130)
07-23 14:40:36.280 E/AconfigFlags(  734): 	at com.android.server.pm.ParallelPackageParser.lambda$submit$0(ParallelPackageParser.java:108)
07-23 14:40:36.280 E/AconfigFlags(  734): 	at com.android.server.pm.ParallelPackageParser.$r8$lambda$uW6lAW1ixaCdJ_8ZINGbyQGIceg(ParallelPackageParser.java:0)
07-23 14:40:36.280 E/AconfigFlags(  734): 	at com.android.server.pm.ParallelPackageParser$$ExternalSyntheticLambda0.run(R8$$SyntheticClass:0)
07-23 14:40:36.280 E/AconfigFlags(  734): 	at java.util.concurrent.Executors$RunnableAdapter.call(Executors.java:524)
07-23 14:40:36.280 E/AconfigFlags(  734): 	at java.util.concurrent.FutureTask.run(FutureTask.java:317)
07-23 14:40:36.280 E/AconfigFlags(  734): 	at java.util.concurrent.ThreadPoolExecutor.runWorker(ThreadPoolExecutor.java:1156)
07-23 14:40:36.280 E/AconfigFlags(  734): 	at java.util.concurrent.ThreadPoolExecutor$Worker.run(ThreadPoolExecutor.java:651)
07-23 14:40:36.280 E/AconfigFlags(  734): 	at com.android.internal.util.ConcurrentUtils$1$1.run(ConcurrentUtils.java:65)
07-23 14:40:36.281 E/AconfigFlags(  734): Failed to load aconfig package android.xr
07-23 14:40:36.281 E/AconfigFlags(  734): android.os.flagging.AconfigStorageReadException: ERROR_PACKAGE_NOT_FOUND: package android.xr cannot be found on the device
07-23 14:40:36.281 E/AconfigFlags(  734): 	at android.os.flagging.AconfigPackage.load(AconfigPackage.java:132)
07-23 14:40:36.281 E/AconfigFlags(  734): 	at com.android.internal.pm.pkg.component.AconfigFlags.lambda$getFlagValueFromNewStorage$0(AconfigFlags.java:261)
07-23 14:40:36.281 E/AconfigFlags(  734): 	at com.android.internal.pm.pkg.component.AconfigFlags$$ExternalSyntheticLambda0.apply(D8$$SyntheticClass:0)
07-23 14:40:36.281 E/AconfigFlags(  734): 	at java.util.concurrent.ConcurrentHashMap.computeIfAbsent(ConcurrentHashMap.java:1713)
07-23 14:40:36.281 E/AconfigFlags(  734): 	at com.android.internal.pm.pkg.component.AconfigFlags.getFlagValueFromNewStorage(AconfigFlags.java:259)
07-23 14:40:36.281 E/AconfigFlags(  734): 	at com.android.internal.pm.pkg.component.AconfigFlags.getFlagValue(AconfigFlags.java:225)
07-23 14:40:36.281 E/AconfigFlags(  734): 	at com.android.internal.pm.pkg.component.AconfigFlags.skipCurrentElement(AconfigFlags.java:323)
07-23 14:40:36.281 E/AconfigFlags(  734): 	at com.android.internal.pm.pkg.component.AconfigFlags.skipCurrentElement(AconfigFlags.java:291)
07-23 14:40:36.281 E/AconfigFlags(  734): 	at com.android.internal.pm.pkg.parsing.ParsingPackageUtils.parseBaseApkTags(ParsingPackageUtils.java:1000)
07-23 14:40:36.281 E/AconfigFlags(  734): 	at com.android.internal.pm.pkg.parsing.ParsingPackageUtils.parseBaseApk(ParsingPackageUtils.java:735)
07-23 14:40:36.281 E/AconfigFlags(  734): 	at com.android.internal.pm.pkg.parsing.ParsingPackageUtils.parseBaseApk(ParsingPackageUtils.java:600)
07-23 14:40:36.281 E/AconfigFlags(  734): 	at com.android.internal.pm.pkg.parsing.ParsingPackageUtils.parseMonolithicPackage(ParsingPackageUtils.java:436)
07-23 14:40:36.281 E/AconfigFlags(  734): 	at com.android.internal.pm.pkg.parsing.ParsingPackageUtils.parsePackage(ParsingPackageUtils.java:334)
07-23 14:40:36.281 E/AconfigFlags(  734): 	at com.android.internal.pm.parsing.PackageParser2.parsePackage(PackageParser2.java:134)
07-23 14:40:36.281 E/AconfigFlags(  734): 	at com.android.server.pm.ParallelPackageParser.parsePackage(ParallelPackageParser.java:130)
07-23 14:40:36.281 E/AconfigFlags(  734): 	at com.android.server.pm.ParallelPackageParser.lambda$submit$0(ParallelPackageParser.java:108)
07-23 14:40:36.281 E/AconfigFlags(  734): 	at com.android.server.pm.ParallelPackageParser.$r8$lambda$uW6lAW1ixaCdJ_8ZINGbyQGIceg(ParallelPackageParser.java:0)
07-23 14:40:36.281 E/AconfigFlags(  734): 	at com.android.server.pm.ParallelPackageParser$$ExternalSyntheticLambda0.run(R8$$SyntheticClass:0)
07-23 14:40:36.281 E/AconfigFlags(  734): 	at java.util.concurrent.Executors$RunnableAdapter.call(Executors.java:524)
07-23 14:40:36.281 E/AconfigFlags(  734): 	at java.util.concurrent.FutureTask.run(FutureTask.java:317)
07-23 14:40:36.281 E/AconfigFlags(  734): 	at java.util.concurrent.ThreadPoolExecutor.runWorker(ThreadPoolExecutor.java:1156)
07-23 14:40:36.281 E/AconfigFlags(  734): 	at java.util.concurrent.ThreadPoolExecutor$Worker.run(ThreadPoolExecutor.java:651)
07-23 14:40:36.281 E/AconfigFlags(  734): 	at com.android.internal.util.ConcurrentUtils$1$1.run(ConcurrentUtils.java:65)
07-23 14:40:36.281 E/AconfigFlags(  734): Failed to load aconfig package android.xr
07-23 14:40:36.281 E/AconfigFlags(  734): android.os.flagging.AconfigStorageReadException: ERROR_PACKAGE_NOT_FOUND: package android.xr cannot be found on the device
07-23 14:40:36.281 E/AconfigFlags(  734): 	at android.os.flagging.AconfigPackage.load(AconfigPackage.java:132)
07-23 14:40:36.281 E/AconfigFlags(  734): 	at com.android.internal.pm.pkg.component.AconfigFlags.lambda$getFlagValueFromNewStorage$0(AconfigFlags.java:261)
07-23 14:40:36.281 E/AconfigFlags(  734): 	at com.android.internal.pm.pkg.component.AconfigFlags$$ExternalSyntheticLambda0.apply(D8$$SyntheticClass:0)
07-23 14:40:36.281 E/AconfigFlags(  734): 	at java.util.concurrent.ConcurrentHashMap.computeIfAbsent(ConcurrentHashMap.java:1713)
07-23 14:40:36.281 E/AconfigFlags(  734): 	at com.android.internal.pm.pkg.component.AconfigFlags.getFlagValueFromNewStorage(AconfigFlags.java:259)
07-23 14:40:36.281 E/AconfigFlags(  734): 	at com.android.internal.pm.pkg.component.AconfigFlags.getFlagValue(AconfigFlags.java:225)
07-23 14:40:36.281 E/AconfigFlags(  734): 	at com.android.internal.pm.pkg.component.AconfigFlags.skipCurrentElement(AconfigFlags.java:323)
07-23 14:40:36.281 E/AconfigFlags(  734): 	at com.android.internal.pm.pkg.component.AconfigFlags.skipCurrentElement(AconfigFlags.java:291)
07-23 14:40:36.281 E/AconfigFlags(  734): 	at com.android.internal.pm.pkg.parsing.ParsingPackageUtils.parseBaseApkTags(ParsingPackageUtils.java:1000)
07-23 14:40:36.281 E/AconfigFlags(  734): 	at com.android.internal.pm.pkg.parsing.ParsingPackageUtils.parseBaseApk(ParsingPackageUtils.java:735)
07-23 14:40:36.281 E/AconfigFlags(  734): 	at com.android.internal.pm.pkg.parsing.ParsingPackageUtils.parseBaseApk(ParsingPackageUtils.java:600)
07-23 14:40:36.281 E/AconfigFlags(  734): 	at com.android.internal.pm.pkg.parsing.ParsingPackageUtils.parseMonolithicPackage(ParsingPackageUtils.java:436)
07-23 14:40:36.281 E/AconfigFlags(  734): 	at com.android.internal.pm.pkg.parsing.ParsingPackageUtils.parsePackage(ParsingPackageUtils.java:334)
07-23 14:40:36.281 E/AconfigFlags(  734): 	at com.android.internal.pm.parsing.PackageParser2.parsePackage(PackageParser2.java:134)
07-23 14:40:36.281 E/AconfigFlags(  734): 	at com.android.server.pm.ParallelPackageParser.parsePackage(ParallelPackageParser.java:130)
07-23 14:40:36.281 E/AconfigFlags(  734): 	at com.android.server.pm.ParallelPackageParser.lambda$submit$0(ParallelPackageParser.java:108)
07-23 14:40:36.281 E/AconfigFlags(  734): 	at com.android.server.pm.ParallelPackageParser.$r8$lambda$uW6lAW1ixaCdJ_8ZINGbyQGIceg(ParallelPackageParser.java:0)
07-23 14:40:36.281 E/AconfigFlags(  734): 	at com.android.server.pm.ParallelPackageParser$$ExternalSyntheticLambda0.run(R8$$SyntheticClass:0)
07-23 14:40:36.281 E/AconfigFlags(  734): 	at java.util.concurrent.Executors$RunnableAdapter.call(Executors.java:524)
07-23 14:40:36.281 E/AconfigFlags(  734): 	at java.util.concurrent.FutureTask.run(FutureTask.java:317)
07-23 14:40:36.281 E/AconfigFlags(  734): 	at java.util.concurrent.ThreadPoolExecutor.runWorker(ThreadPoolExecutor.java:1156)
07-23 14:40:36.281 E/AconfigFlags(  734): 	at java.util.concurrent.ThreadPoolExecutor$Worker.run(ThreadPoolExecutor.java:651)
07-23 14:40:36.281 E/AconfigFlags(  734): 	at com.android.internal.util.ConcurrentUtils$1$1.run(ConcurrentUtils.java:65)
07-23 14:40:36.282 E/AconfigFlags(  734): Failed to load aconfig package android.xr
07-23 14:40:36.282 E/AconfigFlags(  734): android.os.flagging.AconfigStorageReadException: ERROR_PACKAGE_NOT_FOUND: package android.xr cannot be found on the device
07-23 14:40:36.282 E/AconfigFlags(  734): 	at android.os.flagging.AconfigPackage.load(AconfigPackage.java:132)
07-23 14:40:36.282 E/AconfigFlags(  734): 	at com.android.internal.pm.pkg.component.AconfigFlags.lambda$getFlagValueFromNewStorage$0(AconfigFlags.java:261)
07-23 14:40:36.282 E/AconfigFlags(  734): 	at com.android.internal.pm.pkg.component.AconfigFlags$$ExternalSyntheticLambda0.apply(D8$$SyntheticClass:0)
07-23 14:40:36.282 E/AconfigFlags(  734): 	at java.util.concurrent.ConcurrentHashMap.computeIfAbsent(ConcurrentHashMap.java:1713)
07-23 14:40:36.282 E/AconfigFlags(  734): 	at com.android.internal.pm.pkg.component.AconfigFlags.getFlagValueFromNewStorage(AconfigFlags.java:259)
07-23 14:40:36.282 E/AconfigFlags(  734): 	at com.android.internal.pm.pkg.component.AconfigFlags.getFlagValue(AconfigFlags.java:225)
07-23 14:40:36.282 E/AconfigFlags(  734): 	at com.android.internal.pm.pkg.component.AconfigFlags.skipCurrentElement(AconfigFlags.java:323)
07-23 14:40:36.282 E/AconfigFlags(  734): 	at com.android.internal.pm.pkg.component.AconfigFlags.skipCurrentElement(AconfigFlags.java:291)
07-23 14:40:36.282 E/AconfigFlags(  734): 	at com.android.internal.pm.pkg.parsing.ParsingPackageUtils.parseBaseApkTags(ParsingPackageUtils.java:1000)
07-23 14:40:36.282 E/AconfigFlags(  734): 	at com.android.internal.pm.pkg.parsing.ParsingPackageUtils.parseBaseApk(ParsingPackageUtils.java:735)
07-23 14:40:36.282 E/AconfigFlags(  734): 	at com.android.internal.pm.pkg.parsing.ParsingPackageUtils.parseBaseApk(ParsingPackageUtils.java:600)
07-23 14:40:36.282 E/AconfigFlags(  734): 	at com.android.internal.pm.pkg.parsing.ParsingPackageUtils.parseMonolithicPackage(ParsingPackageUtils.java:436)
07-23 14:40:36.282 E/AconfigFlags(  734): 	at com.android.internal.pm.pkg.parsing.ParsingPackageUtils.parsePackage(ParsingPackageUtils.java:334)
07-23 14:40:36.282 E/AconfigFlags(  734): 	at com.android.internal.pm.parsing.PackageParser2.parsePackage(PackageParser2.java:134)
07-23 14:40:36.282 E/AconfigFlags(  734): 	at com.android.server.pm.ParallelPackageParser.parsePackage(ParallelPackageParser.java:130)
07-23 14:40:36.282 E/AconfigFlags(  734): 	at com.android.server.pm.ParallelPackageParser.lambda$submit$0(ParallelPackageParser.java:108)
07-23 14:40:36.282 E/AconfigFlags(  734): 	at com.android.server.pm.ParallelPackageParser.$r8$lambda$uW6lAW1ixaCdJ_8ZINGbyQGIceg(ParallelPackageParser.java:0)
07-23 14:40:36.282 E/AconfigFlags(  734): 	at com.android.server.pm.ParallelPackageParser$$ExternalSyntheticLambda0.run(R8$$SyntheticClass:0)
07-23 14:40:36.282 E/AconfigFlags(  734): 	at java.util.concurrent.Executors$RunnableAdapter.call(Executors.java:524)
07-23 14:40:36.282 E/AconfigFlags(  734): 	at java.util.concurrent.FutureTask.run(FutureTask.java:317)
07-23 14:40:36.282 E/AconfigFlags(  734): 	at java.util.concurrent.ThreadPoolExecutor.runWorker(ThreadPoolExecutor.java:1156)
07-23 14:40:36.282 E/AconfigFlags(  734): 	at java.util.concurrent.ThreadPoolExecutor$Worker.run(ThreadPoolExecutor.java:651)
07-23 14:40:36.282 E/AconfigFlags(  734): 	at com.android.internal.util.ConcurrentUtils$1$1.run(ConcurrentUtils.java:65)
07-23 14:40:36.282 E/AconfigFlags(  734): Failed to load aconfig package android.xr
07-23 14:40:36.282 E/AconfigFlags(  734): android.os.flagging.AconfigStorageReadException: ERROR_PACKAGE_NOT_FOUND: package android.xr cannot be found on the device
07-23 14:40:36.282 E/AconfigFlags(  734): 	at android.os.flagging.AconfigPackage.load(AconfigPackage.java:132)
07-23 14:40:36.282 E/AconfigFlags(  734): 	at com.android.internal.pm.pkg.component.AconfigFlags.lambda$getFlagValueFromNewStorage$0(AconfigFlags.java:261)
07-23 14:40:36.282 E/AconfigFlags(  734): 	at com.android.internal.pm.pkg.component.AconfigFlags$$ExternalSyntheticLambda0.apply(D8$$SyntheticClass:0)
07-23 14:40:36.282 E/AconfigFlags(  734): 	at java.util.concurrent.ConcurrentHashMap.computeIfAbsent(ConcurrentHashMap.java:1713)
07-23 14:40:36.282 E/AconfigFlags(  734): 	at com.android.internal.pm.pkg.component.AconfigFlags.getFlagValueFromNewStorage(AconfigFlags.java:259)
07-23 14:40:36.282 E/AconfigFlags(  734): 	at com.android.internal.pm.pkg.component.AconfigFlags.getFlagValue(AconfigFlags.java:225)
07-23 14:40:36.282 E/AconfigFlags(  734): 	at com.android.internal.pm.pkg.component.AconfigFlags.skipCurrentElement(AconfigFlags.java:323)
07-23 14:40:36.282 E/AconfigFlags(  734): 	at com.android.internal.pm.pkg.component.AconfigFlags.skipCurrentElement(AconfigFlags.java:291)
07-23 14:40:36.282 E/AconfigFlags(  734): 	at com.android.internal.pm.pkg.parsing.ParsingPackageUtils.parseBaseApkTags(ParsingPackageUtils.java:1000)
07-23 14:40:36.282 E/AconfigFlags(  734): 	at com.android.internal.pm.pkg.parsing.ParsingPackageUtils.parseBaseApk(ParsingPackageUtils.java:735)
07-23 14:40:36.282 E/AconfigFlags(  734): 	at com.android.internal.pm.pkg.parsing.ParsingPackageUtils.parseBaseApk(ParsingPackageUtils.java:600)
07-23 14:40:36.282 E/AconfigFlags(  734): 	at com.android.internal.pm.pkg.parsing.ParsingPackageUtils.parseMonolithicPackage(ParsingPackageUtils.java:436)
07-23 14:40:36.282 E/AconfigFlags(  734): 	at com.android.internal.pm.pkg.parsing.ParsingPackageUtils.parsePackage(ParsingPackageUtils.java:334)
07-23 14:40:36.282 E/AconfigFlags(  734): 	at com.android.internal.pm.parsing.PackageParser2.parsePackage(PackageParser2.java:134)
07-23 14:40:36.282 E/AconfigFlags(  734): 	at com.android.server.pm.ParallelPackageParser.parsePackage(ParallelPackageParser.java:130)
07-23 14:40:36.282 E/AconfigFlags(  734): 	at com.android.server.pm.ParallelPackageParser.lambda$submit$0(ParallelPackageParser.java:108)
07-23 14:40:36.282 E/AconfigFlags(  734): 	at com.android.server.pm.ParallelPackageParser.$r8$lambda$uW6lAW1ixaCdJ_8ZINGbyQGIceg(ParallelPackageParser.java:0)
07-23 14:40:36.282 E/AconfigFlags(  734): 	at com.android.server.pm.ParallelPackageParser$$ExternalSyntheticLambda0.run(R8$$SyntheticClass:0)
07-23 14:40:36.282 E/AconfigFlags(  734): 	at java.util.concurrent.Executors$RunnableAdapter.call(Executors.java:524)
07-23 14:40:36.282 E/AconfigFlags(  734): 	at java.util.concurrent.FutureTask.run(FutureTask.java:317)
07-23 14:40:36.282 E/AconfigFlags(  734): 	at java.util.concurrent.ThreadPoolExecutor.runWorker(ThreadPoolExecutor.java:1156)
07-23 14:40:36.282 E/AconfigFlags(  734): 	at java.util.concurrent.ThreadPoolExecutor$Worker.run(ThreadPoolExecutor.java:651)
07-23 14:40:36.282 E/AconfigFlags(  734): 	at com.android.internal.util.ConcurrentUtils$1$1.run(ConcurrentUtils.java:65)
07-23 14:40:36.283 E/AconfigFlags(  734): Failed to load aconfig package android.xr
07-23 14:40:36.283 E/AconfigFlags(  734): android.os.flagging.AconfigStorageReadException: ERROR_PACKAGE_NOT_FOUND: package android.xr cannot be found on the device
07-23 14:40:36.283 E/AconfigFlags(  734): 	at android.os.flagging.AconfigPackage.load(AconfigPackage.java:132)
07-23 14:40:36.283 E/AconfigFlags(  734): 	at com.android.internal.pm.pkg.component.AconfigFlags.lambda$getFlagValueFromNewStorage$0(AconfigFlags.java:261)
07-23 14:40:36.283 E/AconfigFlags(  734): 	at com.android.internal.pm.pkg.component.AconfigFlags$$ExternalSyntheticLambda0.apply(D8$$SyntheticClass:0)
07-23 14:40:36.283 E/AconfigFlags(  734): 	at java.util.concurrent.ConcurrentHashMap.computeIfAbsent(ConcurrentHashMap.java:1713)
07-23 14:40:36.283 E/AconfigFlags(  734): 	at com.android.internal.pm.pkg.component.AconfigFlags.getFlagValueFromNewStorage(AconfigFlags.java:259)
07-23 14:40:36.283 E/AconfigFlags(  734): 	at com.android.internal.pm.pkg.component.AconfigFlags.getFlagValue(AconfigFlags.java:225)
07-23 14:40:36.283 E/AconfigFlags(  734): 	at com.android.internal.pm.pkg.component.AconfigFlags.skipCurrentElement(AconfigFlags.java:323)
07-23 14:40:36.283 E/AconfigFlags(  734): 	at com.android.internal.pm.pkg.component.AconfigFlags.skipCurrentElement(AconfigFlags.java:291)
07-23 14:40:36.283 E/AconfigFlags(  734): 	at com.android.internal.pm.pkg.parsing.ParsingPackageUtils.parseBaseApkTags(ParsingPackageUtils.java:1000)
07-23 14:40:36.283 E/AconfigFlags(  734): 	at com.android.internal.pm.pkg.parsing.ParsingPackageUtils.parseBaseApk(ParsingPackageUtils.java:735)
07-23 14:40:36.283 E/AconfigFlags(  734): 	at com.android.internal.pm.pkg.parsing.ParsingPackageUtils.parseBaseApk(ParsingPackageUtils.java:600)
07-23 14:40:36.283 E/AconfigFlags(  734): 	at com.android.internal.pm.pkg.parsing.ParsingPackageUtils.parseMonolithicPackage(ParsingPackageUtils.java:436)
07-23 14:40:36.283 E/AconfigFlags(  734): 	at com.android.internal.pm.pkg.parsing.ParsingPackageUtils.parsePackage(ParsingPackageUtils.java:334)
07-23 14:40:36.283 E/AconfigFlags(  734): 	at com.android.internal.pm.parsing.PackageParser2.parsePackage(PackageParser2.java:134)
07-23 14:40:36.283 E/AconfigFlags(  734): 	at com.android.server.pm.ParallelPackageParser.parsePackage(ParallelPackageParser.java:130)
07-23 14:40:36.283 E/AconfigFlags(  734): 	at com.android.server.pm.ParallelPackageParser.lambda$submit$0(ParallelPackageParser.java:108)
07-23 14:40:36.283 E/AconfigFlags(  734): 	at com.android.server.pm.ParallelPackageParser.$r8$lambda$uW6lAW1ixaCdJ_8ZINGbyQGIceg(ParallelPackageParser.java:0)
07-23 14:40:36.283 E/AconfigFlags(  734): 	at com.android.server.pm.ParallelPackageParser$$ExternalSyntheticLambda0.run(R8$$SyntheticClass:0)
07-23 14:40:36.283 E/AconfigFlags(  734): 	at java.util.concurrent.Executors$RunnableAdapter.call(Executors.java:524)
07-23 14:40:36.283 E/AconfigFlags(  734): 	at java.util.concurrent.FutureTask.run(FutureTask.java:317)
07-23 14:40:36.283 E/AconfigFlags(  734): 	at java.util.concurrent.ThreadPoolExecutor.runWorker(ThreadPoolExecutor.java:1156)
07-23 14:40:36.283 E/AconfigFlags(  734): 	at java.util.concurrent.ThreadPoolExecutor$Worker.run(ThreadPoolExecutor.java:651)
07-23 14:40:36.283 E/AconfigFlags(  734): 	at com.android.internal.util.ConcurrentUtils$1$1.run(ConcurrentUtils.java:65)
07-23 14:40:36.283 E/AconfigFlags(  734): Failed to load aconfig package android.xr
07-23 14:40:36.283 E/AconfigFlags(  734): android.os.flagging.AconfigStorageReadException: ERROR_PACKAGE_NOT_FOUND: package android.xr cannot be found on the device
07-23 14:40:36.283 E/AconfigFlags(  734): 	at android.os.flagging.AconfigPackage.load(AconfigPackage.java:132)
07-23 14:40:36.283 E/AconfigFlags(  734): 	at com.android.internal.pm.pkg.component.AconfigFlags.lambda$getFlagValueFromNewStorage$0(AconfigFlags.java:261)
07-23 14:40:36.283 E/AconfigFlags(  734): 	at com.android.internal.pm.pkg.component.AconfigFlags$$ExternalSyntheticLambda0.apply(D8$$SyntheticClass:0)
07-23 14:40:36.283 E/AconfigFlags(  734): 	at java.util.concurrent.ConcurrentHashMap.computeIfAbsent(ConcurrentHashMap.java:1713)
07-23 14:40:36.283 E/AconfigFlags(  734): 	at com.android.internal.pm.pkg.component.AconfigFlags.getFlagValueFromNewStorage(AconfigFlags.java:259)
07-23 14:40:36.283 E/AconfigFlags(  734): 	at com.android.internal.pm.pkg.component.AconfigFlags.getFlagValue(AconfigFlags.java:225)
07-23 14:40:36.283 E/AconfigFlags(  734): 	at com.android.internal.pm.pkg.component.AconfigFlags.skipCurrentElement(AconfigFlags.java:323)
07-23 14:40:36.283 E/AconfigFlags(  734): 	at com.android.internal.pm.pkg.component.AconfigFlags.skipCurrentElement(AconfigFlags.java:291)
07-23 14:40:36.283 E/AconfigFlags(  734): 	at com.android.internal.pm.pkg.parsing.ParsingPackageUtils.parseBaseApkTags(ParsingPackageUtils.java:1000)
07-23 14:40:36.283 E/AconfigFlags(  734): 	at com.android.internal.pm.pkg.parsing.ParsingPackageUtils.parseBaseApk(ParsingPackageUtils.java:735)
07-23 14:40:36.283 E/AconfigFlags(  734): 	at com.android.internal.pm.pkg.parsing.ParsingPackageUtils.parseBaseApk(ParsingPackageUtils.java:600)
07-23 14:40:36.283 E/AconfigFlags(  734): 	at com.android.internal.pm.pkg.parsing.ParsingPackageUtils.parseMonolithicPackage(ParsingPackageUtils.java:436)
07-23 14:40:36.283 E/AconfigFlags(  734): 	at com.android.internal.pm.pkg.parsing.ParsingPackageUtils.parsePackage(ParsingPackageUtils.java:334)
07-23 14:40:36.283 E/AconfigFlags(  734): 	at com.android.internal.pm.parsing.PackageParser2.parsePackage(PackageParser2.java:134)
07-23 14:40:36.283 E/AconfigFlags(  734): 	at com.android.server.pm.ParallelPackageParser.parsePackage(ParallelPackageParser.java:130)
07-23 14:40:36.283 E/AconfigFlags(  734): 	at com.android.server.pm.ParallelPackageParser.lambda$submit$0(ParallelPackageParser.java:108)
07-23 14:40:36.283 E/AconfigFlags(  734): 	at com.android.server.pm.ParallelPackageParser.$r8$lambda$uW6lAW1ixaCdJ_8ZINGbyQGIceg(ParallelPackageParser.java:0)
07-23 14:40:36.283 E/AconfigFlags(  734): 	at com.android.server.pm.ParallelPackageParser$$ExternalSyntheticLambda0.run(R8$$SyntheticClass:0)
07-23 14:40:36.283 E/AconfigFlags(  734): 	at java.util.concurrent.Executors$RunnableAdapter.call(Executors.java:524)
07-23 14:40:36.283 E/AconfigFlags(  734): 	at java.util.concurrent.FutureTask.run(FutureTask.java:317)
07-23 14:40:36.283 E/AconfigFlags(  734): 	at java.util.concurrent.ThreadPoolExecutor.runWorker(ThreadPoolExecutor.java:1156)
07-23 14:40:36.283 E/AconfigFlags(  734): 	at java.util.concurrent.ThreadPoolExecutor$Worker.run(ThreadPoolExecutor.java:651)
07-23 14:40:36.283 E/AconfigFlags(  734): 	at com.android.internal.util.ConcurrentUtils$1$1.run(ConcurrentUtils.java:65)
07-23 14:40:36.284 E/AconfigFlags(  734): Failed to load aconfig package android.xr
07-23 14:40:36.284 E/AconfigFlags(  734): android.os.flagging.AconfigStorageReadException: ERROR_PACKAGE_NOT_FOUND: package android.xr cannot be found on the device
07-23 14:40:36.284 E/AconfigFlags(  734): 	at android.os.flagging.AconfigPackage.load(AconfigPackage.java:132)
07-23 14:40:36.284 E/AconfigFlags(  734): 	at com.android.internal.pm.pkg.component.AconfigFlags.lambda$getFlagValueFromNewStorage$0(AconfigFlags.java:261)
07-23 14:40:36.284 E/AconfigFlags(  734): 	at com.android.internal.pm.pkg.component.AconfigFlags$$ExternalSyntheticLambda0.apply(D8$$SyntheticClass:0)
07-23 14:40:36.284 E/AconfigFlags(  734): 	at java.util.concurrent.ConcurrentHashMap.computeIfAbsent(ConcurrentHashMap.java:1713)
07-23 14:40:36.284 E/AconfigFlags(  734): 	at com.android.internal.pm.pkg.component.AconfigFlags.getFlagValueFromNewStorage(AconfigFlags.java:259)
07-23 14:40:36.284 E/AconfigFlags(  734): 	at com.android.internal.pm.pkg.component.AconfigFlags.getFlagValue(AconfigFlags.java:225)
07-23 14:40:36.284 E/AconfigFlags(  734): 	at com.android.internal.pm.pkg.component.AconfigFlags.skipCurrentElement(AconfigFlags.java:323)
07-23 14:40:36.284 E/AconfigFlags(  734): 	at com.android.internal.pm.pkg.component.AconfigFlags.skipCurrentElement(AconfigFlags.java:291)
07-23 14:40:36.284 E/AconfigFlags(  734): 	at com.android.internal.pm.pkg.parsing.ParsingPackageUtils.parseBaseApkTags(ParsingPackageUtils.java:1000)
07-23 14:40:36.284 E/AconfigFlags(  734): 	at com.android.internal.pm.pkg.parsing.ParsingPackageUtils.parseBaseApk(ParsingPackageUtils.java:735)
07-23 14:40:36.284 E/AconfigFlags(  734): 	at com.android.internal.pm.pkg.parsing.ParsingPackageUtils.parseBaseApk(ParsingPackageUtils.java:600)
07-23 14:40:36.284 E/AconfigFlags(  734): 	at com.android.internal.pm.pkg.parsing.ParsingPackageUtils.parseMonolithicPackage(ParsingPackageUtils.java:436)
07-23 14:40:36.284 E/AconfigFlags(  734): 	at com.android.internal.pm.pkg.parsing.ParsingPackageUtils.parsePackage(ParsingPackageUtils.java:334)
07-23 14:40:36.284 E/AconfigFlags(  734): 	at com.android.internal.pm.parsing.PackageParser2.parsePackage(PackageParser2.java:134)
07-23 14:40:36.284 E/AconfigFlags(  734): 	at com.android.server.pm.ParallelPackageParser.parsePackage(ParallelPackageParser.java:130)
07-23 14:40:36.284 E/AconfigFlags(  734): 	at com.android.server.pm.ParallelPackageParser.lambda$submit$0(ParallelPackageParser.java:108)
07-23 14:40:36.284 E/AconfigFlags(  734): 	at com.android.server.pm.ParallelPackageParser.$r8$lambda$uW6lAW1ixaCdJ_8ZINGbyQGIceg(ParallelPackageParser.java:0)
07-23 14:40:36.284 E/AconfigFlags(  734): 	at com.android.server.pm.ParallelPackageParser$$ExternalSyntheticLambda0.run(R8$$SyntheticClass:0)
07-23 14:40:36.284 E/AconfigFlags(  734): 	at java.util.concurrent.Executors$RunnableAdapter.call(Executors.java:524)
07-23 14:40:36.284 E/AconfigFlags(  734): 	at java.util.concurrent.FutureTask.run(FutureTask.java:317)
07-23 14:40:36.284 E/AconfigFlags(  734): 	at java.util.concurrent.ThreadPoolExecutor.runWorker(ThreadPoolExecutor.java:1156)
07-23 14:40:36.284 E/AconfigFlags(  734): 	at java.util.concurrent.ThreadPoolExecutor$Worker.run(ThreadPoolExecutor.java:651)
07-23 14:40:36.284 E/AconfigFlags(  734): 	at com.android.internal.util.ConcurrentUtils$1$1.run(ConcurrentUtils.java:65)
07-23 14:40:36.285 E/AconfigFlags(  734): Failed to load aconfig package android.xr
07-23 14:40:36.285 E/AconfigFlags(  734): android.os.flagging.AconfigStorageReadException: ERROR_PACKAGE_NOT_FOUND: package android.xr cannot be found on the device
07-23 14:40:36.285 E/AconfigFlags(  734): 	at android.os.flagging.AconfigPackage.load(AconfigPackage.java:132)
07-23 14:40:36.285 E/AconfigFlags(  734): 	at com.android.internal.pm.pkg.component.AconfigFlags.lambda$getFlagValueFromNewStorage$0(AconfigFlags.java:261)
07-23 14:40:36.285 E/AconfigFlags(  734): 	at com.android.internal.pm.pkg.component.AconfigFlags$$ExternalSyntheticLambda0.apply(D8$$SyntheticClass:0)
07-23 14:40:36.285 E/AconfigFlags(  734): 	at java.util.concurrent.ConcurrentHashMap.computeIfAbsent(ConcurrentHashMap.java:1713)
07-23 14:40:36.285 E/AconfigFlags(  734): 	at com.android.internal.pm.pkg.component.AconfigFlags.getFlagValueFromNewStorage(AconfigFlags.java:259)
07-23 14:40:36.285 E/AconfigFlags(  734): 	at com.android.internal.pm.pkg.component.AconfigFlags.getFlagValue(AconfigFlags.java:225)
07-23 14:40:36.285 E/AconfigFlags(  734): 	at com.android.internal.pm.pkg.component.AconfigFlags.skipCurrentElement(AconfigFlags.java:323)
07-23 14:40:36.285 E/AconfigFlags(  734): 	at com.android.internal.pm.pkg.component.AconfigFlags.skipCurrentElement(AconfigFlags.java:291)
07-23 14:40:36.285 E/AconfigFlags(  734): 	at com.android.internal.pm.pkg.parsing.ParsingPackageUtils.parseBaseApkTags(ParsingPackageUtils.java:1000)
07-23 14:40:36.285 E/AconfigFlags(  734): 	at com.android.internal.pm.pkg.parsing.ParsingPackageUtils.parseBaseApk(ParsingPackageUtils.java:735)
07-23 14:40:36.285 E/AconfigFlags(  734): 	at com.android.internal.pm.pkg.parsing.ParsingPackageUtils.parseBaseApk(ParsingPackageUtils.java:600)
07-23 14:40:36.285 E/AconfigFlags(  734): 	at com.android.internal.pm.pkg.parsing.ParsingPackageUtils.parseMonolithicPackage(ParsingPackageUtils.java:436)
07-23 14:40:36.285 E/AconfigFlags(  734): 	at com.android.internal.pm.pkg.parsing.ParsingPackageUtils.parsePackage(ParsingPackageUtils.java:334)
07-23 14:40:36.285 E/AconfigFlags(  734): 	at com.android.internal.pm.parsing.PackageParser2.parsePackage(PackageParser2.java:134)
07-23 14:40:36.285 E/AconfigFlags(  734): 	at com.android.server.pm.ParallelPackageParser.parsePackage(ParallelPackageParser.java:130)
