07-23 14:25:57.632   680   680 D CompatConfig: Adding: com.android.server.compat.config.Change@8d9f8b3
07-23 14:25:57.632   680   680 D CompatConfig: Found a config file: /system/system_ext/etc/compatconfig/settings-platform-compat-config.xml
07-23 14:25:57.633   680   680 D CompatConfig: Adding: com.android.server.compat.config.Change@c24c5e9
07-23 14:25:57.633   680   680 D ApexManagerTiming: getActiveApexInfos_noCache
07-23 14:25:57.641   580   592 W HWUI    : Image decoding logging dropped!
07-23 14:25:57.650   680   680 D CompatConfig: Found a config file: /apex/com.android.tethering/etc/compatconfig/connectivity-platform-compat-config.xml
07-23 14:25:57.650   680   680 D CompatConfig: Adding: com.android.server.compat.config.Change@a158e2c
07-23 14:25:57.650   680   680 D CompatConfig: Adding: com.android.server.compat.config.Change@e8720f5
07-23 14:25:57.650   680   680 D CompatConfig: Adding: com.android.server.compat.config.Change@e11de8a
07-23 14:25:57.650   680   680 D CompatConfig: Adding: com.android.server.compat.config.Change@825fcfb
07-23 14:25:57.650   680   680 D CompatConfig: Adding: com.android.server.compat.config.Change@636118
07-23 14:25:57.650   680   680 D CompatConfig: Adding: com.android.server.compat.config.Change@275d771
07-23 14:25:57.650   680   680 D CompatConfig: Adding: com.android.server.compat.config.Change@6375956
07-23 14:25:57.650   680   680 D CompatConfig: Adding: com.android.server.compat.config.Change@14d6dd7
07-23 14:25:57.650   680   680 D CompatConfig: Adding: com.android.server.compat.config.Change@b976c4
07-23 14:25:57.651   680   680 D CompatConfig: Found a config file: /apex/com.android.bt/etc/compatconfig/bluetoothapk-platform-compat-config.xml
07-23 14:25:57.651   680   680 D CompatConfig: Adding: com.android.server.compat.config.Change@167b4e2
07-23 14:25:57.651   680   680 D CompatConfig: Found a config file: /apex/com.android.bt/etc/compatconfig/bluetooth-compat-config.xml
07-23 14:25:57.652   680   680 D CompatConfig: Adding: com.android.server.compat.config.Change@5393b30
07-23 14:25:57.652   680   680 D CompatConfig: Found a config file: /apex/com.android.bt/etc/compatconfig/framework-bluetooth-compat-config.xml
07-23 14:25:57.652   680   680 D CompatConfig: Adding: com.android.server.compat.config.Change@a503d2e
07-23 14:25:57.652   680   680 D CompatConfig: Adding: com.android.server.compat.config.Change@66240cf
07-23 14:25:57.652   680   680 D CompatConfig: Adding: com.android.server.compat.config.Change@6aeda5c
07-23 14:25:57.652   680   680 D CompatConfig: No directory /apex/com.android.apex.cts.shim/etc/compatconfig, skipping
07-23 14:25:57.652   680   680 D CompatConfig: No directory /apex/com.android.configinfrastructure/etc/compatconfig, skipping
07-23 14:25:57.652   680   680 D CompatConfig: No directory /apex/com.android.i18n/etc/compatconfig, skipping
07-23 14:25:57.652   680   680 D CompatConfig: No directory /apex/com.android.media/etc/compatconfig, skipping
07-23 14:25:57.652   680   680 D CompatConfig: No directory /apex/com.android.hardware.vibrator/etc/compatconfig, skipping
07-23 14:25:57.652   680   680 D CompatConfig: No directory /apex/com.android.media.swcodec/etc/compatconfig, skipping
07-23 14:25:57.653   680   680 D CompatConfig: No directory /apex/com.android.hardware.authsecret/etc/compatconfig, skipping
07-23 14:25:57.653   680   680 D CompatConfig: Found a config file: /apex/com.android.wifi/etc/compatconfig/wifi-compat-config.xml
07-23 14:25:57.653   680   680 D CompatConfig: Adding: com.android.server.compat.config.Change@726fe3a
07-23 14:25:57.653   680   680 D CompatConfig: Adding: com.android.server.compat.config.Change@7ec1aeb
07-23 14:25:57.653   680   680 D CompatConfig: Adding: com.android.server.compat.config.Change@c7d4048
07-23 14:25:57.653   680   680 D CompatConfig: No directory /apex/com.android.scheduling/etc/compatconfig, skipping
07-23 14:25:57.653   680   680 D CompatConfig: No directory /apex/com.android.nfcservices/etc/compatconfig, skipping
07-23 14:25:57.653   680   680 D CompatConfig: No directory /apex/com.android.cellbroadcast/etc/compatconfig, skipping
07-23 14:25:57.654   680   680 D CompatConfig: No directory /apex/com.android.resolv/etc/compatconfig, skipping
07-23 14:25:57.654   680   680 D CompatConfig: No directory /apex/com.android.hardware.gatekeeper/etc/compatconfig, skipping
07-23 14:25:57.654   680   680 D CompatConfig: No directory /apex/com.android.profiling/etc/compatconfig, skipping
07-23 14:25:57.654   680   680 D CompatConfig: No directory /apex/com.android.appsearch/etc/compatconfig, skipping
07-23 14:25:57.654   680   680 D CompatConfig: Found a config file: /apex/com.android.mediaprovider/etc/compatconfig/framework-pdf-v-platform-compat-config.xml
07-23 14:25:57.655   680   680 D CompatConfig: Adding: com.android.server.compat.config.Change@976c406
07-23 14:25:57.655   680   680 D CompatConfig: Found a config file: /apex/com.android.mediaprovider/etc/compatconfig/media-provider-platform-compat-config.xml
07-23 14:25:57.655   680   680 D CompatConfig: Adding: com.android.server.compat.config.Change@f4a18f4
07-23 14:25:57.655   680   680 D CompatConfig: Adding: com.android.server.compat.config.Change@6df281d
07-23 14:25:57.655   680   680 D CompatConfig: Adding: com.android.server.compat.config.Change@eab1a92
07-23 14:25:57.655   680   680 D CompatConfig: Adding: com.android.server.compat.config.Change@fdefc63
07-23 14:25:57.655   680   680 D CompatConfig: Adding: com.android.server.compat.config.Change@a69d060
07-23 14:25:57.655   680   680 D CompatConfig: Adding: com.android.server.compat.config.Change@6cb2919
07-23 14:25:57.655   680   680 D CompatConfig: Adding: com.android.server.compat.config.Change@d5c4dde
07-23 14:25:57.655   680   680 D CompatConfig: Adding: com.android.server.compat.config.Change@7bafbbf
07-23 14:25:57.655   680   680 D CompatConfig: Adding: com.android.server.compat.config.Change@80b928c
07-23 14:25:57.655   680   680 D CompatConfig: Adding: com.android.server.compat.config.Change@7dc3dd5
07-23 14:25:57.655   680   680 D CompatConfig: Adding: com.android.server.compat.config.Change@b5b69ea
07-23 14:25:57.655   680   680 D CompatConfig: No directory /apex/com.android.ondevicepersonalization/etc/compatconfig, skipping
07-23 14:25:57.656   680   680 D CompatConfig: Found a config file: /apex/com.android.art/etc/compatconfig/libcore-platform-compat-config.xml
07-23 14:25:57.656   680   680 D CompatConfig: Adding: com.android.server.compat.config.Change@4254b78
07-23 14:25:57.656   680   680 D CompatConfig: Adding: com.android.server.compat.config.Change@7afe251
07-23 14:25:57.656   680   680 D CompatConfig: Adding: com.android.server.compat.config.Change@87e3ab6
07-23 14:25:57.656   680   680 D CompatConfig: Adding: com.android.server.compat.config.Change@266a3b7
07-23 14:25:57.656   680   680 D CompatConfig: Adding: com.android.server.compat.config.Change@21fa724
07-23 14:25:57.656   680   680 D CompatConfig: Adding: com.android.server.compat.config.Change@63f528d
07-23 14:25:57.656   680   680 D CompatConfig: Adding: com.android.server.compat.config.Change@a2b4c42
07-23 14:25:57.656   680   680 D CompatConfig: Adding: com.android.server.compat.config.Change@2b7c453
07-23 14:25:57.656   680   680 D CompatConfig: Adding: com.android.server.compat.config.Change@1421190
07-23 14:25:57.656   680   680 D CompatConfig: Adding: com.android.server.compat.config.Change@fdb8a89
07-23 14:25:57.656   680   680 D CompatConfig: Adding: com.android.server.compat.config.Change@3a5ea8e
07-23 14:25:57.656   680   680 D CompatConfig: Adding: com.android.server.compat.config.Change@2f052af
07-23 14:25:57.656   680   680 D CompatConfig: Adding: com.android.server.compat.config.Change@bdeb6bc
07-23 14:25:57.656   680   680 D CompatConfig: Adding: com.android.server.compat.config.Change@ae94645
07-23 14:25:57.656   680   680 D CompatConfig: Adding: com.android.server.compat.config.Change@71a219a
07-23 14:25:57.657   680   680 D CompatConfig: Adding: com.android.server.compat.config.Change@3796acb
07-23 14:25:57.657   680   680 D CompatConfig: Adding: com.android.server.compat.config.Change@d3e82a8
07-23 14:25:57.657   680   680 D CompatConfig: Adding: com.android.server.compat.config.Change@55d01c1
07-23 14:25:57.657   680   680 D CompatConfig: No directory /apex/com.android.neuralnetworks/etc/compatconfig, skipping
07-23 14:25:57.657   680   680 D CompatConfig: No directory /apex/com.android.crashrecovery/etc/compatconfig, skipping
07-23 14:25:57.658   680   680 D CompatConfig: Found a config file: /apex/com.android.permission/etc/compatconfig/framework-permission-s-compat-config.xml
07-23 14:25:57.658   680   680 D CompatConfig: Adding: com.android.server.compat.config.Change@831e8a7
07-23 14:25:57.658   680   680 D CompatConfig: No directory /apex/com.android.hardware.neuralnetworks/etc/compatconfig, skipping
07-23 14:25:57.659   680   680 D CompatConfig: No directory /apex/com.android.ipsec/etc/compatconfig, skipping
07-23 14:25:57.659   580   592 W HWUI    : Image decoding logging dropped!
07-23 14:25:57.659   680   680 D CompatConfig: No directory /apex/com.android.hardware.dumpstate/etc/compatconfig, skipping
07-23 14:25:57.659   680   680 D CompatConfig: No directory /apex/com.android.devicelock/etc/compatconfig, skipping
07-23 14:25:57.659   680   680 D CompatConfig: No directory /apex/com.android.os.statsd/etc/compatconfig, skipping
07-23 14:25:57.659   680   680 D CompatConfig: No directory /apex/com.android.compos/etc/compatconfig, skipping
07-23 14:25:57.660   680   680 D CompatConfig: No directory /apex/com.android.uwb/etc/compatconfig, skipping
07-23 14:25:57.661   680   680 D CompatConfig: No directory /apex/com.android.tzdata/etc/compatconfig, skipping
07-23 14:25:57.661   680   680 D CompatConfig: No directory /apex/com.android.rkpd/etc/compatconfig, skipping
07-23 14:25:57.661   680   680 D CompatConfig: No directory /apex/com.android.sdkext/etc/compatconfig, skipping
07-23 14:25:57.662   680   680 D CompatConfig: No directory /apex/com.android.hardware.uwb/etc/compatconfig, skipping
07-23 14:25:57.662   680   680 D CompatConfig: No directory /apex/com.android.virt/etc/compatconfig, skipping
07-23 14:25:57.662   680   680 D CompatConfig: No directory /apex/com.android.adbd/etc/compatconfig, skipping
07-23 14:25:57.662   680   680 D CompatConfig: No directory /apex/com.android.runtime/etc/compatconfig, skipping
07-23 14:25:57.662   680   680 D CompatConfig: No directory /apex/com.android.hardware.contexthub/etc/compatconfig, skipping
07-23 14:25:57.662   680   680 D CompatConfig: No directory /apex/com.android.hardware.power/etc/compatconfig, skipping
07-23 14:25:57.663   680   680 D CompatConfig: No directory /apex/com.android.hardware.thermal/etc/compatconfig, skipping
07-23 14:25:57.663   680   680 D CompatConfig: No directory /apex/com.android.hardware.cas/etc/compatconfig, skipping
07-23 14:25:57.663   680   680 D CompatConfig: No directory /apex/com.android.uprobestats/etc/compatconfig, skipping
07-23 14:25:57.663   680   680 D CompatConfig: No directory /apex/com.android.hardware.threadnetwork/etc/compatconfig, skipping
07-23 14:25:57.663   680   680 D CompatConfig: No directory /apex/com.android.adservices/etc/compatconfig, skipping
07-23 14:25:57.663   680   680 D CompatConfig: No directory /apex/com.android.conscrypt/etc/compatconfig, skipping
07-23 14:25:57.663   680   680 D CompatConfig: No directory /apex/com.android.healthfitness/etc/compatconfig, skipping
07-23 14:25:57.663   680   680 D CompatConfig: No directory /apex/com.android.extservices/etc/compatconfig, skipping
07-23 14:25:57.663   680   680 D CompatConfig: No directory /apex/com.google.android.widevine/etc/compatconfig, skipping
07-23 14:25:57.663   680   680 D CompatConfig: No directory /apex/com.android.hardware.rebootescrow/etc/compatconfig, skipping
07-23 14:25:57.664   680   680 W CompatConfig: Change ID 203673428 not found. Skipping overrides for it.
07-23 14:25:57.664   680   680 W CompatConfig: Change ID 200324021 not found. Skipping overrides for it.
07-23 14:25:57.671   680   680 D SystemServerTiming: StartFileIntegrityService
07-23 14:25:57.671   680   680 I SystemServiceManager: Starting com.android.server.security.FileIntegrityService
07-23 14:25:57.672   680   680 D SystemServerTiming: StartInstaller
07-23 14:25:57.672   680   680 I SystemServiceManager: Starting com.android.server.pm.Installer
07-23 14:25:57.674   613   622 D installd: Found quota mount /dev/block/dm-55 at /data
07-23 14:25:57.675   613   622 D installd: Found quota mount /dev/block/dm-55 at /data/user/0
07-23 14:25:57.676   680   680 D SystemServerTiming: DeviceIdentifiersPolicyService
07-23 14:25:57.676   680   680 I SystemServiceManager: Starting com.android.server.os.DeviceIdentifiersPolicyService
07-23 14:25:57.676   580   592 W HWUI    : Image decoding logging dropped!
07-23 14:25:57.677   680   680 D SystemServerTiming: StartFeatureFlagsService
07-23 14:25:57.678   680   680 I SystemServiceManager: Starting com.android.server.flags.FeatureFlagsService
07-23 14:25:57.678   680   680 D FeatureFlagsService: Started Feature Flag Service
07-23 14:25:57.681   680   680 D SystemServerTiming: UriGrantsManagerService
07-23 14:25:57.681   680   680 I SystemServiceManager: Starting com.android.server.uri.UriGrantsManagerService$Lifecycle
07-23 14:25:57.682   680   680 D SystemServerTiming: StartPowerStatsService
07-23 14:25:57.682   680   680 I SystemServiceManager: Starting com.android.server.powerstats.PowerStatsService
07-23 14:25:57.686   680   680 D SystemServerTiming: StartIStatsService
07-23 14:25:57.686   230   230 I hwservicemanager: getTransport: Cannot find entry android.frameworks.stats@1.0::IStats/default in either framework or device VINTF manifest.
07-23 14:25:57.686   680   680 E HidlServiceManagement: Service android.frameworks.stats@1.0::IStats/default must be in VINTF manifest in order to register/get.
07-23 14:25:57.686   680   680 W system_server: Cannot register HIDL android.frameworks.stats@1.0::IStats: -2147483648
07-23 14:25:57.688   680   680 D SystemServerTiming: MemtrackProxyService
07-23 14:25:57.691   230   230 I hwservicemanager: getTransport: Cannot find entry android.hardware.memtrack@1.0::IMemtrack/default in either framework or device VINTF manifest.
07-23 14:25:57.691   680   680 I Stability: Interface set with vintf stability downgraded to system stability stability
07-23 14:25:57.691   680   680 D SystemServerTiming: StartAccessCheckingService
07-23 14:25:57.692   680   680 I SystemServiceManager: Starting com.android.server.permission.access.AccessCheckingService
07-23 14:25:57.693   580   592 W HWUI    : Image decoding logging dropped!
07-23 14:25:57.697   680   680 D SystemServerTiming: StartActivityManager
07-23 14:25:57.697   680   680 I SystemServiceManager: Starting com.android.server.wm.ActivityTaskManagerService$Lifecycle
07-23 14:25:57.701   680   680 I SystemServiceManager: Starting com.android.server.am.ActivityManagerService$Lifecycle
07-23 14:25:57.707   680   680 I ActivityManager: Memory class: 192
07-23 14:25:57.709   680   709 I Binder  : Setting heavy hitter watcher config: false, 0, 0.0
07-23 14:25:57.710   580   592 W HWUI    : Image decoding logging dropped!
07-23 14:25:57.728   580   592 W HWUI    : Image decoding logging dropped!
07-23 14:25:57.729   680   680 W PowerProfile: ambient.on is deprecated! Use ambient.on.display0 instead.
07-23 14:25:57.729   680   680 W PowerProfile: screen.on is deprecated! Use screen.on.display0 instead.
07-23 14:25:57.729   680   680 W PowerProfile: screen.full is deprecated! Use screen.full.display0 instead.
07-23 14:25:57.729   680   680 W ModemPowerProfile: getAverageBatteryDrainMaH called with unexpected key: 0x0, drain:SLEEP,RAT:DEFAULT
07-23 14:25:57.729   680   680 W ModemPowerProfile: getAverageBatteryDrainMaH called with unexpected key: 0x10000000, drain:IDLE,RAT:DEFAULT
07-23 14:25:57.730   680   680 W ModemPowerProfile: getAverageBatteryDrainMaH called with unexpected key: 0x20000000, drain:RX,RAT:DEFAULT
07-23 14:25:57.730   680   680 W ModemPowerProfile: getAverageBatteryDrainMaH called with unexpected key: 0x30000000, drain:TX,level:0,RAT:DEFAULT
07-23 14:25:57.730   680   680 W ModemPowerProfile: getAverageBatteryDrainMaH called with unexpected key: 0x31000000, drain:TX,level:1,RAT:DEFAULT
07-23 14:25:57.730   680   680 W ModemPowerProfile: getAverageBatteryDrainMaH called with unexpected key: 0x32000000, drain:TX,level:2,RAT:DEFAULT
07-23 14:25:57.730   680   680 W ModemPowerProfile: getAverageBatteryDrainMaH called with unexpected key: 0x33000000, drain:TX,level:3,RAT:DEFAULT
07-23 14:25:57.730   680   680 W ModemPowerProfile: getAverageBatteryDrainMaH called with unexpected key: 0x34000000, drain:TX,level:4,RAT:DEFAULT
07-23 14:25:57.743   680   680 D BatteryStatsImpl: Reading daily items from /data/system/batterystats-daily.xml
07-23 14:25:57.745   580   592 W HWUI    : Image decoding logging dropped!
07-23 14:25:57.762   580   592 W HWUI    : Image decoding logging dropped!
07-23 14:25:57.779   580   592 W HWUI    : Image decoding logging dropped!
07-23 14:25:57.796   680   680 I IntentFirewall: Read new rules (A:0 B:0 S:0)
07-23 14:25:57.797   580   592 W HWUI    : Image decoding logging dropped!
07-23 14:25:57.805   680   680 D OomAdjuster: Not killing cached processes
07-23 14:25:57.808   680   680 D AppOps  : AppOpsService published
07-23 14:25:57.808   680   695 W android.permission.PermissionManager: Missing ActivityManager; assuming 1047 does not hold android.permission.MANAGE_APP_OPS_MODES
07-23 14:25:57.811   680   680 D SystemServerTiming: StartDataLoaderManagerService
07-23 14:25:57.811   680   680 I SystemServiceManager: Starting com.android.server.pm.DataLoaderManagerService
07-23 14:25:57.813   680   680 D SystemServerTiming: StartIncrementalService
07-23 14:25:57.814   680   723 E CriticalEventLog: Error reading log from disk.
07-23 14:25:57.814   680   723 E CriticalEventLog: com.android.framework.protobuf.nano.InvalidProtocolBufferNanoException: While parsing a protocol message, the input ended unexpectedly in the middle of a field.  This could mean either that the input has been truncated or that an embedded message misreported its own length.
07-23 14:25:57.814   680   723 E CriticalEventLog: 	at com.android.framework.protobuf.nano.CodedInputByteBufferNano.skipRawBytes(CodedInputByteBufferNano.java:640)
07-23 14:25:57.814   680   723 E CriticalEventLog: 	at com.android.framework.protobuf.nano.CodedInputByteBufferNano.skipField(CodedInputByteBufferNano.java:114)
07-23 14:25:57.814   680   723 E CriticalEventLog: 	at com.android.framework.protobuf.nano.WireFormatNano.parseUnknownField(WireFormatNano.java:95)
07-23 14:25:57.814   680   723 E CriticalEventLog: 	at com.android.server.criticalevents.nano.CriticalEventLogStorageProto.mergeFrom(CriticalEventLogStorageProto.java:75)
07-23 14:25:57.814   680   723 E CriticalEventLog: 	at com.android.server.criticalevents.nano.CriticalEventLogStorageProto.mergeFrom(CriticalEventLogStorageProto.java:5)
07-23 14:25:57.814   680   723 E CriticalEventLog: 	at com.android.framework.protobuf.nano.MessageNano.mergeFrom(MessageNano.java:143)
07-23 14:25:57.814   680   723 E CriticalEventLog: 	at com.android.framework.protobuf.nano.MessageNano.mergeFrom(MessageNano.java:131)
07-23 14:25:57.814   680   723 E CriticalEventLog: 	at com.android.server.criticalevents.nano.CriticalEventLogStorageProto.parseFrom(CriticalEventLogStorageProto.java:106)
07-23 14:25:57.814   680   723 E CriticalEventLog: 	at com.android.server.criticalevents.CriticalEventLog$LogLoader.loadLogFromFile(CriticalEventLog.java:453)
07-23 14:25:57.814   680   723 E CriticalEventLog: 	at com.android.server.criticalevents.CriticalEventLog$LogLoader.load(CriticalEventLog.java:441)
07-23 14:25:57.814   680   723 E CriticalEventLog: 	at com.android.server.criticalevents.CriticalEventLog.lambda$new$0(CriticalEventLog.java:104)
07-23 14:25:57.814   680   723 E CriticalEventLog: 	at com.android.server.criticalevents.CriticalEventLog.$r8$lambda$lY5bRq3e1qTEzCvfI4SPBg_RsKI(CriticalEventLog.java:0)
07-23 14:25:57.814   680   723 E CriticalEventLog: 	at com.android.server.criticalevents.CriticalEventLog$$ExternalSyntheticLambda1.run(R8$$SyntheticClass:0)
07-23 14:25:57.814   680   723 E CriticalEventLog: 	at android.os.Handler.handleCallback(Handler.java:995)
07-23 14:25:57.814   680   723 E CriticalEventLog: 	at android.os.Handler.dispatchMessage(Handler.java:103)
07-23 14:25:57.814   680   723 E CriticalEventLog: 	at android.os.Looper.loopOnce(Looper.java:248)
07-23 14:25:57.814   680   723 E CriticalEventLog: 	at android.os.Looper.loop(Looper.java:338)
07-23 14:25:57.814   680   723 E CriticalEventLog: 	at android.os.HandlerThread.run(HandlerThread.java:85)
07-23 14:25:57.815   580   592 W HWUI    : Image decoding logging dropped!
07-23 14:25:57.819   680   680 I incfs-mounts: [incfs] Loaded incremental-fs mount info: 0 instances, 0 mount points
07-23 14:25:57.820   680   680 D SystemServerTiming: StartPowerManager
07-23 14:25:57.820   680   680 I SystemServiceManager: Starting com.android.server.power.PowerManagerService
07-23 14:25:57.832   580   592 W HWUI    : Image decoding logging dropped!
07-23 14:25:57.835   680   680 I PowerHalLoader: Successfully connected to Power HAL AIDL service.
07-23 14:25:57.836   520   520 I android.hardware.power-service.example: Power isModeSupported: 7
07-23 14:25:57.836   520   520 I android.hardware.power-service.example: Power isModeSupported: 0
07-23 14:25:57.837   680   680 D SystemServerTiming: StartThermalManager
07-23 14:25:57.837   680   680 I SystemServiceManager: Starting com.android.server.power.ThermalManagerService
07-23 14:25:57.838   680   680 D SystemServerTiming: InitPowerManagement
07-23 14:25:57.840   680   680 D SystemServerTiming: StartRecoverySystemService
07-23 14:25:57.840   680   680 I SystemServiceManager: Starting com.android.server.recoverysystem.RecoverySystemService$Lifecycle
07-23 14:25:57.843   680   680 D SystemServerTiming: StartLightsService
07-23 14:25:57.843   680   680 I SystemServiceManager: Starting com.android.server.lights.LightsService
07-23 14:25:57.846   498   498 I lights_service_example_rust: main::lights: Lights reporting supported lights
07-23 14:25:57.847   680   680 D SystemServerTiming: StartDisplayOffloadService
07-23 14:25:57.847   680   680 D SystemServerTiming: StartDisplayManager
07-23 14:25:57.847   680   680 I SystemServiceManager: Starting com.android.server.display.DisplayManagerService
07-23 14:25:57.850   580   592 W HWUI    : Image decoding logging dropped!
07-23 14:25:57.862   680   680 D PluginManager: loading plugins from:
07-23 14:25:57.862   680   680 D PluginManager: loaded Plugins:[]
07-23 14:25:57.864   680   680 D SystemServerTiming: WaitForDisplay
07-23 14:25:57.864   680   680 I SystemServiceManager: Starting phase 100
07-23 14:25:57.864   680   680 D SystemServerTiming: OnBootPhase_100
07-23 14:25:57.864   680   680 D SystemServerTiming: OnBootPhase_100_com.android.server.security.FileIntegrityService
07-23 14:25:57.864   680   680 D SystemServerTiming: OnBootPhase_100_com.android.server.pm.Installer
07-23 14:25:57.864   680   680 D SystemServerTiming: OnBootPhase_100_com.android.server.os.DeviceIdentifiersPolicyService
07-23 14:25:57.864   680   680 D SystemServerTiming: OnBootPhase_100_com.android.server.flags.FeatureFlagsService
07-23 14:25:57.864   680   680 D SystemServerTiming: OnBootPhase_100_com.android.server.uri.UriGrantsManagerService$Lifecycle
07-23 14:25:57.864   680   680 D SystemServerTiming: OnBootPhase_100_com.android.server.powerstats.PowerStatsService
07-23 14:25:57.865   680   680 D SystemServerTiming: OnBootPhase_100_com.android.server.permission.access.AccessCheckingService
07-23 14:25:57.865   680   680 D SystemServerTiming: OnBootPhase_100_com.android.server.wm.ActivityTaskManagerService$Lifecycle
07-23 14:25:57.865   680   680 D SystemServerTiming: OnBootPhase_100_com.android.server.am.ActivityManagerService$Lifecycle
07-23 14:25:57.865   680   680 D SystemServerTiming: OnBootPhase_100_com.android.server.pm.DataLoaderManagerService
07-23 14:25:57.865   680   680 D SystemServerTiming: OnBootPhase_100_com.android.server.power.PowerManagerService
07-23 14:25:57.865   680   680 D SystemServerTiming: OnBootPhase_100_com.android.server.power.ThermalManagerService
07-23 14:25:57.865   680   680 D SystemServerTiming: OnBootPhase_100_com.android.server.recoverysystem.RecoverySystemService$Lifecycle
07-23 14:25:57.866   680   680 D SystemServerTiming: OnBootPhase_100_com.android.server.lights.LightsService
07-23 14:25:57.866   680   680 D SystemServerTiming: OnBootPhase_100_com.android.server.display.DisplayManagerService
07-23 14:25:57.867   580   592 W HWUI    : Image decoding logging dropped!
07-23 14:25:57.868   680   703 W LocalDisplayAdapter: DisplayModeSpecs base mode no longer available, using currently active mode.
07-23 14:25:57.869   680   703 E DisplayManagerService: Default display is null for info request from uid 1000
07-23 14:25:57.876   680   703 I DisplayDeviceRepository: Display device added: DisplayDeviceInfo{"Built-in Screen": uniqueId="local:4619827259835644672", 1344 x 2992, modeId 1, renderFrameRate 60.000004, hasArrSupport false, frameRateCategoryRate FrameRateCategoryRate {normal=60.0, high=90.0}, supportedRefreshRates [60.000004], defaultModeId 1, userPreferredModeId -1, supportedModes [{id=1, width=1344, height=2992, fps=60.000004, vsync=60.000004, synthetic=false, alternativeRefreshRates=[], supportedHdrTypes=[]}], colorMode 0, supportedColorModes [0], hdrCapabilities HdrCapabilities{mSupportedHdrTypes=[], mMaxLuminance=500.0, mMaxAverageLuminance=500.0, mMinLuminance=0.0}, isForceSdr false, allmSupported false, gameContentTypeSupported false, density 480, 480.0 x 480.0 dpi, appVsyncOff 1000000, presDeadline 16666666, touch INTERNAL, rotation 0, type INTERNAL, address {port=0, model=0x401cec6a7a2b7b}, deviceProductInfo DeviceProductInfo{name=EMU_display_0, manufacturerPnpId=GGL, productId=1, modelYear=null, manufactureDate=ManufactureDate{week=27, year=2006}, connectionToSinkType=1}, state UNKNOWN, committedState UNKNOWN, frameRateOverride , brightnessMinimum 0.035433073, brightnessMaximum 1.0, brightnessDefault 0.39763778, brightnessDim 0.05, hdrSdrRatio NaN, FLAG_ALLOWED_TO_BE_DEFAULT_DISPLAY, FLAG_ROTATES_WITH_CONTENT, FLAG_SECURE, FLAG_SUPPORTS_PROTECTED_BUFFERS, FLAG_TRUSTED, installOrientation 0, displayShape DisplayShape{ spec=489068999 displayWidth=1344 displayHeight=2992 physicalPixelDisplaySizeRatio=1.0 rotation=0 offsetX=0 offsetY=0 scale=1.0}}
07-23 14:25:57.877   680   703 I LogicalDisplayMapper: Applying layout: [{dispId: 0(ON), displayGroupName: , addr: {port=0, model=0x401cec6a7a2b7b}, mThermalBrightnessThrottlingMapId: null, mRefreshRateZoneId: null, mLeadDisplayId: -1, mLeadDisplayAddress: null, mThermalRefreshRateThrottlingMapId: null, mPowerThrottlingMapId: null}], Previous layout: null
07-23 14:25:57.877   680   703 I LogicalDisplayMapper: Setting new display group 0 for display 0, from previous group: null
07-23 14:25:57.881   680   680 D SystemServerTiming: StartDomainVerificationService
07-23 14:25:57.882   680   680 D SystemServerTiming: StartPackageManagerService
07-23 14:25:57.882   680   680 I Watchdog: Pausing HandlerChecker: main thread for reason: packagemanagermain. Pause count: 1
07-23 14:25:57.883   680   680 D PackageManagerTiming: create package manager
07-23 14:25:57.884   580   592 W HWUI    : Image decoding logging dropped!
07-23 14:25:57.888   680   680 D PackageManagerTiming: createSubComponents
07-23 14:25:57.896   680   680 I UserManagerService: Upgrading users from userVersion 11 to 11
07-23 14:25:57.901   580   592 W HWUI    : Image decoding logging dropped!
07-23 14:25:57.905   680   680 D PackageManagerTiming: get system config
07-23 14:25:57.905   680   680 D PackageManagerTiming: addSharedUsers
07-23 14:25:57.913   680   680 D SELinuxMMAC: Using policy file /system/etc/selinux/plat_mac_permissions.xml
07-23 14:25:57.915   680   680 D SELinuxMMAC: Using policy file /system_ext/etc/selinux/system_ext_mac_permissions.xml
07-23 14:25:57.915   680   680 D SELinuxMMAC: Using policy file /product/etc/selinux/product_mac_permissions.xml
07-23 14:25:57.915   680   680 D SELinuxMMAC: Using policy file /vendor/etc/selinux/vendor_mac_permissions.xml
07-23 14:25:57.915   680   680 D SELinuxMMAC: Using policy file /odm/etc/selinux/odm_mac_permissions.xml
07-23 14:25:57.915   680   680 D PackageManagerTiming: loadFallbacks
07-23 14:25:57.916   680   680 V Configuration: Updating configuration, locales updated from [] to [en_US]
07-23 14:25:57.916   680   680 I system_server: AssetManager2(0x72c1d58e0b58) locale list changing from [] to [en-US]
07-23 14:25:57.917   680   680 D FallbackCategoryProvider: Found 387 fallback categories
07-23 14:25:57.917   680   680 D PackageManagerTiming: read user settings
07-23 14:25:57.918   680   680 I PackageManager: No package manager settings file
07-23 14:25:57.919   680   680 D PackageManagerTiming: setFirstBoot: 
07-23 14:25:57.919   580   592 W HWUI    : Image decoding logging dropped!
07-23 14:25:57.921   680   680 W PackageManager: Could not find package com.android.companiondevicemanager
07-23 14:25:57.926   680   680 E AccessPersistence: Failed to read AtomicFile[/data/misc/apexdata/com.android.permission/access.abx]
07-23 14:25:57.926   680   680 E AccessPersistence: org.xmlpull.v1.XmlPullParserException: java.io.IOException: Unexpected magic ca80d9f7
07-23 14:25:57.926   680   680 E AccessPersistence: 	at com.android.modules.utils.BinaryXmlPullParser.setInput(BinaryXmlPullParser.java:126)
07-23 14:25:57.926   680   680 E AccessPersistence: 	at com.android.server.permission.access.AccessPersistence.readSystemState(AccessPersistence.kt:29)
07-23 14:25:57.926   680   680 E AccessPersistence: 	at com.android.server.permission.access.AccessPersistence.read(AccessPersistence.kt:57)
07-23 14:25:57.926   680   680 E AccessPersistence: 	at com.android.server.permission.access.AccessCheckingService.initialize(AccessCheckingService.kt:106)
07-23 14:25:57.926   680   680 E AccessPersistence: 	at com.android.server.permission.access.permission.PermissionService.readLegacyPermissionsTEMP(PermissionService.kt:2310)
07-23 14:25:57.926   680   680 E AccessPersistence: 	at com.android.server.pm.permission.PermissionManagerService$PermissionManagerServiceInternalImpl.readLegacyPermissionsTEMP(PermissionManagerService.java:713)
07-23 14:25:57.926   680   680 E AccessPersistence: 	at com.android.server.pm.PackageManagerService.<init>(PackageManagerService.java:2211)
07-23 14:25:57.926   680   680 E AccessPersistence: 	at com.android.server.pm.PackageManagerService.main(PackageManagerService.java:1759)
07-23 14:25:57.926   680   680 E AccessPersistence: 	at com.android.server.SystemServer.startBootstrapServices(SystemServer.java:1328)
07-23 14:25:57.926   680   680 E AccessPersistence: 	at com.android.server.SystemServer.run(SystemServer.java:986)
07-23 14:25:57.926   680   680 E AccessPersistence: 	at com.android.server.SystemServer.main(SystemServer.java:689)
07-23 14:25:57.926   680   680 E AccessPersistence: 	at java.lang.reflect.Method.invoke(Native Method)
07-23 14:25:57.926   680   680 E AccessPersistence: 	at com.android.internal.os.RuntimeInit$MethodAndArgsCaller.run(RuntimeInit.java:593)
07-23 14:25:57.926   680   680 E AccessPersistence: 	at com.android.internal.os.ZygoteInit.main(ZygoteInit.java:910)
07-23 14:25:57.929   680   680 E AccessPersistence: Failed to read /data/misc/apexdata/com.android.permission/access.abx.reservecopy
07-23 14:25:57.929   680   680 E AccessPersistence: org.xmlpull.v1.XmlPullParserException: java.io.IOException: Unexpected magic 50ccd1aa
07-23 14:25:57.929   680   680 E AccessPersistence: 	at com.android.modules.utils.BinaryXmlPullParser.setInput(BinaryXmlPullParser.java:126)
07-23 14:25:57.929   680   680 E AccessPersistence: 	at com.android.server.permission.access.AccessPersistence.readSystemState(AccessPersistence.kt:29)
07-23 14:25:57.929   680   680 E AccessPersistence: 	at com.android.server.permission.access.AccessPersistence.read(AccessPersistence.kt:57)
07-23 14:25:57.929   680   680 E AccessPersistence: 	at com.android.server.permission.access.AccessCheckingService.initialize(AccessCheckingService.kt:106)
07-23 14:25:57.929   680   680 E AccessPersistence: 	at com.android.server.permission.access.permission.PermissionService.readLegacyPermissionsTEMP(PermissionService.kt:2310)
07-23 14:25:57.929   680   680 E AccessPersistence: 	at com.android.server.pm.permission.PermissionManagerService$PermissionManagerServiceInternalImpl.readLegacyPermissionsTEMP(PermissionManagerService.java:713)
07-23 14:25:57.929   680   680 E AccessPersistence: 	at com.android.server.pm.PackageManagerService.<init>(PackageManagerService.java:2211)
07-23 14:25:57.929   680   680 E AccessPersistence: 	at com.android.server.pm.PackageManagerService.main(PackageManagerService.java:1759)
07-23 14:25:57.929   680   680 E AccessPersistence: 	at com.android.server.SystemServer.startBootstrapServices(SystemServer.java:1328)
07-23 14:25:57.929   680   680 E AccessPersistence: 	at com.android.server.SystemServer.run(SystemServer.java:986)
07-23 14:25:57.929   680   680 E AccessPersistence: 	at com.android.server.SystemServer.main(SystemServer.java:689)
07-23 14:25:57.929   680   680 E AccessPersistence: 	at java.lang.reflect.Method.invoke(Native Method)
07-23 14:25:57.929   680   680 E AccessPersistence: 	at com.android.internal.os.RuntimeInit$MethodAndArgsCaller.run(RuntimeInit.java:593)
07-23 14:25:57.929   680   680 E AccessPersistence: 	at com.android.internal.os.ZygoteInit.main(ZygoteInit.java:910)
07-23 14:25:57.929   680   680 I Watchdog: Resuming HandlerChecker: main thread for reason: packagemanagermain. Pause count: 0
07-23 14:25:57.929   680   680 E System  : ******************************************
07-23 14:25:57.930   680   680 E System  : ************ Failure starting system services
07-23 14:25:57.930   680   680 E System  : java.lang.IllegalStateException: Failed to read /data/misc/apexdata/com.android.permission/access.abx
07-23 14:25:57.930   680   680 E System  : 	at com.android.server.permission.access.AccessPersistence.readSystemState(AccessPersistence.kt:97)
07-23 14:25:57.930   680   680 E System  : 	at com.android.server.permission.access.AccessPersistence.read(AccessPersistence.kt:57)
07-23 14:25:57.930   680   680 E System  : 	at com.android.server.permission.access.AccessCheckingService.initialize(AccessCheckingService.kt:106)
07-23 14:25:57.930   680   680 E System  : 	at com.android.server.permission.access.permission.PermissionService.readLegacyPermissionsTEMP(PermissionService.kt:2310)
07-23 14:25:57.930   680   680 E System  : 	at com.android.server.pm.permission.PermissionManagerService$PermissionManagerServiceInternalImpl.readLegacyPermissionsTEMP(PermissionManagerService.java:713)
07-23 14:25:57.930   680   680 E System  : 	at com.android.server.pm.PackageManagerService.<init>(PackageManagerService.java:2211)
07-23 14:25:57.930   680   680 E System  : 	at com.android.server.pm.PackageManagerService.main(PackageManagerService.java:1759)
07-23 14:25:57.930   680   680 E System  : 	at com.android.server.SystemServer.startBootstrapServices(SystemServer.java:1328)
07-23 14:25:57.930   680   680 E System  : 	at com.android.server.SystemServer.run(SystemServer.java:986)
07-23 14:25:57.930   680   680 E System  : 	at com.android.server.SystemServer.main(SystemServer.java:689)
07-23 14:25:57.930   680   680 E System  : 	at java.lang.reflect.Method.invoke(Native Method)
07-23 14:25:57.930   680   680 E System  : 	at com.android.internal.os.RuntimeInit$MethodAndArgsCaller.run(RuntimeInit.java:593)
07-23 14:25:57.930   680   680 E System  : 	at com.android.internal.os.ZygoteInit.main(ZygoteInit.java:910)
07-23 14:25:57.930   680   680 E System  : Caused by: org.xmlpull.v1.XmlPullParserException: java.io.IOException: Unexpected magic ca80d9f7
07-23 14:25:57.930   680   680 E System  : 	at com.android.modules.utils.BinaryXmlPullParser.setInput(BinaryXmlPullParser.java:126)
07-23 14:25:57.930   680   680 E System  : 	at com.android.server.permission.access.AccessPersistence.readSystemState(AccessPersistence.kt:29)
07-23 14:25:57.930   680   680 E System  : 	... 12 more
07-23 14:25:57.930   680   680 E Zygote  : System zygote died with fatal exception
07-23 14:25:57.930   680   680 E Zygote  : java.lang.IllegalStateException: Failed to read /data/misc/apexdata/com.android.permission/access.abx
07-23 14:25:57.930   680   680 E Zygote  : 	at com.android.server.permission.access.AccessPersistence.readSystemState(AccessPersistence.kt:97)
07-23 14:25:57.930   680   680 E Zygote  : 	at com.android.server.permission.access.AccessPersistence.read(AccessPersistence.kt:57)
07-23 14:25:57.930   680   680 E Zygote  : 	at com.android.server.permission.access.AccessCheckingService.initialize(AccessCheckingService.kt:106)
07-23 14:25:57.930   680   680 E Zygote  : 	at com.android.server.permission.access.permission.PermissionService.readLegacyPermissionsTEMP(PermissionService.kt:2310)
07-23 14:25:57.930   680   680 E Zygote  : 	at com.android.server.pm.permission.PermissionManagerService$PermissionManagerServiceInternalImpl.readLegacyPermissionsTEMP(PermissionManagerService.java:713)
07-23 14:25:57.930   680   680 E Zygote  : 	at com.android.server.pm.PackageManagerService.<init>(PackageManagerService.java:2211)
07-23 14:25:57.930   680   680 E Zygote  : 	at com.android.server.pm.PackageManagerService.main(PackageManagerService.java:1759)
07-23 14:25:57.930   680   680 E Zygote  : 	at com.android.server.SystemServer.startBootstrapServices(SystemServer.java:1328)
07-23 14:25:57.930   680   680 E Zygote  : 	at com.android.server.SystemServer.run(SystemServer.java:986)
07-23 14:25:57.930   680   680 E Zygote  : 	at com.android.server.SystemServer.main(SystemServer.java:689)
07-23 14:25:57.930   680   680 E Zygote  : 	at java.lang.reflect.Method.invoke(Native Method)
07-23 14:25:57.930   680   680 E Zygote  : 	at com.android.internal.os.RuntimeInit$MethodAndArgsCaller.run(RuntimeInit.java:593)
07-23 14:25:57.930   680   680 E Zygote  : 	at com.android.internal.os.ZygoteInit.main(ZygoteInit.java:910)
07-23 14:25:57.930   680   680 E Zygote  : Caused by: org.xmlpull.v1.XmlPullParserException: java.io.IOException: Unexpected magic ca80d9f7
07-23 14:25:57.930   680   680 E Zygote  : 	at com.android.modules.utils.BinaryXmlPullParser.setInput(BinaryXmlPullParser.java:126)
07-23 14:25:57.930   680   680 E Zygote  : 	at com.android.server.permission.access.AccessPersistence.readSystemState(AccessPersistence.kt:29)
07-23 14:25:57.930   680   680 E Zygote  : 	... 12 more
07-23 14:25:57.930   680   680 D AndroidRuntime: Shutting down VM
--------- beginning of crash
07-23 14:25:57.930   680   680 E AndroidRuntime: *** FATAL EXCEPTION IN SYSTEM PROCESS: main
07-23 14:25:57.930   680   680 E AndroidRuntime: java.lang.IllegalStateException: Failed to read /data/misc/apexdata/com.android.permission/access.abx
07-23 14:25:57.930   680   680 E AndroidRuntime: 	at com.android.server.permission.access.AccessPersistence.readSystemState(AccessPersistence.kt:97)
07-23 14:25:57.930   680   680 E AndroidRuntime: 	at com.android.server.permission.access.AccessPersistence.read(AccessPersistence.kt:57)
07-23 14:25:57.930   680   680 E AndroidRuntime: 	at com.android.server.permission.access.AccessCheckingService.initialize(AccessCheckingService.kt:106)
07-23 14:25:57.930   680   680 E AndroidRuntime: 	at com.android.server.permission.access.permission.PermissionService.readLegacyPermissionsTEMP(PermissionService.kt:2310)
07-23 14:25:57.930   680   680 E AndroidRuntime: 	at com.android.server.pm.permission.PermissionManagerService$PermissionManagerServiceInternalImpl.readLegacyPermissionsTEMP(PermissionManagerService.java:713)
07-23 14:25:57.930   680   680 E AndroidRuntime: 	at com.android.server.pm.PackageManagerService.<init>(PackageManagerService.java:2211)
07-23 14:25:57.930   680   680 E AndroidRuntime: 	at com.android.server.pm.PackageManagerService.main(PackageManagerService.java:1759)
07-23 14:25:57.930   680   680 E AndroidRuntime: 	at com.android.server.SystemServer.startBootstrapServices(SystemServer.java:1328)
07-23 14:25:57.930   680   680 E AndroidRuntime: 	at com.android.server.SystemServer.run(SystemServer.java:986)
07-23 14:25:57.930   680   680 E AndroidRuntime: 	at com.android.server.SystemServer.main(SystemServer.java:689)
07-23 14:25:57.930   680   680 E AndroidRuntime: 	at java.lang.reflect.Method.invoke(Native Method)
07-23 14:25:57.930   680   680 E AndroidRuntime: 	at com.android.internal.os.RuntimeInit$MethodAndArgsCaller.run(RuntimeInit.java:593)
07-23 14:25:57.930   680   680 E AndroidRuntime: 	at com.android.internal.os.ZygoteInit.main(ZygoteInit.java:910)
07-23 14:25:57.930   680   680 E AndroidRuntime: Caused by: org.xmlpull.v1.XmlPullParserException: java.io.IOException: Unexpected magic ca80d9f7
07-23 14:25:57.930   680   680 E AndroidRuntime: 	at com.android.modules.utils.BinaryXmlPullParser.setInput(BinaryXmlPullParser.java:126)
07-23 14:25:57.930   680   680 E AndroidRuntime: 	at com.android.server.permission.access.AccessPersistence.readSystemState(AccessPersistence.kt:29)
07-23 14:25:57.930   680   680 E AndroidRuntime: 	... 12 more
07-23 14:25:57.931   680   680 E AndroidRuntime: Couldn't report crash. Here's the crash:
07-23 14:25:57.931   680   680 E AndroidRuntime: java.lang.IllegalStateException: Failed to read /data/misc/apexdata/com.android.permission/access.abx
07-23 14:25:57.931   680   680 E AndroidRuntime: 	at com.android.server.permission.access.AccessPersistence.readSystemState(AccessPersistence.kt:97)
07-23 14:25:57.931   680   680 E AndroidRuntime: 	at com.android.server.permission.access.AccessPersistence.read(AccessPersistence.kt:57)
07-23 14:25:57.931   680   680 E AndroidRuntime: 	at com.android.server.permission.access.AccessCheckingService.initialize(AccessCheckingService.kt:106)
07-23 14:25:57.931   680   680 E AndroidRuntime: 	at com.android.server.permission.access.permission.PermissionService.readLegacyPermissionsTEMP(PermissionService.kt:2310)
07-23 14:25:57.931   680   680 E AndroidRuntime: 	at com.android.server.pm.permission.PermissionManagerService$PermissionManagerServiceInternalImpl.readLegacyPermissionsTEMP(PermissionManagerService.java:713)
07-23 14:25:57.931   680   680 E AndroidRuntime: 	at com.android.server.pm.PackageManagerService.<init>(PackageManagerService.java:2211)
07-23 14:25:57.931   680   680 E AndroidRuntime: 	at com.android.server.pm.PackageManagerService.main(PackageManagerService.java:1759)
07-23 14:25:57.931   680   680 E AndroidRuntime: 	at com.android.server.SystemServer.startBootstrapServices(SystemServer.java:1328)
07-23 14:25:57.931   680   680 E AndroidRuntime: 	at com.android.server.SystemServer.run(SystemServer.java:986)
07-23 14:25:57.931   680   680 E AndroidRuntime: 	at com.android.server.SystemServer.main(SystemServer.java:689)
07-23 14:25:57.931   680   680 E AndroidRuntime: 	at java.lang.reflect.Method.invoke(Native Method)
07-23 14:25:57.931   680   680 E AndroidRuntime: 	at com.android.internal.os.RuntimeInit$MethodAndArgsCaller.run(RuntimeInit.java:593)
07-23 14:25:57.931   680   680 E AndroidRuntime: 	at com.android.internal.os.ZygoteInit.main(ZygoteInit.java:910)
07-23 14:25:57.931   680   680 E AndroidRuntime: Caused by: org.xmlpull.v1.XmlPullParserException: java.io.IOException: Unexpected magic ca80d9f7
07-23 14:25:57.931   680   680 E AndroidRuntime: 	at com.android.modules.utils.BinaryXmlPullParser.setInput(BinaryXmlPullParser.java:126)
07-23 14:25:57.931   680   680 E AndroidRuntime: 	at com.android.server.permission.access.AccessPersistence.readSystemState(AccessPersistence.kt:29)
07-23 14:25:57.931   680   680 E AndroidRuntime: 	... 12 more
07-23 14:25:57.931   680   680 E AndroidRuntime: Error reporting crash. Here's the error:
07-23 14:25:57.931   680   680 E AndroidRuntime: java.lang.NullPointerException: Attempt to invoke interface method 'void android.app.IActivityManager.handleApplicationCrash(android.os.IBinder, android.app.ApplicationErrorReport$ParcelableCrashInfo)' on a null object reference
07-23 14:25:57.931   680   680 E AndroidRuntime: 	at com.android.internal.os.RuntimeInit$KillApplicationHandler.uncaughtException(RuntimeInit.java:170)
07-23 14:25:57.931   680   680 E AndroidRuntime: 	at java.lang.ThreadGroup.uncaughtException(ThreadGroup.java:1071)
07-23 14:25:57.931   680   680 E AndroidRuntime: 	at java.lang.ThreadGroup.uncaughtException(ThreadGroup.java:1066)
07-23 14:25:57.931   680   680 E AndroidRuntime: 	at java.lang.Thread.dispatchUncaughtException(Thread.java:2442)
07-23 14:25:57.931   680   680 I Process : Sending signal. PID: 680 SIG: 9
07-23 14:25:57.937   580   592 W HWUI    : Image decoding logging dropped!
07-23 14:25:57.947   460   460 E Zygote  : Zygote failed to write to system_server FD: Connection refused
07-23 14:25:57.947   460   460 I Zygote  : Process 680 exited due to signal 9 (Killed)
07-23 14:25:57.947   460   460 E Zygote  : Exit zygote because system server (pid 680) has terminated
07-23 14:25:57.955   580   592 W HWUI    : Image decoding logging dropped!
07-23 14:25:57.968   468   483 I r_submix: adev_close()
07-23 14:25:57.972   580   592 W HWUI    : Image decoding logging dropped!
07-23 14:25:57.989   580   592 W HWUI    : Image decoding logging dropped!
07-23 14:25:58.006   580   592 W HWUI    : Image decoding logging dropped!
07-23 14:25:58.024   580   592 W HWUI    : Image decoding logging dropped!
07-23 14:25:58.043   580   592 W HWUI    : Image decoding logging dropped!
07-23 14:25:58.060   580   592 W HWUI    : Image decoding logging dropped!
07-23 14:25:58.077   580   592 W HWUI    : Image decoding logging dropped!
07-23 14:25:58.094   580   592 W HWUI    : Image decoding logging dropped!
07-23 14:25:58.111   580   592 W HWUI    : Image decoding logging dropped!
07-23 14:25:58.128   580   592 W HWUI    : Image decoding logging dropped!
07-23 14:25:58.145   580   592 W HWUI    : Image decoding logging dropped!
07-23 14:25:58.162   580   592 W HWUI    : Image decoding logging dropped!
07-23 14:25:58.180   580   592 W HWUI    : Image decoding logging dropped!
07-23 14:25:58.198   580   592 W HWUI    : Image decoding logging dropped!
07-23 14:25:58.215   580   592 W HWUI    : Image decoding logging dropped!
07-23 14:25:58.233   580   592 W HWUI    : Image decoding logging dropped!
07-23 14:25:58.251   580   592 W HWUI    : Image decoding logging dropped!
07-23 14:25:58.267   580   592 W HWUI    : Image decoding logging dropped!
07-23 14:25:58.284   580   592 W HWUI    : Image decoding logging dropped!
07-23 14:25:58.302   580   592 W HWUI    : Image decoding logging dropped!
07-23 14:25:58.320   580   592 W HWUI    : Image decoding logging dropped!
07-23 14:25:58.336   580   592 W HWUI    : Image decoding logging dropped!
07-23 14:25:58.354   580   592 W HWUI    : Image decoding logging dropped!
07-23 14:25:58.371   580   592 W HWUI    : Image decoding logging dropped!
07-23 14:25:58.388   580   592 W HWUI    : Image decoding logging dropped!
07-23 14:25:58.405   580   592 W HWUI    : Image decoding logging dropped!
07-23 14:25:58.422   580   592 W HWUI    : Image decoding logging dropped!
07-23 14:25:58.439   580   592 W HWUI    : Image decoding logging dropped!
07-23 14:25:58.456   580   592 W HWUI    : Image decoding logging dropped!
07-23 14:25:58.475   580   592 W HWUI    : Image decoding logging dropped!
07-23 14:25:58.494   580   592 W HWUI    : Image decoding logging dropped!
07-23 14:25:58.510   580   592 W HWUI    : Image decoding logging dropped!
07-23 14:25:58.527   580   592 W HWUI    : Image decoding logging dropped!
07-23 14:25:58.544   580   592 W HWUI    : Image decoding logging dropped!
07-23 14:25:58.563   580   592 W HWUI    : Image decoding logging dropped!
07-23 14:25:58.579   580   592 W HWUI    : Image decoding logging dropped!
07-23 14:25:58.596   580   592 W HWUI    : Image decoding logging dropped!
07-23 14:25:58.613   580   592 W HWUI    : Image decoding logging dropped!
07-23 14:25:58.631   580   592 W HWUI    : Image decoding logging dropped!
07-23 14:25:58.647   580   592 W HWUI    : Image decoding logging dropped!
07-23 14:25:58.664   580   592 W HWUI    : Image decoding logging dropped!
07-23 14:25:58.681   580   592 W HWUI    : Image decoding logging dropped!
07-23 14:25:58.700   580   592 W HWUI    : Image decoding logging dropped!
07-23 14:25:58.716   580   592 W HWUI    : Image decoding logging dropped!
07-23 14:25:58.734   580   592 W HWUI    : Image decoding logging dropped!
07-23 14:25:58.751   580   592 W HWUI    : Image decoding logging dropped!
07-23 14:25:58.768   580   592 W HWUI    : Image decoding logging dropped!
07-23 14:25:58.786   580   592 W HWUI    : Image decoding logging dropped!
07-23 14:25:58.804   580   592 W HWUI    : Image decoding logging dropped!
07-23 14:25:58.823   580   592 W HWUI    : Image decoding logging dropped!
07-23 14:25:58.840   580   592 W HWUI    : Image decoding logging dropped!
07-23 14:25:58.859   580   592 W HWUI    : Image decoding logging dropped!
07-23 14:25:58.874   580   592 W HWUI    : Image decoding logging dropped!
07-23 14:25:58.894   580   592 W HWUI    : Image decoding logging dropped!
07-23 14:25:58.909   580   592 W HWUI    : Image decoding logging dropped!
07-23 14:25:58.926   580   592 W HWUI    : Image decoding logging dropped!
07-23 14:25:58.927   738   738 I netdClient: Skipping libnetd_client init since *we* are netd
07-23 14:25:58.933   738   738 I netd    : netd starting
