--------- beginning of main
07-23 15:12:52.238  5639  5656 E ashmem  : Pinning is deprecated since Android Q. Please use trim or other methods.
--------- beginning of system
07-23 15:12:54.832   734  3318 E TaskPersister: File error accessing recents directory (directory doesn't exist?).
07-23 15:12:58.655  1664  5515 E gywi    : *~*~*~ Previous channel {0} was garbage collected without being shut down! ~*~*~*
07-23 15:12:58.655  1664  5515 E gywi    :     Make sure to call shutdown()/shutdownNow()
07-23 15:12:58.655  1664  5515 E gywi    : java.lang.RuntimeException: ManagedChannel allocation site
07-23 15:12:58.655  1664  5515 E gywi    : 	at gywh.<init>(:com.google.android.gms@250734038@25.07.34 (260800-734679633):21)
07-23 15:12:58.655  1664  5515 E gywi    : 	at gywi.<init>(:com.google.android.gms@250734038@25.07.34 (260800-734679633):10)
07-23 15:12:58.655  1664  5515 E gywi    : 	at gywg.a(:com.google.android.gms@250734038@25.07.34 (260800-734679633):247)
07-23 15:12:58.655  1664  5515 E gywi    : 	at gyhg.a(:com.google.android.gms@250734038@25.07.34 (260800-734679633):5)
07-23 15:12:58.655  1664  5515 E gywi    : 	at cafq.g(:com.google.android.gms@250734038@25.07.34 (260800-734679633):81)
07-23 15:12:58.655  1664  5515 E gywi    : 	at fqqz.a(:com.google.android.gms@250734038@25.07.34 (260800-734679633):219)
07-23 15:12:58.655  1664  5515 E gywi    : 	at ffoj.a(:com.google.android.gms@250734038@25.07.34 (260800-734679633):13)
07-23 15:12:58.655  1664  5515 E gywi    : 	at fnlg.a(:com.google.android.gms@250734038@25.07.34 (260800-734679633):3)
07-23 15:12:58.655  1664  5515 E gywi    : 	at fnkh.run(:com.google.android.gms@250734038@25.07.34 (260800-734679633):19)
07-23 15:12:58.655  1664  5515 E gywi    : 	at fnli.run(:com.google.android.gms@250734038@25.07.34 (260800-734679633):5)
07-23 15:12:58.655  1664  5515 E gywi    : 	at atca.c(:com.google.android.gms@250734038@25.07.34 (260800-734679633):50)
07-23 15:12:58.655  1664  5515 E gywi    : 	at atca.run(:com.google.android.gms@250734038@25.07.34 (260800-734679633):76)
07-23 15:12:58.655  1664  5515 E gywi    : 	at java.util.concurrent.ThreadPoolExecutor.runWorker(ThreadPoolExecutor.java:1156)
07-23 15:12:58.655  1664  5515 E gywi    : 	at java.util.concurrent.ThreadPoolExecutor$Worker.run(ThreadPoolExecutor.java:651)
07-23 15:12:58.655  1664  5515 E gywi    : 	at athn.run(:com.google.android.gms@250734038@25.07.34 (260800-734679633):8)
07-23 15:12:58.655  1664  5515 E gywi    : 	at java.lang.Thread.run(Thread.java:1119)
07-23 15:12:58.656  1664  5515 E gywi    : *~*~*~ Previous channel {0} was garbage collected without being shut down! ~*~*~*
07-23 15:12:58.656  1664  5515 E gywi    :     Make sure to call shutdown()/shutdownNow()
07-23 15:12:58.656  1664  5515 E gywi    : java.lang.RuntimeException: ManagedChannel allocation site
07-23 15:12:58.656  1664  5515 E gywi    : 	at gywh.<init>(:com.google.android.gms@250734038@25.07.34 (260800-734679633):21)
07-23 15:12:58.656  1664  5515 E gywi    : 	at gywi.<init>(:com.google.android.gms@250734038@25.07.34 (260800-734679633):10)
07-23 15:12:58.656  1664  5515 E gywi    : 	at gywg.a(:com.google.android.gms@250734038@25.07.34 (260800-734679633):247)
07-23 15:12:58.656  1664  5515 E gywi    : 	at gyhg.a(:com.google.android.gms@250734038@25.07.34 (260800-734679633):5)
07-23 15:12:58.656  1664  5515 E gywi    : 	at cafq.g(:com.google.android.gms@250734038@25.07.34 (260800-734679633):81)
07-23 15:12:58.656  1664  5515 E gywi    : 	at fqqz.a(:com.google.android.gms@250734038@25.07.34 (260800-734679633):219)
07-23 15:12:58.656  1664  5515 E gywi    : 	at ffoj.a(:com.google.android.gms@250734038@25.07.34 (260800-734679633):13)
07-23 15:12:58.656  1664  5515 E gywi    : 	at fnlg.a(:com.google.android.gms@250734038@25.07.34 (260800-734679633):3)
07-23 15:12:58.656  1664  5515 E gywi    : 	at fnkh.run(:com.google.android.gms@250734038@25.07.34 (260800-734679633):19)
07-23 15:12:58.656  1664  5515 E gywi    : 	at fnli.run(:com.google.android.gms@250734038@25.07.34 (260800-734679633):5)
07-23 15:12:58.656  1664  5515 E gywi    : 	at atca.c(:com.google.android.gms@250734038@25.07.34 (260800-734679633):50)
07-23 15:12:58.656  1664  5515 E gywi    : 	at atca.run(:com.google.android.gms@250734038@25.07.34 (260800-734679633):76)
07-23 15:12:58.656  1664  5515 E gywi    : 	at java.util.concurrent.ThreadPoolExecutor.runWorker(ThreadPoolExecutor.java:1156)
07-23 15:12:58.656  1664  5515 E gywi    : 	at java.util.concurrent.ThreadPoolExecutor$Worker.run(ThreadPoolExecutor.java:651)
07-23 15:12:58.656  1664  5515 E gywi    : 	at athn.run(:com.google.android.gms@250734038@25.07.34 (260800-734679633):8)
07-23 15:12:58.656  1664  5515 E gywi    : 	at java.lang.Thread.run(Thread.java:1119)
07-23 15:12:58.657  1664  5515 E gywi    : *~*~*~ Previous channel {0} was garbage collected without being shut down! ~*~*~*
07-23 15:12:58.657  1664  5515 E gywi    :     Make sure to call shutdown()/shutdownNow()
07-23 15:12:58.657  1664  5515 E gywi    : java.lang.RuntimeException: ManagedChannel allocation site
07-23 15:12:58.657  1664  5515 E gywi    : 	at gywh.<init>(:com.google.android.gms@250734038@25.07.34 (260800-734679633):21)
07-23 15:12:58.657  1664  5515 E gywi    : 	at gywi.<init>(:com.google.android.gms@250734038@25.07.34 (260800-734679633):10)
07-23 15:12:58.657  1664  5515 E gywi    : 	at gywg.a(:com.google.android.gms@250734038@25.07.34 (260800-734679633):247)
07-23 15:12:58.657  1664  5515 E gywi    : 	at gyhg.a(:com.google.android.gms@250734038@25.07.34 (260800-734679633):5)
07-23 15:12:58.657  1664  5515 E gywi    : 	at cafq.g(:com.google.android.gms@250734038@25.07.34 (260800-734679633):81)
07-23 15:12:58.657  1664  5515 E gywi    : 	at fqqz.a(:com.google.android.gms@250734038@25.07.34 (260800-734679633):219)
07-23 15:12:58.657  1664  5515 E gywi    : 	at ffoj.a(:com.google.android.gms@250734038@25.07.34 (260800-734679633):13)
07-23 15:12:58.657  1664  5515 E gywi    : 	at fnlg.a(:com.google.android.gms@250734038@25.07.34 (260800-734679633):3)
07-23 15:12:58.657  1664  5515 E gywi    : 	at fnkh.run(:com.google.android.gms@250734038@25.07.34 (260800-734679633):19)
07-23 15:12:58.657  1664  5515 E gywi    : 	at fnli.run(:com.google.android.gms@250734038@25.07.34 (260800-734679633):5)
07-23 15:12:58.657  1664  5515 E gywi    : 	at atca.c(:com.google.android.gms@250734038@25.07.34 (260800-734679633):50)
07-23 15:12:58.657  1664  5515 E gywi    : 	at atca.run(:com.google.android.gms@250734038@25.07.34 (260800-734679633):76)
07-23 15:12:58.657  1664  5515 E gywi    : 	at java.util.concurrent.ThreadPoolExecutor.runWorker(ThreadPoolExecutor.java:1156)
07-23 15:12:58.657  1664  5515 E gywi    : 	at java.util.concurrent.ThreadPoolExecutor$Worker.run(ThreadPoolExecutor.java:651)
07-23 15:12:58.657  1664  5515 E gywi    : 	at athn.run(:com.google.android.gms@250734038@25.07.34 (260800-734679633):8)
07-23 15:12:58.657  1664  5515 E gywi    : 	at java.lang.Thread.run(Thread.java:1119)
07-23 15:12:58.658  1664  5515 E gywi    : *~*~*~ Previous channel {0} was garbage collected without being shut down! ~*~*~*
07-23 15:12:58.658  1664  5515 E gywi    :     Make sure to call shutdown()/shutdownNow()
07-23 15:12:58.658  1664  5515 E gywi    : java.lang.RuntimeException: ManagedChannel allocation site
07-23 15:12:58.658  1664  5515 E gywi    : 	at gywh.<init>(:com.google.android.gms@250734038@25.07.34 (260800-734679633):21)
07-23 15:12:58.658  1664  5515 E gywi    : 	at gywi.<init>(:com.google.android.gms@250734038@25.07.34 (260800-734679633):10)
07-23 15:12:58.658  1664  5515 E gywi    : 	at gywg.a(:com.google.android.gms@250734038@25.07.34 (260800-734679633):247)
07-23 15:12:58.658  1664  5515 E gywi    : 	at gyhg.a(:com.google.android.gms@250734038@25.07.34 (260800-734679633):5)
07-23 15:12:58.658  1664  5515 E gywi    : 	at cafq.g(:com.google.android.gms@250734038@25.07.34 (260800-734679633):81)
07-23 15:12:58.658  1664  5515 E gywi    : 	at fqqz.a(:com.google.android.gms@250734038@25.07.34 (260800-734679633):219)
07-23 15:12:58.658  1664  5515 E gywi    : 	at ffoj.a(:com.google.android.gms@250734038@25.07.34 (260800-734679633):13)
07-23 15:12:58.658  1664  5515 E gywi    : 	at fnlg.a(:com.google.android.gms@250734038@25.07.34 (260800-734679633):3)
07-23 15:12:58.658  1664  5515 E gywi    : 	at fnkh.run(:com.google.android.gms@250734038@25.07.34 (260800-734679633):19)
07-23 15:12:58.658  1664  5515 E gywi    : 	at fnli.run(:com.google.android.gms@250734038@25.07.34 (260800-734679633):5)
07-23 15:12:58.658  1664  5515 E gywi    : 	at atca.c(:com.google.android.gms@250734038@25.07.34 (260800-734679633):50)
07-23 15:12:58.658  1664  5515 E gywi    : 	at atca.run(:com.google.android.gms@250734038@25.07.34 (260800-734679633):76)
07-23 15:12:58.658  1664  5515 E gywi    : 	at java.util.concurrent.ThreadPoolExecutor.runWorker(ThreadPoolExecutor.java:1156)
07-23 15:12:58.658  1664  5515 E gywi    : 	at java.util.concurrent.ThreadPoolExecutor$Worker.run(ThreadPoolExecutor.java:651)
07-23 15:12:58.658  1664  5515 E gywi    : 	at athn.run(:com.google.android.gms@250734038@25.07.34 (260800-734679633):8)
07-23 15:12:58.658  1664  5515 E gywi    : 	at java.lang.Thread.run(Thread.java:1119)
07-23 15:12:58.658  1664  5515 E gywi    : *~*~*~ Previous channel {0} was garbage collected without being shut down! ~*~*~*
07-23 15:12:58.658  1664  5515 E gywi    :     Make sure to call shutdown()/shutdownNow()
07-23 15:12:58.658  1664  5515 E gywi    : java.lang.RuntimeException: ManagedChannel allocation site
07-23 15:12:58.658  1664  5515 E gywi    : 	at gywh.<init>(:com.google.android.gms@250734038@25.07.34 (260800-734679633):21)
07-23 15:12:58.658  1664  5515 E gywi    : 	at gywi.<init>(:com.google.android.gms@250734038@25.07.34 (260800-734679633):10)
07-23 15:12:58.658  1664  5515 E gywi    : 	at gywg.a(:com.google.android.gms@250734038@25.07.34 (260800-734679633):247)
07-23 15:12:58.658  1664  5515 E gywi    : 	at gyhg.a(:com.google.android.gms@250734038@25.07.34 (260800-734679633):5)
07-23 15:12:58.658  1664  5515 E gywi    : 	at cafq.g(:com.google.android.gms@250734038@25.07.34 (260800-734679633):81)
07-23 15:12:58.658  1664  5515 E gywi    : 	at fqqz.a(:com.google.android.gms@250734038@25.07.34 (260800-734679633):219)
07-23 15:12:58.658  1664  5515 E gywi    : 	at ffoj.a(:com.google.android.gms@250734038@25.07.34 (260800-734679633):13)
07-23 15:12:58.658  1664  5515 E gywi    : 	at fnlg.a(:com.google.android.gms@250734038@25.07.34 (260800-734679633):3)
07-23 15:12:58.658  1664  5515 E gywi    : 	at fnkh.run(:com.google.android.gms@250734038@25.07.34 (260800-734679633):19)
07-23 15:12:58.658  1664  5515 E gywi    : 	at fnli.run(:com.google.android.gms@250734038@25.07.34 (260800-734679633):5)
07-23 15:12:58.658  1664  5515 E gywi    : 	at atca.c(:com.google.android.gms@250734038@25.07.34 (260800-734679633):50)
07-23 15:12:58.658  1664  5515 E gywi    : 	at atca.run(:com.google.android.gms@250734038@25.07.34 (260800-734679633):76)
07-23 15:12:58.658  1664  5515 E gywi    : 	at java.util.concurrent.ThreadPoolExecutor.runWorker(ThreadPoolExecutor.java:1156)
07-23 15:12:58.658  1664  5515 E gywi    : 	at java.util.concurrent.ThreadPoolExecutor$Worker.run(ThreadPoolExecutor.java:651)
07-23 15:12:58.658  1664  5515 E gywi    : 	at athn.run(:com.google.android.gms@250734038@25.07.34 (260800-734679633):8)
07-23 15:12:58.658  1664  5515 E gywi    : 	at java.lang.Thread.run(Thread.java:1119)
07-23 15:16:18.499  1556  2035 E GmsTaskScheduler: sendWakeUpEvent called on SchedulerClientBroadcastStrategy
07-23 15:16:18.573  1556  2035 E GmsTaskScheduler: sendWakeUpEvent called on SchedulerClientBroadcastStrategy
07-23 15:17:09.211   734  5776 E GnssPsdsDownloader: No Long-Term PSDS servers were specified in the GnssConfiguration
07-23 15:19:05.588   734   786 E BluetoothPowerStatsCollector: Cannot acquire BluetoothActivityEnergyInfo
07-23 15:19:05.588   734   786 E BluetoothPowerStatsCollector: java.util.concurrent.ExecutionException: java.lang.RuntimeException: error: 11
07-23 15:19:05.588   734   786 E BluetoothPowerStatsCollector: 	at java.util.concurrent.CompletableFuture.reportGet(CompletableFuture.java:372)
07-23 15:19:05.588   734   786 E BluetoothPowerStatsCollector: 	at java.util.concurrent.CompletableFuture.get(CompletableFuture.java:2072)
07-23 15:19:05.588   734   786 E BluetoothPowerStatsCollector: 	at com.android.server.power.stats.BluetoothPowerStatsCollector.collectBluetoothActivityInfo(BluetoothPowerStatsCollector.java:192)
07-23 15:19:05.588   734   786 E BluetoothPowerStatsCollector: 	at com.android.server.power.stats.BluetoothPowerStatsCollector.collectStats(BluetoothPowerStatsCollector.java:155)
07-23 15:19:05.588   734   786 E BluetoothPowerStatsCollector: 	at com.android.server.power.stats.PowerStatsCollector.collectAndDeliverStats(PowerStatsCollector.java:176)
07-23 15:19:05.588   734   786 E BluetoothPowerStatsCollector: 	at com.android.server.power.stats.PowerStatsCollector$$ExternalSyntheticLambda0.run(R8$$SyntheticClass:0)
07-23 15:19:05.588   734   786 E BluetoothPowerStatsCollector: 	at android.os.Handler.handleCallback(Handler.java:995)
07-23 15:19:05.588   734   786 E BluetoothPowerStatsCollector: 	at android.os.Handler.dispatchMessage(Handler.java:103)
07-23 15:19:05.588   734   786 E BluetoothPowerStatsCollector: 	at android.os.Looper.loopOnce(Looper.java:248)
07-23 15:19:05.588   734   786 E BluetoothPowerStatsCollector: 	at android.os.Looper.loop(Looper.java:338)
07-23 15:19:05.588   734   786 E BluetoothPowerStatsCollector: 	at android.os.HandlerThread.run(HandlerThread.java:85)
07-23 15:19:05.588   734   786 E BluetoothPowerStatsCollector: Caused by: java.lang.RuntimeException: error: 11
07-23 15:19:05.588   734   786 E BluetoothPowerStatsCollector: 	at com.android.server.power.stats.BluetoothPowerStatsCollector$1.onBluetoothActivityEnergyInfoError(BluetoothPowerStatsCollector.java:181)
07-23 15:19:05.588   734   786 E BluetoothPowerStatsCollector: 	at android.bluetooth.BluetoothAdapter$OnBluetoothActivityEnergyInfoProxy.lambda$onBluetoothActivityEnergyInfoAvailable$0(BluetoothAdapter.java:1037)
07-23 15:19:05.588   734   786 E BluetoothPowerStatsCollector: 	at android.bluetooth.BluetoothAdapter$OnBluetoothActivityEnergyInfoProxy$$ExternalSyntheticLambda1.run(D8$$SyntheticClass:0)
07-23 15:19:05.588   734   786 E BluetoothPowerStatsCollector: 	at android.bluetooth.BluetoothUtils.lambda$executeFromBinder$0(BluetoothUtils.java:343)
07-23 15:19:05.588   734   786 E BluetoothPowerStatsCollector: 	at android.bluetooth.BluetoothUtils$$ExternalSyntheticLambda1.run(D8$$SyntheticClass:0)
07-23 15:19:05.588   734   786 E BluetoothPowerStatsCollector: 	at com.android.server.SystemServerInitThreadPool$$ExternalSyntheticLambda0.execute(R8$$SyntheticClass:0)
07-23 15:19:05.588   734   786 E BluetoothPowerStatsCollector: 	at android.bluetooth.BluetoothUtils.executeFromBinder(BluetoothUtils.java:343)
07-23 15:19:05.588   734   786 E BluetoothPowerStatsCollector: 	at android.bluetooth.BluetoothAdapter$OnBluetoothActivityEnergyInfoProxy.onBluetoothActivityEnergyInfoAvailable(BluetoothAdapter.java:1035)
07-23 15:19:05.588   734   786 E BluetoothPowerStatsCollector: 	at android.bluetooth.IBluetoothActivityEnergyInfoListener$Stub.onTransact(IBluetoothActivityEnergyInfoListener.java:98)
07-23 15:19:05.588   734   786 E BluetoothPowerStatsCollector: 	at android.os.Binder.execTransactInternal(Binder.java:1426)
07-23 15:19:05.588   734   786 E BluetoothPowerStatsCollector: 	at android.os.Binder.execTransact(Binder.java:1365)
07-23 15:19:08.736  4350  4350 E rdv     : onError
07-23 15:19:08.736  4350  4350 E rdv     : afvv: errorCode: 65561, engine: 2
07-23 15:19:08.736  4350  4350 E rdv     : 	at auki.a(PG:23)
07-23 15:19:08.736  4350  4350 E rdv     : 	at abhl.hv(PG:13)
07-23 15:19:08.736  4350  4350 E rdv     : 	at fyqd.e(PG:9)
07-23 15:19:08.736  4350  4350 E rdv     : 	at ahbi.d(PG:154)
07-23 15:19:08.736  4350  4350 E rdv     : 	at ahbi.iW(PG:26)
07-23 15:19:08.736  4350  4350 E rdv     : 	at abhm.c(PG:102)
07-23 15:19:08.736  4350  4350 E rdv     : 	at abhn.run(PG:1)
07-23 15:19:08.736  4350  4350 E rdv     : 	at java.util.concurrent.Executors$RunnableAdapter.call(Executors.java:524)
07-23 15:19:08.736  4350  4350 E rdv     : 	at java.util.concurrent.FutureTask.run(FutureTask.java:317)
07-23 15:19:08.736  4350  4350 E rdv     : 	at aggv.run(PG:20)
07-23 15:19:08.736  4350  4350 E rdv     : 	at aght.run(PG:3)
07-23 15:19:08.736  4350  4350 E rdv     : 	at aght.run(PG:3)
07-23 15:19:08.736  4350  4350 E rdv     : 	at java.util.concurrent.ThreadPoolExecutor.runWorker(ThreadPoolExecutor.java:1156)
07-23 15:19:08.736  4350  4350 E rdv     : 	at java.util.concurrent.ThreadPoolExecutor$Worker.run(ThreadPoolExecutor.java:651)
07-23 15:19:08.736  4350  4350 E rdv     : 	at java.lang.Thread.run(Thread.java:1119)
07-23 15:19:08.736  4350  4350 E rdv     : 	at aggj.run(PG:42)
07-23 15:19:08.736  4350  4350 E rdv     : Caused by: afvx: errorCode: 65586, engine: 2
07-23 15:19:08.736  4350  4350 E rdv     : 	at abhl.hv(PG:6)
07-23 15:19:08.736  4350  4350 E rdv     : 	... 14 more
07-23 15:19:08.736  4350  4350 E rdv     : Caused by: afvt: errorCode: 401, engine: 2
07-23 15:19:08.736  4350  4350 E rdv     : 	at rds.b(PG:30)
07-23 15:19:08.736  4350  4350 E rdv     : 	at abii.hJ(PG:11)
07-23 15:19:08.736  4350  4350 E rdv     : 	at ahbi.d(PG:129)
07-23 15:19:08.736  4350  4350 E rdv     : 	... 12 more
07-23 15:24:30.587   734   786 E BluetoothPowerStatsCollector: Cannot acquire BluetoothActivityEnergyInfo
07-23 15:24:30.587   734   786 E BluetoothPowerStatsCollector: java.util.concurrent.ExecutionException: java.lang.RuntimeException: error: 11
07-23 15:24:30.587   734   786 E BluetoothPowerStatsCollector: 	at java.util.concurrent.CompletableFuture.reportGet(CompletableFuture.java:372)
07-23 15:24:30.587   734   786 E BluetoothPowerStatsCollector: 	at java.util.concurrent.CompletableFuture.get(CompletableFuture.java:2072)
07-23 15:24:30.587   734   786 E BluetoothPowerStatsCollector: 	at com.android.server.power.stats.BluetoothPowerStatsCollector.collectBluetoothActivityInfo(BluetoothPowerStatsCollector.java:192)
07-23 15:24:30.587   734   786 E BluetoothPowerStatsCollector: 	at com.android.server.power.stats.BluetoothPowerStatsCollector.collectStats(BluetoothPowerStatsCollector.java:155)
07-23 15:24:30.587   734   786 E BluetoothPowerStatsCollector: 	at com.android.server.power.stats.PowerStatsCollector.collectAndDeliverStats(PowerStatsCollector.java:176)
07-23 15:24:30.587   734   786 E BluetoothPowerStatsCollector: 	at com.android.server.power.stats.PowerStatsCollector$$ExternalSyntheticLambda0.run(R8$$SyntheticClass:0)
07-23 15:24:30.587   734   786 E BluetoothPowerStatsCollector: 	at android.os.Handler.handleCallback(Handler.java:995)
07-23 15:24:30.587   734   786 E BluetoothPowerStatsCollector: 	at android.os.Handler.dispatchMessage(Handler.java:103)
07-23 15:24:30.587   734   786 E BluetoothPowerStatsCollector: 	at android.os.Looper.loopOnce(Looper.java:248)
07-23 15:24:30.587   734   786 E BluetoothPowerStatsCollector: 	at android.os.Looper.loop(Looper.java:338)
07-23 15:24:30.587   734   786 E BluetoothPowerStatsCollector: 	at android.os.HandlerThread.run(HandlerThread.java:85)
07-23 15:24:30.587   734   786 E BluetoothPowerStatsCollector: Caused by: java.lang.RuntimeException: error: 11
07-23 15:24:30.587   734   786 E BluetoothPowerStatsCollector: 	at com.android.server.power.stats.BluetoothPowerStatsCollector$1.onBluetoothActivityEnergyInfoError(BluetoothPowerStatsCollector.java:181)
07-23 15:24:30.587   734   786 E BluetoothPowerStatsCollector: 	at android.bluetooth.BluetoothAdapter$OnBluetoothActivityEnergyInfoProxy.lambda$onBluetoothActivityEnergyInfoAvailable$0(BluetoothAdapter.java:1037)
07-23 15:24:30.587   734   786 E BluetoothPowerStatsCollector: 	at android.bluetooth.BluetoothAdapter$OnBluetoothActivityEnergyInfoProxy$$ExternalSyntheticLambda1.run(D8$$SyntheticClass:0)
07-23 15:24:30.587   734   786 E BluetoothPowerStatsCollector: 	at android.bluetooth.BluetoothUtils.lambda$executeFromBinder$0(BluetoothUtils.java:343)
07-23 15:24:30.587   734   786 E BluetoothPowerStatsCollector: 	at android.bluetooth.BluetoothUtils$$ExternalSyntheticLambda1.run(D8$$SyntheticClass:0)
07-23 15:24:30.587   734   786 E BluetoothPowerStatsCollector: 	at com.android.server.SystemServerInitThreadPool$$ExternalSyntheticLambda0.execute(R8$$SyntheticClass:0)
07-23 15:24:30.587   734   786 E BluetoothPowerStatsCollector: 	at android.bluetooth.BluetoothUtils.executeFromBinder(BluetoothUtils.java:343)
07-23 15:24:30.587   734   786 E BluetoothPowerStatsCollector: 	at android.bluetooth.BluetoothAdapter$OnBluetoothActivityEnergyInfoProxy.onBluetoothActivityEnergyInfoAvailable(BluetoothAdapter.java:1035)
07-23 15:24:30.587   734   786 E BluetoothPowerStatsCollector: 	at android.bluetooth.IBluetoothActivityEnergyInfoListener$Stub.onTransact(IBluetoothActivityEnergyInfoListener.java:98)
07-23 15:24:30.587   734   786 E BluetoothPowerStatsCollector: 	at android.os.Binder.execTransactInternal(Binder.java:1426)
07-23 15:24:30.587   734   786 E BluetoothPowerStatsCollector: 	at android.os.Binder.execTransact(Binder.java:1365)
07-23 15:25:38.842  1556  2035 E GmsTaskScheduler: sendWakeUpEvent called on SchedulerClientBroadcastStrategy
07-23 15:25:38.843  1556  2035 E GmsTaskScheduler: sendWakeUpEvent called on SchedulerClientBroadcastStrategy
07-23 15:27:02.736  1664  5843 E constellation: [rpc_manager] SetConsent failed with status: gykt{code=PERMISSION_DENIED, description=The caller does not have permission, cause=null}
07-23 15:27:02.736  1664  5843 E constellation: Exception: 
07-23 15:27:02.736  1664  5843 E constellation: gyku: PERMISSION_DENIED: The caller does not have permission
07-23 15:27:02.736  1664  5843 E constellation: 	at aswl.s(:com.google.android.gms@250734038@25.07.34 (260800-734679633):31)
07-23 15:27:02.736  1664  5843 E constellation: 	at aswl.f(:com.google.android.gms@250734038@25.07.34 (260800-734679633):98)
07-23 15:27:02.736  1664  5843 E constellation: 	at atnx.o(:com.google.android.gms@250734038@25.07.34 (260800-734679633):292)
07-23 15:27:02.736  1664  5843 E constellation: 	at atnx.t(:com.google.android.gms@250734038@25.07.34 (260800-734679633):126)
07-23 15:27:02.736  1664  5843 E constellation: 	at com.google.android.gms.constellation.EventManager.onHandleIntent(:com.google.android.gms@250734038@25.07.34 (260800-734679633):884)
07-23 15:27:02.736  1664  5843 E constellation: 	at com.google.android.chimera.IntentOperation.onHandleIntent(:com.google.android.gms@250734038@25.07.34 (260800-734679633):2)
07-23 15:27:02.736  1664  5843 E constellation: 	at aonz.onHandleIntent(:com.google.android.gms@250734038@25.07.34 (260800-734679633):8)
07-23 15:27:02.736  1664  5843 E constellation: 	at sfi.run(:com.google.android.gms@250734038@25.07.34 (260800-734679633):70)
07-23 15:27:02.736  1664  5843 E constellation: 	at sfh.run(:com.google.android.gms@250734038@25.07.34 (260800-734679633):152)
07-23 15:27:02.736  1664  5843 E constellation: 	at ffoo.run(:com.google.android.gms@250734038@25.07.34 (260800-734679633):21)
07-23 15:27:02.736  1664  5843 E constellation: 	at java.util.concurrent.ThreadPoolExecutor.runWorker(ThreadPoolExecutor.java:1156)
07-23 15:27:02.736  1664  5843 E constellation: 	at java.util.concurrent.ThreadPoolExecutor$Worker.run(ThreadPoolExecutor.java:651)
07-23 15:27:02.736  1664  5843 E constellation: 	at java.lang.Thread.run(Thread.java:1119)
07-23 15:27:02.739  1664  4619 E constellation: [api_set_asterism_consent] Verification exception:
07-23 15:27:02.739  1664  4619 E constellation: aubv: setConsent: The caller does not have permission []
07-23 15:27:02.739  1664  4619 E constellation: 	at atnx.o(:com.google.android.gms@250734038@25.07.34 (260800-734679633):529)
07-23 15:27:02.739  1664  4619 E constellation: 	at atnx.t(:com.google.android.gms@250734038@25.07.34 (260800-734679633):126)
07-23 15:27:02.739  1664  4619 E constellation: 	at com.google.android.gms.constellation.EventManager.onHandleIntent(:com.google.android.gms@250734038@25.07.34 (260800-734679633):884)
07-23 15:27:02.739  1664  4619 E constellation: 	at com.google.android.chimera.IntentOperation.onHandleIntent(:com.google.android.gms@250734038@25.07.34 (260800-734679633):2)
07-23 15:27:02.739  1664  4619 E constellation: 	at aonz.onHandleIntent(:com.google.android.gms@250734038@25.07.34 (260800-734679633):8)
07-23 15:27:02.739  1664  4619 E constellation: 	at sfi.run(:com.google.android.gms@250734038@25.07.34 (260800-734679633):70)
07-23 15:27:02.739  1664  4619 E constellation: 	at sfh.run(:com.google.android.gms@250734038@25.07.34 (260800-734679633):152)
07-23 15:27:02.739  1664  4619 E constellation: 	at ffoo.run(:com.google.android.gms@250734038@25.07.34 (260800-734679633):21)
07-23 15:27:02.739  1664  4619 E constellation: 	at java.util.concurrent.ThreadPoolExecutor.runWorker(ThreadPoolExecutor.java:1156)
07-23 15:27:02.739  1664  4619 E constellation: 	at java.util.concurrent.ThreadPoolExecutor$Worker.run(ThreadPoolExecutor.java:651)
07-23 15:27:02.739  1664  4619 E constellation: 	at java.lang.Thread.run(Thread.java:1119)
07-23 15:27:02.742  3759  3897 E Bugle   : SharedStorageInteractor: Security error,calling app is not whitelisted to access Bugle's data, uid: 10145
07-23 15:27:02.748  3759  3897 E BugleRcsEngine: Error while retrieving RcsProvisioningRcsDefaultOnConfiguration from Bugle storage. [CONTEXT log_prefix="ProvisioningEngineDataRetriever" thread_id=56 ]
07-23 15:27:02.748  3759  3897 E BugleRcsEngine: dlei: ContentProvider request failed, failureReason: UID_NOT_VERIFIED_ERROR
07-23 15:27:02.748  3759  3897 E BugleRcsEngine: 	at dlej.f(PG:134)
07-23 15:27:02.748  3759  3897 E BugleRcsEngine: 	at dlej.h(PG:14)
07-23 15:27:02.748  3759  3897 E BugleRcsEngine: 	at dlej.n(PG:7)
07-23 15:27:02.748  3759  3897 E BugleRcsEngine: 	at dkov.e(PG:7)
07-23 15:27:02.748  3759  3897 E BugleRcsEngine: 	at dkgu.a(PG:3)
07-23 15:27:02.748  3759  3897 E BugleRcsEngine: 	at dkgo.i(PG:9)
07-23 15:27:02.748  3759  3897 E BugleRcsEngine: 	at dkgh.apply(PG:8)
07-23 15:27:02.748  3759  3897 E BugleRcsEngine: 	at elyn.hx(PG:7)
07-23 15:27:02.748  3759  3897 E BugleRcsEngine: 	at esdg.run(PG:19)
07-23 15:27:02.748  3759  3897 E BugleRcsEngine: 	at escj.execute(PG:1)
07-23 15:27:02.748  3759  3897 E BugleRcsEngine: 	at elyr.execute(PG:18)
07-23 15:27:02.748  3759  3897 E BugleRcsEngine: 	at esak.f(PG:1)
07-23 15:27:02.748  3759  3897 E BugleRcsEngine: 	at esak.k(PG:93)
07-23 15:27:02.748  3759  3897 E BugleRcsEngine: 	at esak.setException(PG:17)
07-23 15:27:02.748  3759  3897 E BugleRcsEngine: 	at esas.run(PG:77)
07-23 15:27:02.748  3759  3897 E BugleRcsEngine: 	at escj.execute(PG:1)
07-23 15:27:02.748  3759  3897 E BugleRcsEngine: 	at esak.f(PG:1)
07-23 15:27:02.748  3759  3897 E BugleRcsEngine: 	at esak.k(PG:93)
07-23 15:27:02.748  3759  3897 E BugleRcsEngine: 	at esak.setException(PG:17)
07-23 15:27:02.748  3759  3897 E BugleRcsEngine: 	at duxh.a(PG:35)
07-23 15:27:02.748  3759  3897 E BugleRcsEngine: 	at dich.run(PG:10)
07-23 15:27:02.748  3759  3897 E BugleRcsEngine: 	at escj.execute(PG:1)
07-23 15:27:02.748  3759  3897 E BugleRcsEngine: 	at dici.c(PG:12)
07-23 15:27:02.748  3759  3897 E BugleRcsEngine: 	at dicx.b(PG:36)
07-23 15:27:02.748  3759  3897 E BugleRcsEngine: 	at didd.u(PG:20)
07-23 15:27:02.748  3759  3897 E BugleRcsEngine: 	at dicz.a(PG:3)
07-23 15:27:02.748  3759  3897 E BugleRcsEngine: 	at dghd.b(PG:15)
07-23 15:27:02.748  3759  3897 E BugleRcsEngine: 	at dfld.onConsentRegistered(PG:3)
07-23 15:27:02.748  3759  3897 E BugleRcsEngine: 	at com.google.android.gms.asterism.internal.IAsterismCallbacks$Stub.dispatchTransaction(PG:28)
07-23 15:27:02.748  3759  3897 E BugleRcsEngine: 	at com.google.android.aidl.BaseStub.onTransact(PG:13)
07-23 15:27:02.748  3759  3897 E BugleRcsEngine: 	at android.os.Binder.execTransactInternal(Binder.java:1426)
07-23 15:27:02.748  3759  3897 E BugleRcsEngine: 	at android.os.Binder.execTransact(Binder.java:1365)
07-23 15:30:46.149   734   786 E BluetoothPowerStatsCollector: Cannot acquire BluetoothActivityEnergyInfo
07-23 15:30:46.149   734   786 E BluetoothPowerStatsCollector: java.util.concurrent.ExecutionException: java.lang.RuntimeException: error: 11
07-23 15:30:46.149   734   786 E BluetoothPowerStatsCollector: 	at java.util.concurrent.CompletableFuture.reportGet(CompletableFuture.java:372)
07-23 15:30:46.149   734   786 E BluetoothPowerStatsCollector: 	at java.util.concurrent.CompletableFuture.get(CompletableFuture.java:2072)
07-23 15:30:46.149   734   786 E BluetoothPowerStatsCollector: 	at com.android.server.power.stats.BluetoothPowerStatsCollector.collectBluetoothActivityInfo(BluetoothPowerStatsCollector.java:192)
07-23 15:30:46.149   734   786 E BluetoothPowerStatsCollector: 	at com.android.server.power.stats.BluetoothPowerStatsCollector.collectStats(BluetoothPowerStatsCollector.java:155)
07-23 15:30:46.149   734   786 E BluetoothPowerStatsCollector: 	at com.android.server.power.stats.PowerStatsCollector.collectAndDeliverStats(PowerStatsCollector.java:176)
07-23 15:30:46.149   734   786 E BluetoothPowerStatsCollector: 	at com.android.server.power.stats.PowerStatsCollector$$ExternalSyntheticLambda0.run(R8$$SyntheticClass:0)
07-23 15:30:46.149   734   786 E BluetoothPowerStatsCollector: 	at android.os.Handler.handleCallback(Handler.java:995)
07-23 15:30:46.149   734   786 E BluetoothPowerStatsCollector: 	at android.os.Handler.dispatchMessage(Handler.java:103)
07-23 15:30:46.149   734   786 E BluetoothPowerStatsCollector: 	at android.os.Looper.loopOnce(Looper.java:248)
07-23 15:30:46.149   734   786 E BluetoothPowerStatsCollector: 	at android.os.Looper.loop(Looper.java:338)
07-23 15:30:46.149   734   786 E BluetoothPowerStatsCollector: 	at android.os.HandlerThread.run(HandlerThread.java:85)
07-23 15:30:46.149   734   786 E BluetoothPowerStatsCollector: Caused by: java.lang.RuntimeException: error: 11
07-23 15:30:46.149   734   786 E BluetoothPowerStatsCollector: 	at com.android.server.power.stats.BluetoothPowerStatsCollector$1.onBluetoothActivityEnergyInfoError(BluetoothPowerStatsCollector.java:181)
07-23 15:30:46.149   734   786 E BluetoothPowerStatsCollector: 	at android.bluetooth.BluetoothAdapter$OnBluetoothActivityEnergyInfoProxy.lambda$onBluetoothActivityEnergyInfoAvailable$0(BluetoothAdapter.java:1037)
07-23 15:30:46.149   734   786 E BluetoothPowerStatsCollector: 	at android.bluetooth.BluetoothAdapter$OnBluetoothActivityEnergyInfoProxy$$ExternalSyntheticLambda1.run(D8$$SyntheticClass:0)
07-23 15:30:46.149   734   786 E BluetoothPowerStatsCollector: 	at android.bluetooth.BluetoothUtils.lambda$executeFromBinder$0(BluetoothUtils.java:343)
07-23 15:30:46.149   734   786 E BluetoothPowerStatsCollector: 	at android.bluetooth.BluetoothUtils$$ExternalSyntheticLambda1.run(D8$$SyntheticClass:0)
07-23 15:30:46.149   734   786 E BluetoothPowerStatsCollector: 	at com.android.server.SystemServerInitThreadPool$$ExternalSyntheticLambda0.execute(R8$$SyntheticClass:0)
07-23 15:30:46.149   734   786 E BluetoothPowerStatsCollector: 	at android.bluetooth.BluetoothUtils.executeFromBinder(BluetoothUtils.java:343)
07-23 15:30:46.149   734   786 E BluetoothPowerStatsCollector: 	at android.bluetooth.BluetoothAdapter$OnBluetoothActivityEnergyInfoProxy.onBluetoothActivityEnergyInfoAvailable(BluetoothAdapter.java:1035)
07-23 15:30:46.149   734   786 E BluetoothPowerStatsCollector: 	at android.bluetooth.IBluetoothActivityEnergyInfoListener$Stub.onTransact(IBluetoothActivityEnergyInfoListener.java:98)
07-23 15:30:46.149   734   786 E BluetoothPowerStatsCollector: 	at android.os.Binder.execTransactInternal(Binder.java:1426)
07-23 15:30:46.149   734   786 E BluetoothPowerStatsCollector: 	at android.os.Binder.execTransact(Binder.java:1365)
07-23 15:33:59.344  1556  2035 E GmsTaskScheduler: sendWakeUpEvent called on SchedulerClientBroadcastStrategy
07-23 15:33:59.344  1556  2035 E GmsTaskScheduler: sendWakeUpEvent called on SchedulerClientBroadcastStrategy
07-23 15:40:17.961   734   786 E BluetoothPowerStatsCollector: Cannot acquire BluetoothActivityEnergyInfo
07-23 15:40:17.961   734   786 E BluetoothPowerStatsCollector: java.util.concurrent.ExecutionException: java.lang.RuntimeException: error: 11
07-23 15:40:17.961   734   786 E BluetoothPowerStatsCollector: 	at java.util.concurrent.CompletableFuture.reportGet(CompletableFuture.java:372)
07-23 15:40:17.961   734   786 E BluetoothPowerStatsCollector: 	at java.util.concurrent.CompletableFuture.get(CompletableFuture.java:2072)
07-23 15:40:17.961   734   786 E BluetoothPowerStatsCollector: 	at com.android.server.power.stats.BluetoothPowerStatsCollector.collectBluetoothActivityInfo(BluetoothPowerStatsCollector.java:192)
07-23 15:40:17.961   734   786 E BluetoothPowerStatsCollector: 	at com.android.server.power.stats.BluetoothPowerStatsCollector.collectStats(BluetoothPowerStatsCollector.java:155)
07-23 15:40:17.961   734   786 E BluetoothPowerStatsCollector: 	at com.android.server.power.stats.PowerStatsCollector.collectAndDeliverStats(PowerStatsCollector.java:176)
07-23 15:40:17.961   734   786 E BluetoothPowerStatsCollector: 	at com.android.server.power.stats.PowerStatsCollector$$ExternalSyntheticLambda0.run(R8$$SyntheticClass:0)
07-23 15:40:17.961   734   786 E BluetoothPowerStatsCollector: 	at android.os.Handler.handleCallback(Handler.java:995)
07-23 15:40:17.961   734   786 E BluetoothPowerStatsCollector: 	at android.os.Handler.dispatchMessage(Handler.java:103)
07-23 15:40:17.961   734   786 E BluetoothPowerStatsCollector: 	at android.os.Looper.loopOnce(Looper.java:248)
07-23 15:40:17.961   734   786 E BluetoothPowerStatsCollector: 	at android.os.Looper.loop(Looper.java:338)
07-23 15:40:17.961   734   786 E BluetoothPowerStatsCollector: 	at android.os.HandlerThread.run(HandlerThread.java:85)
07-23 15:40:17.961   734   786 E BluetoothPowerStatsCollector: Caused by: java.lang.RuntimeException: error: 11
07-23 15:40:17.961   734   786 E BluetoothPowerStatsCollector: 	at com.android.server.power.stats.BluetoothPowerStatsCollector$1.onBluetoothActivityEnergyInfoError(BluetoothPowerStatsCollector.java:181)
07-23 15:40:17.961   734   786 E BluetoothPowerStatsCollector: 	at android.bluetooth.BluetoothAdapter$OnBluetoothActivityEnergyInfoProxy.lambda$onBluetoothActivityEnergyInfoAvailable$0(BluetoothAdapter.java:1037)
07-23 15:40:17.961   734   786 E BluetoothPowerStatsCollector: 	at android.bluetooth.BluetoothAdapter$OnBluetoothActivityEnergyInfoProxy$$ExternalSyntheticLambda1.run(D8$$SyntheticClass:0)
07-23 15:40:17.961   734   786 E BluetoothPowerStatsCollector: 	at android.bluetooth.BluetoothUtils.lambda$executeFromBinder$0(BluetoothUtils.java:343)
07-23 15:40:17.961   734   786 E BluetoothPowerStatsCollector: 	at android.bluetooth.BluetoothUtils$$ExternalSyntheticLambda1.run(D8$$SyntheticClass:0)
07-23 15:40:17.961   734   786 E BluetoothPowerStatsCollector: 	at com.android.server.SystemServerInitThreadPool$$ExternalSyntheticLambda0.execute(R8$$SyntheticClass:0)
07-23 15:40:17.961   734   786 E BluetoothPowerStatsCollector: 	at android.bluetooth.BluetoothUtils.executeFromBinder(BluetoothUtils.java:343)
07-23 15:40:17.961   734   786 E BluetoothPowerStatsCollector: 	at android.bluetooth.BluetoothAdapter$OnBluetoothActivityEnergyInfoProxy.onBluetoothActivityEnergyInfoAvailable(BluetoothAdapter.java:1035)
07-23 15:40:17.961   734   786 E BluetoothPowerStatsCollector: 	at android.bluetooth.IBluetoothActivityEnergyInfoListener$Stub.onTransact(IBluetoothActivityEnergyInfoListener.java:98)
07-23 15:40:17.961   734   786 E BluetoothPowerStatsCollector: 	at android.os.Binder.execTransactInternal(Binder.java:1426)
07-23 15:40:17.961   734   786 E BluetoothPowerStatsCollector: 	at android.os.Binder.execTransact(Binder.java:1365)
07-23 15:41:48.622  1363  1546 E bluetooth: system/gd/os/linux_generic/files.cc:223 FileCreatedTime: unable to read '/data/misc/bluetooth/logs/btsnooz_hci.log' file metadata, error: No such file or directory
07-23 15:43:12.136  1971  2167 E fcqb    : (REDACTED) Trace %s timed out after %d ms. Complete trace: %s
07-23 15:43:12.136  1971  2167 E fcqb    : fcrl: 
07-23 15:43:12.136  1971  2167 E fcqb    : 	at tk_trace.Write com.google.android.libraries.search.assistant.invocation.device#com.google.android.googlequicksearchbox(Started After:4)
07-23 15:43:12.136  1971  2167 E fcqb    : 	at tk_trace.Update com.google.android.libraries.search.assistant.invocation.device#com.google.android.googlequicksearchbox(Started After:4)
07-23 15:43:12.136  1971  2167 E fcqb    : 	at tk_trace.ConsistencyTierState.setNewValues(Started After:4)
07-23 15:43:12.136  1971  2167 E fcqb    : 	at tk_trace.Fetching experiments for device(Started After:2)
07-23 15:43:12.136  1971  2167 E fcqb    : 	at tk_trace.VoiceInteractionServiceReliabilityMonitor(Started After:2)
07-23 15:43:12.136  1971  2167 E fcqb    : 	at tk_trace.Startup Listeners(Started After:2)
07-23 15:43:12.136  1971  2167 E fcqb    : 	at tk_trace.Application.onCreate(Started After:2)
07-23 15:43:12.136  1971  2167 E fcqb    : 	at tk_trace.Application creation(Started After:0)
07-23 15:43:12.139  1971  2339 E fcqb    : (REDACTED) Trace %s timed out after %d ms. Complete trace: %s
07-23 15:43:12.139  1971  2339 E fcqb    : fcrl: 
07-23 15:43:12.139  1971  2339 E fcqb    : 	at tk_trace.unbind(Started After:5)
07-23 15:43:12.139  1971  2339 E fcqb    : 	at tk_trace.handleBroadcast(Started After:0)
07-23 15:43:12.139  1971  2339 E fcqb    : 	at tk_trace.Broadcast to com.google.android.apps.search.assistant.surfaces.bisto.interactor.broadcasts.BistoInternalIntentReceiver_Receiver com.google.android.apps.gsa.broadcastreceiver.SETTINGS_CHANGED(Started After:0)
07-23 15:43:12.140  1971  2167 E fcqb    : (REDACTED) Trace %s timed out after %d ms. Complete trace: %s
07-23 15:43:12.140  1971  2167 E fcqb    : fcrl: 
07-23 15:43:12.140  1971  2167 E fcqb    : 	at tk_trace.java.com.google.android.libraries.search.assistant.invocation.triggering.oracle.InvocationOracleService/OnPreferredClientMappingChanged-response(Started After:18)
07-23 15:43:12.140  1971  2167 E fcqb    : 	at tk_trace.java.com.google.android.libraries.search.assistant.invocation.triggering.oracle.InvocationOracleService/OnPreferredClientMappingChanged (Timed Out)(Started After:18)
07-23 15:43:12.140  1971  2167 E fcqb    : 	at tk_trace.VoiceAssistantPinnedClient#onCreate(Started After:11)
07-23 15:43:12.140  1971  2167 E fcqb    : 	at tk_trace.PropagatingContext(Started After:9)
07-23 15:43:12.140  1971  2167 E fcqb    : 	at tk_trace.VoiceInteractionServiceLifecycleCallbacks#onReady(Started After:0)
07-23 15:43:12.140  1971  2167 E fcqb    : 	at tk_trace.ApaVoiceInteractionService#onReady(Started After:0)
07-23 15:43:12.140  1971  2167 E fcqb    : 	Suppressed: fcrk: 
07-23 15:43:12.140  1971  2167 E fcqb    : 		at tk_trace.java.com.google.android.libraries.search.assistant.invocation.triggering.oracle.InvocationOracleServiceOnPreferredClientMappingChanged(unfinished)(Unknown Source:0)
07-23 15:43:12.140  1971  2167 E fcqb    : 		at tk_trace.VoiceAssistantPinnedClientonCreate 3218 ms(Unknown Source:0)
07-23 15:43:12.140  1971  2167 E fcqb    : 		at tk_trace.PropagatingContext 4658 ms(Unknown Source:0)
07-23 15:43:12.140  1971  2167 E fcqb    : 		at tk_trace.VoiceInteractionServiceLifecycleCallbacksonReady 1189 ms(Unknown Source:0)
07-23 15:43:12.140  1971  2167 E fcqb    : 		at tk_trace.ApaVoiceInteractionServiceonReady 0 ms(Unknown Source:0)
07-23 15:43:12.140  1971  2167 E fcqb    : 	Suppressed: fcrk: 
07-23 15:43:12.140  1971  2167 E fcqb    : 		at tk_trace.java.com.google.android.libraries.search.assistant.invocation.triggering.api.ApaTriggeringServiceConnect(unfinished)(Unknown Source:0)
07-23 15:43:12.140  1971  2167 E fcqb    : 		at tk_trace.VoiceAssistantPinnedClientonCreate 3218 ms(Unknown Source:0)
07-23 15:43:12.140  1971  2167 E fcqb    : 		at tk_trace.PropagatingContext 4658 ms(Unknown Source:0)
07-23 15:43:12.140  1971  2167 E fcqb    : 		at tk_trace.VoiceInteractionServiceLifecycleCallbacksonReady 1189 ms(Unknown Source:0)
07-23 15:43:12.140  1971  2167 E fcqb    : 		at tk_trace.ApaVoiceInteractionServiceonReady 0 ms(Unknown Source:0)
07-23 15:43:12.140  1971  2167 E fcqb    : 	Suppressed: fcrk: 
07-23 15:43:12.140  1971  2167 E fcqb    : 		at tk_trace.java.com.google.android.libraries.search.assistant.invocation.invocationstate.InvocationStateServiceObserve(unfinished)(Unknown Source:0)
07-23 15:43:12.140  1971  2167 E fcqb    : 		at tk_trace.VoiceAssistantPinnedClientonCreate 3218 ms(Unknown Source:0)
07-23 15:43:12.140  1971  2167 E fcqb    : 		at tk_trace.PropagatingContext 4658 ms(Unknown Source:0)
07-23 15:43:12.140  1971  2167 E fcqb    : 		at tk_trace.VoiceInteractionServiceLifecycleCallbacksonReady 1189 ms(Unknown Source:0)
07-23 15:43:12.140  1971  2167 E fcqb    : 		at tk_trace.ApaVoiceInteractionServiceonReady 0 ms(Unknown Source:0)
07-23 15:43:49.363  1556  2035 E GmsTaskScheduler: sendWakeUpEvent called on SchedulerClientBroadcastStrategy
07-23 15:43:49.441  1556  2035 E GmsTaskScheduler: sendWakeUpEvent called on SchedulerClientBroadcastStrategy
07-23 15:45:43.210  3531  3531 E ConfigUpdater: Content download complete but local path is null, retrying.
07-23 15:45:43.367  3531  3531 E ConfigUpdater: Content download complete but local path is null, retrying.
07-23 15:46:41.543   734   786 E BluetoothPowerStatsCollector: Cannot acquire BluetoothActivityEnergyInfo
07-23 15:46:41.543   734   786 E BluetoothPowerStatsCollector: java.util.concurrent.ExecutionException: java.lang.RuntimeException: error: 11
07-23 15:46:41.543   734   786 E BluetoothPowerStatsCollector: 	at java.util.concurrent.CompletableFuture.reportGet(CompletableFuture.java:372)
07-23 15:46:41.543   734   786 E BluetoothPowerStatsCollector: 	at java.util.concurrent.CompletableFuture.get(CompletableFuture.java:2072)
07-23 15:46:41.543   734   786 E BluetoothPowerStatsCollector: 	at com.android.server.power.stats.BluetoothPowerStatsCollector.collectBluetoothActivityInfo(BluetoothPowerStatsCollector.java:192)
07-23 15:46:41.543   734   786 E BluetoothPowerStatsCollector: 	at com.android.server.power.stats.BluetoothPowerStatsCollector.collectStats(BluetoothPowerStatsCollector.java:155)
07-23 15:46:41.543   734   786 E BluetoothPowerStatsCollector: 	at com.android.server.power.stats.PowerStatsCollector.collectAndDeliverStats(PowerStatsCollector.java:176)
07-23 15:46:41.543   734   786 E BluetoothPowerStatsCollector: 	at com.android.server.power.stats.PowerStatsCollector$$ExternalSyntheticLambda0.run(R8$$SyntheticClass:0)
07-23 15:46:41.543   734   786 E BluetoothPowerStatsCollector: 	at android.os.Handler.handleCallback(Handler.java:995)
07-23 15:46:41.543   734   786 E BluetoothPowerStatsCollector: 	at android.os.Handler.dispatchMessage(Handler.java:103)
07-23 15:46:41.543   734   786 E BluetoothPowerStatsCollector: 	at android.os.Looper.loopOnce(Looper.java:248)
07-23 15:46:41.543   734   786 E BluetoothPowerStatsCollector: 	at android.os.Looper.loop(Looper.java:338)
07-23 15:46:41.543   734   786 E BluetoothPowerStatsCollector: 	at android.os.HandlerThread.run(HandlerThread.java:85)
07-23 15:46:41.543   734   786 E BluetoothPowerStatsCollector: Caused by: java.lang.RuntimeException: error: 11
07-23 15:46:41.543   734   786 E BluetoothPowerStatsCollector: 	at com.android.server.power.stats.BluetoothPowerStatsCollector$1.onBluetoothActivityEnergyInfoError(BluetoothPowerStatsCollector.java:181)
07-23 15:46:41.543   734   786 E BluetoothPowerStatsCollector: 	at android.bluetooth.BluetoothAdapter$OnBluetoothActivityEnergyInfoProxy.lambda$onBluetoothActivityEnergyInfoAvailable$0(BluetoothAdapter.java:1037)
07-23 15:46:41.543   734   786 E BluetoothPowerStatsCollector: 	at android.bluetooth.BluetoothAdapter$OnBluetoothActivityEnergyInfoProxy$$ExternalSyntheticLambda1.run(D8$$SyntheticClass:0)
07-23 15:46:41.543   734   786 E BluetoothPowerStatsCollector: 	at android.bluetooth.BluetoothUtils.lambda$executeFromBinder$0(BluetoothUtils.java:343)
07-23 15:46:41.543   734   786 E BluetoothPowerStatsCollector: 	at android.bluetooth.BluetoothUtils$$ExternalSyntheticLambda1.run(D8$$SyntheticClass:0)
07-23 15:46:41.543   734   786 E BluetoothPowerStatsCollector: 	at com.android.server.SystemServerInitThreadPool$$ExternalSyntheticLambda0.execute(R8$$SyntheticClass:0)
07-23 15:46:41.543   734   786 E BluetoothPowerStatsCollector: 	at android.bluetooth.BluetoothUtils.executeFromBinder(BluetoothUtils.java:343)
07-23 15:46:41.543   734   786 E BluetoothPowerStatsCollector: 	at android.bluetooth.BluetoothAdapter$OnBluetoothActivityEnergyInfoProxy.onBluetoothActivityEnergyInfoAvailable(BluetoothAdapter.java:1035)
07-23 15:46:41.543   734   786 E BluetoothPowerStatsCollector: 	at android.bluetooth.IBluetoothActivityEnergyInfoListener$Stub.onTransact(IBluetoothActivityEnergyInfoListener.java:98)
07-23 15:46:41.543   734   786 E BluetoothPowerStatsCollector: 	at android.os.Binder.execTransactInternal(Binder.java:1426)
07-23 15:46:41.543   734   786 E BluetoothPowerStatsCollector: 	at android.os.Binder.execTransact(Binder.java:1365)
07-23 15:53:39.449  1556  2035 E GmsTaskScheduler: sendWakeUpEvent called on SchedulerClientBroadcastStrategy
07-23 15:53:39.522  1556  2035 E GmsTaskScheduler: sendWakeUpEvent called on SchedulerClientBroadcastStrategy
07-23 15:55:13.212  4350  4350 E rdv     : onError
07-23 15:55:13.212  4350  4350 E rdv     : afvv: errorCode: 65561, engine: 2
07-23 15:55:13.212  4350  4350 E rdv     : 	at auki.a(PG:23)
07-23 15:55:13.212  4350  4350 E rdv     : 	at abhl.hv(PG:13)
07-23 15:55:13.212  4350  4350 E rdv     : 	at fyqd.e(PG:9)
07-23 15:55:13.212  4350  4350 E rdv     : 	at ahbi.d(PG:154)
07-23 15:55:13.212  4350  4350 E rdv     : 	at ahbi.iW(PG:26)
07-23 15:55:13.212  4350  4350 E rdv     : 	at abhm.c(PG:102)
07-23 15:55:13.212  4350  4350 E rdv     : 	at abhn.run(PG:1)
07-23 15:55:13.212  4350  4350 E rdv     : 	at java.util.concurrent.Executors$RunnableAdapter.call(Executors.java:524)
07-23 15:55:13.212  4350  4350 E rdv     : 	at java.util.concurrent.FutureTask.run(FutureTask.java:317)
07-23 15:55:13.212  4350  4350 E rdv     : 	at aggv.run(PG:20)
07-23 15:55:13.212  4350  4350 E rdv     : 	at aght.run(PG:3)
07-23 15:55:13.212  4350  4350 E rdv     : 	at aght.run(PG:3)
07-23 15:55:13.212  4350  4350 E rdv     : 	at java.util.concurrent.ThreadPoolExecutor.runWorker(ThreadPoolExecutor.java:1156)
07-23 15:55:13.212  4350  4350 E rdv     : 	at java.util.concurrent.ThreadPoolExecutor$Worker.run(ThreadPoolExecutor.java:651)
07-23 15:55:13.212  4350  4350 E rdv     : 	at java.lang.Thread.run(Thread.java:1119)
07-23 15:55:13.212  4350  4350 E rdv     : 	at aggj.run(PG:42)
07-23 15:55:13.212  4350  4350 E rdv     : Caused by: afvx: errorCode: 65586, engine: 2
07-23 15:55:13.212  4350  4350 E rdv     : 	at abhl.hv(PG:6)
07-23 15:55:13.212  4350  4350 E rdv     : 	... 14 more
07-23 15:55:13.212  4350  4350 E rdv     : Caused by: afvt: errorCode: 401, engine: 2
07-23 15:55:13.212  4350  4350 E rdv     : 	at rds.b(PG:30)
07-23 15:55:13.212  4350  4350 E rdv     : 	at abii.hJ(PG:11)
07-23 15:55:13.212  4350  4350 E rdv     : 	at ahbi.d(PG:129)
07-23 15:55:13.212  4350  4350 E rdv     : 	... 12 more
07-23 15:55:13.265  4350  5944 E avrd    : (REDACTED) %s
07-23 15:55:13.265  4350  5944 E avrd    : afvx: errorCode: 65586, engine: 2
07-23 15:55:13.265  4350  5944 E avrd    : 	at abhl.hv(PG:6)
07-23 15:55:13.265  4350  5944 E avrd    : 	at fyqd.e(PG:9)
07-23 15:55:13.265  4350  5944 E avrd    : 	at ahbi.d(PG:154)
07-23 15:55:13.265  4350  5944 E avrd    : 	at ahbi.iW(PG:26)
07-23 15:55:13.265  4350  5944 E avrd    : 	at abhm.c(PG:102)
07-23 15:55:13.265  4350  5944 E avrd    : 	at abhn.run(PG:1)
07-23 15:55:13.265  4350  5944 E avrd    : 	at java.util.concurrent.Executors$RunnableAdapter.call(Executors.java:524)
07-23 15:55:13.265  4350  5944 E avrd    : 	at java.util.concurrent.FutureTask.run(FutureTask.java:317)
07-23 15:55:13.265  4350  5944 E avrd    : 	at aggv.run(PG:20)
07-23 15:55:13.265  4350  5944 E avrd    : 	at aght.run(PG:3)
07-23 15:55:13.265  4350  5944 E avrd    : 	at aght.run(PG:3)
07-23 15:55:13.265  4350  5944 E avrd    : 	at java.util.concurrent.ThreadPoolExecutor.runWorker(ThreadPoolExecutor.java:1156)
07-23 15:55:13.265  4350  5944 E avrd    : 	at java.util.concurrent.ThreadPoolExecutor$Worker.run(ThreadPoolExecutor.java:651)
07-23 15:55:13.265  4350  5944 E avrd    : 	at java.lang.Thread.run(Thread.java:1119)
07-23 15:55:13.265  4350  5944 E avrd    : 	at aggj.run(PG:42)
07-23 15:55:13.265  4350  5944 E avrd    : Caused by: afvt: errorCode: 401, engine: 2
07-23 15:55:13.265  4350  5944 E avrd    : 	at rds.b(PG:30)
07-23 15:55:13.265  4350  5944 E avrd    : 	at abii.hJ(PG:11)
07-23 15:55:13.265  4350  5944 E avrd    : 	at ahbi.d(PG:129)
07-23 15:55:13.265  4350  5944 E avrd    : 	... 12 more
07-23 15:55:13.512  1664  3068 E gywi    : *~*~*~ Previous channel {0} was garbage collected without being shut down! ~*~*~*
07-23 15:55:13.512  1664  3068 E gywi    :     Make sure to call shutdown()/shutdownNow()
07-23 15:55:13.512  1664  3068 E gywi    : java.lang.RuntimeException: ManagedChannel allocation site
07-23 15:55:13.512  1664  3068 E gywi    : 	at gywh.<init>(:com.google.android.gms@250734038@25.07.34 (260800-734679633):21)
07-23 15:55:13.512  1664  3068 E gywi    : 	at gywi.<init>(:com.google.android.gms@250734038@25.07.34 (260800-734679633):10)
07-23 15:55:13.512  1664  3068 E gywi    : 	at gywg.a(:com.google.android.gms@250734038@25.07.34 (260800-734679633):247)
07-23 15:55:13.512  1664  3068 E gywi    : 	at gyhg.a(:com.google.android.gms@250734038@25.07.34 (260800-734679633):5)
07-23 15:55:13.512  1664  3068 E gywi    : 	at cafq.g(:com.google.android.gms@250734038@25.07.34 (260800-734679633):81)
