07-23 14:42:15.201 E/bhxn    ( 1971): 	at gbjj.b(PG:98)
07-23 14:42:15.201 E/bhxn    ( 1971): 	at gcdz.s(PG:12)
07-23 14:42:15.201 E/bhxn    ( 1971): 	at gcnf.run(PG:110)
07-23 14:42:15.201 E/bhxn    ( 1971): 	at fbin.run(PG:3)
07-23 14:42:15.201 E/bhxn    ( 1971): 	at fcqv.run(PG:13)
07-23 14:42:15.201 E/bhxn    ( 1971): 	... 5 more
07-23 14:42:15.471 E/LoadManifestTask( 1664): Can't find Chimera operation impl class com.google.android.gms.time.platformfeedback.intentops.PlatformFeedbackModuleInitIntentOperation dropping operation
07-23 14:42:15.471 E/LoadManifestTask( 1664): java.lang.ClassNotFoundException: Didn't find class "com.google.android.gms.time.platformfeedback.intentops.PlatformFeedbackModuleInitIntentOperation" on path: DexPathList[[zip file "/product/priv-app/PrebuiltGmsCore/PrebuiltGmsCore.apk"],nativeLibraryDirectories=[/product/priv-app/PrebuiltGmsCore/lib/x86_64, /product/priv-app/PrebuiltGmsCore/PrebuiltGmsCore.apk!/lib/x86_64, /system/lib64, /system_ext/lib64]]
07-23 14:42:15.471 E/LoadManifestTask( 1664): 	at dalvik.system.BaseDexClassLoader.findClass(BaseDexClassLoader.java:259)
07-23 14:42:15.471 E/LoadManifestTask( 1664): 	at java.lang.ClassLoader.loadClass(ClassLoader.java:637)
07-23 14:42:15.471 E/LoadManifestTask( 1664): 	at java.lang.ClassLoader.loadClass(ClassLoader.java:573)
07-23 14:42:15.471 E/LoadManifestTask( 1664): 	at sfe.<init>(:com.google.android.gms@250734038@25.07.34 (260800-734679633):27)
07-23 14:42:15.471 E/LoadManifestTask( 1664): 	at aony.<init>(:com.google.android.gms@250734038@25.07.34 (260800-734679633):3)
07-23 14:42:15.471 E/LoadManifestTask( 1664): 	at aooa.a(:com.google.android.gms@250734038@25.07.34 (260800-734679633):3)
07-23 14:42:15.471 E/LoadManifestTask( 1664): 	at sfn.run(:com.google.android.gms@250734038@25.07.34 (260800-734679633):439)
07-23 14:42:15.471 E/LoadManifestTask( 1664): 	at sfh.run(:com.google.android.gms@250734038@25.07.34 (260800-734679633):52)
07-23 14:42:15.471 E/LoadManifestTask( 1664): 	at ffoo.run(:com.google.android.gms@250734038@25.07.34 (260800-734679633):21)
07-23 14:42:15.471 E/LoadManifestTask( 1664): 	at java.util.concurrent.ThreadPoolExecutor.runWorker(ThreadPoolExecutor.java:1156)
07-23 14:42:15.471 E/LoadManifestTask( 1664): 	at java.util.concurrent.ThreadPoolExecutor$Worker.run(ThreadPoolExecutor.java:651)
07-23 14:42:15.471 E/LoadManifestTask( 1664): 	at java.lang.Thread.run(Thread.java:1119)
07-23 14:42:15.493 E/ebbb    ( 1971): Event logging failed.
07-23 14:42:15.493 E/ebbb    ( 1971): java.lang.IllegalArgumentException
07-23 14:42:15.493 E/ebbb    ( 1971): 	at fzrh.U(PG:6)
07-23 14:42:15.493 E/ebbb    ( 1971): 	at faqp.apply(PG:18)
07-23 14:42:15.493 E/ebbb    ( 1971): 	at fcqx.apply(PG:13)
07-23 14:42:15.493 E/ebbb    ( 1971): 	at fmoa.e(PG:3)
07-23 14:42:15.493 E/ebbb    ( 1971): 	at fmob.run(PG:38)
07-23 14:42:15.493 E/ebbb    ( 1971): 	at fmpq.execute(PG:1)
07-23 14:42:15.493 E/ebbb    ( 1971): 	at fmnu.f(PG:1)
07-23 14:42:15.493 E/ebbb    ( 1971): 	at fmnu.iU(PG:42)
07-23 14:42:15.493 E/ebbb    ( 1971): 	at fmob.g(PG:10)
07-23 14:42:15.493 E/ebbb    ( 1971): 	at faqu.c(PG:19)
07-23 14:42:15.493 E/ebbb    ( 1971): 	at fasc.c(PG:9)
07-23 14:42:15.493 E/ebbb    ( 1971): 	at eodq.c(PG:71)
07-23 14:42:15.493 E/ebbb    ( 1971): 	at eoeo.b(PG:72)
07-23 14:42:15.493 E/ebbb    ( 1971): 	at eoeo.a(PG:13)
07-23 14:42:15.493 E/ebbb    ( 1971): 	at gczr.a(PG:14)
07-23 14:42:15.493 E/ebbb    ( 1971): 	at gcmx.x(PG:10)
07-23 14:42:15.493 E/ebbb    ( 1971): 	at eoet.j(PG:16)
07-23 14:42:15.493 E/ebbb    ( 1971): 	at eoeq.b(PG:64)
07-23 14:42:15.493 E/ebbb    ( 1971): 	at gcdz.s(PG:12)
07-23 14:42:15.493 E/ebbb    ( 1971): 	at gcnf.run(PG:110)
07-23 14:42:15.493 E/ebbb    ( 1971): 	at fbin.run(PG:3)
07-23 14:42:15.493 E/ebbb    ( 1971): 	at fcqv.run(PG:13)
07-23 14:42:15.493 E/ebbb    ( 1971): 	at djui.run(PG:5)
07-23 14:42:15.493 E/ebbb    ( 1971): 	at fler.run(PG:44)
07-23 14:42:15.493 E/ebbb    ( 1971): 	at djtz.run(PG:42)
07-23 14:42:15.493 E/ebbb    ( 1971): 	at java.lang.Thread.run(Thread.java:1119)
07-23 14:42:15.493 E/ebbb    ( 1971): 	at djvl.run(PG:62)
07-23 14:42:15.501 E/ebbb    ( 1971): Event logging failed.
07-23 14:42:15.501 E/ebbb    ( 1971): java.lang.IllegalArgumentException
07-23 14:42:15.501 E/ebbb    ( 1971): 	at fzrh.U(PG:6)
07-23 14:42:15.501 E/ebbb    ( 1971): 	at faqp.apply(PG:18)
07-23 14:42:15.501 E/ebbb    ( 1971): 	at fcqx.apply(PG:13)
07-23 14:42:15.501 E/ebbb    ( 1971): 	at fmoa.e(PG:3)
07-23 14:42:15.501 E/ebbb    ( 1971): 	at fmob.run(PG:38)
07-23 14:42:15.501 E/ebbb    ( 1971): 	at fmpq.execute(PG:1)
07-23 14:42:15.501 E/ebbb    ( 1971): 	at fmnu.f(PG:1)
07-23 14:42:15.501 E/ebbb    ( 1971): 	at fmnu.iU(PG:42)
07-23 14:42:15.501 E/ebbb    ( 1971): 	at fmob.g(PG:10)
07-23 14:42:15.501 E/ebbb    ( 1971): 	at faqu.c(PG:19)
07-23 14:42:15.501 E/ebbb    ( 1971): 	at fasc.c(PG:9)
07-23 14:42:15.501 E/ebbb    ( 1971): 	at eodq.c(PG:71)
07-23 14:42:15.501 E/ebbb    ( 1971): 	at eoeo.b(PG:72)
07-23 14:42:15.501 E/ebbb    ( 1971): 	at eoeo.a(PG:13)
07-23 14:42:15.501 E/ebbb    ( 1971): 	at gczr.a(PG:14)
07-23 14:42:15.501 E/ebbb    ( 1971): 	at gcmx.x(PG:10)
07-23 14:42:15.501 E/ebbb    ( 1971): 	at eoet.j(PG:16)
07-23 14:42:15.501 E/ebbb    ( 1971): 	at eoeq.b(PG:64)
07-23 14:42:15.501 E/ebbb    ( 1971): 	at gcdz.s(PG:12)
07-23 14:42:15.501 E/ebbb    ( 1971): 	at gcnf.run(PG:110)
07-23 14:42:15.501 E/ebbb    ( 1971): 	at fbin.run(PG:3)
07-23 14:42:15.501 E/ebbb    ( 1971): 	at fcqv.run(PG:13)
07-23 14:42:15.501 E/ebbb    ( 1971): 	at djui.run(PG:5)
07-23 14:42:15.501 E/ebbb    ( 1971): 	at fler.run(PG:44)
07-23 14:42:15.501 E/ebbb    ( 1971): 	at djtz.run(PG:42)
07-23 14:42:15.501 E/ebbb    ( 1971): 	at java.lang.Thread.run(Thread.java:1119)
07-23 14:42:15.501 E/ebbb    ( 1971): 	at djvl.run(PG:62)
07-23 14:42:15.521 E/esfa    ( 1971): (REDACTED) Hotword model location is null, isAlwaysOnEnabled : %b, isFromAnyScreenEnabled : %b
07-23 14:42:15.745 E/RoleControllerServiceImpl(  734): Default/fallback role holder package doesn't qualify for the role, package: com.google.android.gms.supervision, role: android.app.role.SYSTEM_SUPERVISION
07-23 14:42:15.775 E/RoleControllerServiceImpl(  734): Default/fallback role holder package doesn't qualify for the role, package: com.google.android.gms, role: android.app.role.SYSTEM_DEPENDENCY_INSTALLER
07-23 14:42:15.850 E/RoleControllerServiceImpl(  734): Default/fallback role holder package doesn't qualify for the role, package: com.google.android.gms, role: android.app.role.WALLET
07-23 14:42:16.083 E/system_server(  734): No package ID 7f found for resource ID 0x7f080e45.
07-23 14:42:16.084 E/system_server(  734): No package ID 7f found for resource ID 0x7f152534.
07-23 14:42:16.084 E/system_server(  734): No package ID 7f found for resource ID 0x7f080e53.
07-23 14:42:16.086 E/system_server(  734): No package ID 7f found for resource ID 0x7f152535.
07-23 14:42:16.173 E/ReportEncoder(  734): No watchlist hash
07-23 14:42:16.751 E/Auth    ( 1664): [WorkAccount] Failed to init work authenticator in onBootOrUpdate
07-23 14:42:16.751 E/Auth    ( 1664): java.util.concurrent.TimeoutException: Timed out waiting for Task
07-23 14:42:16.751 E/Auth    ( 1664): 	at eakx.o(:com.google.android.gms@250734038@25.07.34 (260800-734679633):53)
07-23 14:42:16.751 E/Auth    ( 1664): 	at yao.b(:com.google.android.gms@250734038@25.07.34 (260800-734679633):38)
07-23 14:42:16.751 E/Auth    ( 1664): 	at com.google.android.gms.auth.account.AuthInitIntentOperation.b(:com.google.android.gms@250734038@25.07.34 (260800-734679633):43)
07-23 14:42:16.751 E/Auth    ( 1664): 	at aoih.onHandleIntent(:com.google.android.gms@250734038@25.07.34 (260800-734679633):129)
07-23 14:42:16.751 E/Auth    ( 1664): 	at com.google.android.gms.auth.account.AuthInitIntentOperation.onHandleIntent(:com.google.android.gms@250734038@25.07.34 (260800-734679633):51)
07-23 14:42:16.751 E/Auth    ( 1664): 	at com.google.android.chimera.IntentOperation.onHandleIntent(:com.google.android.gms@250734038@25.07.34 (260800-734679633):2)
07-23 14:42:16.751 E/Auth    ( 1664): 	at aonz.onHandleIntent(:com.google.android.gms@250734038@25.07.34 (260800-734679633):8)
07-23 14:42:16.751 E/Auth    ( 1664): 	at sfi.run(:com.google.android.gms@250734038@25.07.34 (260800-734679633):70)
07-23 14:42:16.751 E/Auth    ( 1664): 	at sfh.run(:com.google.android.gms@250734038@25.07.34 (260800-734679633):152)
07-23 14:42:16.751 E/Auth    ( 1664): 	at ffoo.run(:com.google.android.gms@250734038@25.07.34 (260800-734679633):21)
07-23 14:42:16.751 E/Auth    ( 1664): 	at java.util.concurrent.ThreadPoolExecutor.runWorker(ThreadPoolExecutor.java:1156)
07-23 14:42:16.751 E/Auth    ( 1664): 	at java.util.concurrent.ThreadPoolExecutor$Worker.run(ThreadPoolExecutor.java:651)
07-23 14:42:16.751 E/Auth    ( 1664): 	at java.lang.Thread.run(Thread.java:1119)
07-23 14:42:16.819 E/rdv     ( 2153): onError
07-23 14:42:16.819 E/rdv     ( 2153): afvv: errorCode: 65561, engine: 2
07-23 14:42:16.819 E/rdv     ( 2153): 	at auki.a(PG:23)
07-23 14:42:16.819 E/rdv     ( 2153): 	at abhl.hv(PG:13)
07-23 14:42:16.819 E/rdv     ( 2153): 	at fyqd.e(PG:9)
07-23 14:42:16.819 E/rdv     ( 2153): 	at ahbi.d(PG:154)
07-23 14:42:16.819 E/rdv     ( 2153): 	at ahbi.iW(PG:26)
07-23 14:42:16.819 E/rdv     ( 2153): 	at abhm.c(PG:102)
07-23 14:42:16.819 E/rdv     ( 2153): 	at abhn.run(PG:1)
07-23 14:42:16.819 E/rdv     ( 2153): 	at java.util.concurrent.Executors$RunnableAdapter.call(Executors.java:524)
07-23 14:42:16.819 E/rdv     ( 2153): 	at java.util.concurrent.FutureTask.run(FutureTask.java:317)
07-23 14:42:16.819 E/rdv     ( 2153): 	at aggv.run(PG:20)
07-23 14:42:16.819 E/rdv     ( 2153): 	at aght.run(PG:3)
07-23 14:42:16.819 E/rdv     ( 2153): 	at aght.run(PG:3)
07-23 14:42:16.819 E/rdv     ( 2153): 	at java.util.concurrent.ThreadPoolExecutor.runWorker(ThreadPoolExecutor.java:1156)
07-23 14:42:16.819 E/rdv     ( 2153): 	at java.util.concurrent.ThreadPoolExecutor$Worker.run(ThreadPoolExecutor.java:651)
07-23 14:42:16.819 E/rdv     ( 2153): 	at java.lang.Thread.run(Thread.java:1119)
07-23 14:42:16.819 E/rdv     ( 2153): 	at aggj.run(PG:42)
07-23 14:42:16.819 E/rdv     ( 2153): Caused by: afvx: errorCode: 65586, engine: 2
07-23 14:42:16.819 E/rdv     ( 2153): 	at abhl.hv(PG:6)
07-23 14:42:16.819 E/rdv     ( 2153): 	... 14 more
07-23 14:42:16.819 E/rdv     ( 2153): Caused by: afvt: errorCode: 401, engine: 2
07-23 14:42:16.819 E/rdv     ( 2153): 	at rds.b(PG:30)
07-23 14:42:16.819 E/rdv     ( 2153): 	at abii.hJ(PG:11)
07-23 14:42:16.819 E/rdv     ( 2153): 	at ahbi.d(PG:129)
07-23 14:42:16.819 E/rdv     ( 2153): 	... 12 more
07-23 14:42:16.832 E/AutofillManagerServiceImpl(  734): Bad service name: com.google.android.gms/.autofill.service.AutofillService
07-23 14:42:17.370 E/android.rkpdapp( 2878): Not starting debugger since process cannot load the jdwp agent.
07-23 14:42:17.465 E/RoleControllerServiceImpl(  734): Default/fallback role holder package doesn't qualify for the role, package: com.google.android.gms.supervision, role: android.app.role.SYSTEM_SUPERVISION
07-23 14:42:17.532 E/AppOps  (  734): attributionTag VCN not declared in manifest of android
07-23 14:42:17.551 E/RoleControllerServiceImpl(  734): Default/fallback role holder package doesn't qualify for the role, package: com.google.android.gms, role: android.app.role.SYSTEM_DEPENDENCY_INSTALLER
07-23 14:42:17.743 E/tflite  ( 2676): third_party/tensorflow/lite/core/subgraph.cc:1062 tensor.data.raw != nullptr was not true.
07-23 14:42:17.795 E/d.carrierconfig( 2893): Not starting debugger since process cannot load the jdwp agent.
07-23 14:42:17.823 E/RoleControllerServiceImpl(  734): Default/fallback role holder package doesn't qualify for the role, package: com.google.android.gms, role: android.app.role.WALLET
07-23 14:42:17.939 E/ashmem  ( 2878): Pinning is deprecated since Android Q. Please use trim or other methods.
07-23 14:42:18.362 E/SmsApplication( 1403): com.google.android.apps.messaging lost android:read_cell_broadcasts:  (fixing)
07-23 14:42:18.512 E/SmsApplication( 1403): com.google.android.apps.messaging lost android:read_cell_broadcasts:  (fixing)
07-23 14:42:18.556 E/SmsApplication( 1403): com.google.android.apps.messaging lost android:read_cell_broadcasts:  (fixing)
07-23 14:42:18.575 E/externalstorage( 2919): Not starting debugger since process cannot load the jdwp agent.
07-23 14:42:18.672 E/SmsApplication( 1403): com.google.android.apps.messaging lost android:read_cell_broadcasts:  (fixing)
07-23 14:42:19.013 E/ashmem  ( 2919): Pinning is deprecated since Android Q. Please use trim or other methods.
07-23 14:42:19.164 E/SmsApplication( 1403): com.google.android.apps.messaging lost android:read_cell_broadcasts:  (fixing)
07-23 14:42:19.168 E/SystemServiceRegistry(  734): No service published for: persistent_data_block
07-23 14:42:19.168 E/SystemServiceRegistry(  734): android.os.ServiceManager$ServiceNotFoundException: No service published for: persistent_data_block
07-23 14:42:19.168 E/SystemServiceRegistry(  734): 	at android.os.ServiceManager.getServiceOrThrow(ServiceManager.java:203)
07-23 14:42:19.168 E/SystemServiceRegistry(  734): 	at android.app.SystemServiceRegistry$82.createService(SystemServiceRegistry.java:1110)
07-23 14:42:19.168 E/SystemServiceRegistry(  734): 	at android.app.SystemServiceRegistry$82.createService(SystemServiceRegistry.java:1107)
07-23 14:42:19.168 E/SystemServiceRegistry(  734): 	at android.app.SystemServiceRegistry$StaticServiceFetcher.getService(SystemServiceRegistry.java:2405)
07-23 14:42:19.168 E/SystemServiceRegistry(  734): 	at android.app.SystemServiceRegistry.getSystemService(SystemServiceRegistry.java:1918)
07-23 14:42:19.168 E/SystemServiceRegistry(  734): 	at android.app.ContextImpl.getSystemService(ContextImpl.java:2315)
07-23 14:42:19.168 E/SystemServiceRegistry(  734): 	at android.content.Context.getSystemService(Context.java:4630)
07-23 14:42:19.168 E/SystemServiceRegistry(  734): 	at com.android.server.pm.PackageInstallerSession.markAsSealed(PackageInstallerSession.java:2449)
07-23 14:42:19.168 E/SystemServiceRegistry(  734): 	at com.android.server.pm.PackageInstallerSession.commit(PackageInstallerSession.java:2198)
07-23 14:42:19.168 E/SystemServiceRegistry(  734): 	at android.content.pm.PackageInstaller$Session.commit(PackageInstaller.java:1988)
07-23 14:42:19.168 E/SystemServiceRegistry(  734): 	at com.android.server.pm.PackageManagerShellCommand.doCommitSession(PackageManagerShellCommand.java:4316)
07-23 14:42:19.168 E/SystemServiceRegistry(  734): 	at com.android.server.pm.PackageManagerShellCommand.doRunInstall(PackageManagerShellCommand.java:1641)
07-23 14:42:19.168 E/SystemServiceRegistry(  734): 	at com.android.server.pm.PackageManagerShellCommand.runInstall(PackageManagerShellCommand.java:1562)
07-23 14:42:19.168 E/SystemServiceRegistry(  734): 	at com.android.server.pm.PackageManagerShellCommand.onCommand(PackageManagerShellCommand.java:246)
07-23 14:42:19.168 E/SystemServiceRegistry(  734): 	at com.android.modules.utils.BasicShellCommandHandler.exec(BasicShellCommandHandler.java:97)
07-23 14:42:19.168 E/SystemServiceRegistry(  734): 	at android.os.ShellCommand.exec(ShellCommand.java:38)
07-23 14:42:19.168 E/SystemServiceRegistry(  734): 	at com.android.server.pm.PackageManagerService$IPackageManagerImpl.onShellCommand(PackageManagerService.java:6684)
07-23 14:42:19.168 E/SystemServiceRegistry(  734): 	at android.os.Binder.shellCommand(Binder.java:1151)
07-23 14:42:19.168 E/SystemServiceRegistry(  734): 	at android.os.Binder.onTransact(Binder.java:953)
07-23 14:42:19.168 E/SystemServiceRegistry(  734): 	at android.content.pm.IPackageManager$Stub.onTransact(IPackageManager.java:4729)
07-23 14:42:19.168 E/SystemServiceRegistry(  734): 	at com.android.server.pm.PackageManagerService$IPackageManagerImpl.onTransact(PackageManagerService.java:6668)
07-23 14:42:19.168 E/SystemServiceRegistry(  734): 	at android.os.Binder.execTransactInternal(Binder.java:1426)
07-23 14:42:19.168 E/SystemServiceRegistry(  734): 	at android.os.Binder.execTransact(Binder.java:1365)
07-23 14:42:19.169 E/SystemServiceRegistry(  734): Manager wrapper not available: persistent_data_block
07-23 14:42:19.314 E/SmsApplication( 1403): com.google.android.apps.messaging lost android:read_cell_broadcasts:  (fixing)
07-23 14:42:19.316 E/SpeechMicro( 2153): Hotword model is single-channel neuralnet.
07-23 14:42:19.332 E/SmsApplication( 1403): com.google.android.apps.messaging lost android:read_cell_broadcasts:  (fixing)
07-23 14:42:19.373 E/SmsApplication( 1403): com.google.android.apps.messaging lost android:read_cell_broadcasts:  (fixing)
07-23 14:42:19.391 E/SmsApplication( 1403): com.google.android.apps.messaging lost android:read_cell_broadcasts:  (fixing)
07-23 14:42:19.413 E/SmsApplication( 1403): com.google.android.apps.messaging lost android:read_cell_broadcasts:  (fixing)
07-23 14:42:19.698 E/SmsApplication( 1403): com.google.android.apps.messaging lost android:read_cell_broadcasts:  (fixing)
07-23 14:42:19.865 E/system_server(  734): No package ID 7f found for resource ID 0x7f080e45.
07-23 14:42:19.865 E/system_server(  734): No package ID 7f found for resource ID 0x7f152534.
07-23 14:42:19.865 E/system_server(  734): No package ID 7f found for resource ID 0x7f080e53.
07-23 14:42:19.865 E/system_server(  734): No package ID 7f found for resource ID 0x7f152535.
07-23 14:42:19.878 E/SmsApplication( 1403): com.google.android.apps.messaging lost android:read_cell_broadcasts:  (fixing)
07-23 14:42:19.914 E/system_server(  734): No package ID 7f found for resource ID 0x7f080e45.
07-23 14:42:19.914 E/system_server(  734): No package ID 7f found for resource ID 0x7f152534.
07-23 14:42:19.915 E/system_server(  734): No package ID 7f found for resource ID 0x7f080e53.
07-23 14:42:19.915 E/system_server(  734): No package ID 7f found for resource ID 0x7f152535.
07-23 14:42:19.933 E/native  ( 1664): E0000 00:00:1753281739.933640    1954 filesystem.cc:100] Opening file /data/user/0/com.google.android.gms/files/AppDataSearch/main/cur/compact_status for read failed: No such file or directory
07-23 14:42:20.059 E/BackupHelper( 1215): Could not parse delayed permissions
07-23 14:42:20.059 E/BackupHelper( 1215): java.io.FileNotFoundException: /data/user_de/0/com.google.android.permissioncontroller/files/delayed_restore_permissions.xml: open failed: ENOENT (No such file or directory)
07-23 14:42:20.059 E/BackupHelper( 1215): 	at libcore.io.IoBridge.open(IoBridge.java:574)
07-23 14:42:20.059 E/BackupHelper( 1215): 	at java.io.FileInputStream.<init>(FileInputStream.java:179)
07-23 14:42:20.059 E/BackupHelper( 1215): 	at android.app.ContextImpl.openFileInput(ContextImpl.java:773)
07-23 14:42:20.059 E/BackupHelper( 1215): 	at com.android.permissioncontroller.permission.service.BackupHelper.restoreDelayedState(BackupHelper.java:407)
07-23 14:42:20.059 E/BackupHelper( 1215): 	at com.android.permissioncontroller.permission.service.PermissionControllerServiceImpl.onRestoreDelayedRuntimePermissionsBackup(PermissionControllerServiceImpl.java:430)
07-23 14:42:20.059 E/BackupHelper( 1215): 	at com.android.permissioncontroller.permission.service.PermissionControllerServiceImpl.lambda$onApplyStagedRuntimePermissionBackup$4(PermissionControllerServiceImpl.java:424)
07-23 14:42:20.059 E/BackupHelper( 1215): 	at com.android.permissioncontroller.permission.service.PermissionControllerServiceImpl.$r8$lambda$TbAZrpVHU85LYBnlVdzyQvclH0Q(PermissionControllerServiceImpl.java:0)
07-23 14:42:20.059 E/BackupHelper( 1215): 	at com.android.permissioncontroller.permission.service.PermissionControllerServiceImpl$$ExternalSyntheticLambda4.run(R8$$SyntheticClass:0)
07-23 14:42:20.059 E/BackupHelper( 1215): 	at android.os.AsyncTask$SerialExecutor$1.run(AsyncTask.java:305)
07-23 14:42:20.059 E/BackupHelper( 1215): 	at java.util.concurrent.ThreadPoolExecutor.runWorker(ThreadPoolExecutor.java:1156)
07-23 14:42:20.059 E/BackupHelper( 1215): 	at java.util.concurrent.ThreadPoolExecutor$Worker.run(ThreadPoolExecutor.java:651)
07-23 14:42:20.059 E/BackupHelper( 1215): 	at java.lang.Thread.run(Thread.java:1119)
07-23 14:42:20.059 E/BackupHelper( 1215): Caused by: android.system.ErrnoException: open failed: ENOENT (No such file or directory)
07-23 14:42:20.059 E/BackupHelper( 1215): 	at libcore.io.Linux.open(Native Method)
07-23 14:42:20.059 E/BackupHelper( 1215): 	at libcore.io.ForwardingOs.open(ForwardingOs.java:568)
07-23 14:42:20.059 E/BackupHelper( 1215): 	at libcore.io.BlockGuardOs.open(BlockGuardOs.java:274)
07-23 14:42:20.059 E/BackupHelper( 1215): 	at libcore.io.ForwardingOs.open(ForwardingOs.java:568)
07-23 14:42:20.059 E/BackupHelper( 1215): 	at android.app.ActivityThread$AndroidOs.open(ActivityThread.java:8953)
07-23 14:42:20.059 E/BackupHelper( 1215): 	at libcore.io.IoBridge.open(IoBridge.java:560)
07-23 14:42:20.059 E/BackupHelper( 1215): 	... 11 more
07-23 14:42:20.211 E/RoleControllerServiceImpl(  734): Default/fallback role holder package doesn't qualify for the role, package: com.google.android.gms.supervision, role: android.app.role.SYSTEM_SUPERVISION
07-23 14:42:20.238 E/RoleControllerServiceImpl(  734): Default/fallback role holder package doesn't qualify for the role, package: com.google.android.gms, role: android.app.role.SYSTEM_DEPENDENCY_INSTALLER
07-23 14:42:20.317 E/AppOps  (  734): attributionTag VCN not declared in manifest of android
07-23 14:42:20.333 E/RoleControllerServiceImpl(  734): Default/fallback role holder package doesn't qualify for the role, package: com.google.android.gms, role: android.app.role.WALLET
07-23 14:42:20.496 E/SmsApplication( 1403): com.google.android.apps.messaging lost android:read_cell_broadcasts:  (fixing)
07-23 14:42:20.552 E/TelephonyConfigUpdateInstallReceiver( 1403): Failed to read current content : /data/misc/telephonyconfig/valid_telephony_config.pb
07-23 14:42:20.615 E/TelephonyConfigUpdateInstallReceiver( 1403): Failed to read current content : /data/misc/telephonyconfig/valid_telephony_config.pb
07-23 14:42:20.661 E/SatelliteController( 1403): registerForSatelliteCommunicationAccessStateChanged: SatelliteManager is null
07-23 14:42:20.679 E/Authzen ( 1664): [AuthZenEventHandler] unknown action: com.google.android.chimera.IntentOperation.NEW_MODULE
07-23 14:42:20.704 E/SatelliteModemInterface( 1403): setSatellitePlmn: Satellite service is unavailable.
07-23 14:42:20.734 E/SatelliteController( 1403): registerForSatelliteCommunicationAccessStateChanged: SatelliteManager is null
07-23 14:42:20.742 E/SatelliteModemInterface( 1403): requestIsSatelliteEnabledForCarrier: Satellite service is unavailable.
07-23 14:42:20.743 E/SatelliteServiceUtils( 1403): handleSetSatellitePlmnInfoCmd SatelliteException: android.telephony.satellite.SatelliteManager$SatelliteException
07-23 14:42:20.777 E/SatelliteController( 1403): EVENT_GET_SATELLITE_ENABLED_FOR_CARRIER_DONE: result is null
07-23 14:42:20.801 E/AppOps  (  734): attributionTag VCN not declared in manifest of android
07-23 14:42:20.830 E/acjl    ( 2153): Attempt to overwrite completionTime
07-23 14:42:20.839 E/acjl    ( 2153): Attempt to overwrite workProxyEndState
07-23 14:42:20.840 E/acjl    ( 2153): Attempt to overwrite delegationTime
07-23 14:42:21.233 E/RoleControllerServiceImpl(  734): Default/fallback role holder package doesn't qualify for the role, package: com.google.android.gms.supervision, role: android.app.role.SYSTEM_SUPERVISION
07-23 14:42:21.306 E/RoleControllerServiceImpl(  734): Default/fallback role holder package doesn't qualify for the role, package: com.google.android.gms, role: android.app.role.SYSTEM_DEPENDENCY_INSTALLER
07-23 14:42:21.467 E/viceentitlement( 3009): Not starting debugger since process cannot load the jdwp agent.
07-23 14:42:21.571 E/SystemServiceRegistry( 1320): No service published for: ethernet
07-23 14:42:21.571 E/SystemServiceRegistry( 1320): android.os.ServiceManager$ServiceNotFoundException: No service published for: ethernet
07-23 14:42:21.571 E/SystemServiceRegistry( 1320): 	at android.os.ServiceManager.getServiceOrThrow(ServiceManager.java:203)
07-23 14:42:21.571 E/SystemServiceRegistry( 1320): 	at android.app.SystemServiceRegistry$149.createService(SystemServiceRegistry.java:2232)
07-23 14:42:21.571 E/SystemServiceRegistry( 1320): 	at android.app.SystemServiceRegistry$CachedServiceFetcher.getService(SystemServiceRegistry.java:2343)
07-23 14:42:21.571 E/SystemServiceRegistry( 1320): 	at android.app.SystemServiceRegistry.getSystemService(SystemServiceRegistry.java:1918)
07-23 14:42:21.571 E/SystemServiceRegistry( 1320): 	at android.app.ContextImpl.getSystemService(ContextImpl.java:2315)
07-23 14:42:21.571 E/SystemServiceRegistry( 1320): 	at android.content.ContextWrapper.getSystemService(ContextWrapper.java:964)
07-23 14:42:21.571 E/SystemServiceRegistry( 1320): 	at com.android.networkstack.tethering.Tethering.isEthernetSupported(Tethering.java:1862)
07-23 14:42:21.571 E/SystemServiceRegistry( 1320): 	at com.android.networkstack.tethering.Tethering.makeSupportedDownstreams(Tethering.java:2843)
07-23 14:42:21.571 E/SystemServiceRegistry( 1320): 	at com.android.networkstack.tethering.Tethering.updateSupportedDownstreams(Tethering.java:2817)
07-23 14:42:21.571 E/SystemServiceRegistry( 1320): 	at com.android.networkstack.tethering.Tethering.updateConfiguration(Tethering.java:564)
07-23 14:42:21.571 E/SystemServiceRegistry( 1320): 	at com.android.networkstack.tethering.Tethering.lambda$new$4(Tethering.java:357)
07-23 14:42:21.571 E/SystemServiceRegistry( 1320): 	at com.android.networkstack.tethering.Tethering.$r8$lambda$4V1rGOzF7AkW0XBFoABAQmt9cHM(Tethering.java:0)
07-23 14:42:21.571 E/SystemServiceRegistry( 1320): 	at com.android.networkstack.tethering.Tethering$$ExternalSyntheticLambda10.accept(R8$$SyntheticClass:0)
07-23 14:42:21.571 E/SystemServiceRegistry( 1320): 	at com.android.networkstack.tethering.util.VersionedBroadcastListener$Receiver.lambda$onReceive$0(VersionedBroadcastListener.java:107)
07-23 14:42:21.571 E/SystemServiceRegistry( 1320): 	at com.android.networkstack.tethering.util.VersionedBroadcastListener$Receiver.$r8$lambda$_Z7KkSifencKcebyQaai-Spxf2M(VersionedBroadcastListener.java:0)
07-23 14:42:21.571 E/SystemServiceRegistry( 1320): 	at com.android.networkstack.tethering.util.VersionedBroadcastListener$Receiver$$ExternalSyntheticLambda0.run(R8$$SyntheticClass:0)
07-23 14:42:21.571 E/SystemServiceRegistry( 1320): 	at android.os.Handler.handleCallback(Handler.java:995)
07-23 14:42:21.571 E/SystemServiceRegistry( 1320): 	at android.os.Handler.dispatchMessage(Handler.java:103)
07-23 14:42:21.571 E/SystemServiceRegistry( 1320): 	at android.os.Looper.loopOnce(Looper.java:248)
07-23 14:42:21.571 E/SystemServiceRegistry( 1320): 	at android.os.Looper.loop(Looper.java:338)
07-23 14:42:21.571 E/SystemServiceRegistry( 1320): 	at android.os.HandlerThread.run(HandlerThread.java:85)
07-23 14:42:21.631 E/RoleControllerServiceImpl(  734): Default/fallback role holder package doesn't qualify for the role, package: com.google.android.gms, role: android.app.role.WALLET
07-23 14:42:21.710 E/SpeechMicro( 2153): Hotword model is single-channel neuralnet.
07-23 14:42:21.719 E/AppOps  (  734): attributionTag VCN not declared in manifest of android
07-23 14:42:21.821 E/SpeechMicro( 2153): Hotword model is single-channel neuralnet.
07-23 14:42:21.844 E/PhenotypeFlagCommitter( 2490): Retrieving snapshot for com.google.android.partnersetup#com.google.android.partnersetup failed
07-23 14:42:21.844 E/PhenotypeFlagCommitter( 2490): java.util.concurrent.TimeoutException: Timed out waiting for Task
07-23 14:42:21.844 E/PhenotypeFlagCommitter( 2490): 	at my.g(PG:111)
07-23 14:42:21.844 E/PhenotypeFlagCommitter( 2490): 	at hb.f(PG:9)
07-23 14:42:21.844 E/PhenotypeFlagCommitter( 2490): 	at hb.e(PG:28)
07-23 14:42:21.844 E/PhenotypeFlagCommitter( 2490): 	at vi.run(PG:52)
07-23 14:42:21.844 E/PhenotypeFlagCommitter( 2490): 	at java.util.concurrent.Executors$RunnableAdapter.call(Executors.java:524)
07-23 14:42:21.844 E/PhenotypeFlagCommitter( 2490): 	at arm.a(PG:3)
07-23 14:42:21.844 E/PhenotypeFlagCommitter( 2490): 	at aqr.run(PG:19)
07-23 14:42:21.844 E/PhenotypeFlagCommitter( 2490): 	at arn.run(PG:5)
07-23 14:42:21.844 E/PhenotypeFlagCommitter( 2490): 	at java.util.concurrent.ThreadPoolExecutor.runWorker(ThreadPoolExecutor.java:1156)
07-23 14:42:21.844 E/PhenotypeFlagCommitter( 2490): 	at java.util.concurrent.ThreadPoolExecutor$Worker.run(ThreadPoolExecutor.java:651)
07-23 14:42:21.844 E/PhenotypeFlagCommitter( 2490): 	at ei.run(PG:403)
07-23 14:42:21.844 E/PhenotypeFlagCommitter( 2490): 	at java.lang.Thread.run(Thread.java:1119)
07-23 14:42:21.844 E/PhenotypeFlagCommitter( 2490): 	at mp.run(PG:61)
07-23 14:42:21.939 E/FeatureFlagsImplExport( 1730): android.os.flagging.AconfigStorageReadException: ERROR_PACKAGE_NOT_FOUND: package com.android.settingslib.widget.theme.flags cannot be found on the device
07-23 14:42:22.129 E/akww    ( 2153): Soda silent enrollment failed.
07-23 14:42:22.129 E/akww    ( 2153): java.lang.IllegalStateException: No account found.
07-23 14:42:22.129 E/akww    ( 2153): 	at sjh.apply(PG:31)
07-23 14:42:22.129 E/akww    ( 2153): 	at fcqt.apply(PG:13)
07-23 14:42:22.129 E/akww    ( 2153): 	at fmnz.e(PG:3)
07-23 14:42:22.129 E/akww    ( 2153): 	at fmob.run(PG:38)
07-23 14:42:22.129 E/akww    ( 2153): 	at djui.run(PG:5)
07-23 14:42:22.129 E/akww    ( 2153): 	at fler.run(PG:44)
07-23 14:42:22.129 E/akww    ( 2153): 	at djtz.run(PG:42)
07-23 14:42:22.129 E/akww    ( 2153): 	at java.lang.Thread.run(Thread.java:1119)
07-23 14:42:22.129 E/akww    ( 2153): 	at djvl.run(PG:62)
07-23 14:42:22.218 E/RoleControllerServiceImpl(  734): Default/fallback role holder package doesn't qualify for the role, package: com.google.android.gms.supervision, role: android.app.role.SYSTEM_SUPERVISION
07-23 14:42:22.453 E/RoleControllerServiceImpl(  734): Default/fallback role holder package doesn't qualify for the role, package: com.google.android.gms, role: android.app.role.SYSTEM_DEPENDENCY_INSTALLER
07-23 14:42:22.530 E/viders.calendar( 3041): Not starting debugger since process cannot load the jdwp agent.
07-23 14:42:22.630 E/RoleControllerServiceImpl(  734): Default/fallback role holder package doesn't qualify for the role, package: com.google.android.gms, role: android.app.role.WALLET
07-23 14:42:22.908 E/ashmem  ( 3041): Pinning is deprecated since Android Q. Please use trim or other methods.
07-23 14:42:23.013 E/WifiDataStall(  734): onDataConnectionStateChanged unexpected State: -1
07-23 14:42:23.211 E/RoleControllerServiceImpl(  734): Default/fallback role holder package doesn't qualify for the role, package: com.google.android.gms.supervision, role: android.app.role.SYSTEM_SUPERVISION
07-23 14:42:23.220 E/CarrierKeyDownloadManager [0]( 1403): handleAlarmOrConfigChange ActiveSubscriptionInfoList = 1
07-23 14:42:23.229 E/RoleControllerServiceImpl(  734): Default/fallback role holder package doesn't qualify for the role, package: com.google.android.gms, role: android.app.role.SYSTEM_DEPENDENCY_INSTALLER
07-23 14:42:23.336 E/RoleControllerServiceImpl(  734): Default/fallback role holder package doesn't qualify for the role, package: com.google.android.gms, role: android.app.role.WALLET
07-23 14:42:23.424 E/CastAuth( 1664): [CastAuthModuleInitIntent] Feature is not available, reason = CastAuth feature is disabled on this 1p device.. [CONTEXT service_id=360 ]
07-23 14:42:23.480 E/HibernationPolicy( 1215): PREF_KEY_BOOT_TIME_SNAPSHOT is not initialized
07-23 14:42:23.485 E/gs.intelligence( 3081): Not starting debugger since process cannot load the jdwp agent.
07-23 14:42:23.541 E/SatelliteController( 1403): registerForSatelliteModemStateChanged: mSatelliteSessionController is not initialized yet
07-23 14:42:23.542 E/SatelliteController( 1403): registerForSatelliteModemStateChanged: mSatelliteSessionController is not initialized yet
07-23 14:42:23.587 E/SatelliteController( 1403): registerForSatelliteCommunicationAccessStateChanged: SatelliteManager is null
07-23 14:42:23.894 E/AppOps  (  734): attributionTag VCN not declared in manifest of android
07-23 14:42:23.966 E/AppOps  (  734): attributionTag VCN not declared in manifest of android
07-23 14:42:23.968 E/MDDSuperpacks( 1717): MDDSuperpacks.parseManifest():476 cannot find metadata for delight_overrides
07-23 14:42:23.983 E/MDDSuperpacks( 1717): MDDSuperpacks.parseManifest():476 cannot find metadata for bundled_delight
07-23 14:42:23.993 E/MDD     ( 1717): LogUtil.e():151 DownloadListener: onFailure
07-23 14:42:23.993 E/MDD     ( 1717): java.util.concurrent.CancellationException: Task was cancelled.
07-23 14:42:23.993 E/MDD     ( 1717): 	at qcq.r(PG:33)
07-23 14:42:23.993 E/MDD     ( 1717): 	at qcq.get(PG:3)
07-23 14:42:23.993 E/MDD     ( 1717): 	at qeg.get(PG:1)
07-23 14:42:23.993 E/MDD     ( 1717): 	at a.k(PG:2)
07-23 14:42:23.993 E/MDD     ( 1717): 	at pqu.E(PG:10)
07-23 14:42:23.993 E/MDD     ( 1717): 	at qek.run(PG:88)
07-23 14:42:23.993 E/MDD     ( 1717): 	at qfj.run(PG:74)
07-23 14:42:23.993 E/MDD     ( 1717): 	at jab.run(PG:51)
07-23 14:42:23.993 E/MDD     ( 1717): 	at java.util.concurrent.ThreadPoolExecutor.runWorker(ThreadPoolExecutor.java:1156)
07-23 14:42:23.993 E/MDD     ( 1717): 	at java.util.concurrent.ThreadPoolExecutor$Worker.run(ThreadPoolExecutor.java:651)
07-23 14:42:23.993 E/MDD     ( 1717): 	at java.lang.Thread.run(Thread.java:1119)
07-23 14:42:23.993 E/MDD     ( 1717): 	at izq.run(PG:8)
07-23 14:42:24.004 E/MDD     ( 1717): LogUtil.e():137 FileGroupManager downloadFileGroup __KLP_manifest_delight__en-US com.google.android.inputmethod.latin can't finish!
07-23 14:42:24.005 E/MDD     ( 1717): LogUtil.e():123 FileGroupManager: Expecting DownloadException's in AggregateException
07-23 14:42:24.055 E/akhq    ( 2153): (REDACTED) Failed to commit flags to Phenotype. %s (%s)
07-23 14:42:24.086 E/ashmem  ( 3081): Pinning is deprecated since Android Q. Please use trim or other methods.
07-23 14:42:24.094 E/PermissionStorageTimeChangeReceiver( 1215): Snapshots not initialized
07-23 14:42:24.751 E/SmsApplication( 1403): com.google.android.apps.messaging lost android:read_cell_broadcasts:  (fixing)
07-23 14:42:24.776 E/SmsApplication( 1403): com.google.android.apps.messaging lost android:read_cell_broadcasts:  (fixing)
07-23 14:42:24.809 E/ackageinstaller( 3137): Not starting debugger since process cannot load the jdwp agent.
07-23 14:42:24.818 E/akhi    ( 2153): (REDACTED) Error when converting version: %s
07-23 14:42:24.818 E/akhi    ( 2153): java.lang.NumberFormatException: For input string: "messages"
07-23 14:42:24.818 E/akhi    ( 2153): 	at java.lang.Long.parseLong(Long.java:740)
07-23 14:42:24.818 E/akhi    ( 2153): 	at java.lang.Long.parseLong(Long.java:863)
07-23 14:42:24.818 E/akhi    ( 2153): 	at akhi.b(PG:23)
07-23 14:42:24.818 E/akhi    ( 2153): 	at akhi.e(PG:10)
07-23 14:42:24.818 E/akhi    ( 2153): 	at akhi.a(PG:1016)
07-23 14:42:24.818 E/akhi    ( 2153): 	at akhn.a(PG:30)
07-23 14:42:24.818 E/akhi    ( 2153): 	at dnqn.a(PG:9)
07-23 14:42:24.818 E/akhi    ( 2153): 	at fmry.a(PG:3)
07-23 14:42:24.818 E/akhi    ( 2153): 	at fmrb.run(PG:19)
07-23 14:42:24.818 E/akhi    ( 2153): 	at fmsa.run(PG:5)
07-23 14:42:24.818 E/akhi    ( 2153): 	at djui.run(PG:5)
07-23 14:42:24.818 E/akhi    ( 2153): 	at fler.run(PG:44)
07-23 14:42:24.818 E/akhi    ( 2153): 	at djtz.run(PG:42)
07-23 14:42:24.818 E/akhi    ( 2153): 	at java.lang.Thread.run(Thread.java:1119)
07-23 14:42:24.818 E/akhi    ( 2153): 	at djvl.run(PG:62)
07-23 14:42:24.896 E/SmsApplication( 1403): com.google.android.apps.messaging lost android:read_cell_broadcasts:  (fixing)
07-23 14:42:25.017 E/AppOps  (  734): attributionTag VCN not declared in manifest of android
07-23 14:42:25.217 E/SystemServiceRegistry( 1320): No service published for: ethernet
07-23 14:42:25.217 E/SystemServiceRegistry( 1320): android.os.ServiceManager$ServiceNotFoundException: No service published for: ethernet
07-23 14:42:25.217 E/SystemServiceRegistry( 1320): 	at android.os.ServiceManager.getServiceOrThrow(ServiceManager.java:203)
07-23 14:42:25.217 E/SystemServiceRegistry( 1320): 	at android.app.SystemServiceRegistry$149.createService(SystemServiceRegistry.java:2232)
07-23 14:42:25.217 E/SystemServiceRegistry( 1320): 	at android.app.SystemServiceRegistry$CachedServiceFetcher.getService(SystemServiceRegistry.java:2343)
07-23 14:42:25.217 E/SystemServiceRegistry( 1320): 	at android.app.SystemServiceRegistry.getSystemService(SystemServiceRegistry.java:1918)
07-23 14:42:25.217 E/SystemServiceRegistry( 1320): 	at android.app.ContextImpl.getSystemService(ContextImpl.java:2315)
07-23 14:42:25.217 E/SystemServiceRegistry( 1320): 	at android.content.ContextWrapper.getSystemService(ContextWrapper.java:964)
07-23 14:42:25.217 E/SystemServiceRegistry( 1320): 	at com.android.networkstack.tethering.Tethering.isEthernetSupported(Tethering.java:1862)
07-23 14:42:25.217 E/SystemServiceRegistry( 1320): 	at com.android.networkstack.tethering.Tethering.makeSupportedDownstreams(Tethering.java:2843)
07-23 14:42:25.217 E/SystemServiceRegistry( 1320): 	at com.android.networkstack.tethering.Tethering.updateSupportedDownstreams(Tethering.java:2817)
07-23 14:42:25.217 E/SystemServiceRegistry( 1320): 	at com.android.networkstack.tethering.Tethering.updateConfiguration(Tethering.java:564)
07-23 14:42:25.217 E/SystemServiceRegistry( 1320): 	at com.android.networkstack.tethering.Tethering.-$$Nest$mupdateConfiguration(Tethering.java:0)
07-23 14:42:25.217 E/SystemServiceRegistry( 1320): 	at com.android.networkstack.tethering.Tethering$ActiveDataSubIdListener.onActiveDataSubscriptionIdChanged(Tethering.java:540)
07-23 14:42:25.217 E/SystemServiceRegistry( 1320): 	at android.telephony.PhoneStateListener$IPhoneStateListenerStub.lambda$onActiveDataSubIdChanged$56(PhoneStateListener.java:1622)
07-23 14:42:25.217 E/SystemServiceRegistry( 1320): 	at android.telephony.PhoneStateListener$IPhoneStateListenerStub$$ExternalSyntheticLambda15.run(D8$$SyntheticClass:0)
07-23 14:42:25.217 E/SystemServiceRegistry( 1320): 	at android.os.Handler.handleCallback(Handler.java:995)
07-23 14:42:25.217 E/SystemServiceRegistry( 1320): 	at android.os.Handler.dispatchMessage(Handler.java:103)
07-23 14:42:25.217 E/SystemServiceRegistry( 1320): 	at android.os.Looper.loopOnce(Looper.java:248)
07-23 14:42:25.217 E/SystemServiceRegistry( 1320): 	at android.os.Looper.loop(Looper.java:338)
07-23 14:42:25.217 E/SystemServiceRegistry( 1320): 	at android.os.HandlerThread.run(HandlerThread.java:85)
07-23 14:42:25.344 E/ashmem  ( 3137): Pinning is deprecated since Android Q. Please use trim or other methods.
07-23 14:42:25.506 E/RoleControllerServiceImpl(  734): Default/fallback role holder package doesn't qualify for the role, package: com.google.android.gms.supervision, role: android.app.role.SYSTEM_SUPERVISION
07-23 14:42:25.648 E/ashmem  ( 3122): Pinning is deprecated since Android Q. Please use trim or other methods.
07-23 14:42:25.659 E/RoleControllerServiceImpl(  734): Default/fallback role holder package doesn't qualify for the role, package: com.google.android.gms, role: android.app.role.SYSTEM_DEPENDENCY_INSTALLER
07-23 14:42:25.667 E/system_server(  734): No package ID 7f found for resource ID 0x7f080e45.
07-23 14:42:25.667 E/system_server(  734): No package ID 7f found for resource ID 0x7f152534.
07-23 14:42:25.667 E/system_server(  734): No package ID 7f found for resource ID 0x7f080e53.
07-23 14:42:25.667 E/system_server(  734): No package ID 7f found for resource ID 0x7f152535.
07-23 14:42:25.818 E/SharedPreferencesImpl( 1664): Couldn't create directory for SharedPreferences file /data/user/0/com.google.android.gsf/shared_prefs/CheckinService.xml
07-23 14:42:25.853 E/GoogleSettingsUtils( 1664): Cannot write token, exception in Context lookup [CONTEXT service_id=130 ]
07-23 14:42:25.853 E/GoogleSettingsUtils( 1664): java.io.FileNotFoundException: /data/user/0/com.google.android.gsf/files/security_token: open failed: EACCES (Permission denied)
07-23 14:42:25.853 E/GoogleSettingsUtils( 1664): 	at libcore.io.IoBridge.open(IoBridge.java:574)
07-23 14:42:25.853 E/GoogleSettingsUtils( 1664): 	at java.io.FileOutputStream.<init>(FileOutputStream.java:259)
07-23 14:42:25.853 E/GoogleSettingsUtils( 1664): 	at android.app.ContextImpl.openFileOutput(ContextImpl.java:794)
07-23 14:42:25.853 E/GoogleSettingsUtils( 1664): 	at aoal.a(:com.google.android.gms@250734038@25.07.34 (260800-734679633):1667)
07-23 14:42:25.853 E/GoogleSettingsUtils( 1664): 	at aobv.a(:com.google.android.gms@250734038@25.07.34 (260800-734679633):850)
07-23 14:42:25.853 E/GoogleSettingsUtils( 1664): 	at com.google.android.gms.checkin.CheckinIntentOperation.onHandleIntent(:com.google.android.gms@250734038@25.07.34 (260800-734679633):33)
07-23 14:42:25.853 E/GoogleSettingsUtils( 1664): 	at com.google.android.chimera.IntentOperation.onHandleIntent(:com.google.android.gms@250734038@25.07.34 (260800-734679633):2)
07-23 14:42:25.853 E/GoogleSettingsUtils( 1664): 	at aonz.onHandleIntent(:com.google.android.gms@250734038@25.07.34 (260800-734679633):8)
07-23 14:42:25.853 E/GoogleSettingsUtils( 1664): 	at sfi.run(:com.google.android.gms@250734038@25.07.34 (260800-734679633):70)
07-23 14:42:25.853 E/GoogleSettingsUtils( 1664): 	at sfh.run(:com.google.android.gms@250734038@25.07.34 (260800-734679633):152)
07-23 14:42:25.853 E/GoogleSettingsUtils( 1664): 	at ffoo.run(:com.google.android.gms@250734038@25.07.34 (260800-734679633):21)
07-23 14:42:25.853 E/GoogleSettingsUtils( 1664): 	at java.util.concurrent.ThreadPoolExecutor.runWorker(ThreadPoolExecutor.java:1156)
07-23 14:42:25.853 E/GoogleSettingsUtils( 1664): 	at java.util.concurrent.ThreadPoolExecutor$Worker.run(ThreadPoolExecutor.java:651)
07-23 14:42:25.853 E/GoogleSettingsUtils( 1664): 	at java.lang.Thread.run(Thread.java:1119)
07-23 14:42:25.853 E/GoogleSettingsUtils( 1664): Caused by: android.system.ErrnoException: open failed: EACCES (Permission denied)
07-23 14:42:25.853 E/GoogleSettingsUtils( 1664): 	at libcore.io.Linux.open(Native Method)
07-23 14:42:25.853 E/GoogleSettingsUtils( 1664): 	at libcore.io.ForwardingOs.open(ForwardingOs.java:568)
07-23 14:42:25.853 E/GoogleSettingsUtils( 1664): 	at libcore.io.BlockGuardOs.open(BlockGuardOs.java:274)
07-23 14:42:25.853 E/GoogleSettingsUtils( 1664): 	at libcore.io.ForwardingOs.open(ForwardingOs.java:568)
07-23 14:42:25.853 E/GoogleSettingsUtils( 1664): 	at android.app.ActivityThread$AndroidOs.open(ActivityThread.java:8953)
07-23 14:42:25.853 E/GoogleSettingsUtils( 1664): 	at libcore.io.IoBridge.open(IoBridge.java:560)
07-23 14:42:25.853 E/GoogleSettingsUtils( 1664): 	... 13 more
07-23 14:42:25.934 E/RoleControllerServiceImpl(  734): Default/fallback role holder package doesn't qualify for the role, package: com.google.android.gms, role: android.app.role.WALLET
07-23 14:42:26.033 E/.android.chrome( 3168): Not starting debugger since process cannot load the jdwp agent.
07-23 14:42:26.217 E/WifiDataStall(  734): onDataConnectionStateChanged unexpected State: 1
07-23 14:42:26.324 E/SmsApplication( 1403): com.google.android.apps.messaging lost android:read_cell_broadcasts:  (fixing)
07-23 14:42:26.590 E/RoleControllerServiceImpl(  734): Default/fallback role holder package doesn't qualify for the role, package: com.google.android.gms.supervision, role: android.app.role.SYSTEM_SUPERVISION
07-23 14:42:26.696 E/SmsApplication( 1403): com.google.android.apps.messaging lost android:read_cell_broadcasts:  (fixing)
07-23 14:42:26.876 E/SmsApplication( 1403): com.google.android.apps.messaging lost android:read_cell_broadcasts:  (fixing)
07-23 14:42:26.888 E/RoleControllerServiceImpl(  734): Default/fallback role holder package doesn't qualify for the role, package: com.google.android.gms, role: android.app.role.SYSTEM_DEPENDENCY_INSTALLER
07-23 14:42:26.910 E/SmsApplication( 1403): com.google.android.apps.messaging lost android:read_cell_broadcasts:  (fixing)
07-23 14:42:27.095 E/MboOceController(  734): onDataConnectionStateChanged unexpected State: 1
07-23 14:42:27.248 E/SmsApplication( 1403): com.google.android.apps.messaging lost android:read_cell_broadcasts:  (fixing)
07-23 14:42:27.281 E/SmsApplication( 1403): com.google.android.apps.messaging lost android:read_cell_broadcasts:  (fixing)
07-23 14:42:27.376 E/SmsApplication( 1403): com.google.android.apps.messaging lost android:read_cell_broadcasts:  (fixing)
07-23 14:42:27.397 E/RoleControllerServiceImpl(  734): Default/fallback role holder package doesn't qualify for the role, package: com.google.android.gms, role: android.app.role.WALLET
07-23 14:42:27.714 E/SmsApplication( 1403): com.google.android.apps.messaging lost android:read_cell_broadcasts:  (fixing)
07-23 14:42:27.831 E/RoleControllerServiceImpl(  734): Default/fallback role holder package doesn't qualify for the role, package: com.google.android.gms.supervision, role: android.app.role.SYSTEM_SUPERVISION
07-23 14:42:27.862 E/ActivityThread( 3122): Failed to find provider info for androidx.car.app.connection
07-23 14:42:27.896 E/SmsApplication( 1403): com.google.android.apps.messaging lost android:read_cell_broadcasts:  (fixing)
07-23 14:42:28.097 E/SmsApplication( 1403): com.google.android.apps.messaging lost android:read_cell_broadcasts:  (fixing)
07-23 14:42:28.113 E/RoleControllerServiceImpl(  734): Default/fallback role holder package doesn't qualify for the role, package: com.google.android.gms, role: android.app.role.SYSTEM_DEPENDENCY_INSTALLER
07-23 14:42:28.179 E/SmsApplication( 1403): com.google.android.apps.messaging lost android:read_cell_broadcasts:  (fixing)
07-23 14:42:28.197 E/SmsApplication( 1403): com.google.android.apps.messaging lost android:read_cell_broadcasts:  (fixing)
07-23 14:42:28.290 E/GmsTaskScheduler( 1556): sendWakeUpEvent called on SchedulerClientBroadcastStrategy
07-23 14:42:28.329 E/HandwritingSlicingStrategy( 1717): HandwritingSlicingStrategy.getSlices():85 getSlices(): packMapping unavailable for en-US
07-23 14:42:28.333 E/HandwritingSlicingStrategy( 1717): HandwritingSlicingStrategy.getSlices():85 getSlices(): packMapping unavailable for en-US-x-gesture
07-23 14:42:28.356 E/ConnectivityService(  734): exception in interfaceSetMtu()android.os.ServiceSpecificException: Remote I/O error (code 121)
07-23 14:42:28.378 E/RoleControllerServiceImpl(  734): Default/fallback role holder package doesn't qualify for the role, package: com.google.android.gms, role: android.app.role.WALLET
07-23 14:42:28.693 E/NetlinkEvent(  475): NetlinkEvent::FindParam(): Parameter 'INTERFACE' not found
07-23 14:42:28.693 E/NetlinkEvent(  475): NetlinkEvent::FindParam(): Parameter 'STATE' not found
07-23 14:42:28.693 E/NetlinkEvent(  475): NetlinkEvent::FindParam(): Parameter 'TIME_NS' not found
07-23 14:42:28.694 E/NetlinkEvent(  475): NetlinkEvent::FindParam(): Parameter 'UID' not found
07-23 14:42:29.302 E/rrierdefaultapp( 3257): Not starting debugger since process cannot load the jdwp agent.
07-23 14:42:29.320 E/GmsTaskScheduler( 1556): sendWakeUpEvent called on SchedulerClientBroadcastStrategy
07-23 14:42:29.658 E/PhenotypeFlagCommitter( 3122): Retrieving snapshot for com.google.android.dialer failed
07-23 14:42:29.658 E/PhenotypeFlagCommitter( 3122): java.util.concurrent.TimeoutException: Timed out waiting for Task
07-23 14:42:29.658 E/PhenotypeFlagCommitter( 3122): 	at ttj.o(PG:48)
07-23 14:42:29.658 E/PhenotypeFlagCommitter( 3122): 	at uac.c(PG:15)
07-23 14:42:29.658 E/PhenotypeFlagCommitter( 3122): 	at uac.d(PG:38)
07-23 14:42:29.658 E/PhenotypeFlagCommitter( 3122): 	at nmf.call(PG:149)
07-23 14:42:29.658 E/PhenotypeFlagCommitter( 3122): 	at aakn.call(PG:17)
07-23 14:42:29.658 E/PhenotypeFlagCommitter( 3122): 	at aanf.a(PG:3)
07-23 14:42:29.658 E/PhenotypeFlagCommitter( 3122): 	at aamh.run(PG:19)
07-23 14:42:29.658 E/PhenotypeFlagCommitter( 3122): 	at aang.run(PG:5)
07-23 14:42:29.658 E/PhenotypeFlagCommitter( 3122): 	at umz.run(PG:7)
07-23 14:42:29.658 E/PhenotypeFlagCommitter( 3122): 	at java.util.concurrent.ThreadPoolExecutor.runWorker(ThreadPoolExecutor.java:1156)
07-23 14:42:29.658 E/PhenotypeFlagCommitter( 3122): 	at java.util.concurrent.ThreadPoolExecutor$Worker.run(ThreadPoolExecutor.java:651)
07-23 14:42:29.658 E/PhenotypeFlagCommitter( 3122): 	at tdt.run(PG:78)
07-23 14:42:29.658 E/PhenotypeFlagCommitter( 3122): 	at ubo.run(PG:476)
07-23 14:42:29.658 E/PhenotypeFlagCommitter( 3122): 	at java.lang.Thread.run(Thread.java:1119)
07-23 14:42:29.658 E/PhenotypeFlagCommitter( 3122): 	at uoe.run(PG:61)
07-23 14:42:29.870 E/ashmem  ( 3257): Pinning is deprecated since Android Q. Please use trim or other methods.
07-23 14:42:29.946 E/AppOps  (  734): attributionTag VCN not declared in manifest of android
07-23 14:42:30.089 E/SmsApplication( 1403): com.google.android.apps.messaging lost android:read_cell_broadcasts:  (fixing)
07-23 14:42:30.114 E/TelephonyConfigUpdateInstallReceiver( 1403): Failed to read current content : /data/misc/telephonyconfig/valid_telephony_config.pb
07-23 14:42:30.208 E/TelephonyConfigUpdateInstallReceiver( 1403): Failed to read current content : /data/misc/telephonyconfig/valid_telephony_config.pb
07-23 14:42:30.238 E/SatelliteController( 1403): registerForSatelliteCommunicationAccessStateChanged: SatelliteManager is null
07-23 14:42:30.285 E/SatelliteModemInterface( 1403): setSatellitePlmn: Satellite service is unavailable.
07-23 14:42:30.298 E/SatelliteController( 1403): registerForSatelliteCommunicationAccessStateChanged: SatelliteManager is null
07-23 14:42:30.321 E/SatelliteModemInterface( 1403): requestIsSatelliteEnabledForCarrier: Satellite service is unavailable.
07-23 14:42:30.322 E/SatelliteServiceUtils( 1403): handleSetSatellitePlmnInfoCmd SatelliteException: android.telephony.satellite.SatelliteManager$SatelliteException
07-23 14:42:30.322 E/SatelliteController( 1403): EVENT_GET_SATELLITE_ENABLED_FOR_CARRIER_DONE: result is null
