07-23 14:25:59.787   788   788 D CompatConfig: Adding: com.android.server.compat.config.Change@26e9189
07-23 14:25:59.787   788   788 D CompatConfig: Adding: com.android.server.compat.config.Change@261e58e
07-23 14:25:59.787   788   788 D CompatConfig: Adding: com.android.server.compat.config.Change@17431af
07-23 14:25:59.787   788   788 D CompatConfig: Adding: com.android.server.compat.config.Change@1f6a9bc
07-23 14:25:59.787   788   788 D CompatConfig: Adding: com.android.server.compat.config.Change@125bd45
07-23 14:25:59.787   788   788 D CompatConfig: Adding: com.android.server.compat.config.Change@51acc9a
07-23 14:25:59.787   788   788 D CompatConfig: Adding: com.android.server.compat.config.Change@fdc39cb
07-23 14:25:59.787   788   788 D CompatConfig: Adding: com.android.server.compat.config.Change@862a5a8
07-23 14:25:59.788   788   788 D CompatConfig: Adding: com.android.server.compat.config.Change@869e8c1
07-23 14:25:59.788   788   788 D CompatConfig: Adding: com.android.server.compat.config.Change@491866
07-23 14:25:59.788   788   788 D CompatConfig: Adding: com.android.server.compat.config.Change@972a7a7
07-23 14:25:59.788   788   788 D CompatConfig: Adding: com.android.server.compat.config.Change@7107454
07-23 14:25:59.788   788   788 D CompatConfig: Adding: com.android.server.compat.config.Change@26b4ffd
07-23 14:25:59.788   788   788 D CompatConfig: Adding: com.android.server.compat.config.Change@4be54f2
07-23 14:25:59.788   788   788 D CompatConfig: Adding: com.android.server.compat.config.Change@8181743
07-23 14:25:59.788   788   788 D CompatConfig: Adding: com.android.server.compat.config.Change@a2a81c0
07-23 14:25:59.788   788   788 D CompatConfig: Adding: com.android.server.compat.config.Change@221eef9
07-23 14:25:59.788   788   788 D CompatConfig: Adding: com.android.server.compat.config.Change@cd8ce3e
07-23 14:25:59.788   788   788 D CompatConfig: Adding: com.android.server.compat.config.Change@91ae49f
07-23 14:25:59.788   788   788 D CompatConfig: Adding: com.android.server.compat.config.Change@415f9ec
07-23 14:25:59.788   788   788 D CompatConfig: Adding: com.android.server.compat.config.Change@80981b5
07-23 14:25:59.788   788   788 D CompatConfig: Adding: com.android.server.compat.config.Change@88f904a
07-23 14:25:59.788   788   788 D CompatConfig: Adding: com.android.server.compat.config.Change@6532bbb
07-23 14:25:59.788   788   788 D CompatConfig: Adding: com.android.server.compat.config.Change@65ec8d8
07-23 14:25:59.788   788   788 D CompatConfig: Adding: com.android.server.compat.config.Change@69d8431
07-23 14:25:59.788   788   788 D CompatConfig: Adding: com.android.server.compat.config.Change@e3e6716
07-23 14:25:59.788   788   788 D CompatConfig: Adding: com.android.server.compat.config.Change@4fec897
07-23 14:25:59.788   788   788 D CompatConfig: Adding: com.android.server.compat.config.Change@d639a84
07-23 14:25:59.788   788   788 D CompatConfig: Adding: com.android.server.compat.config.Change@295326d
07-23 14:25:59.788   788   788 D CompatConfig: Adding: com.android.server.compat.config.Change@c31dea2
07-23 14:25:59.789   788   788 D CompatConfig: Adding: com.android.server.compat.config.Change@65d5733
07-23 14:25:59.789   788   788 D CompatConfig: Adding: com.android.server.compat.config.Change@ac1daf0
07-23 14:25:59.789   788   788 D CompatConfig: Adding: com.android.server.compat.config.Change@adf8869
07-23 14:25:59.789   788   788 D CompatConfig: Adding: com.android.server.compat.config.Change@6f342ee
07-23 14:25:59.789   788   788 D CompatConfig: Adding: com.android.server.compat.config.Change@60c338f
07-23 14:25:59.789   788   788 D CompatConfig: Adding: com.android.server.compat.config.Change@a81b61c
07-23 14:25:59.789   788   788 D CompatConfig: Adding: com.android.server.compat.config.Change@45f4225
07-23 14:25:59.789   788   788 D CompatConfig: Adding: com.android.server.compat.config.Change@549ffa
07-23 14:25:59.789   788   788 D CompatConfig: Adding: com.android.server.compat.config.Change@22279ab
07-23 14:25:59.789   788   788 D CompatConfig: Adding: com.android.server.compat.config.Change@f021808
07-23 14:25:59.789   788   788 D CompatConfig: Adding: com.android.server.compat.config.Change@566dba1
07-23 14:25:59.789   788   788 D CompatConfig: Adding: com.android.server.compat.config.Change@33cc1c6
07-23 14:25:59.789   788   788 D CompatConfig: Adding: com.android.server.compat.config.Change@90d0587
07-23 14:25:59.789   788   788 D CompatConfig: Adding: com.android.server.compat.config.Change@fa4acb4
07-23 14:25:59.789   788   788 D CompatConfig: Adding: com.android.server.compat.config.Change@cf490dd
07-23 14:25:59.789   788   788 D CompatConfig: Adding: com.android.server.compat.config.Change@333452
07-23 14:25:59.790   788   788 D CompatConfig: Adding: com.android.server.compat.config.Change@92a7323
07-23 14:25:59.790   788   788 D CompatConfig: Adding: com.android.server.compat.config.Change@639e020
07-23 14:25:59.790   788   788 D CompatConfig: Adding: com.android.server.compat.config.Change@1ae5dd9
07-23 14:25:59.790   788   788 D CompatConfig: Adding: com.android.server.compat.config.Change@6ac439e
07-23 14:25:59.790   788   788 D CompatConfig: Adding: com.android.server.compat.config.Change@e271e7f
07-23 14:25:59.790   788   788 D CompatConfig: Adding: com.android.server.compat.config.Change@72cde4c
07-23 14:25:59.790   788   788 D CompatConfig: Adding: com.android.server.compat.config.Change@49dfe95
07-23 14:25:59.790   788   788 D CompatConfig: Adding: com.android.server.compat.config.Change@714fbaa
07-23 14:25:59.790   788   788 D CompatConfig: Adding: com.android.server.compat.config.Change@819239b
07-23 14:25:59.790   788   788 D CompatConfig: Adding: com.android.server.compat.config.Change@6f9338
07-23 14:25:59.790   788   788 D CompatConfig: Adding: com.android.server.compat.config.Change@3acef11
07-23 14:25:59.790   788   788 D CompatConfig: Adding: com.android.server.compat.config.Change@99f2876
07-23 14:25:59.790   788   788 D CompatConfig: Adding: com.android.server.compat.config.Change@85c5e77
07-23 14:25:59.790   788   788 D CompatConfig: Adding: com.android.server.compat.config.Change@b26aae4
07-23 14:25:59.790   788   788 D CompatConfig: Adding: com.android.server.compat.config.Change@7e06b4d
07-23 14:25:59.790   788   788 D CompatConfig: Adding: com.android.server.compat.config.Change@5cd5602
07-23 14:25:59.790   788   788 D CompatConfig: Adding: com.android.server.compat.config.Change@2e6b13
07-23 14:25:59.791   788   788 D CompatConfig: Adding: com.android.server.compat.config.Change@c159150
07-23 14:25:59.791   788   788 D CompatConfig: Adding: com.android.server.compat.config.Change@b556f49
07-23 14:25:59.791   788   788 D CompatConfig: Adding: com.android.server.compat.config.Change@6bed04e
07-23 14:25:59.791   788   788 D CompatConfig: Adding: com.android.server.compat.config.Change@d0aa56f
07-23 14:25:59.791   788   788 D CompatConfig: Adding: com.android.server.compat.config.Change@eca727c
07-23 14:25:59.791   788   788 D CompatConfig: Adding: com.android.server.compat.config.Change@2fcb705
07-23 14:25:59.791   788   788 D CompatConfig: Adding: com.android.server.compat.config.Change@83ba35a
07-23 14:25:59.791   788   788 D CompatConfig: Adding: com.android.server.compat.config.Change@ec6298b
07-23 14:25:59.792   788   788 D CompatConfig: Adding: com.android.server.compat.config.Change@78a3a68
07-23 14:25:59.792   788   788 D CompatConfig: Adding: com.android.server.compat.config.Change@816be81
07-23 14:25:59.792   788   788 D CompatConfig: Adding: com.android.server.compat.config.Change@8809b26
07-23 14:25:59.793   788   788 D CompatConfig: Adding: com.android.server.compat.config.Change@36bd367
07-23 14:25:59.793   788   788 D CompatConfig: Adding: com.android.server.compat.config.Change@7fc9514
07-23 14:25:59.793   788   788 D CompatConfig: Adding: com.android.server.compat.config.Change@d6fc1bd
07-23 14:25:59.793   788   788 D CompatConfig: Adding: com.android.server.compat.config.Change@acb43b2
07-23 14:25:59.793   788   788 D CompatConfig: Adding: com.android.server.compat.config.Change@4d83f03
07-23 14:25:59.793   788   788 D CompatConfig: Adding: com.android.server.compat.config.Change@297ee80
07-23 14:25:59.793   788   788 D CompatConfig: Adding: com.android.server.compat.config.Change@c5bbcb9
07-23 14:25:59.793   788   788 D CompatConfig: Adding: com.android.server.compat.config.Change@6a5e8fe
07-23 14:25:59.793   788   788 D CompatConfig: Adding: com.android.server.compat.config.Change@415c85f
07-23 14:25:59.793   788   788 D CompatConfig: Adding: com.android.server.compat.config.Change@8cd72ac
07-23 14:25:59.793   788   788 D CompatConfig: Adding: com.android.server.compat.config.Change@5726b75
07-23 14:25:59.793   788   788 D CompatConfig: Adding: com.android.server.compat.config.Change@ff3970a
07-23 14:25:59.793   788   788 D CompatConfig: Adding: com.android.server.compat.config.Change@e788b7b
07-23 14:25:59.793   788   788 D CompatConfig: Adding: com.android.server.compat.config.Change@ff50d98
07-23 14:25:59.793   788   788 D CompatConfig: Adding: com.android.server.compat.config.Change@10b49f1
07-23 14:25:59.793   788   788 D CompatConfig: Adding: com.android.server.compat.config.Change@3bc19d6
07-23 14:25:59.793   788   788 D CompatConfig: Adding: com.android.server.compat.config.Change@87a6457
07-23 14:25:59.793   788   788 D CompatConfig: Adding: com.android.server.compat.config.Change@8f96b44
07-23 14:25:59.793   788   788 D CompatConfig: Adding: com.android.server.compat.config.Change@b79942d
07-23 14:25:59.793   788   788 D CompatConfig: Adding: com.android.server.compat.config.Change@5b7fd62
07-23 14:25:59.793   788   788 D CompatConfig: Adding: com.android.server.compat.config.Change@a56eef3
07-23 14:25:59.793   788   788 D CompatConfig: Adding: com.android.server.compat.config.Change@6c3f7b0
07-23 14:25:59.793   788   788 D CompatConfig: Adding: com.android.server.compat.config.Change@9084629
07-23 14:25:59.793   788   788 D CompatConfig: Adding: com.android.server.compat.config.Change@a9c8dae
07-23 14:25:59.793   788   788 D CompatConfig: Adding: com.android.server.compat.config.Change@a67874f
07-23 14:25:59.793   788   788 D CompatConfig: Adding: com.android.server.compat.config.Change@f68dedc
07-23 14:25:59.793   788   788 D CompatConfig: Adding: com.android.server.compat.config.Change@db61be5
07-23 14:25:59.793   788   788 D CompatConfig: Adding: com.android.server.compat.config.Change@b27d6ba
07-23 14:25:59.793   788   788 D CompatConfig: Adding: com.android.server.compat.config.Change@13f496b
07-23 14:25:59.793   788   788 D CompatConfig: Adding: com.android.server.compat.config.Change@4130cc8
07-23 14:25:59.793   788   788 D CompatConfig: Adding: com.android.server.compat.config.Change@4b19161
07-23 14:25:59.793   788   788 D CompatConfig: Adding: com.android.server.compat.config.Change@beca486
07-23 14:25:59.793   788   788 D CompatConfig: Adding: com.android.server.compat.config.Change@3871147
07-23 14:25:59.793   788   788 D CompatConfig: Adding: com.android.server.compat.config.Change@bb02d74
07-23 14:25:59.793   788   788 D CompatConfig: Adding: com.android.server.compat.config.Change@394e29d
07-23 14:25:59.793   788   788 D CompatConfig: Adding: com.android.server.compat.config.Change@5de8312
07-23 14:25:59.793   788   788 D CompatConfig: Adding: com.android.server.compat.config.Change@d997ae3
07-23 14:25:59.793   788   788 D CompatConfig: Adding: com.android.server.compat.config.Change@c5cace0
07-23 14:25:59.794   788   788 D CompatConfig: Adding: com.android.server.compat.config.Change@5620b99
07-23 14:25:59.794   788   788 D CompatConfig: Adding: com.android.server.compat.config.Change@b9dbe5e
07-23 14:25:59.794   788   788 D CompatConfig: Adding: com.android.server.compat.config.Change@cdee23f
07-23 14:25:59.794   788   788 D CompatConfig: Adding: com.android.server.compat.config.Change@f8fb70c
07-23 14:25:59.794   788   788 D CompatConfig: Adding: com.android.server.compat.config.Change@93ec855
07-23 14:25:59.794   788   788 D CompatConfig: Adding: com.android.server.compat.config.Change@783626a
07-23 14:25:59.794   788   788 D CompatConfig: Adding: com.android.server.compat.config.Change@2e9635b
07-23 14:25:59.794   788   788 D CompatConfig: Adding: com.android.server.compat.config.Change@d0737f8
07-23 14:25:59.794   788   788 D CompatConfig: Adding: com.android.server.compat.config.Change@f094d1
07-23 14:25:59.794   788   788 D CompatConfig: Adding: com.android.server.compat.config.Change@e6d3b36
07-23 14:25:59.794   788   788 D CompatConfig: Adding: com.android.server.compat.config.Change@e50da37
07-23 14:25:59.794   788   788 D CompatConfig: Adding: com.android.server.compat.config.Change@873dba4
07-23 14:25:59.794   788   788 D CompatConfig: Adding: com.android.server.compat.config.Change@b18ad0d
07-23 14:25:59.794   788   788 D CompatConfig: Adding: com.android.server.compat.config.Change@349d4c2
07-23 14:25:59.794   788   788 D CompatConfig: Adding: com.android.server.compat.config.Change@54ee2d3
07-23 14:25:59.794   788   788 D CompatConfig: Adding: com.android.server.compat.config.Change@de50e10
07-23 14:25:59.794   788   788 D CompatConfig: Found a config file: /system/etc/compatconfig/icu4j-platform-compat-config.xml
07-23 14:25:59.794   788   788 D CompatConfig: Adding: com.android.server.compat.config.Change@7647b0e
07-23 14:25:59.794   788   788 D CompatConfig: Found a config file: /system/etc/compatconfig/services-platform-compat-config.xml
07-23 14:25:59.795   788   788 D CompatConfig: Adding: com.android.server.compat.config.Change@8f4fb3c
07-23 14:25:59.795   788   788 D CompatConfig: Adding: com.android.server.compat.config.Change@14370c5
07-23 14:25:59.795   788   788 D CompatConfig: Adding: com.android.server.compat.config.Change@3713a1a
07-23 14:25:59.795   788   788 D CompatConfig: Adding: com.android.server.compat.config.Change@105d94b
07-23 14:25:59.795   788   788 D CompatConfig: Adding: com.android.server.compat.config.Change@2b48f28
07-23 14:25:59.795   788   788 D CompatConfig: Adding: com.android.server.compat.config.Change@b6f5441
07-23 14:25:59.795   788   788 D CompatConfig: Adding: com.android.server.compat.config.Change@558dde6
07-23 14:25:59.795   788   788 D CompatConfig: Adding: com.android.server.compat.config.Change@56bf27
07-23 14:25:59.795   788   788 D CompatConfig: Adding: com.android.server.compat.config.Change@25775d4
07-23 14:25:59.795   788   788 D CompatConfig: Adding: com.android.server.compat.config.Change@b1bf37d
07-23 14:25:59.795   788   788 D CompatConfig: Adding: com.android.server.compat.config.Change@ec4f272
07-23 14:25:59.795   788   788 D CompatConfig: Adding: com.android.server.compat.config.Change@1e626c3
07-23 14:25:59.795   788   788 D CompatConfig: Adding: com.android.server.compat.config.Change@ca01b40
07-23 14:25:59.795   788   788 D CompatConfig: Adding: com.android.server.compat.config.Change@bf94a79
07-23 14:25:59.795   788   788 D CompatConfig: Adding: com.android.server.compat.config.Change@6bc3be
07-23 14:25:59.795   788   788 D CompatConfig: Adding: com.android.server.compat.config.Change@67a6c1f
07-23 14:25:59.795   788   788 D CompatConfig: Adding: com.android.server.compat.config.Change@e0bab6c
07-23 14:25:59.795   788   788 D CompatConfig: Adding: com.android.server.compat.config.Change@abb1535
07-23 14:25:59.795   788   788 D CompatConfig: Adding: com.android.server.compat.config.Change@e1c5dca
07-23 14:25:59.795   788   788 D CompatConfig: Adding: com.android.server.compat.config.Change@ae3ab3b
07-23 14:25:59.795   788   788 D CompatConfig: Adding: com.android.server.compat.config.Change@bbe1258
07-23 14:25:59.795   788   788 D CompatConfig: Adding: com.android.server.compat.config.Change@194cfb1
07-23 14:25:59.795   788   788 D CompatConfig: Adding: com.android.server.compat.config.Change@78a8c96
07-23 14:25:59.795   788   788 D CompatConfig: Adding: com.android.server.compat.config.Change@ed7c017
07-23 14:25:59.795   788   788 D CompatConfig: Adding: com.android.server.compat.config.Change@72dfc04
07-23 14:25:59.795   788   788 D CompatConfig: Adding: com.android.server.compat.config.Change@75b5ed
07-23 14:25:59.795   788   788 D CompatConfig: Adding: com.android.server.compat.config.Change@1dadc22
07-23 14:25:59.795   788   788 D CompatConfig: Adding: com.android.server.compat.config.Change@d8e46b3
07-23 14:25:59.795   788   788 D CompatConfig: Adding: com.android.server.compat.config.Change@90d470
07-23 14:25:59.795   788   788 D CompatConfig: Adding: com.android.server.compat.config.Change@d04c3e9
07-23 14:25:59.795   788   788 D CompatConfig: Adding: com.android.server.compat.config.Change@dee986e
07-23 14:25:59.795   788   788 D CompatConfig: Adding: com.android.server.compat.config.Change@41c9b0f
07-23 14:25:59.795   788   788 D CompatConfig: Adding: com.android.server.compat.config.Change@406c79c
07-23 14:25:59.795   788   788 D CompatConfig: Adding: com.android.server.compat.config.Change@65cb5a5
07-23 14:25:59.796   788   788 D CompatConfig: Adding: com.android.server.compat.config.Change@76fcd7a
07-23 14:25:59.796   788   788 D CompatConfig: Adding: com.android.server.compat.config.Change@191d92b
07-23 14:25:59.796   788   788 D CompatConfig: Adding: com.android.server.compat.config.Change@d86c188
07-23 14:25:59.796   788   788 D CompatConfig: Adding: com.android.server.compat.config.Change@8880721
07-23 14:25:59.796   788   788 D CompatConfig: Adding: com.android.server.compat.config.Change@89d4746
07-23 14:25:59.796   788   788 D CompatConfig: Adding: com.android.server.compat.config.Change@cd2dd07
07-23 14:25:59.796   788   788 D CompatConfig: Adding: com.android.server.compat.config.Change@f8a6e34
07-23 14:25:59.796   788   788 D CompatConfig: Adding: com.android.server.compat.config.Change@bbcf45d
07-23 14:25:59.796   788   788 D CompatConfig: Adding: com.android.server.compat.config.Change@ed691d2
07-23 14:25:59.796   788   788 D CompatConfig: Adding: com.android.server.compat.config.Change@c3642a3
07-23 14:25:59.796   788   788 D CompatConfig: Adding: com.android.server.compat.config.Change@87a39a0
07-23 14:25:59.796   788   788 D CompatConfig: Adding: com.android.server.compat.config.Change@b597959
07-23 14:25:59.796   580   592 W HWUI    : Image decoding logging dropped!
07-23 14:25:59.796   788   788 D CompatConfig: Adding: com.android.server.compat.config.Change@be7f91e
07-23 14:25:59.796   788   788 D CompatConfig: Adding: com.android.server.compat.config.Change@ae065ff
07-23 14:25:59.796   788   788 D CompatConfig: Adding: com.android.server.compat.config.Change@2d94fcc
07-23 14:25:59.796   788   788 D CompatConfig: Adding: com.android.server.compat.config.Change@9f5215
07-23 14:25:59.796   788   788 D CompatConfig: Adding: com.android.server.compat.config.Change@16892a
07-23 14:25:59.796   788   788 D CompatConfig: Adding: com.android.server.compat.config.Change@7df631b
07-23 14:25:59.797   788   788 D CompatConfig: Adding: com.android.server.compat.config.Change@c319cb8
07-23 14:25:59.797   788   788 D CompatConfig: Adding: com.android.server.compat.config.Change@d2ffa91
07-23 14:25:59.797   788   788 D CompatConfig: Adding: com.android.server.compat.config.Change@8ec0df6
07-23 14:25:59.797   788   788 D CompatConfig: Adding: com.android.server.compat.config.Change@b0715f7
07-23 14:25:59.797   788   788 D CompatConfig: Adding: com.android.server.compat.config.Change@ebfcc64
07-23 14:25:59.797   788   788 D CompatConfig: Adding: com.android.server.compat.config.Change@148aecd
07-23 14:25:59.797   788   788 D CompatConfig: Adding: com.android.server.compat.config.Change@c31382
07-23 14:25:59.797   788   788 D CompatConfig: Adding: com.android.server.compat.config.Change@b8d1a93
07-23 14:25:59.797   788   788 D CompatConfig: Adding: com.android.server.compat.config.Change@9df4ad0
07-23 14:25:59.797   788   788 D CompatConfig: Adding: com.android.server.compat.config.Change@9be6ac9
07-23 14:25:59.797   788   788 D CompatConfig: Adding: com.android.server.compat.config.Change@b12e5ce
07-23 14:25:59.797   788   788 D CompatConfig: Adding: com.android.server.compat.config.Change@464ccef
07-23 14:25:59.797   788   788 D CompatConfig: Adding: com.android.server.compat.config.Change@53643fc
07-23 14:25:59.797   788   788 D CompatConfig: Adding: com.android.server.compat.config.Change@1b9ea85
07-23 14:25:59.797   788   788 D CompatConfig: Adding: com.android.server.compat.config.Change@97b90da
07-23 14:25:59.798   788   788 D CompatConfig: Adding: com.android.server.compat.config.Change@25b490b
07-23 14:25:59.798   788   788 D CompatConfig: Adding: com.android.server.compat.config.Change@aa1a3e8
07-23 14:25:59.798   788   788 D CompatConfig: Adding: com.android.server.compat.config.Change@433aa01
07-23 14:25:59.798   788   788 D CompatConfig: Adding: com.android.server.compat.config.Change@591e0a6
07-23 14:25:59.798   788   788 D CompatConfig: Adding: com.android.server.compat.config.Change@7f36ae7
07-23 14:25:59.798   788   788 D CompatConfig: Adding: com.android.server.compat.config.Change@2e11694
07-23 14:25:59.798   788   788 D CompatConfig: Adding: com.android.server.compat.config.Change@92fe53d
07-23 14:25:59.798   788   788 D CompatConfig: Adding: com.android.server.compat.config.Change@b6b6132
07-23 14:25:59.798   788   788 D CompatConfig: Adding: com.android.server.compat.config.Change@301ce83
07-23 14:25:59.798   788   788 D CompatConfig: Adding: com.android.server.compat.config.Change@1030800
07-23 14:25:59.798   788   788 D CompatConfig: Adding: com.android.server.compat.config.Change@aba9839
07-23 14:25:59.798   788   788 D CompatConfig: Adding: com.android.server.compat.config.Change@ea5e7e
07-23 14:25:59.798   788   788 D CompatConfig: Adding: com.android.server.compat.config.Change@8cfdf
07-23 14:25:59.798   788   788 D CompatConfig: Adding: com.android.server.compat.config.Change@890a42c
07-23 14:25:59.798   788   788 D CompatConfig: Adding: com.android.server.compat.config.Change@da37ef5
07-23 14:25:59.798   788   788 D CompatConfig: Adding: com.android.server.compat.config.Change@5c9e48a
07-23 14:25:59.798   788   788 D CompatConfig: Adding: com.android.server.compat.config.Change@7548afb
07-23 14:25:59.798   788   788 D CompatConfig: Adding: com.android.server.compat.config.Change@a79d718
07-23 14:25:59.798   788   788 D CompatConfig: Adding: com.android.server.compat.config.Change@9fa1571
07-23 14:25:59.798   788   788 D CompatConfig: Adding: com.android.server.compat.config.Change@869bf56
07-23 14:25:59.798   788   788 D CompatConfig: Adding: com.android.server.compat.config.Change@fd6dbd7
07-23 14:25:59.798   788   788 D CompatConfig: Adding: com.android.server.compat.config.Change@4c14cc4
07-23 14:25:59.798   788   788 D CompatConfig: Adding: com.android.server.compat.config.Change@f4997ad
07-23 14:25:59.798   788   788 D CompatConfig: Adding: com.android.server.compat.config.Change@b5a7ae2
07-23 14:25:59.798   788   788 D CompatConfig: Adding: com.android.server.compat.config.Change@3c35e73
07-23 14:25:59.798   788   788 D CompatConfig: Adding: com.android.server.compat.config.Change@e87130
07-23 14:25:59.798   788   788 D CompatConfig: Adding: com.android.server.compat.config.Change@9501a9
07-23 14:25:59.798   788   788 D CompatConfig: Adding: com.android.server.compat.config.Change@7a9632e
07-23 14:25:59.798   788   788 D CompatConfig: Adding: com.android.server.compat.config.Change@2eb6ecf
07-23 14:25:59.798   788   788 D CompatConfig: Adding: com.android.server.compat.config.Change@d1b705c
07-23 14:25:59.798   788   788 D CompatConfig: Adding: com.android.server.compat.config.Change@4130f65
07-23 14:25:59.798   788   788 D CompatConfig: Adding: com.android.server.compat.config.Change@7ec843a
07-23 14:25:59.798   788   788 D CompatConfig: Adding: com.android.server.compat.config.Change@eda28eb
07-23 14:25:59.798   788   788 D CompatConfig: Adding: com.android.server.compat.config.Change@c1d3648
07-23 14:25:59.798   788   788 D CompatConfig: Adding: com.android.server.compat.config.Change@2aa3ce1
07-23 14:25:59.798   788   788 D CompatConfig: Adding: com.android.server.compat.config.Change@80eaa06
07-23 14:25:59.798   788   788 D CompatConfig: Adding: com.android.server.compat.config.Change@cb068c7
07-23 14:25:59.798   788   788 D CompatConfig: Adding: com.android.server.compat.config.Change@7f36ef4
07-23 14:25:59.798   788   788 D CompatConfig: Adding: com.android.server.compat.config.Change@32cc61d
07-23 14:25:59.799   788   788 D CompatConfig: Adding: com.android.server.compat.config.Change@5db6092
07-23 14:25:59.799   788   788 D CompatConfig: Adding: com.android.server.compat.config.Change@8c0ca63
07-23 14:25:59.799   788   788 D CompatConfig: Adding: com.android.server.compat.config.Change@3528660
07-23 14:25:59.799   788   788 D CompatConfig: Adding: com.android.server.compat.config.Change@d54a719
07-23 14:25:59.799   788   788 D CompatConfig: Adding: com.android.server.compat.config.Change@e4af3de
07-23 14:25:59.799   788   788 D CompatConfig: Adding: com.android.server.compat.config.Change@7eba9bf
07-23 14:25:59.799   788   788 D CompatConfig: Adding: com.android.server.compat.config.Change@5c9a88c
07-23 14:25:59.799   788   788 D CompatConfig: Adding: com.android.server.compat.config.Change@7f9bd5
07-23 14:25:59.799   788   788 D CompatConfig: Adding: com.android.server.compat.config.Change@38e6fea
07-23 14:25:59.799   788   788 D CompatConfig: Adding: com.android.server.compat.config.Change@2bb22db
07-23 14:25:59.799   788   788 D CompatConfig: Adding: com.android.server.compat.config.Change@eaec178
07-23 14:25:59.800   788   788 D CompatConfig: Found a config file: /system/system_ext/etc/compatconfig/settings-platform-compat-config.xml
07-23 14:25:59.800   788   788 D CompatConfig: Adding: com.android.server.compat.config.Change@7dba0b6
07-23 14:25:59.800   788   788 D ApexManagerTiming: getActiveApexInfos_noCache
07-23 14:25:59.805   788   788 D CompatConfig: No directory /apex/com.android.hardware.authsecret/etc/compatconfig, skipping
07-23 14:25:59.805   788   788 D CompatConfig: No directory /apex/com.android.hardware.vibrator/etc/compatconfig, skipping
07-23 14:25:59.805   788   788 D CompatConfig: No directory /apex/com.android.resolv/etc/compatconfig, skipping
07-23 14:25:59.806   788   788 D CompatConfig: No directory /apex/com.android.uwb/etc/compatconfig, skipping
07-23 14:25:59.806   788   788 D CompatConfig: No directory /apex/com.android.profiling/etc/compatconfig, skipping
07-23 14:25:59.806   788   788 D CompatConfig: No directory /apex/com.android.hardware.dumpstate/etc/compatconfig, skipping
07-23 14:25:59.806   788   788 D CompatConfig: No directory /apex/com.android.hardware.threadnetwork/etc/compatconfig, skipping
07-23 14:25:59.806   788   788 D CompatConfig: No directory /apex/com.android.cellbroadcast/etc/compatconfig, skipping
07-23 14:25:59.806   788   788 D CompatConfig: No directory /apex/com.android.nfcservices/etc/compatconfig, skipping
07-23 14:25:59.806   788   788 D CompatConfig: No directory /apex/com.android.i18n/etc/compatconfig, skipping
07-23 14:25:59.806   788   788 D CompatConfig: No directory /apex/com.android.hardware.cas/etc/compatconfig, skipping
07-23 14:25:59.806   788   788 D CompatConfig: No directory /apex/com.android.virt/etc/compatconfig, skipping
07-23 14:25:59.807   788   788 D CompatConfig: No directory /apex/com.android.uprobestats/etc/compatconfig, skipping
07-23 14:25:59.807   788   788 D CompatConfig: No directory /apex/com.android.neuralnetworks/etc/compatconfig, skipping
07-23 14:25:59.807   788   788 D CompatConfig: No directory /apex/com.android.hardware.neuralnetworks/etc/compatconfig, skipping
07-23 14:25:59.807   788   788 D CompatConfig: No directory /apex/com.android.os.statsd/etc/compatconfig, skipping
07-23 14:25:59.807   788   788 D CompatConfig: No directory /apex/com.android.adbd/etc/compatconfig, skipping
07-23 14:25:59.807   788   788 D CompatConfig: No directory /apex/com.android.hardware.gatekeeper/etc/compatconfig, skipping
07-23 14:25:59.807   788   788 D CompatConfig: No directory /apex/com.android.scheduling/etc/compatconfig, skipping
07-23 14:25:59.807   788   788 D CompatConfig: Found a config file: /apex/com.android.art/etc/compatconfig/libcore-platform-compat-config.xml
07-23 14:25:59.807   788   788 D CompatConfig: Adding: com.android.server.compat.config.Change@7a457dd
07-23 14:25:59.807   788   788 D CompatConfig: Adding: com.android.server.compat.config.Change@5acef52
07-23 14:25:59.807   788   788 D CompatConfig: Adding: com.android.server.compat.config.Change@6f91223
07-23 14:25:59.807   788   788 D CompatConfig: Adding: com.android.server.compat.config.Change@5a59320
07-23 14:25:59.808   788   788 D CompatConfig: Adding: com.android.server.compat.config.Change@51394d9
07-23 14:25:59.808   788   788 D CompatConfig: Adding: com.android.server.compat.config.Change@986ae9e
07-23 14:25:59.808   788   788 D CompatConfig: Adding: com.android.server.compat.config.Change@3c0ad7f
07-23 14:25:59.808   788   788 D CompatConfig: Adding: com.android.server.compat.config.Change@d20c14c
07-23 14:25:59.808   788   788 D CompatConfig: Adding: com.android.server.compat.config.Change@e9fa595
07-23 14:25:59.808   788   788 D CompatConfig: Adding: com.android.server.compat.config.Change@4ab16aa
07-23 14:25:59.808   788   788 D CompatConfig: Adding: com.android.server.compat.config.Change@f3ca29b
07-23 14:25:59.808   788   788 D CompatConfig: Adding: com.android.server.compat.config.Change@53ea638
07-23 14:25:59.808   788   788 D CompatConfig: Adding: com.android.server.compat.config.Change@9a20611
07-23 14:25:59.808   788   788 D CompatConfig: Adding: com.android.server.compat.config.Change@9fbf376
07-23 14:25:59.808   788   788 D CompatConfig: Adding: com.android.server.compat.config.Change@7b8cd77
07-23 14:25:59.808   788   788 D CompatConfig: Adding: com.android.server.compat.config.Change@953ede4
07-23 14:25:59.808   788   788 D CompatConfig: Adding: com.android.server.compat.config.Change@d8ff24d
07-23 14:25:59.808   788   788 D CompatConfig: Adding: com.android.server.compat.config.Change@6abd102
07-23 14:25:59.808   788   788 D CompatConfig: No directory /apex/com.android.hardware.contexthub/etc/compatconfig, skipping
07-23 14:25:59.808   788   788 D CompatConfig: No directory /apex/com.android.apex.cts.shim/etc/compatconfig, skipping
07-23 14:25:59.808   788   788 D CompatConfig: No directory /apex/com.android.conscrypt/etc/compatconfig, skipping
07-23 14:25:59.808   788   788 D CompatConfig: No directory /apex/com.android.hardware.thermal/etc/compatconfig, skipping
07-23 14:25:59.808   788   788 D CompatConfig: No directory /apex/com.android.compos/etc/compatconfig, skipping
07-23 14:25:59.808   788   788 D CompatConfig: Found a config file: /apex/com.android.bt/etc/compatconfig/bluetoothapk-platform-compat-config.xml
07-23 14:25:59.808   788   788 D CompatConfig: Adding: com.android.server.compat.config.Change@3540450
07-23 14:25:59.808   788   788 D CompatConfig: Found a config file: /apex/com.android.bt/etc/compatconfig/bluetooth-compat-config.xml
07-23 14:25:59.809   788   788 D CompatConfig: Adding: com.android.server.compat.config.Change@689fb4e
07-23 14:25:59.809   788   788 D CompatConfig: Found a config file: /apex/com.android.bt/etc/compatconfig/framework-bluetooth-compat-config.xml
07-23 14:25:59.809   788   788 D CompatConfig: Adding: com.android.server.compat.config.Change@6fd157c
07-23 14:25:59.809   788   788 D CompatConfig: Adding: com.android.server.compat.config.Change@361e05
07-23 14:25:59.809   788   788 D CompatConfig: Adding: com.android.server.compat.config.Change@10e7e5a
07-23 14:25:59.809   788   788 D CompatConfig: No directory /apex/com.android.appsearch/etc/compatconfig, skipping
07-23 14:25:59.809   788   788 D CompatConfig: Found a config file: /apex/com.android.wifi/etc/compatconfig/wifi-compat-config.xml
07-23 14:25:59.809   788   788 D CompatConfig: Adding: com.android.server.compat.config.Change@3c40d68
07-23 14:25:59.809   788   788 D CompatConfig: Adding: com.android.server.compat.config.Change@cff9581
07-23 14:25:59.809   788   788 D CompatConfig: Adding: com.android.server.compat.config.Change@b262626
07-23 14:25:59.809   788   788 D CompatConfig: No directory /apex/com.android.ipsec/etc/compatconfig, skipping
07-23 14:25:59.809   788   788 D CompatConfig: No directory /apex/com.android.crashrecovery/etc/compatconfig, skipping
07-23 14:25:59.809   788   788 D CompatConfig: No directory /apex/com.android.adservices/etc/compatconfig, skipping
07-23 14:25:59.809   788   788 D CompatConfig: No directory /apex/com.google.android.widevine/etc/compatconfig, skipping
07-23 14:25:59.809   788   788 D CompatConfig: No directory /apex/com.android.hardware.power/etc/compatconfig, skipping
07-23 14:25:59.809   788   788 D CompatConfig: No directory /apex/com.android.hardware.rebootescrow/etc/compatconfig, skipping
07-23 14:25:59.809   788   788 D CompatConfig: Found a config file: /apex/com.android.mediaprovider/etc/compatconfig/framework-pdf-v-platform-compat-config.xml
07-23 14:25:59.810   788   788 D CompatConfig: Adding: com.android.server.compat.config.Change@9809814
07-23 14:25:59.810   788   788 D CompatConfig: Found a config file: /apex/com.android.mediaprovider/etc/compatconfig/media-provider-platform-compat-config.xml
07-23 14:25:59.810   788   788 D CompatConfig: Adding: com.android.server.compat.config.Change@9be7eb2
07-23 14:25:59.810   788   788 D CompatConfig: Adding: com.android.server.compat.config.Change@625e03
07-23 14:25:59.810   788   788 D CompatConfig: Adding: com.android.server.compat.config.Change@bd92180
07-23 14:25:59.810   788   788 D CompatConfig: Adding: com.android.server.compat.config.Change@ca873b9
07-23 14:25:59.810   788   788 D CompatConfig: Adding: com.android.server.compat.config.Change@111d3fe
07-23 14:25:59.810   788   788 D CompatConfig: Adding: com.android.server.compat.config.Change@7a2d75f
07-23 14:25:59.810   788   788 D CompatConfig: Adding: com.android.server.compat.config.Change@6ed5ac
07-23 14:25:59.810   788   788 D CompatConfig: Adding: com.android.server.compat.config.Change@3539275
07-23 14:25:59.810   788   788 D CompatConfig: Adding: com.android.server.compat.config.Change@cb3320a
07-23 14:25:59.810   788   788 D CompatConfig: Adding: com.android.server.compat.config.Change@f478a7b
07-23 14:25:59.810   788   788 D CompatConfig: Adding: com.android.server.compat.config.Change@3c9a098
07-23 14:25:59.811   788   788 D CompatConfig: Found a config file: /apex/com.android.tethering/etc/compatconfig/connectivity-platform-compat-config.xml
07-23 14:25:59.811   788   788 D CompatConfig: Adding: com.android.server.compat.config.Change@c5a64d6
07-23 14:25:59.811   788   788 D CompatConfig: Adding: com.android.server.compat.config.Change@ba5357
07-23 14:25:59.811   788   788 D CompatConfig: Adding: com.android.server.compat.config.Change@1042e44
07-23 14:25:59.811   788   788 D CompatConfig: Adding: com.android.server.compat.config.Change@1789b2d
07-23 14:25:59.811   788   788 D CompatConfig: Adding: com.android.server.compat.config.Change@16ff862
07-23 14:25:59.811   788   788 D CompatConfig: Adding: com.android.server.compat.config.Change@826cdf3
07-23 14:25:59.811   788   788 D CompatConfig: Adding: com.android.server.compat.config.Change@837eab0
07-23 14:25:59.811   788   788 D CompatConfig: Adding: com.android.server.compat.config.Change@d70bd29
07-23 14:25:59.811   788   788 D CompatConfig: Adding: com.android.server.compat.config.Change@95938ae
07-23 14:25:59.812   788   788 D CompatConfig: No directory /apex/com.android.media.swcodec/etc/compatconfig, skipping
07-23 14:25:59.812   788   788 D CompatConfig: Found a config file: /apex/com.android.permission/etc/compatconfig/framework-permission-s-compat-config.xml
07-23 14:25:59.812   788   788 D CompatConfig: Adding: com.android.server.compat.config.Change@fa901dc
07-23 14:25:59.812   788   788 D CompatConfig: No directory /apex/com.android.devicelock/etc/compatconfig, skipping
07-23 14:25:59.812   788   788 D CompatConfig: No directory /apex/com.android.healthfitness/etc/compatconfig, skipping
07-23 14:25:59.812   788   788 D CompatConfig: No directory /apex/com.android.rkpd/etc/compatconfig, skipping
07-23 14:25:59.813   580   592 W HWUI    : Image decoding logging dropped!
07-23 14:25:59.813   788   788 D CompatConfig: No directory /apex/com.android.ondevicepersonalization/etc/compatconfig, skipping
07-23 14:25:59.813   788   788 D CompatConfig: No directory /apex/com.android.extservices/etc/compatconfig, skipping
07-23 14:25:59.814   788   788 D CompatConfig: No directory /apex/com.android.runtime/etc/compatconfig, skipping
07-23 14:25:59.814   788   788 D CompatConfig: No directory /apex/com.android.hardware.uwb/etc/compatconfig, skipping
07-23 14:25:59.814   788   788 D CompatConfig: No directory /apex/com.android.tzdata/etc/compatconfig, skipping
07-23 14:25:59.814   788   788 D CompatConfig: No directory /apex/com.android.sdkext/etc/compatconfig, skipping
07-23 14:25:59.814   788   788 D CompatConfig: No directory /apex/com.android.media/etc/compatconfig, skipping
07-23 14:25:59.814   788   788 D CompatConfig: No directory /apex/com.android.configinfrastructure/etc/compatconfig, skipping
07-23 14:25:59.816   788   788 W CompatConfig: Change ID 203673428 not found. Skipping overrides for it.
07-23 14:25:59.816   788   788 W CompatConfig: Change ID 200324021 not found. Skipping overrides for it.
07-23 14:25:59.820   788   788 D SystemServerTiming: StartFileIntegrityService
07-23 14:25:59.820   788   788 I SystemServiceManager: Starting com.android.server.security.FileIntegrityService
07-23 14:25:59.820   788   788 D SystemServerTiming: StartInstaller
07-23 14:25:59.821   788   788 I SystemServiceManager: Starting com.android.server.pm.Installer
07-23 14:25:59.821   613   622 D installd: Found quota mount /dev/block/dm-55 at /data
07-23 14:25:59.822   613   622 D installd: Found quota mount /dev/block/dm-55 at /data/user/0
07-23 14:25:59.823   788   788 D SystemServerTiming: DeviceIdentifiersPolicyService
07-23 14:25:59.823   788   788 I SystemServiceManager: Starting com.android.server.os.DeviceIdentifiersPolicyService
07-23 14:25:59.824   788   788 D SystemServerTiming: StartFeatureFlagsService
07-23 14:25:59.824   788   788 I SystemServiceManager: Starting com.android.server.flags.FeatureFlagsService
07-23 14:25:59.824   788   788 D FeatureFlagsService: Started Feature Flag Service
07-23 14:25:59.826   788   788 D SystemServerTiming: UriGrantsManagerService
07-23 14:25:59.827   788   788 I SystemServiceManager: Starting com.android.server.uri.UriGrantsManagerService$Lifecycle
07-23 14:25:59.827   788   788 D SystemServerTiming: StartPowerStatsService
07-23 14:25:59.828   788   788 I SystemServiceManager: Starting com.android.server.powerstats.PowerStatsService
07-23 14:25:59.829   580   592 W HWUI    : Image decoding logging dropped!
07-23 14:25:59.833   788   788 D SystemServerTiming: StartIStatsService
07-23 14:25:59.833   230   230 I hwservicemanager: getTransport: Cannot find entry android.frameworks.stats@1.0::IStats/default in either framework or device VINTF manifest.
07-23 14:25:59.833   788   788 E HidlServiceManagement: Service android.frameworks.stats@1.0::IStats/default must be in VINTF manifest in order to register/get.
07-23 14:25:59.833   788   788 W system_server: Cannot register HIDL android.frameworks.stats@1.0::IStats: -2147483648
07-23 14:25:59.835   788   788 D SystemServerTiming: MemtrackProxyService
07-23 14:25:59.837   230   230 I hwservicemanager: getTransport: Cannot find entry android.hardware.memtrack@1.0::IMemtrack/default in either framework or device VINTF manifest.
07-23 14:25:59.837   788   788 I Stability: Interface set with vintf stability downgraded to system stability stability
07-23 14:25:59.838   788   788 D SystemServerTiming: StartAccessCheckingService
07-23 14:25:59.838   788   788 I SystemServiceManager: Starting com.android.server.permission.access.AccessCheckingService
07-23 14:25:59.842   788   788 D SystemServerTiming: StartActivityManager
07-23 14:25:59.842   788   788 I SystemServiceManager: Starting com.android.server.wm.ActivityTaskManagerService$Lifecycle
07-23 14:25:59.846   788   788 I SystemServiceManager: Starting com.android.server.am.ActivityManagerService$Lifecycle
07-23 14:25:59.846   580   592 W HWUI    : Image decoding logging dropped!
07-23 14:25:59.850   788   788 I ActivityManager: Memory class: 192
07-23 14:25:59.852   788   816 I Binder  : Setting heavy hitter watcher config: false, 0, 0.0
07-23 14:25:59.863   580   592 W HWUI    : Image decoding logging dropped!
07-23 14:25:59.866   788   788 W PowerProfile: ambient.on is deprecated! Use ambient.on.display0 instead.
07-23 14:25:59.866   788   788 W PowerProfile: screen.on is deprecated! Use screen.on.display0 instead.
07-23 14:25:59.866   788   788 W PowerProfile: screen.full is deprecated! Use screen.full.display0 instead.
07-23 14:25:59.867   788   788 W ModemPowerProfile: getAverageBatteryDrainMaH called with unexpected key: 0x0, drain:SLEEP,RAT:DEFAULT
07-23 14:25:59.867   788   788 W ModemPowerProfile: getAverageBatteryDrainMaH called with unexpected key: 0x10000000, drain:IDLE,RAT:DEFAULT
07-23 14:25:59.867   788   788 W ModemPowerProfile: getAverageBatteryDrainMaH called with unexpected key: 0x20000000, drain:RX,RAT:DEFAULT
07-23 14:25:59.867   788   788 W ModemPowerProfile: getAverageBatteryDrainMaH called with unexpected key: 0x30000000, drain:TX,level:0,RAT:DEFAULT
07-23 14:25:59.867   788   788 W ModemPowerProfile: getAverageBatteryDrainMaH called with unexpected key: 0x31000000, drain:TX,level:1,RAT:DEFAULT
07-23 14:25:59.867   788   788 W ModemPowerProfile: getAverageBatteryDrainMaH called with unexpected key: 0x32000000, drain:TX,level:2,RAT:DEFAULT
07-23 14:25:59.867   788   788 W ModemPowerProfile: getAverageBatteryDrainMaH called with unexpected key: 0x33000000, drain:TX,level:3,RAT:DEFAULT
07-23 14:25:59.867   788   788 W ModemPowerProfile: getAverageBatteryDrainMaH called with unexpected key: 0x34000000, drain:TX,level:4,RAT:DEFAULT
07-23 14:25:59.877   788   788 D BatteryStatsImpl: Reading daily items from /data/system/batterystats-daily.xml
07-23 14:25:59.880   580   592 W HWUI    : Image decoding logging dropped!
07-23 14:25:59.898   580   592 W HWUI    : Image decoding logging dropped!
07-23 14:25:59.915   580   592 W HWUI    : Image decoding logging dropped!
07-23 14:25:59.916   788   788 I IntentFirewall: Read new rules (A:0 B:0 S:0)
07-23 14:25:59.927   788   788 D OomAdjuster: Not killing cached processes
07-23 14:25:59.928   788   788 D AppOps  : AppOpsService published
07-23 14:25:59.930   788   788 D SystemServerTiming: StartDataLoaderManagerService
07-23 14:25:59.930   788   788 I SystemServiceManager: Starting com.android.server.pm.DataLoaderManagerService
07-23 14:25:59.931   788   830 E CriticalEventLog: Error reading log from disk.
07-23 14:25:59.931   788   830 E CriticalEventLog: com.android.framework.protobuf.nano.InvalidProtocolBufferNanoException: While parsing a protocol message, the input ended unexpectedly in the middle of a field.  This could mean either that the input has been truncated or that an embedded message misreported its own length.
07-23 14:25:59.931   788   830 E CriticalEventLog: 	at com.android.framework.protobuf.nano.CodedInputByteBufferNano.skipRawBytes(CodedInputByteBufferNano.java:640)
07-23 14:25:59.931   788   830 E CriticalEventLog: 	at com.android.framework.protobuf.nano.CodedInputByteBufferNano.skipField(CodedInputByteBufferNano.java:114)
07-23 14:25:59.931   788   830 E CriticalEventLog: 	at com.android.framework.protobuf.nano.WireFormatNano.parseUnknownField(WireFormatNano.java:95)
07-23 14:25:59.931   788   830 E CriticalEventLog: 	at com.android.server.criticalevents.nano.CriticalEventLogStorageProto.mergeFrom(CriticalEventLogStorageProto.java:75)
07-23 14:25:59.931   788   830 E CriticalEventLog: 	at com.android.server.criticalevents.nano.CriticalEventLogStorageProto.mergeFrom(CriticalEventLogStorageProto.java:5)
07-23 14:25:59.931   788   830 E CriticalEventLog: 	at com.android.framework.protobuf.nano.MessageNano.mergeFrom(MessageNano.java:143)
07-23 14:25:59.931   788   830 E CriticalEventLog: 	at com.android.framework.protobuf.nano.MessageNano.mergeFrom(MessageNano.java:131)
07-23 14:25:59.931   788   830 E CriticalEventLog: 	at com.android.server.criticalevents.nano.CriticalEventLogStorageProto.parseFrom(CriticalEventLogStorageProto.java:106)
07-23 14:25:59.931   788   830 E CriticalEventLog: 	at com.android.server.criticalevents.CriticalEventLog$LogLoader.loadLogFromFile(CriticalEventLog.java:453)
07-23 14:25:59.931   788   830 E CriticalEventLog: 	at com.android.server.criticalevents.CriticalEventLog$LogLoader.load(CriticalEventLog.java:441)
07-23 14:25:59.931   788   830 E CriticalEventLog: 	at com.android.server.criticalevents.CriticalEventLog.lambda$new$0(CriticalEventLog.java:104)
07-23 14:25:59.931   788   830 E CriticalEventLog: 	at com.android.server.criticalevents.CriticalEventLog.$r8$lambda$lY5bRq3e1qTEzCvfI4SPBg_RsKI(CriticalEventLog.java:0)
07-23 14:25:59.931   788   830 E CriticalEventLog: 	at com.android.server.criticalevents.CriticalEventLog$$ExternalSyntheticLambda1.run(R8$$SyntheticClass:0)
07-23 14:25:59.931   788   830 E CriticalEventLog: 	at android.os.Handler.handleCallback(Handler.java:995)
07-23 14:25:59.931   788   830 E CriticalEventLog: 	at android.os.Handler.dispatchMessage(Handler.java:103)
07-23 14:25:59.931   788   830 E CriticalEventLog: 	at android.os.Looper.loopOnce(Looper.java:248)
07-23 14:25:59.931   788   830 E CriticalEventLog: 	at android.os.Looper.loop(Looper.java:338)
07-23 14:25:59.931   788   830 E CriticalEventLog: 	at android.os.HandlerThread.run(HandlerThread.java:85)
07-23 14:25:59.931   788   788 D SystemServerTiming: StartIncrementalService
07-23 14:25:59.933   788   788 I incfs-mounts: [incfs] Loaded incremental-fs mount info: 0 instances, 0 mount points
07-23 14:25:59.933   788   788 D SystemServerTiming: StartPowerManager
07-23 14:25:59.933   788   788 I SystemServiceManager: Starting com.android.server.power.PowerManagerService
07-23 14:25:59.935   580   592 W HWUI    : Image decoding logging dropped!
07-23 14:25:59.947   788   788 I PowerHalLoader: Successfully connected to Power HAL AIDL service.
07-23 14:25:59.948   520   520 I android.hardware.power-service.example: Power isModeSupported: 7
07-23 14:25:59.948   520   520 I android.hardware.power-service.example: Power isModeSupported: 0
07-23 14:25:59.949   788   788 D SystemServerTiming: StartThermalManager
07-23 14:25:59.949   788   788 I SystemServiceManager: Starting com.android.server.power.ThermalManagerService
07-23 14:25:59.949   788   788 D SystemServerTiming: InitPowerManagement
07-23 14:25:59.950   580   592 W HWUI    : Image decoding logging dropped!
07-23 14:25:59.951   788   788 D SystemServerTiming: StartRecoverySystemService
07-23 14:25:59.951   788   788 I SystemServiceManager: Starting com.android.server.recoverysystem.RecoverySystemService$Lifecycle
07-23 14:25:59.953   788   788 D SystemServerTiming: StartLightsService
07-23 14:25:59.953   788   788 I SystemServiceManager: Starting com.android.server.lights.LightsService
07-23 14:25:59.957   498   498 I lights_service_example_rust: main::lights: Lights reporting supported lights
07-23 14:25:59.957   788   788 D SystemServerTiming: StartDisplayOffloadService
07-23 14:25:59.957   788   788 D SystemServerTiming: StartDisplayManager
07-23 14:25:59.958   788   788 I SystemServiceManager: Starting com.android.server.display.DisplayManagerService
07-23 14:25:59.966   788   788 D PluginManager: loading plugins from:
07-23 14:25:59.966   788   788 D PluginManager: loaded Plugins:[]
07-23 14:25:59.967   788   788 D SystemServerTiming: WaitForDisplay
07-23 14:25:59.967   788   788 I SystemServiceManager: Starting phase 100
07-23 14:25:59.967   788   788 D SystemServerTiming: OnBootPhase_100
07-23 14:25:59.967   788   788 D SystemServerTiming: OnBootPhase_100_com.android.server.security.FileIntegrityService
07-23 14:25:59.967   788   788 D SystemServerTiming: OnBootPhase_100_com.android.server.pm.Installer
07-23 14:25:59.967   788   788 D SystemServerTiming: OnBootPhase_100_com.android.server.os.DeviceIdentifiersPolicyService
07-23 14:25:59.967   788   788 D SystemServerTiming: OnBootPhase_100_com.android.server.flags.FeatureFlagsService
07-23 14:25:59.967   788   788 D SystemServerTiming: OnBootPhase_100_com.android.server.uri.UriGrantsManagerService$Lifecycle
07-23 14:25:59.968   788   788 D SystemServerTiming: OnBootPhase_100_com.android.server.powerstats.PowerStatsService
07-23 14:25:59.968   788   788 D SystemServerTiming: OnBootPhase_100_com.android.server.permission.access.AccessCheckingService
07-23 14:25:59.968   788   788 D SystemServerTiming: OnBootPhase_100_com.android.server.wm.ActivityTaskManagerService$Lifecycle
07-23 14:25:59.968   580   592 W HWUI    : Image decoding logging dropped!
07-23 14:25:59.968   788   788 D SystemServerTiming: OnBootPhase_100_com.android.server.am.ActivityManagerService$Lifecycle
07-23 14:25:59.968   788   788 D SystemServerTiming: OnBootPhase_100_com.android.server.pm.DataLoaderManagerService
07-23 14:25:59.968   788   788 D SystemServerTiming: OnBootPhase_100_com.android.server.power.PowerManagerService
07-23 14:25:59.969   788   788 D SystemServerTiming: OnBootPhase_100_com.android.server.power.ThermalManagerService
07-23 14:25:59.969   788   788 D SystemServerTiming: OnBootPhase_100_com.android.server.recoverysystem.RecoverySystemService$Lifecycle
07-23 14:25:59.969   788   788 D SystemServerTiming: OnBootPhase_100_com.android.server.lights.LightsService
